[2026-09-29T20:21:53.962-0400][0.005s][info][gc] Using G1
[2026-09-29T20:21:53.966-0400][0.009s][info][gc,init] Version: 17.0.18+8-LTS (release)
[2026-09-29T20:21:53.966-0400][0.009s][info][gc,init] CPUs: 8 total, 8 available
[2026-09-29T20:21:53.966-0400][0.009s][info][gc,init] Memory: 15788M
[2026-09-29T20:21:53.966-0400][0.009s][info][gc,init] Large Page Support: Disabled
[2026-09-29T20:21:53.966-0400][0.009s][info][gc,init] NUMA Support: Disabled
[2026-09-29T20:21:53.966-0400][0.009s][info][gc,init] Compressed Oops: Enabled (Zero based)
[2026-09-29T20:21:53.966-0400][0.009s][info][gc,init] Heap Region Size: 2M
[2026-09-29T20:21:53.966-0400][0.009s][info][gc,init] Heap Min Capacity: 8M
[2026-09-29T20:21:53.966-0400][0.009s][info][gc,init] Heap Initial Capacity: 248M
[2026-09-29T20:21:53.967-0400][0.009s][info][gc,init] Heap Max Capacity: 3948M
[2026-09-29T20:21:53.967-0400][0.009s][info][gc,init] Pre-touch: Disabled
[2026-09-29T20:21:53.967-0400][0.009s][info][gc,init] Parallel Workers: 8
[2026-09-29T20:21:53.967-0400][0.009s][info][gc,init] Concurrent Workers: 2
[2026-09-29T20:21:53.967-0400][0.009s][info][gc,init] Concurrent Refinement Workers: 8
[2026-09-29T20:21:53.967-0400][0.009s][info][gc,init] Periodic GC: Disabled
[2026-09-29T20:21:53.975-0400][0.018s][info][gc,metaspace] CDS archive(s) mapped at: [0x0000722dff000000-0x0000722dffbc7000-0x0000722dffbc7000), size 12349440, SharedBaseAddress: 0x0000722dff000000, ArchiveRelocationMode: 1.
[2026-09-29T20:21:53.975-0400][0.018s][info][gc,metaspace] Compressed class space mapped at: 0x0000722e00000000-0x0000722e40000000, reserved size: 1073741824
[2026-09-29T20:21:53.975-0400][0.018s][info][gc,metaspace] Narrow klass base: 0x0000722dff000000, Narrow klass shift: 0, Narrow klass range: 0x100000000
[2026-09-29T20:21:54.918-0400][0.961s][info][safepoint   ] Safepoint "ICBufferFull", Time since last: 929830345 ns, Reaching safepoint: 5858 ns, Cleanup: 397082 ns, At safepoint: 50920 ns, Total: 453860 ns
[2026-09-29T20:21:55.069-0400][1.112s][info][gc,start    ] GC(0) Pause Young (Normal) (G1 Evacuation Pause)
[2026-09-29T20:21:55.071-0400][1.114s][info][gc,task     ] GC(0) Using 6 workers of 8 for evacuation
[2026-09-29T20:21:55.078-0400][1.121s][info][gc,phases   ] GC(0)   Pre Evacuate Collection Set: 0.27ms
[2026-09-29T20:21:55.078-0400][1.121s][info][gc,phases   ] GC(0)   Merge Heap Roots: 0.30ms
[2026-09-29T20:21:55.078-0400][1.121s][info][gc,phases   ] GC(0)   Evacuate Collection Set: 5.26ms
[2026-09-29T20:21:55.078-0400][1.121s][info][gc,phases   ] GC(0)   Post Evacuate Collection Set: 1.58ms
[2026-09-29T20:21:55.078-0400][1.121s][info][gc,phases   ] GC(0)   Other: 2.42ms
[2026-09-29T20:21:55.079-0400][1.121s][info][gc,heap     ] GC(0) Eden regions: 11->0(18)
[2026-09-29T20:21:55.079-0400][1.121s][info][gc,heap     ] GC(0) Survivor regions: 0->2(2)
[2026-09-29T20:21:55.079-0400][1.121s][info][gc,heap     ] GC(0) Old regions: 0->0
[2026-09-29T20:21:55.079-0400][1.121s][info][gc,heap     ] GC(0) Archive regions: 2->2
[2026-09-29T20:21:55.079-0400][1.121s][info][gc,heap     ] GC(0) Humongous regions: 0->0
[2026-09-29T20:21:55.079-0400][1.121s][info][gc,metaspace] GC(0) Metaspace: 7864K(8128K)->7864K(8128K) NonClass: 6994K(7104K)->6994K(7104K) Class: 870K(1024K)->870K(1024K)
[2026-09-29T20:21:55.079-0400][1.121s][info][gc          ] GC(0) Pause Young (Normal) (G1 Evacuation Pause) 23M->5M(252M) 9.947ms
[2026-09-29T20:21:55.079-0400][1.121s][info][gc,cpu      ] GC(0) User=0.05s Sys=0.00s Real=0.01s
[2026-09-29T20:21:55.079-0400][1.122s][info][safepoint   ] Safepoint "G1CollectForAllocation", Time since last: 149996868 ns, Reaching safepoint: 9234 ns, Cleanup: 61801 ns, At safepoint: 10145435 ns, Total: 10216470 ns
[2026-09-29T20:21:55.399-0400][1.441s][info][gc,start    ] GC(1) Pause Young (Normal) (G1 Evacuation Pause)
[2026-09-29T20:21:55.399-0400][1.441s][info][gc,task     ] GC(1) Using 6 workers of 8 for evacuation
[2026-09-29T20:21:55.403-0400][1.446s][info][gc,phases   ] GC(1)   Pre Evacuate Collection Set: 0.28ms
[2026-09-29T20:21:55.403-0400][1.446s][info][gc,phases   ] GC(1)   Merge Heap Roots: 0.18ms
[2026-09-29T20:21:55.403-0400][1.446s][info][gc,phases   ] GC(1)   Evacuate Collection Set: 2.74ms
[2026-09-29T20:21:55.403-0400][1.446s][info][gc,phases   ] GC(1)   Post Evacuate Collection Set: 0.80ms
[2026-09-29T20:21:55.403-0400][1.446s][info][gc,phases   ] GC(1)   Other: 0.18ms
[2026-09-29T20:21:55.403-0400][1.446s][info][gc,heap     ] GC(1) Eden regions: 18->0(73)
[2026-09-29T20:21:55.403-0400][1.446s][info][gc,heap     ] GC(1) Survivor regions: 2->1(3)
[2026-09-29T20:21:55.403-0400][1.446s][info][gc,heap     ] GC(1) Old regions: 0->2
[2026-09-29T20:21:55.403-0400][1.446s][info][gc,heap     ] GC(1) Archive regions: 2->2
[2026-09-29T20:21:55.403-0400][1.446s][info][gc,heap     ] GC(1) Humongous regions: 0->0
[2026-09-29T20:21:55.403-0400][1.446s][info][gc,metaspace] GC(1) Metaspace: 8123K(8384K)->8123K(8384K) NonClass: 7242K(7360K)->7242K(7360K) Class: 880K(1024K)->880K(1024K)
[2026-09-29T20:21:55.403-0400][1.446s][info][gc          ] GC(1) Pause Young (Normal) (G1 Evacuation Pause) 41M->5M(252M) 4.322ms
[2026-09-29T20:21:55.403-0400][1.446s][info][gc,cpu      ] GC(1) User=0.01s Sys=0.01s Real=0.01s
[2026-09-29T20:21:55.403-0400][1.446s][info][safepoint   ] Safepoint "G1CollectForAllocation", Time since last: 319802200 ns, Reaching safepoint: 6618 ns, Cleanup: 41836 ns, At safepoint: 4435399 ns, Total: 4483853 ns
[2026-09-29T20:21:55.781-0400][1.824s][info][safepoint   ] Safepoint "ICBufferFull", Time since last: 377756438 ns, Reaching safepoint: 14707 ns, Cleanup: 285778 ns, At safepoint: 5989 ns, Total: 306474 ns
[2026-09-29T20:21:56.255-0400][2.298s][info][safepoint   ] Safepoint "ICBufferFull", Time since last: 473502516 ns, Reaching safepoint: 141202 ns, Cleanup: 130271 ns, At safepoint: 96117 ns, Total: 367590 ns
[2026-09-29T20:21:56.683-0400][2.726s][info][safepoint   ] Safepoint "ICBufferFull", Time since last: 428007949 ns, Reaching safepoint: 10160 ns, Cleanup: 170665 ns, At safepoint: 43049 ns, Total: 223874 ns
[2026-09-29T20:21:57.484-0400][3.527s][info][gc,start    ] GC(2) Pause Young (Normal) (G1 Evacuation Pause)
[2026-09-29T20:21:57.485-0400][3.527s][info][gc,task     ] GC(2) Using 6 workers of 8 for evacuation
[2026-09-29T20:21:57.502-0400][3.545s][info][gc,phases   ] GC(2)   Pre Evacuate Collection Set: 0.28ms
[2026-09-29T20:21:57.502-0400][3.545s][info][gc,phases   ] GC(2)   Merge Heap Roots: 0.16ms
[2026-09-29T20:21:57.502-0400][3.545s][info][gc,phases   ] GC(2)   Evacuate Collection Set: 13.24ms
[2026-09-29T20:21:57.502-0400][3.545s][info][gc,phases   ] GC(2)   Post Evacuate Collection Set: 3.32ms
[2026-09-29T20:21:57.502-0400][3.545s][info][gc,phases   ] GC(2)   Other: 0.56ms
[2026-09-29T20:21:57.502-0400][3.545s][info][gc,heap     ] GC(2) Eden regions: 73->0(68)
[2026-09-29T20:21:57.502-0400][3.545s][info][gc,heap     ] GC(2) Survivor regions: 1->6(10)
[2026-09-29T20:21:57.502-0400][3.545s][info][gc,heap     ] GC(2) Old regions: 2->2
[2026-09-29T20:21:57.502-0400][3.545s][info][gc,heap     ] GC(2) Archive regions: 2->2
[2026-09-29T20:21:57.502-0400][3.545s][info][gc,heap     ] GC(2) Humongous regions: 0->0
[2026-09-29T20:21:57.502-0400][3.545s][info][gc,metaspace] GC(2) Metaspace: 16115K(16512K)->16115K(16512K) NonClass: 14422K(14656K)->14422K(14656K) Class: 1693K(1856K)->1693K(1856K)
[2026-09-29T20:21:57.502-0400][3.545s][info][gc          ] GC(2) Pause Young (Normal) (G1 Evacuation Pause) 151M->15M(252M) 17.371ms
[2026-09-29T20:21:57.502-0400][3.545s][info][gc,cpu      ] GC(2) User=0.07s Sys=0.03s Real=0.02s
[2026-09-29T20:21:57.502-0400][3.545s][info][safepoint   ] Safepoint "G1CollectForAllocation", Time since last: 800849351 ns, Reaching safepoint: 10558 ns, Cleanup: 123873 ns, At safepoint: 17912349 ns, Total: 18046780 ns
[2026-09-29T20:21:58.164-0400][4.207s][info][safepoint   ] Safepoint "ICBufferFull", Time since last: 661997047 ns, Reaching safepoint: 24589 ns, Cleanup: 345560 ns, At safepoint: 7937 ns, Total: 378086 ns
[2026-09-29T20:21:58.857-0400][4.900s][info][gc,start    ] GC(3) Pause Young (Normal) (G1 Evacuation Pause)
[2026-09-29T20:21:58.857-0400][4.900s][info][gc,task     ] GC(3) Using 6 workers of 8 for evacuation
[2026-09-29T20:21:58.876-0400][4.919s][info][gc,phases   ] GC(3)   Pre Evacuate Collection Set: 0.25ms
[2026-09-29T20:21:58.877-0400][4.919s][info][gc,phases   ] GC(3)   Merge Heap Roots: 0.18ms
[2026-09-29T20:21:58.877-0400][4.919s][info][gc,phases   ] GC(3)   Evacuate Collection Set: 17.24ms
[2026-09-29T20:21:58.877-0400][4.919s][info][gc,phases   ] GC(3)   Post Evacuate Collection Set: 1.16ms
[2026-09-29T20:21:58.877-0400][4.919s][info][gc,phases   ] GC(3)   Other: 0.24ms
[2026-09-29T20:21:58.877-0400][4.919s][info][gc,heap     ] GC(3) Eden regions: 68->0(69)
[2026-09-29T20:21:58.877-0400][4.919s][info][gc,heap     ] GC(3) Survivor regions: 6->5(10)
[2026-09-29T20:21:58.877-0400][4.919s][info][gc,heap     ] GC(3) Old regions: 2->7
[2026-09-29T20:21:58.877-0400][4.919s][info][gc,heap     ] GC(3) Archive regions: 2->2
[2026-09-29T20:21:58.877-0400][4.919s][info][gc,heap     ] GC(3) Humongous regions: 0->0
[2026-09-29T20:21:58.877-0400][4.919s][info][gc,metaspace] GC(3) Metaspace: 16620K(16960K)->16620K(16960K) NonClass: 14909K(15104K)->14909K(15104K) Class: 1710K(1856K)->1710K(1856K)
[2026-09-29T20:21:58.877-0400][4.919s][info][gc          ] GC(3) Pause Young (Normal) (G1 Evacuation Pause) 151M->24M(252M) 19.196ms
[2026-09-29T20:21:58.877-0400][4.920s][info][gc,cpu      ] GC(3) User=0.08s Sys=0.04s Real=0.02s
[2026-09-29T20:21:58.877-0400][4.920s][info][safepoint   ] Safepoint "G1CollectForAllocation", Time since last: 692835134 ns, Reaching safepoint: 119612 ns, Cleanup: 53567 ns, At safepoint: 19450876 ns, Total: 19624055 ns
[2026-09-29T20:21:59.663-0400][5.706s][info][safepoint   ] Safepoint "ICBufferFull", Time since last: 775118052 ns, Reaching safepoint: 10451665 ns, Cleanup: 365206 ns, At safepoint: 205400 ns, Total: 11022271 ns
[2026-09-29T20:22:00.147-0400][6.189s][info][safepoint   ] Safepoint "ICBufferFull", Time since last: 483314432 ns, Reaching safepoint: 9514 ns, Cleanup: 200868 ns, At safepoint: 36624 ns, Total: 247006 ns
[2026-09-29T20:22:00.684-0400][6.727s][info][safepoint   ] Safepoint "ICBufferFull", Time since last: 537045151 ns, Reaching safepoint: 30007 ns, Cleanup: 198494 ns, At safepoint: 59960 ns, Total: 288461 ns
[2026-09-29T20:22:00.852-0400][6.895s][info][gc,start    ] GC(4) Pause Young (Normal) (G1 Evacuation Pause)
[2026-09-29T20:22:00.852-0400][6.895s][info][gc,task     ] GC(4) Using 6 workers of 8 for evacuation
[2026-09-29T20:22:00.873-0400][6.916s][info][gc,phases   ] GC(4)   Pre Evacuate Collection Set: 0.28ms
[2026-09-29T20:22:00.873-0400][6.916s][info][gc,phases   ] GC(4)   Merge Heap Roots: 0.21ms
[2026-09-29T20:22:00.873-0400][6.916s][info][gc,phases   ] GC(4)   Evacuate Collection Set: 19.59ms
[2026-09-29T20:22:00.873-0400][6.916s][info][gc,phases   ] GC(4)   Post Evacuate Collection Set: 1.03ms
[2026-09-29T20:22:00.873-0400][6.916s][info][gc,phases   ] GC(4)   Other: 0.31ms
[2026-09-29T20:22:00.873-0400][6.916s][info][gc,heap     ] GC(4) Eden regions: 69->0(67)
[2026-09-29T20:22:00.873-0400][6.916s][info][gc,heap     ] GC(4) Survivor regions: 5->7(10)
[2026-09-29T20:22:00.873-0400][6.916s][info][gc,heap     ] GC(4) Old regions: 7->7
[2026-09-29T20:22:00.873-0400][6.916s][info][gc,heap     ] GC(4) Archive regions: 2->2
[2026-09-29T20:22:00.873-0400][6.916s][info][gc,heap     ] GC(4) Humongous regions: 0->0
[2026-09-29T20:22:00.873-0400][6.916s][info][gc,metaspace] GC(4) Metaspace: 16953K(17280K)->16953K(17280K) NonClass: 15236K(15424K)->15236K(15424K) Class: 1717K(1856K)->1717K(1856K)
[2026-09-29T20:22:00.873-0400][6.916s][info][gc          ] GC(4) Pause Young (Normal) (G1 Evacuation Pause) 162M->28M(252M) 21.541ms
[2026-09-29T20:22:00.873-0400][6.916s][info][gc,cpu      ] GC(4) User=0.14s Sys=0.01s Real=0.03s
[2026-09-29T20:22:00.873-0400][6.916s][info][safepoint   ] Safepoint "G1CollectForAllocation", Time since last: 167801737 ns, Reaching safepoint: 13504 ns, Cleanup: 28689 ns, At safepoint: 21700691 ns, Total: 21742884 ns
[2026-09-29T20:22:01.618-0400][7.661s][info][gc,start    ] GC(5) Pause Young (Normal) (G1 Evacuation Pause)
[2026-09-29T20:22:01.618-0400][7.661s][info][gc,task     ] GC(5) Using 6 workers of 8 for evacuation
[2026-09-29T20:22:01.646-0400][7.688s][info][gc,phases   ] GC(5)   Pre Evacuate Collection Set: 0.45ms
[2026-09-29T20:22:01.646-0400][7.689s][info][gc,phases   ] GC(5)   Merge Heap Roots: 4.73ms
[2026-09-29T20:22:01.646-0400][7.689s][info][gc,phases   ] GC(5)   Evacuate Collection Set: 20.86ms
[2026-09-29T20:22:01.646-0400][7.689s][info][gc,phases   ] GC(5)   Post Evacuate Collection Set: 1.24ms
[2026-09-29T20:22:01.646-0400][7.689s][info][gc,phases   ] GC(5)   Other: 0.31ms
[2026-09-29T20:22:01.646-0400][7.689s][info][gc,heap     ] GC(5) Eden regions: 67->0(69)
[2026-09-29T20:22:01.646-0400][7.689s][info][gc,heap     ] GC(5) Survivor regions: 7->5(10)
[2026-09-29T20:22:01.646-0400][7.689s][info][gc,heap     ] GC(5) Old regions: 7->11
[2026-09-29T20:22:01.646-0400][7.689s][info][gc,heap     ] GC(5) Archive regions: 2->2
[2026-09-29T20:22:01.646-0400][7.689s][info][gc,heap     ] GC(5) Humongous regions: 0->0
[2026-09-29T20:22:01.646-0400][7.689s][info][gc,metaspace] GC(5) Metaspace: 17006K(17408K)->17006K(17408K) NonClass: 15289K(15552K)->15289K(15552K) Class: 1717K(1856K)->1717K(1856K)
[2026-09-29T20:22:01.646-0400][7.689s][info][gc          ] GC(5) Pause Young (Normal) (G1 Evacuation Pause) 162M->32M(252M) 27.731ms
[2026-09-29T20:22:01.646-0400][7.689s][info][gc,cpu      ] GC(5) User=0.13s Sys=0.02s Real=0.03s
[2026-09-29T20:22:01.646-0400][7.689s][info][safepoint   ] Safepoint "G1CollectForAllocation", Time since last: 744424939 ns, Reaching safepoint: 14326 ns, Cleanup: 140786 ns, At safepoint: 27924766 ns, Total: 28079878 ns
[2026-09-29T20:22:02.349-0400][8.391s][info][safepoint   ] Safepoint "ICBufferFull", Time since last: 702298315 ns, Reaching safepoint: 87531 ns, Cleanup: 195984 ns, At safepoint: 5876 ns, Total: 289391 ns
[2026-09-29T20:22:02.424-0400][8.466s][info][gc,start    ] GC(6) Pause Young (Normal) (G1 Evacuation Pause)
[2026-09-29T20:22:02.424-0400][8.467s][info][gc,task     ] GC(6) Using 6 workers of 8 for evacuation
[2026-09-29T20:22:02.433-0400][8.476s][info][gc,phases   ] GC(6)   Pre Evacuate Collection Set: 0.36ms
[2026-09-29T20:22:02.433-0400][8.476s][info][gc,phases   ] GC(6)   Merge Heap Roots: 0.34ms
[2026-09-29T20:22:02.433-0400][8.476s][info][gc,phases   ] GC(6)   Evacuate Collection Set: 6.43ms
[2026-09-29T20:22:02.433-0400][8.476s][info][gc,phases   ] GC(6)   Post Evacuate Collection Set: 1.98ms
[2026-09-29T20:22:02.433-0400][8.476s][info][gc,phases   ] GC(6)   Other: 0.26ms
[2026-09-29T20:22:02.433-0400][8.476s][info][gc,heap     ] GC(6) Eden regions: 69->0(87)
[2026-09-29T20:22:02.433-0400][8.476s][info][gc,heap     ] GC(6) Survivor regions: 5->4(10)
[2026-09-29T20:22:02.433-0400][8.476s][info][gc,heap     ] GC(6) Old regions: 11->11
[2026-09-29T20:22:02.433-0400][8.476s][info][gc,heap     ] GC(6) Archive regions: 2->2
[2026-09-29T20:22:02.433-0400][8.476s][info][gc,heap     ] GC(6) Humongous regions: 0->0
[2026-09-29T20:22:02.433-0400][8.476s][info][gc,metaspace] GC(6) Metaspace: 17021K(17408K)->17021K(17408K) NonClass: 15303K(15552K)->15303K(15552K) Class: 1718K(1856K)->1718K(1856K)
[2026-09-29T20:22:02.433-0400][8.476s][info][gc          ] GC(6) Pause Young (Normal) (G1 Evacuation Pause) 170M->30M(304M) 9.574ms
[2026-09-29T20:22:02.433-0400][8.476s][info][gc,cpu      ] GC(6) User=0.06s Sys=0.00s Real=0.01s
[2026-09-29T20:22:02.433-0400][8.476s][info][safepoint   ] Safepoint "G1CollectForAllocation", Time since last: 74999151 ns, Reaching safepoint: 16503 ns, Cleanup: 47083 ns, At safepoint: 9837422 ns, Total: 9901008 ns
[2026-09-29T20:22:03.222-0400][9.264s][info][safepoint   ] Safepoint "ICBufferFull", Time since last: 787919292 ns, Reaching safepoint: 12628 ns, Cleanup: 185835 ns, At safepoint: 5465 ns, Total: 203928 ns
[2026-09-29T20:22:04.223-0400][10.266s][info][safepoint   ] Safepoint "Cleanup", Time since last: 1000416377 ns, Reaching safepoint: 254732 ns, Cleanup: 372635 ns, At safepoint: 67465 ns, Total: 694832 ns
[2026-09-29T20:22:04.458-0400][10.501s][info][gc,start    ] GC(7) Pause Young (Normal) (G1 Evacuation Pause)
[2026-09-29T20:22:04.458-0400][10.501s][info][gc,task     ] GC(7) Using 7 workers of 8 for evacuation
[2026-09-29T20:22:04.468-0400][10.511s][info][gc,phases   ] GC(7)   Pre Evacuate Collection Set: 0.37ms
[2026-09-29T20:22:04.469-0400][10.511s][info][gc,phases   ] GC(7)   Merge Heap Roots: 0.24ms
[2026-09-29T20:22:04.469-0400][10.511s][info][gc,phases   ] GC(7)   Evacuate Collection Set: 7.91ms
[2026-09-29T20:22:04.469-0400][10.511s][info][gc,phases   ] GC(7)   Post Evacuate Collection Set: 1.30ms
[2026-09-29T20:22:04.469-0400][10.511s][info][gc,phases   ] GC(7)   Other: 0.40ms
[2026-09-29T20:22:04.469-0400][10.511s][info][gc,heap     ] GC(7) Eden regions: 87->0(86)
[2026-09-29T20:22:04.469-0400][10.511s][info][gc,heap     ] GC(7) Survivor regions: 4->5(12)
[2026-09-29T20:22:04.469-0400][10.511s][info][gc,heap     ] GC(7) Old regions: 11->11
[2026-09-29T20:22:04.469-0400][10.511s][info][gc,heap     ] GC(7) Archive regions: 2->2
[2026-09-29T20:22:04.469-0400][10.511s][info][gc,heap     ] GC(7) Humongous regions: 0->0
[2026-09-29T20:22:04.469-0400][10.511s][info][gc,metaspace] GC(7) Metaspace: 17468K(17856K)->17468K(17856K) NonClass: 15746K(16000K)->15746K(16000K) Class: 1722K(1856K)->1722K(1856K)
[2026-09-29T20:22:04.469-0400][10.512s][info][gc          ] GC(7) Pause Young (Normal) (G1 Evacuation Pause) 204M->31M(304M) 10.382ms
[2026-09-29T20:22:04.469-0400][10.512s][info][gc,cpu      ] GC(7) User=0.07s Sys=0.00s Real=0.01s
[2026-09-29T20:22:04.469-0400][10.512s][info][safepoint   ] Safepoint "G1CollectForAllocation", Time since last: 235393632 ns, Reaching safepoint: 133823 ns, Cleanup: 81943 ns, At safepoint: 10556454 ns, Total: 10772220 ns
[2026-09-29T20:22:04.855-0400][10.898s][info][safepoint   ] Safepoint "ICBufferFull", Time since last: 385926768 ns, Reaching safepoint: 10422 ns, Cleanup: 138464 ns, At safepoint: 45202 ns, Total: 194088 ns
[2026-09-29T20:22:05.636-0400][11.679s][info][safepoint   ] Safepoint "ICBufferFull", Time since last: 768378670 ns, Reaching safepoint: 12186140 ns, Cleanup: 222087 ns, At safepoint: 95375 ns, Total: 12503602 ns
[2026-09-29T20:22:05.656-0400][11.699s][info][gc,start    ] GC(8) Pause Young (Concurrent Start) (Metadata GC Threshold)
[2026-09-29T20:22:05.656-0400][11.699s][info][gc,task     ] GC(8) Using 7 workers of 8 for evacuation
[2026-09-29T20:22:05.687-0400][11.730s][info][gc,phases   ] GC(8)   Pre Evacuate Collection Set: 0.42ms
[2026-09-29T20:22:05.687-0400][11.730s][info][gc,phases   ] GC(8)   Merge Heap Roots: 0.25ms
[2026-09-29T20:22:05.687-0400][11.730s][info][gc,phases   ] GC(8)   Evacuate Collection Set: 25.29ms
[2026-09-29T20:22:05.687-0400][11.730s][info][gc,phases   ] GC(8)   Post Evacuate Collection Set: 4.44ms
[2026-09-29T20:22:05.687-0400][11.730s][info][gc,phases   ] GC(8)   Other: 0.61ms
[2026-09-29T20:22:05.687-0400][11.730s][info][gc,heap     ] GC(8) Eden regions: 19->0(84)
[2026-09-29T20:22:05.687-0400][11.730s][info][gc,heap     ] GC(8) Survivor regions: 5->7(12)
[2026-09-29T20:22:05.687-0400][11.730s][info][gc,heap     ] GC(8) Old regions: 11->11
[2026-09-29T20:22:05.687-0400][11.730s][info][gc,heap     ] GC(8) Archive regions: 2->2
[2026-09-29T20:22:05.687-0400][11.730s][info][gc,heap     ] GC(8) Humongous regions: 0->0
[2026-09-29T20:22:05.687-0400][11.730s][info][gc,metaspace] GC(8) Metaspace: 20909K(21504K)->20909K(21504K) NonClass: 18858K(19200K)->18858K(19200K) Class: 2051K(2304K)->2051K(2304K)
[2026-09-29T20:22:05.687-0400][11.730s][info][gc          ] GC(8) Pause Young (Concurrent Start) (Metadata GC Threshold) 68M->34M(304M) 31.102ms
[2026-09-29T20:22:05.687-0400][11.730s][info][gc,cpu      ] GC(8) User=0.09s Sys=0.03s Real=0.03s
[2026-09-29T20:22:05.692-0400][11.734s][info][gc          ] GC(9) Concurrent Mark Cycle
[2026-09-29T20:22:05.692-0400][11.735s][info][gc,marking  ] GC(9) Concurrent Clear Claimed Marks
[2026-09-29T20:22:05.692-0400][11.735s][info][gc,marking  ] GC(9) Concurrent Clear Claimed Marks 0.048ms
[2026-09-29T20:22:05.692-0400][11.735s][info][gc,marking  ] GC(9) Concurrent Scan Root Regions
[2026-09-29T20:22:05.700-0400][11.743s][info][gc,marking  ] GC(9) Concurrent Scan Root Regions 8.514ms
[2026-09-29T20:22:05.700-0400][11.743s][info][gc,marking  ] GC(9) Concurrent Mark
[2026-09-29T20:22:05.700-0400][11.743s][info][gc,marking  ] GC(9) Concurrent Mark From Roots
[2026-09-29T20:22:05.700-0400][11.743s][info][gc,task     ] GC(9) Using 2 workers of 2 for marking
[2026-09-29T20:22:05.704-0400][11.747s][info][safepoint   ] Safepoint "CollectForMetadataAllocation", Time since last: 7578894 ns, Reaching safepoint: 12781017 ns, Cleanup: 84658 ns, At safepoint: 48081648 ns, Total: 60947323 ns
[2026-09-29T20:22:05.785-0400][11.828s][info][gc,marking  ] GC(9) Concurrent Mark From Roots 85.162ms
[2026-09-29T20:22:05.785-0400][11.828s][info][gc,marking  ] GC(9) Concurrent Preclean
[2026-09-29T20:22:05.786-0400][11.828s][info][gc,marking  ] GC(9) Concurrent Preclean 0.113ms
[2026-09-29T20:22:05.786-0400][11.829s][info][gc,start    ] GC(9) Pause Remark
[2026-09-29T20:22:05.794-0400][11.836s][info][gc,heap     ] GC(9) Heap shrink completed: uncommitted 75 regions (150MB), heap size now 154MB
[2026-09-29T20:22:05.794-0400][11.837s][info][gc          ] GC(9) Pause Remark 39M->39M(154M) 7.508ms
[2026-09-29T20:22:05.794-0400][11.837s][info][gc,cpu      ] GC(9) User=0.02s Sys=0.01s Real=0.01s
[2026-09-29T20:22:05.794-0400][11.837s][info][safepoint   ] Safepoint "G1PauseRemark", Time since last: 81295636 ns, Reaching safepoint: 357029 ns, Cleanup: 120820 ns, At safepoint: 7766753 ns, Total: 8244602 ns
[2026-09-29T20:22:05.795-0400][11.837s][info][gc,marking  ] GC(9) Concurrent Mark 94.260ms
[2026-09-29T20:22:05.795-0400][11.837s][info][gc,marking  ] GC(9) Concurrent Rebuild Remembered Sets
[2026-09-29T20:22:05.825-0400][11.868s][info][gc,marking  ] GC(9) Concurrent Rebuild Remembered Sets 30.589ms
[2026-09-29T20:22:05.835-0400][11.878s][info][gc,start    ] GC(9) Pause Cleanup
[2026-09-29T20:22:05.836-0400][11.879s][info][gc          ] GC(9) Pause Cleanup 42M->42M(154M) 0.383ms
[2026-09-29T20:22:05.836-0400][11.879s][info][gc,cpu      ] GC(9) User=0.00s Sys=0.00s Real=0.00s
[2026-09-29T20:22:05.836-0400][11.879s][info][safepoint   ] Safepoint "G1PauseCleanup", Time since last: 31343930 ns, Reaching safepoint: 9964255 ns, Cleanup: 31613 ns, At safepoint: 601822 ns, Total: 10597690 ns
[2026-09-29T20:22:05.840-0400][11.883s][info][gc,marking  ] GC(9) Concurrent Cleanup for Next Mark
[2026-09-29T20:22:05.842-0400][11.884s][info][gc,marking  ] GC(9) Concurrent Cleanup for Next Mark 1.601ms
[2026-09-29T20:22:05.842-0400][11.884s][info][gc          ] GC(9) Concurrent Mark Cycle 150.029ms
[2026-09-29T20:22:06.549-0400][12.592s][info][safepoint   ] Safepoint "ICBufferFull", Time since last: 712719458 ns, Reaching safepoint: 136672 ns, Cleanup: 150768 ns, At safepoint: 125269 ns, Total: 412709 ns
[2026-09-29T20:22:06.986-0400][13.028s][info][gc,start    ] GC(10) Pause Young (Prepare Mixed) (G1 Evacuation Pause)
[2026-09-29T20:22:06.986-0400][13.028s][info][gc,task     ] GC(10) Using 6 workers of 8 for evacuation
[2026-09-29T20:22:07.010-0400][13.053s][info][gc,phases   ] GC(10)   Pre Evacuate Collection Set: 0.19ms
[2026-09-29T20:22:07.010-0400][13.053s][info][gc,phases   ] GC(10)   Merge Heap Roots: 0.14ms
[2026-09-29T20:22:07.010-0400][13.053s][info][gc,phases   ] GC(10)   Evacuate Collection Set: 21.43ms
[2026-09-29T20:22:07.010-0400][13.053s][info][gc,phases   ] GC(10)   Post Evacuate Collection Set: 2.56ms
[2026-09-29T20:22:07.010-0400][13.053s][info][gc,phases   ] GC(10)   Other: 0.22ms
[2026-09-29T20:22:07.010-0400][13.053s][info][gc,heap     ] GC(10) Eden regions: 39->0(1)
[2026-09-29T20:22:07.010-0400][13.053s][info][gc,heap     ] GC(10) Survivor regions: 7->6(6)
[2026-09-29T20:22:07.010-0400][13.053s][info][gc,heap     ] GC(10) Old regions: 11->15
[2026-09-29T20:22:07.010-0400][13.053s][info][gc,heap     ] GC(10) Archive regions: 2->2
[2026-09-29T20:22:07.010-0400][13.053s][info][gc,heap     ] GC(10) Humongous regions: 0->0
[2026-09-29T20:22:07.010-0400][13.053s][info][gc,metaspace] GC(10) Metaspace: 27922K(29184K)->27922K(29184K) NonClass: 25078K(25856K)->25078K(25856K) Class: 2844K(3328K)->2844K(3328K)
[2026-09-29T20:22:07.010-0400][13.053s][info][gc          ] GC(10) Pause Young (Prepare Mixed) (G1 Evacuation Pause) 112M->41M(154M) 24.686ms
[2026-09-29T20:22:07.010-0400][13.053s][info][gc,cpu      ] GC(10) User=0.15s Sys=0.01s Real=0.02s
[2026-09-29T20:22:07.014-0400][13.056s][info][safepoint   ] Safepoint "G1CollectForAllocation", Time since last: 436158307 ns, Reaching safepoint: 256122 ns, Cleanup: 108943 ns, At safepoint: 28081758 ns, Total: 28446823 ns
[2026-09-29T20:22:07.437-0400][13.480s][info][gc,start    ] GC(11) Pause Young (Mixed) (G1 Evacuation Pause)
[2026-09-29T20:22:07.437-0400][13.480s][info][gc,task     ] GC(11) Using 6 workers of 8 for evacuation
[2026-09-29T20:22:07.454-0400][13.497s][info][gc,phases   ] GC(11)   Pre Evacuate Collection Set: 0.25ms
[2026-09-29T20:22:07.454-0400][13.497s][info][gc,phases   ] GC(11)   Merge Heap Roots: 0.22ms
[2026-09-29T20:22:07.454-0400][13.497s][info][gc,phases   ] GC(11)   Evacuate Collection Set: 14.20ms
[2026-09-29T20:22:07.454-0400][13.497s][info][gc,phases   ] GC(11)   Post Evacuate Collection Set: 1.53ms
[2026-09-29T20:22:07.454-0400][13.497s][info][gc,phases   ] GC(11)   Other: 0.21ms
[2026-09-29T20:22:07.454-0400][13.497s][info][gc,heap     ] GC(11) Eden regions: 1->0(38)
[2026-09-29T20:22:07.454-0400][13.497s][info][gc,heap     ] GC(11) Survivor regions: 6->1(1)
[2026-09-29T20:22:07.454-0400][13.497s][info][gc,heap     ] GC(11) Old regions: 15->19
[2026-09-29T20:22:07.454-0400][13.497s][info][gc,heap     ] GC(11) Archive regions: 2->2
[2026-09-29T20:22:07.454-0400][13.497s][info][gc,heap     ] GC(11) Humongous regions: 0->0
[2026-09-29T20:22:07.454-0400][13.497s][info][gc,metaspace] GC(11) Metaspace: 28558K(29952K)->28558K(29952K) NonClass: 25644K(26496K)->25644K(26496K) Class: 2913K(3456K)->2913K(3456K)
[2026-09-29T20:22:07.454-0400][13.497s][info][gc          ] GC(11) Pause Young (Mixed) (G1 Evacuation Pause) 43M->41M(154M) 16.545ms
[2026-09-29T20:22:07.454-0400][13.497s][info][gc,cpu      ] GC(11) User=0.05s Sys=0.03s Real=0.02s
[2026-09-29T20:22:07.454-0400][13.497s][info][safepoint   ] Safepoint "G1CollectForAllocation", Time since last: 423686497 ns, Reaching safepoint: 10794 ns, Cleanup: 27044 ns, At safepoint: 16751148 ns, Total: 16788986 ns
[2026-09-29T20:22:08.421-0400][14.464s][info][safepoint   ] Safepoint "ICBufferFull", Time since last: 966487996 ns, Reaching safepoint: 148627 ns, Cleanup: 154390 ns, At safepoint: 57150 ns, Total: 360167 ns
[2026-09-29T20:22:09.398-0400][15.441s][info][gc,start    ] GC(12) Pause Young (Concurrent Start) (Metadata GC Threshold)
[2026-09-29T20:22:09.398-0400][15.441s][info][gc,task     ] GC(12) Using 6 workers of 8 for evacuation
[2026-09-29T20:22:09.409-0400][15.452s][info][gc,phases   ] GC(12)   Pre Evacuate Collection Set: 0.56ms
[2026-09-29T20:22:09.409-0400][15.452s][info][gc,phases   ] GC(12)   Merge Heap Roots: 0.45ms
[2026-09-29T20:22:09.409-0400][15.452s][info][gc,phases   ] GC(12)   Evacuate Collection Set: 7.71ms
[2026-09-29T20:22:09.409-0400][15.452s][info][gc,phases   ] GC(12)   Post Evacuate Collection Set: 1.32ms
[2026-09-29T20:22:09.409-0400][15.452s][info][gc,phases   ] GC(12)   Other: 0.65ms
[2026-09-29T20:22:09.409-0400][15.452s][info][gc,heap     ] GC(12) Eden regions: 21->0(37)
[2026-09-29T20:22:09.409-0400][15.452s][info][gc,heap     ] GC(12) Survivor regions: 1->2(5)
[2026-09-29T20:22:09.409-0400][15.452s][info][gc,heap     ] GC(12) Old regions: 19->19
[2026-09-29T20:22:09.409-0400][15.452s][info][gc,heap     ] GC(12) Archive regions: 2->2
[2026-09-29T20:22:09.409-0400][15.452s][info][gc,heap     ] GC(12) Humongous regions: 0->0
[2026-09-29T20:22:09.409-0400][15.452s][info][gc,metaspace] GC(12) Metaspace: 34833K(36288K)->34833K(36288K) NonClass: 31238K(32128K)->31238K(32128K) Class: 3594K(4160K)->3594K(4160K)
[2026-09-29T20:22:09.409-0400][15.452s][info][gc          ] GC(12) Pause Young (Concurrent Start) (Metadata GC Threshold) 83M->43M(154M) 10.821ms
[2026-09-29T20:22:09.409-0400][15.452s][info][gc,cpu      ] GC(12) User=0.04s Sys=0.01s Real=0.01s
[2026-09-29T20:22:09.409-0400][15.452s][info][gc          ] GC(13) Concurrent Mark Cycle
[2026-09-29T20:22:09.409-0400][15.452s][info][gc,marking  ] GC(13) Concurrent Clear Claimed Marks
[2026-09-29T20:22:09.410-0400][15.453s][info][gc,marking  ] GC(13) Concurrent Clear Claimed Marks 0.593ms
[2026-09-29T20:22:09.410-0400][15.453s][info][gc,marking  ] GC(13) Concurrent Scan Root Regions
[2026-09-29T20:22:09.412-0400][15.455s][info][safepoint   ] Safepoint "CollectForMetadataAllocation", Time since last: 977198951 ns, Reaching safepoint: 13395 ns, Cleanup: 132071 ns, At safepoint: 13889414 ns, Total: 14034880 ns
[2026-09-29T20:22:09.414-0400][15.457s][info][gc,marking  ] GC(13) Concurrent Scan Root Regions 4.613ms
[2026-09-29T20:22:09.414-0400][15.457s][info][gc,marking  ] GC(13) Concurrent Mark
[2026-09-29T20:22:09.414-0400][15.457s][info][gc,marking  ] GC(13) Concurrent Mark From Roots
[2026-09-29T20:22:09.415-0400][15.457s][info][gc,task     ] GC(13) Using 2 workers of 2 for marking
[2026-09-29T20:22:09.527-0400][15.569s][info][gc,marking  ] GC(13) Concurrent Mark From Roots 112.004ms
[2026-09-29T20:22:09.527-0400][15.569s][info][gc,marking  ] GC(13) Concurrent Preclean
[2026-09-29T20:22:09.527-0400][15.570s][info][gc,marking  ] GC(13) Concurrent Preclean 0.169ms
[2026-09-29T20:22:09.531-0400][15.574s][info][gc,start    ] GC(13) Pause Remark
[2026-09-29T20:22:09.548-0400][15.590s][info][gc          ] GC(13) Pause Remark 45M->45M(154M) 16.298ms
[2026-09-29T20:22:09.548-0400][15.591s][info][gc,cpu      ] GC(13) User=0.05s Sys=0.00s Real=0.02s
[2026-09-29T20:22:09.548-0400][15.591s][info][safepoint   ] Safepoint "G1PauseRemark", Time since last: 114657851 ns, Reaching safepoint: 4373807 ns, Cleanup: 44154 ns, At safepoint: 16778726 ns, Total: 21196687 ns
[2026-09-29T20:22:09.548-0400][15.591s][info][gc,marking  ] GC(13) Concurrent Mark 133.530ms
[2026-09-29T20:22:09.548-0400][15.591s][info][gc,marking  ] GC(13) Concurrent Rebuild Remembered Sets
[2026-09-29T20:22:09.580-0400][15.623s][info][gc,marking  ] GC(13) Concurrent Rebuild Remembered Sets 32.433ms
[2026-09-29T20:22:09.581-0400][15.624s][info][gc,start    ] GC(13) Pause Cleanup
[2026-09-29T20:22:09.581-0400][15.624s][info][gc          ] GC(13) Pause Cleanup 45M->45M(154M) 0.502ms
[2026-09-29T20:22:09.581-0400][15.624s][info][gc,cpu      ] GC(13) User=0.00s Sys=0.00s Real=0.00s
[2026-09-29T20:22:09.581-0400][15.624s][info][safepoint   ] Safepoint "G1PauseCleanup", Time since last: 32608168 ns, Reaching safepoint: 252685 ns, Cleanup: 19435 ns, At safepoint: 641423 ns, Total: 913543 ns
[2026-09-29T20:22:09.582-0400][15.624s][info][gc,marking  ] GC(13) Concurrent Cleanup for Next Mark
[2026-09-29T20:22:09.585-0400][15.628s][info][gc,marking  ] GC(13) Concurrent Cleanup for Next Mark 3.308ms
[2026-09-29T20:22:09.585-0400][15.628s][info][gc          ] GC(13) Concurrent Mark Cycle 175.725ms
[2026-09-29T20:22:10.651-0400][16.694s][info][safepoint   ] Safepoint "Cleanup", Time since last: 1068073575 ns, Reaching safepoint: 7035 ns, Cleanup: 1184553 ns, At safepoint: 55683 ns, Total: 1247271 ns
[2026-09-29T20:22:11.654-0400][17.697s][info][safepoint   ] Safepoint "Cleanup", Time since last: 1000304101 ns, Reaching safepoint: 2216962 ns, Cleanup: 109500 ns, At safepoint: 191308 ns, Total: 2517770 ns
[2026-09-29T20:22:12.563-0400][18.606s][info][safepoint   ] Safepoint "ICBufferFull", Time since last: 909331778 ns, Reaching safepoint: 127754 ns, Cleanup: 194744 ns, At safepoint: 40407 ns, Total: 362905 ns
[2026-09-29T20:22:12.761-0400][18.804s][info][gc,start    ] GC(14) Pause Young (Normal) (G1 Evacuation Pause)
[2026-09-29T20:22:12.761-0400][18.804s][info][gc,task     ] GC(14) Using 6 workers of 8 for evacuation
[2026-09-29T20:22:12.778-0400][18.820s][info][gc,phases   ] GC(14)   Pre Evacuate Collection Set: 0.22ms
[2026-09-29T20:22:12.778-0400][18.820s][info][gc,phases   ] GC(14)   Merge Heap Roots: 0.25ms
[2026-09-29T20:22:12.778-0400][18.820s][info][gc,phases   ] GC(14)   Evacuate Collection Set: 12.59ms
[2026-09-29T20:22:12.778-0400][18.821s][info][gc,phases   ] GC(14)   Post Evacuate Collection Set: 3.62ms
[2026-09-29T20:22:12.778-0400][18.821s][info][gc,phases   ] GC(14)   Other: 0.29ms
[2026-09-29T20:22:12.778-0400][18.821s][info][gc,heap     ] GC(14) Eden regions: 37->0(31)
[2026-09-29T20:22:12.778-0400][18.821s][info][gc,heap     ] GC(14) Survivor regions: 2->5(5)
[2026-09-29T20:22:12.778-0400][18.821s][info][gc,heap     ] GC(14) Old regions: 19->20
[2026-09-29T20:22:12.778-0400][18.821s][info][gc,heap     ] GC(14) Archive regions: 2->2
[2026-09-29T20:22:12.778-0400][18.821s][info][gc,heap     ] GC(14) Humongous regions: 5->2
[2026-09-29T20:22:12.778-0400][18.821s][info][gc,metaspace] GC(14) Metaspace: 44664K(46592K)->44664K(46592K) NonClass: 39947K(41088K)->39947K(41088K) Class: 4717K(5504K)->4717K(5504K)
[2026-09-29T20:22:12.778-0400][18.821s][info][gc          ] GC(14) Pause Young (Normal) (G1 Evacuation Pause) 127M->55M(154M) 17.098ms
[2026-09-29T20:22:12.778-0400][18.821s][info][gc,cpu      ] GC(14) User=0.09s Sys=0.01s Real=0.01s
[2026-09-29T20:22:12.778-0400][18.821s][info][safepoint   ] Safepoint "G1CollectForAllocation", Time since last: 197134024 ns, Reaching safepoint: 15212 ns, Cleanup: 93492 ns, At safepoint: 17347889 ns, Total: 17456593 ns
[2026-09-29T20:22:13.439-0400][19.482s][info][safepoint   ] Safepoint "ICBufferFull", Time since last: 654470077 ns, Reaching safepoint: 16733 ns, Cleanup: 6412412 ns, At safepoint: 103589 ns, Total: 6532734 ns
[2026-09-29T20:22:14.268-0400][20.311s][info][safepoint   ] Safepoint "ICBufferFull", Time since last: 825365399 ns, Reaching safepoint: 13989 ns, Cleanup: 389091 ns, At safepoint: 3041300 ns, Total: 3444380 ns
[2026-09-29T20:22:14.617-0400][20.660s][info][gc,start    ] GC(15) Pause Young (Normal) (G1 Evacuation Pause)
[2026-09-29T20:22:14.618-0400][20.660s][info][gc,task     ] GC(15) Using 6 workers of 8 for evacuation
[2026-09-29T20:22:14.637-0400][20.679s][info][gc,phases   ] GC(15)   Pre Evacuate Collection Set: 0.35ms
[2026-09-29T20:22:14.637-0400][20.679s][info][gc,phases   ] GC(15)   Merge Heap Roots: 0.25ms
[2026-09-29T20:22:14.637-0400][20.680s][info][gc,phases   ] GC(15)   Evacuate Collection Set: 15.73ms
[2026-09-29T20:22:14.637-0400][20.680s][info][gc,phases   ] GC(15)   Post Evacuate Collection Set: 2.59ms
[2026-09-29T20:22:14.637-0400][20.680s][info][gc,phases   ] GC(15)   Other: 0.21ms
[2026-09-29T20:22:14.637-0400][20.680s][info][gc,heap     ] GC(15) Eden regions: 31->0(27)
[2026-09-29T20:22:14.637-0400][20.680s][info][gc,heap     ] GC(15) Survivor regions: 5->4(5)
[2026-09-29T20:22:14.637-0400][20.680s][info][gc,heap     ] GC(15) Old regions: 20->25
[2026-09-29T20:22:14.637-0400][20.680s][info][gc,heap     ] GC(15) Archive regions: 2->2
[2026-09-29T20:22:14.637-0400][20.680s][info][gc,heap     ] GC(15) Humongous regions: 2->2
[2026-09-29T20:22:14.637-0400][20.680s][info][gc,metaspace] GC(15) Metaspace: 55762K(58048K)->55762K(58048K) NonClass: 49626K(51008K)->49626K(51008K) Class: 6136K(7040K)->6136K(7040K)
[2026-09-29T20:22:14.637-0400][20.680s][info][gc          ] GC(15) Pause Young (Normal) (G1 Evacuation Pause) 117M->60M(154M) 19.250ms
[2026-09-29T20:22:14.637-0400][20.680s][info][gc,cpu      ] GC(15) User=0.12s Sys=0.01s Real=0.02s
[2026-09-29T20:22:14.637-0400][20.680s][info][safepoint   ] Safepoint "G1CollectForAllocation", Time since last: 349592222 ns, Reaching safepoint: 17779 ns, Cleanup: 69264 ns, At safepoint: 19509168 ns, Total: 19596211 ns
[2026-09-29T20:22:15.359-0400][21.401s][info][gc,start    ] GC(16) Pause Young (Normal) (G1 Evacuation Pause)
[2026-09-29T20:22:15.359-0400][21.401s][info][gc,task     ] GC(16) Using 6 workers of 8 for evacuation
[2026-09-29T20:22:15.370-0400][21.413s][info][gc,phases   ] GC(16)   Pre Evacuate Collection Set: 0.23ms
[2026-09-29T20:22:15.370-0400][21.413s][info][gc,phases   ] GC(16)   Merge Heap Roots: 0.20ms
[2026-09-29T20:22:15.370-0400][21.413s][info][gc,phases   ] GC(16)   Evacuate Collection Set: 8.61ms
[2026-09-29T20:22:15.370-0400][21.413s][info][gc,phases   ] GC(16)   Post Evacuate Collection Set: 2.30ms
[2026-09-29T20:22:15.370-0400][21.413s][info][gc,phases   ] GC(16)   Other: 0.20ms
[2026-09-29T20:22:15.370-0400][21.413s][info][gc,heap     ] GC(16) Eden regions: 27->0(36)
[2026-09-29T20:22:15.370-0400][21.413s][info][gc,heap     ] GC(16) Survivor regions: 4->3(4)
[2026-09-29T20:22:15.370-0400][21.413s][info][gc,heap     ] GC(16) Old regions: 25->28
[2026-09-29T20:22:15.370-0400][21.413s][info][gc,heap     ] GC(16) Archive regions: 2->2
[2026-09-29T20:22:15.370-0400][21.413s][info][gc,heap     ] GC(16) Humongous regions: 2->2
[2026-09-29T20:22:15.370-0400][21.413s][info][gc,metaspace] GC(16) Metaspace: 57931K(60288K)->57931K(60288K) NonClass: 51594K(52992K)->51594K(52992K) Class: 6337K(7296K)->6337K(7296K)
[2026-09-29T20:22:15.370-0400][21.413s][info][gc          ] GC(16) Pause Young (Normal) (G1 Evacuation Pause) 114M->66M(186M) 11.668ms
[2026-09-29T20:22:15.370-0400][21.413s][info][gc,cpu      ] GC(16) User=0.07s Sys=0.01s Real=0.01s
[2026-09-29T20:22:15.370-0400][21.413s][info][safepoint   ] Safepoint "G1CollectForAllocation", Time since last: 721376708 ns, Reaching safepoint: 16755 ns, Cleanup: 147374 ns, At safepoint: 11878194 ns, Total: 12042323 ns
[2026-09-29T20:22:15.969-0400][22.012s][info][gc,start    ] GC(17) Pause Young (Concurrent Start) (Metadata GC Threshold)
[2026-09-29T20:22:15.969-0400][22.012s][info][gc,task     ] GC(17) Using 6 workers of 8 for evacuation
[2026-09-29T20:22:15.985-0400][22.028s][info][gc,phases   ] GC(17)   Pre Evacuate Collection Set: 0.35ms
[2026-09-29T20:22:15.985-0400][22.028s][info][gc,phases   ] GC(17)   Merge Heap Roots: 0.15ms
[2026-09-29T20:22:15.985-0400][22.028s][info][gc,phases   ] GC(17)   Evacuate Collection Set: 9.56ms
[2026-09-29T20:22:15.985-0400][22.028s][info][gc,phases   ] GC(17)   Post Evacuate Collection Set: 5.26ms
[2026-09-29T20:22:15.985-0400][22.028s][info][gc,phases   ] GC(17)   Other: 0.25ms
[2026-09-29T20:22:15.985-0400][22.028s][info][gc,heap     ] GC(17) Eden regions: 32->0(32)
[2026-09-29T20:22:15.985-0400][22.028s][info][gc,heap     ] GC(17) Survivor regions: 3->5(5)
[2026-09-29T20:22:15.985-0400][22.028s][info][gc,heap     ] GC(17) Old regions: 28->30
[2026-09-29T20:22:15.985-0400][22.028s][info][gc,heap     ] GC(17) Archive regions: 2->2
[2026-09-29T20:22:15.985-0400][22.028s][info][gc,heap     ] GC(17) Humongous regions: 2->2
[2026-09-29T20:22:15.985-0400][22.028s][info][gc,metaspace] GC(17) Metaspace: 58707K(61056K)->58707K(61056K) NonClass: 52275K(53696K)->52275K(53696K) Class: 6431K(7360K)->6431K(7360K)
[2026-09-29T20:22:15.985-0400][22.028s][info][gc          ] GC(17) Pause Young (Concurrent Start) (Metadata GC Threshold) 130M->75M(186M) 15.702ms
[2026-09-29T20:22:15.985-0400][22.028s][info][gc,cpu      ] GC(17) User=0.07s Sys=0.01s Real=0.02s
[2026-09-29T20:22:15.985-0400][22.028s][info][gc          ] GC(18) Concurrent Mark Cycle
[2026-09-29T20:22:15.985-0400][22.028s][info][gc,marking  ] GC(18) Concurrent Clear Claimed Marks
[2026-09-29T20:22:15.985-0400][22.028s][info][gc,marking  ] GC(18) Concurrent Clear Claimed Marks 0.197ms
[2026-09-29T20:22:15.985-0400][22.028s][info][gc,marking  ] GC(18) Concurrent Scan Root Regions
[2026-09-29T20:22:15.985-0400][22.028s][info][safepoint   ] Safepoint "CollectForMetadataAllocation", Time since last: 598599248 ns, Reaching safepoint: 109846 ns, Cleanup: 128539 ns, At safepoint: 16162949 ns, Total: 16401334 ns
[2026-09-29T20:22:15.989-0400][22.032s][info][gc,marking  ] GC(18) Concurrent Scan Root Regions 3.895ms
[2026-09-29T20:22:15.989-0400][22.032s][info][gc,marking  ] GC(18) Concurrent Mark
[2026-09-29T20:22:15.989-0400][22.032s][info][gc,marking  ] GC(18) Concurrent Mark From Roots
[2026-09-29T20:22:15.989-0400][22.032s][info][gc,task     ] GC(18) Using 2 workers of 2 for marking
[2026-09-29T20:22:16.090-0400][22.133s][info][gc,marking  ] GC(18) Concurrent Mark From Roots 100.601ms
[2026-09-29T20:22:16.090-0400][22.133s][info][gc,marking  ] GC(18) Concurrent Preclean
[2026-09-29T20:22:16.091-0400][22.134s][info][gc,marking  ] GC(18) Concurrent Preclean 1.186ms
[2026-09-29T20:22:16.092-0400][22.134s][info][gc,start    ] GC(18) Pause Remark
[2026-09-29T20:22:16.106-0400][22.148s][info][gc          ] GC(18) Pause Remark 82M->82M(186M) 13.999ms
[2026-09-29T20:22:16.106-0400][22.149s][info][gc,cpu      ] GC(18) User=0.09s Sys=0.00s Real=0.02s
[2026-09-29T20:22:16.106-0400][22.149s][info][safepoint   ] Safepoint "G1PauseRemark", Time since last: 106008245 ns, Reaching safepoint: 140437 ns, Cleanup: 29001 ns, At safepoint: 14288807 ns, Total: 14458245 ns
[2026-09-29T20:22:16.106-0400][22.149s][info][gc,marking  ] GC(18) Concurrent Mark 116.626ms
[2026-09-29T20:22:16.106-0400][22.149s][info][gc,marking  ] GC(18) Concurrent Rebuild Remembered Sets
[2026-09-29T20:22:16.148-0400][22.191s][info][gc,marking  ] GC(18) Concurrent Rebuild Remembered Sets 41.833ms
[2026-09-29T20:22:16.149-0400][22.192s][info][gc,start    ] GC(18) Pause Cleanup
[2026-09-29T20:22:16.149-0400][22.192s][info][gc          ] GC(18) Pause Cleanup 85M->85M(186M) 0.307ms
[2026-09-29T20:22:16.149-0400][22.192s][info][gc,cpu      ] GC(18) User=0.00s Sys=0.00s Real=0.00s
[2026-09-29T20:22:16.149-0400][22.192s][info][safepoint   ] Safepoint "G1PauseCleanup", Time since last: 42246467 ns, Reaching safepoint: 754789 ns, Cleanup: 35794 ns, At safepoint: 573234 ns, Total: 1363817 ns
[2026-09-29T20:22:16.150-0400][22.192s][info][gc,marking  ] GC(18) Concurrent Cleanup for Next Mark
[2026-09-29T20:22:16.151-0400][22.194s][info][gc,marking  ] GC(18) Concurrent Cleanup for Next Mark 1.316ms
[2026-09-29T20:22:16.151-0400][22.194s][info][gc          ] GC(18) Concurrent Mark Cycle 165.821ms
[2026-09-29T20:22:17.527-0400][23.570s][info][safepoint   ] Safepoint "Cleanup", Time since last: 1377547264 ns, Reaching safepoint: 7838 ns, Cleanup: 191649 ns, At safepoint: 36721 ns, Total: 236208 ns
[2026-09-29T20:22:18.402-0400][24.445s][info][gc,start    ] GC(19) Pause Young (Normal) (G1 Evacuation Pause)
[2026-09-29T20:22:18.403-0400][24.445s][info][gc,task     ] GC(19) Using 6 workers of 8 for evacuation
[2026-09-29T20:22:18.427-0400][24.470s][info][gc,phases   ] GC(19)   Pre Evacuate Collection Set: 0.14ms
[2026-09-29T20:22:18.427-0400][24.470s][info][gc,phases   ] GC(19)   Merge Heap Roots: 0.10ms
[2026-09-29T20:22:18.427-0400][24.470s][info][gc,phases   ] GC(19)   Evacuate Collection Set: 16.38ms
[2026-09-29T20:22:18.427-0400][24.470s][info][gc,phases   ] GC(19)   Post Evacuate Collection Set: 7.51ms
[2026-09-29T20:22:18.427-0400][24.470s][info][gc,phases   ] GC(19)   Other: 0.23ms
[2026-09-29T20:22:18.427-0400][24.470s][info][gc,heap     ] GC(19) Eden regions: 32->0(32)
[2026-09-29T20:22:18.427-0400][24.470s][info][gc,heap     ] GC(19) Survivor regions: 5->3(5)
[2026-09-29T20:22:18.427-0400][24.470s][info][gc,heap     ] GC(19) Old regions: 30->32
[2026-09-29T20:22:18.427-0400][24.470s][info][gc,heap     ] GC(19) Archive regions: 2->2
[2026-09-29T20:22:18.427-0400][24.470s][info][gc,heap     ] GC(19) Humongous regions: 2->2
[2026-09-29T20:22:18.427-0400][24.470s][info][gc,metaspace] GC(19) Metaspace: 72588K(75072K)->72588K(75072K) NonClass: 64376K(65920K)->64376K(65920K) Class: 8212K(9152K)->8212K(9152K)
[2026-09-29T20:22:18.427-0400][24.470s][info][gc          ] GC(19) Pause Young (Normal) (G1 Evacuation Pause) 139M->74M(186M) 24.488ms
[2026-09-29T20:22:18.427-0400][24.470s][info][gc,cpu      ] GC(19) User=0.12s Sys=0.00s Real=0.03s
[2026-09-29T20:22:18.427-0400][24.470s][info][safepoint   ] Safepoint "G1CollectForAllocation", Time since last: 874806894 ns, Reaching safepoint: 16672 ns, Cleanup: 391609 ns, At safepoint: 24707714 ns, Total: 25115995 ns
[2026-09-29T20:22:19.117-0400][25.160s][info][safepoint   ] Safepoint "ICBufferFull", Time since last: 689530251 ns, Reaching safepoint: 14913 ns, Cleanup: 235388 ns, At safepoint: 6590 ns, Total: 256891 ns
[2026-09-29T20:22:19.420-0400][25.463s][info][gc,start    ] GC(20) Pause Young (Normal) (G1 Evacuation Pause)
[2026-09-29T20:22:19.420-0400][25.463s][info][gc,task     ] GC(20) Using 6 workers of 8 for evacuation
[2026-09-29T20:22:19.429-0400][25.472s][info][gc,phases   ] GC(20)   Pre Evacuate Collection Set: 0.25ms
[2026-09-29T20:22:19.429-0400][25.472s][info][gc,phases   ] GC(20)   Merge Heap Roots: 0.23ms
[2026-09-29T20:22:19.429-0400][25.472s][info][gc,phases   ] GC(20)   Evacuate Collection Set: 6.63ms
[2026-09-29T20:22:19.429-0400][25.472s][info][gc,phases   ] GC(20)   Post Evacuate Collection Set: 2.03ms
[2026-09-29T20:22:19.429-0400][25.472s][info][gc,phases   ] GC(20)   Other: 0.32ms
[2026-09-29T20:22:19.429-0400][25.472s][info][gc,heap     ] GC(20) Eden regions: 32->0(32)
[2026-09-29T20:22:19.429-0400][25.472s][info][gc,heap     ] GC(20) Survivor regions: 3->5(5)
[2026-09-29T20:22:19.429-0400][25.472s][info][gc,heap     ] GC(20) Old regions: 32->32
[2026-09-29T20:22:19.429-0400][25.472s][info][gc,heap     ] GC(20) Archive regions: 2->2
[2026-09-29T20:22:19.429-0400][25.472s][info][gc,heap     ] GC(20) Humongous regions: 2->2
[2026-09-29T20:22:19.429-0400][25.472s][info][gc,metaspace] GC(20) Metaspace: 76261K(78784K)->76261K(78784K) NonClass: 67619K(69184K)->67619K(69184K) Class: 8641K(9600K)->8641K(9600K)
[2026-09-29T20:22:19.429-0400][25.472s][info][gc          ] GC(20) Pause Young (Normal) (G1 Evacuation Pause) 138M->77M(186M) 9.581ms
[2026-09-29T20:22:19.429-0400][25.472s][info][gc,cpu      ] GC(20) User=0.04s Sys=0.00s Real=0.01s
[2026-09-29T20:22:19.430-0400][25.473s][info][safepoint   ] Safepoint "G1CollectForAllocation", Time since last: 302715575 ns, Reaching safepoint: 84793 ns, Cleanup: 54483 ns, At safepoint: 9857604 ns, Total: 9996880 ns
[2026-09-29T20:22:19.805-0400][25.848s][info][gc,start    ] GC(21) Pause Young (Normal) (G1 Evacuation Pause)
[2026-09-29T20:22:19.805-0400][25.848s][info][gc,task     ] GC(21) Using 6 workers of 8 for evacuation
[2026-09-29T20:22:19.822-0400][25.865s][info][gc,phases   ] GC(21)   Pre Evacuate Collection Set: 0.22ms
[2026-09-29T20:22:19.822-0400][25.865s][info][gc,phases   ] GC(21)   Merge Heap Roots: 0.14ms
[2026-09-29T20:22:19.822-0400][25.865s][info][gc,phases   ] GC(21)   Evacuate Collection Set: 9.44ms
[2026-09-29T20:22:19.822-0400][25.865s][info][gc,phases   ] GC(21)   Post Evacuate Collection Set: 6.54ms
[2026-09-29T20:22:19.822-0400][25.865s][info][gc,phases   ] GC(21)   Other: 0.23ms
[2026-09-29T20:22:19.822-0400][25.865s][info][gc,heap     ] GC(21) Eden regions: 32->0(28)
[2026-09-29T20:22:19.822-0400][25.865s][info][gc,heap     ] GC(21) Survivor regions: 5->5(5)
[2026-09-29T20:22:19.822-0400][25.865s][info][gc,heap     ] GC(21) Old regions: 32->36
[2026-09-29T20:22:19.822-0400][25.865s][info][gc,heap     ] GC(21) Archive regions: 2->2
[2026-09-29T20:22:19.822-0400][25.865s][info][gc,heap     ] GC(21) Humongous regions: 2->2
[2026-09-29T20:22:19.822-0400][25.865s][info][gc,metaspace] GC(21) Metaspace: 76277K(78848K)->76277K(78848K) NonClass: 67636K(69248K)->67636K(69248K) Class: 8641K(9600K)->8641K(9600K)
[2026-09-29T20:22:19.822-0400][25.865s][info][gc          ] GC(21) Pause Young (Normal) (G1 Evacuation Pause) 141M->86M(186M) 16.725ms
[2026-09-29T20:22:19.822-0400][25.865s][info][gc,cpu      ] GC(21) User=0.06s Sys=0.01s Real=0.02s
[2026-09-29T20:22:19.822-0400][25.865s][info][safepoint   ] Safepoint "G1CollectForAllocation", Time since last: 375382262 ns, Reaching safepoint: 20025 ns, Cleanup: 38091 ns, At safepoint: 16996869 ns, Total: 17054985 ns
[2026-09-29T20:22:20.273-0400][26.316s][info][gc,start    ] GC(22) Pause Young (Normal) (G1 Evacuation Pause)
[2026-09-29T20:22:20.273-0400][26.316s][info][gc,task     ] GC(22) Using 6 workers of 8 for evacuation
[2026-09-29T20:22:20.283-0400][26.326s][info][gc,phases   ] GC(22)   Pre Evacuate Collection Set: 0.30ms
[2026-09-29T20:22:20.283-0400][26.326s][info][gc,phases   ] GC(22)   Merge Heap Roots: 0.18ms
[2026-09-29T20:22:20.283-0400][26.326s][info][gc,phases   ] GC(22)   Evacuate Collection Set: 5.06ms
[2026-09-29T20:22:20.283-0400][26.326s][info][gc,phases   ] GC(22)   Post Evacuate Collection Set: 4.17ms
[2026-09-29T20:22:20.283-0400][26.326s][info][gc,phases   ] GC(22)   Other: 0.32ms
[2026-09-29T20:22:20.283-0400][26.326s][info][gc,heap     ] GC(22) Eden regions: 28->0(26)
[2026-09-29T20:22:20.283-0400][26.326s][info][gc,heap     ] GC(22) Survivor regions: 5->5(5)
[2026-09-29T20:22:20.283-0400][26.326s][info][gc,heap     ] GC(22) Old regions: 36->38
[2026-09-29T20:22:20.283-0400][26.326s][info][gc,heap     ] GC(22) Archive regions: 2->2
[2026-09-29T20:22:20.283-0400][26.326s][info][gc,heap     ] GC(22) Humongous regions: 2->2
[2026-09-29T20:22:20.283-0400][26.326s][info][gc,metaspace] GC(22) Metaspace: 76657K(79296K)->76657K(79296K) NonClass: 67943K(69568K)->67943K(69568K) Class: 8714K(9728K)->8714K(9728K)
[2026-09-29T20:22:20.283-0400][26.326s][info][gc          ] GC(22) Pause Young (Normal) (G1 Evacuation Pause) 142M->90M(186M) 10.267ms
[2026-09-29T20:22:20.284-0400][26.326s][info][gc,cpu      ] GC(22) User=0.06s Sys=0.00s Real=0.01s
[2026-09-29T20:22:20.284-0400][26.326s][info][safepoint   ] Safepoint "G1CollectForAllocation", Time since last: 450972632 ns, Reaching safepoint: 16593 ns, Cleanup: 113883 ns, At safepoint: 10446903 ns, Total: 10577379 ns
[2026-09-29T20:22:20.653-0400][26.695s][info][gc,start    ] GC(23) Pause Young (Concurrent Start) (G1 Evacuation Pause)
[2026-09-29T20:22:20.653-0400][26.695s][info][gc,task     ] GC(23) Using 6 workers of 8 for evacuation
[2026-09-29T20:22:20.659-0400][26.702s][info][gc,phases   ] GC(23)   Pre Evacuate Collection Set: 0.49ms
[2026-09-29T20:22:20.659-0400][26.702s][info][gc,phases   ] GC(23)   Merge Heap Roots: 0.32ms
[2026-09-29T20:22:20.659-0400][26.702s][info][gc,phases   ] GC(23)   Evacuate Collection Set: 3.43ms
[2026-09-29T20:22:20.659-0400][26.702s][info][gc,phases   ] GC(23)   Post Evacuate Collection Set: 1.83ms
[2026-09-29T20:22:20.659-0400][26.702s][info][gc,phases   ] GC(23)   Other: 0.33ms
[2026-09-29T20:22:20.659-0400][26.702s][info][gc,heap     ] GC(23) Eden regions: 26->0(42)
[2026-09-29T20:22:20.659-0400][26.702s][info][gc,heap     ] GC(23) Survivor regions: 5->2(4)
[2026-09-29T20:22:20.659-0400][26.702s][info][gc,heap     ] GC(23) Old regions: 38->38
[2026-09-29T20:22:20.659-0400][26.702s][info][gc,heap     ] GC(23) Archive regions: 2->2
[2026-09-29T20:22:20.659-0400][26.702s][info][gc,heap     ] GC(23) Humongous regions: 2->2
[2026-09-29T20:22:20.659-0400][26.702s][info][gc,metaspace] GC(23) Metaspace: 77315K(80000K)->77315K(80000K) NonClass: 68497K(70144K)->68497K(70144K) Class: 8817K(9856K)->8817K(9856K)
[2026-09-29T20:22:20.659-0400][26.702s][info][gc          ] GC(23) Pause Young (Concurrent Start) (G1 Evacuation Pause) 142M->83M(224M) 6.520ms
[2026-09-29T20:22:20.659-0400][26.702s][info][gc,cpu      ] GC(23) User=0.03s Sys=0.00s Real=0.00s
[2026-09-29T20:22:20.659-0400][26.702s][info][gc          ] GC(24) Concurrent Mark Cycle
[2026-09-29T20:22:20.659-0400][26.702s][info][gc,marking  ] GC(24) Concurrent Clear Claimed Marks
[2026-09-29T20:22:20.659-0400][26.702s][info][safepoint   ] Safepoint "G1CollectForAllocation", Time since last: 368502868 ns, Reaching safepoint: 174884 ns, Cleanup: 171969 ns, At safepoint: 6785243 ns, Total: 7132096 ns
[2026-09-29T20:22:20.660-0400][26.702s][info][gc,marking  ] GC(24) Concurrent Clear Claimed Marks 0.199ms
[2026-09-29T20:22:20.660-0400][26.702s][info][gc,marking  ] GC(24) Concurrent Scan Root Regions
[2026-09-29T20:22:20.661-0400][26.704s][info][gc,marking  ] GC(24) Concurrent Scan Root Regions 1.692ms
[2026-09-29T20:22:20.661-0400][26.704s][info][gc,marking  ] GC(24) Concurrent Mark
[2026-09-29T20:22:20.661-0400][26.704s][info][gc,marking  ] GC(24) Concurrent Mark From Roots
[2026-09-29T20:22:20.661-0400][26.704s][info][gc,task     ] GC(24) Using 2 workers of 2 for marking
[2026-09-29T20:22:20.775-0400][26.818s][info][gc,marking  ] GC(24) Concurrent Mark From Roots 113.450ms
[2026-09-29T20:22:20.775-0400][26.818s][info][gc,marking  ] GC(24) Concurrent Preclean
[2026-09-29T20:22:20.776-0400][26.819s][info][gc,marking  ] GC(24) Concurrent Preclean 1.058ms
[2026-09-29T20:22:20.776-0400][26.819s][info][gc,start    ] GC(24) Pause Remark
[2026-09-29T20:22:20.786-0400][26.829s][info][gc          ] GC(24) Pause Remark 116M->114M(224M) 10.183ms
[2026-09-29T20:22:20.787-0400][26.829s][info][gc,cpu      ] GC(24) User=0.06s Sys=0.00s Real=0.01s
[2026-09-29T20:22:20.787-0400][26.830s][info][safepoint   ] Safepoint "G1PauseRemark", Time since last: 116809865 ns, Reaching safepoint: 155703 ns, Cleanup: 31417 ns, At safepoint: 10407368 ns, Total: 10594488 ns
[2026-09-29T20:22:20.787-0400][26.830s][info][gc,marking  ] GC(24) Concurrent Mark 125.407ms
[2026-09-29T20:22:20.787-0400][26.830s][info][gc,marking  ] GC(24) Concurrent Rebuild Remembered Sets
[2026-09-29T20:22:20.851-0400][26.894s][info][gc,marking  ] GC(24) Concurrent Rebuild Remembered Sets 64.191ms
[2026-09-29T20:22:20.851-0400][26.894s][info][gc,start    ] GC(24) Pause Cleanup
[2026-09-29T20:22:20.852-0400][26.895s][info][gc          ] GC(24) Pause Cleanup 122M->122M(224M) 0.409ms
[2026-09-29T20:22:20.852-0400][26.895s][info][gc,cpu      ] GC(24) User=0.01s Sys=0.00s Real=0.00s
[2026-09-29T20:22:20.852-0400][26.895s][info][safepoint   ] Safepoint "G1PauseCleanup", Time since last: 64417822 ns, Reaching safepoint: 144416 ns, Cleanup: 6797 ns, At safepoint: 600179 ns, Total: 751392 ns
[2026-09-29T20:22:20.852-0400][26.895s][info][gc,marking  ] GC(24) Concurrent Cleanup for Next Mark
[2026-09-29T20:22:20.853-0400][26.896s][info][gc,marking  ] GC(24) Concurrent Cleanup for Next Mark 1.287ms
[2026-09-29T20:22:20.853-0400][26.896s][info][gc          ] GC(24) Concurrent Mark Cycle 194.292ms
[2026-09-29T20:22:21.032-0400][27.075s][info][gc,start    ] GC(25) Pause Young (Prepare Mixed) (G1 Evacuation Pause)
[2026-09-29T20:22:21.032-0400][27.075s][info][gc,task     ] GC(25) Using 6 workers of 8 for evacuation
[2026-09-29T20:22:21.036-0400][27.078s][info][gc,phases   ] GC(25)   Pre Evacuate Collection Set: 0.15ms
[2026-09-29T20:22:21.036-0400][27.078s][info][gc,phases   ] GC(25)   Merge Heap Roots: 0.13ms
[2026-09-29T20:22:21.036-0400][27.078s][info][gc,phases   ] GC(25)   Evacuate Collection Set: 2.06ms
[2026-09-29T20:22:21.036-0400][27.078s][info][gc,phases   ] GC(25)   Post Evacuate Collection Set: 0.99ms
[2026-09-29T20:22:21.036-0400][27.078s][info][gc,phases   ] GC(25)   Other: 0.18ms
[2026-09-29T20:22:21.036-0400][27.079s][info][gc,heap     ] GC(25) Eden regions: 42->0(4)
[2026-09-29T20:22:21.036-0400][27.079s][info][gc,heap     ] GC(25) Survivor regions: 2->1(6)
[2026-09-29T20:22:21.036-0400][27.079s][info][gc,heap     ] GC(25) Old regions: 37->37
[2026-09-29T20:22:21.036-0400][27.079s][info][gc,heap     ] GC(25) Archive regions: 2->2
[2026-09-29T20:22:21.036-0400][27.079s][info][gc,heap     ] GC(25) Humongous regions: 2->2
[2026-09-29T20:22:21.036-0400][27.079s][info][gc,metaspace] GC(25) Metaspace: 77347K(80000K)->77347K(80000K) NonClass: 68526K(70144K)->68526K(70144K) Class: 8820K(9856K)->8820K(9856K)
[2026-09-29T20:22:21.036-0400][27.079s][info][gc          ] GC(25) Pause Young (Prepare Mixed) (G1 Evacuation Pause) 165M->80M(224M) 3.664ms
[2026-09-29T20:22:21.036-0400][27.079s][info][gc,cpu      ] GC(25) User=0.01s Sys=0.00s Real=0.00s
[2026-09-29T20:22:21.036-0400][27.079s][info][safepoint   ] Safepoint "G1CollectForAllocation", Time since last: 180105051 ns, Reaching safepoint: 14877 ns, Cleanup: 33731 ns, At safepoint: 3994761 ns, Total: 4043369 ns
[2026-09-29T20:22:21.069-0400][27.112s][info][gc,start    ] GC(26) Pause Young (Mixed) (G1 Evacuation Pause)
[2026-09-29T20:22:21.069-0400][27.112s][info][gc,task     ] GC(26) Using 6 workers of 8 for evacuation
[2026-09-29T20:22:21.077-0400][27.120s][info][gc,phases   ] GC(26)   Pre Evacuate Collection Set: 0.33ms
[2026-09-29T20:22:21.077-0400][27.120s][info][gc,phases   ] GC(26)   Merge Heap Roots: 0.96ms
[2026-09-29T20:22:21.077-0400][27.120s][info][gc,phases   ] GC(26)   Evacuate Collection Set: 4.39ms
[2026-09-29T20:22:21.077-0400][27.120s][info][gc,phases   ] GC(26)   Post Evacuate Collection Set: 2.17ms
[2026-09-29T20:22:21.077-0400][27.120s][info][gc,phases   ] GC(26)   Other: 0.22ms
[2026-09-29T20:22:21.077-0400][27.120s][info][gc,heap     ] GC(26) Eden regions: 4->0(45)
[2026-09-29T20:22:21.077-0400][27.120s][info][gc,heap     ] GC(26) Survivor regions: 1->1(1)
[2026-09-29T20:22:21.077-0400][27.120s][info][gc,heap     ] GC(26) Old regions: 37->37
[2026-09-29T20:22:21.077-0400][27.120s][info][gc,heap     ] GC(26) Archive regions: 2->2
[2026-09-29T20:22:21.077-0400][27.120s][info][gc,heap     ] GC(26) Humongous regions: 2->2
[2026-09-29T20:22:21.077-0400][27.120s][info][gc,metaspace] GC(26) Metaspace: 77349K(80000K)->77349K(80000K) NonClass: 68528K(70144K)->68528K(70144K) Class: 8820K(9856K)->8820K(9856K)
[2026-09-29T20:22:21.078-0400][27.120s][info][gc          ] GC(26) Pause Young (Mixed) (G1 Evacuation Pause) 88M->80M(224M) 8.229ms
[2026-09-29T20:22:21.078-0400][27.120s][info][gc,cpu      ] GC(26) User=0.04s Sys=0.00s Real=0.01s
[2026-09-29T20:22:21.078-0400][27.121s][info][safepoint   ] Safepoint "G1CollectForAllocation", Time since last: 33262136 ns, Reaching safepoint: 19011 ns, Cleanup: 7656 ns, At safepoint: 8397942 ns, Total: 8424609 ns
[2026-09-29T20:22:22.359-0400][28.402s][info][safepoint   ] Safepoint "ICBufferFull", Time since last: 1280333743 ns, Reaching safepoint: 22705 ns, Cleanup: 548113 ns, At safepoint: 71395 ns, Total: 642213 ns
[2026-09-29T20:22:22.496-0400][28.539s][info][gc,start    ] GC(27) Pause Young (Normal) (G1 Evacuation Pause)
[2026-09-29T20:22:22.496-0400][28.539s][info][gc,task     ] GC(27) Using 6 workers of 8 for evacuation
[2026-09-29T20:22:22.507-0400][28.550s][info][gc,phases   ] GC(27)   Pre Evacuate Collection Set: 0.27ms
[2026-09-29T20:22:22.507-0400][28.550s][info][gc,phases   ] GC(27)   Merge Heap Roots: 0.17ms
[2026-09-29T20:22:22.507-0400][28.550s][info][gc,phases   ] GC(27)   Evacuate Collection Set: 7.23ms
[2026-09-29T20:22:22.507-0400][28.550s][info][gc,phases   ] GC(27)   Post Evacuate Collection Set: 2.62ms
[2026-09-29T20:22:22.507-0400][28.550s][info][gc,phases   ] GC(27)   Other: 0.21ms
[2026-09-29T20:22:22.507-0400][28.550s][info][gc,heap     ] GC(27) Eden regions: 45->0(44)
[2026-09-29T20:22:22.507-0400][28.550s][info][gc,heap     ] GC(27) Survivor regions: 1->3(6)
[2026-09-29T20:22:22.507-0400][28.550s][info][gc,heap     ] GC(27) Old regions: 37->37
[2026-09-29T20:22:22.507-0400][28.550s][info][gc,heap     ] GC(27) Archive regions: 2->2
[2026-09-29T20:22:22.507-0400][28.550s][info][gc,heap     ] GC(27) Humongous regions: 2->2
[2026-09-29T20:22:22.507-0400][28.550s][info][gc,metaspace] GC(27) Metaspace: 82095K(84928K)->82095K(84928K) NonClass: 72610K(74304K)->72610K(74304K) Class: 9485K(10624K)->9485K(10624K)
[2026-09-29T20:22:22.507-0400][28.550s][info][gc          ] GC(27) Pause Young (Normal) (G1 Evacuation Pause) 170M->83M(224M) 10.567ms
[2026-09-29T20:22:22.507-0400][28.550s][info][gc,cpu      ] GC(27) User=0.05s Sys=0.00s Real=0.01s
[2026-09-29T20:22:22.507-0400][28.550s][info][safepoint   ] Safepoint "G1CollectForAllocation", Time since last: 137223408 ns, Reaching safepoint: 159039 ns, Cleanup: 162310 ns, At safepoint: 10833299 ns, Total: 11154648 ns
[2026-09-29T20:22:23.371-0400][29.414s][info][safepoint   ] Safepoint "ICBufferFull", Time since last: 864125543 ns, Reaching safepoint: 16761 ns, Cleanup: 151824 ns, At safepoint: 6355 ns, Total: 174940 ns
[2026-09-29T20:22:23.738-0400][29.781s][info][safepoint   ] Safepoint "ICBufferFull", Time since last: 366515404 ns, Reaching safepoint: 20251 ns, Cleanup: 225457 ns, At safepoint: 42358 ns, Total: 288066 ns
[2026-09-29T20:22:23.741-0400][29.784s][info][safepoint   ] Safepoint "ICBufferFull", Time since last: 2571804 ns, Reaching safepoint: 17613 ns, Cleanup: 24289 ns, At safepoint: 4065 ns, Total: 45967 ns
[2026-09-29T20:22:23.741-0400][29.784s][info][safepoint   ] Safepoint "ICBufferFull", Time since last: 222208 ns, Reaching safepoint: 123539 ns, Cleanup: 4312 ns, At safepoint: 40761 ns, Total: 168612 ns
[2026-09-29T20:22:23.752-0400][29.795s][info][safepoint   ] Safepoint "ICBufferFull", Time since last: 1177739 ns, Reaching safepoint: 5324493 ns, Cleanup: 9759 ns, At safepoint: 4566820 ns, Total: 9901072 ns
[2026-09-29T20:22:23.796-0400][29.839s][info][gc,start    ] GC(28) Pause Young (Normal) (G1 Evacuation Pause)
[2026-09-29T20:22:23.796-0400][29.839s][info][gc,task     ] GC(28) Using 6 workers of 8 for evacuation
[2026-09-29T20:22:23.833-0400][29.876s][info][gc,phases   ] GC(28)   Pre Evacuate Collection Set: 0.31ms
[2026-09-29T20:22:23.833-0400][29.876s][info][gc,phases   ] GC(28)   Merge Heap Roots: 0.21ms
[2026-09-29T20:22:23.833-0400][29.876s][info][gc,phases   ] GC(28)   Evacuate Collection Set: 22.72ms
[2026-09-29T20:22:23.833-0400][29.876s][info][gc,phases   ] GC(28)   Post Evacuate Collection Set: 13.54ms
[2026-09-29T20:22:23.833-0400][29.876s][info][gc,phases   ] GC(28)   Other: 0.42ms
[2026-09-29T20:22:23.833-0400][29.876s][info][gc,heap     ] GC(28) Eden regions: 44->0(44)
[2026-09-29T20:22:23.833-0400][29.876s][info][gc,heap     ] GC(28) Survivor regions: 3->4(6)
[2026-09-29T20:22:23.833-0400][29.876s][info][gc,heap     ] GC(28) Old regions: 37->37
[2026-09-29T20:22:23.833-0400][29.876s][info][gc,heap     ] GC(28) Archive regions: 2->2
[2026-09-29T20:22:23.833-0400][29.876s][info][gc,heap     ] GC(28) Humongous regions: 2->2
[2026-09-29T20:22:23.833-0400][29.876s][info][gc,metaspace] GC(28) Metaspace: 84569K(87488K)->84569K(87488K) NonClass: 74807K(76608K)->74807K(76608K) Class: 9762K(10880K)->9762K(10880K)
[2026-09-29T20:22:23.833-0400][29.876s][info][gc          ] GC(28) Pause Young (Normal) (G1 Evacuation Pause) 171M->86M(224M) 37.338ms
[2026-09-29T20:22:23.833-0400][29.876s][info][gc,cpu      ] GC(28) User=0.17s Sys=0.01s Real=0.04s
[2026-09-29T20:22:23.833-0400][29.876s][info][safepoint   ] Safepoint "G1CollectForAllocation", Time since last: 42591446 ns, Reaching safepoint: 961040 ns, Cleanup: 21542 ns, At safepoint: 37476793 ns, Total: 38459375 ns
[2026-09-29T20:22:24.175-0400][30.218s][info][safepoint   ] Safepoint "ICBufferFull", Time since last: 341724358 ns, Reaching safepoint: 141658 ns, Cleanup: 103647 ns, At safepoint: 148652 ns, Total: 393957 ns
[2026-09-29T20:22:24.176-0400][30.219s][info][safepoint   ] Safepoint "ICBufferFull", Time since last: 237622 ns, Reaching safepoint: 139709 ns, Cleanup: 9365 ns, At safepoint: 142836 ns, Total: 291910 ns
[2026-09-29T20:22:24.366-0400][30.409s][info][safepoint   ] Safepoint "ICBufferFull", Time since last: 189712881 ns, Reaching safepoint: 13690 ns, Cleanup: 138286 ns, At safepoint: 43359 ns, Total: 195335 ns
[2026-09-29T20:22:24.996-0400][31.039s][info][safepoint   ] Safepoint "ICBufferFull", Time since last: 630145889 ns, Reaching safepoint: 14673 ns, Cleanup: 186872 ns, At safepoint: 91654 ns, Total: 293199 ns
[2026-09-29T20:22:25.586-0400][31.629s][info][safepoint   ] Safepoint "ICBufferFull", Time since last: 589356053 ns, Reaching safepoint: 14589 ns, Cleanup: 149985 ns, At safepoint: 6216 ns, Total: 170790 ns
[2026-09-29T20:22:26.176-0400][32.219s][info][gc,start    ] GC(29) Pause Young (Normal) (G1 Evacuation Pause)
[2026-09-29T20:22:26.176-0400][32.219s][info][gc,task     ] GC(29) Using 6 workers of 8 for evacuation
[2026-09-29T20:22:26.188-0400][32.231s][info][gc,phases   ] GC(29)   Pre Evacuate Collection Set: 0.30ms
[2026-09-29T20:22:26.188-0400][32.231s][info][gc,phases   ] GC(29)   Merge Heap Roots: 0.20ms
[2026-09-29T20:22:26.188-0400][32.231s][info][gc,phases   ] GC(29)   Evacuate Collection Set: 7.96ms
[2026-09-29T20:22:26.188-0400][32.231s][info][gc,phases   ] GC(29)   Post Evacuate Collection Set: 3.46ms
[2026-09-29T20:22:26.188-0400][32.231s][info][gc,phases   ] GC(29)   Other: 0.32ms
[2026-09-29T20:22:26.188-0400][32.231s][info][gc,heap     ] GC(29) Eden regions: 44->0(43)
[2026-09-29T20:22:26.188-0400][32.231s][info][gc,heap     ] GC(29) Survivor regions: 4->4(6)
[2026-09-29T20:22:26.188-0400][32.231s][info][gc,heap     ] GC(29) Old regions: 37->38
[2026-09-29T20:22:26.188-0400][32.231s][info][gc,heap     ] GC(29) Archive regions: 2->2
[2026-09-29T20:22:26.188-0400][32.231s][info][gc,heap     ] GC(29) Humongous regions: 2->2
[2026-09-29T20:22:26.188-0400][32.231s][info][gc,metaspace] GC(29) Metaspace: 92330K(95296K)->92330K(95296K) NonClass: 81730K(83520K)->81730K(83520K) Class: 10599K(11776K)->10599K(11776K)
[2026-09-29T20:22:26.188-0400][32.231s][info][gc          ] GC(29) Pause Young (Normal) (G1 Evacuation Pause) 174M->89M(224M) 12.410ms
[2026-09-29T20:22:26.188-0400][32.231s][info][gc,cpu      ] GC(29) User=0.05s Sys=0.00s Real=0.01s
[2026-09-29T20:22:26.188-0400][32.231s][info][safepoint   ] Safepoint "G1CollectForAllocation", Time since last: 589420549 ns, Reaching safepoint: 16030 ns, Cleanup: 365004 ns, At safepoint: 12650979 ns, Total: 13032013 ns
[2026-09-29T20:22:27.196-0400][33.239s][info][safepoint   ] Safepoint "Cleanup", Time since last: 1007306737 ns, Reaching safepoint: 4791 ns, Cleanup: 108552 ns, At safepoint: 27537 ns, Total: 140880 ns
[2026-09-29T20:22:27.532-0400][33.575s][info][safepoint   ] Safepoint "ICBufferFull", Time since last: 336115587 ns, Reaching safepoint: 15658 ns, Cleanup: 261748 ns, At safepoint: 69369 ns, Total: 346775 ns
[2026-09-29T20:22:28.383-0400][34.426s][info][safepoint   ] Safepoint "ICBufferFull", Time since last: 851020639 ns, Reaching safepoint: 126842 ns, Cleanup: 114636 ns, At safepoint: 37259 ns, Total: 278737 ns
[2026-09-29T20:22:28.803-0400][34.846s][info][safepoint   ] Safepoint "ICBufferFull", Time since last: 419721160 ns, Reaching safepoint: 111438 ns, Cleanup: 155733 ns, At safepoint: 58089 ns, Total: 325260 ns
[2026-09-29T20:22:29.210-0400][35.253s][info][gc,start    ] GC(30) Pause Young (Normal) (G1 Evacuation Pause)
[2026-09-29T20:22:29.210-0400][35.253s][info][gc,task     ] GC(30) Using 6 workers of 8 for evacuation
[2026-09-29T20:22:29.222-0400][35.265s][info][gc,phases   ] GC(30)   Pre Evacuate Collection Set: 0.32ms
[2026-09-29T20:22:29.222-0400][35.265s][info][gc,phases   ] GC(30)   Merge Heap Roots: 0.18ms
[2026-09-29T20:22:29.222-0400][35.265s][info][gc,phases   ] GC(30)   Evacuate Collection Set: 8.33ms
[2026-09-29T20:22:29.222-0400][35.265s][info][gc,phases   ] GC(30)   Post Evacuate Collection Set: 3.51ms
[2026-09-29T20:22:29.222-0400][35.265s][info][gc,phases   ] GC(30)   Other: 0.25ms
[2026-09-29T20:22:29.222-0400][35.265s][info][gc,heap     ] GC(30) Eden regions: 43->0(39)
[2026-09-29T20:22:29.223-0400][35.265s][info][gc,heap     ] GC(30) Survivor regions: 4->6(6)
[2026-09-29T20:22:29.223-0400][35.265s][info][gc,heap     ] GC(30) Old regions: 38->40
[2026-09-29T20:22:29.223-0400][35.265s][info][gc,heap     ] GC(30) Archive regions: 2->2
[2026-09-29T20:22:29.223-0400][35.265s][info][gc,heap     ] GC(30) Humongous regions: 2->2
[2026-09-29T20:22:29.223-0400][35.265s][info][gc,metaspace] GC(30) Metaspace: 103687K(106816K)->103687K(106816K) NonClass: 91834K(93760K)->91834K(93760K) Class: 11853K(13056K)->11853K(13056K)
[2026-09-29T20:22:29.223-0400][35.265s][info][gc          ] GC(30) Pause Young (Normal) (G1 Evacuation Pause) 175M->96M(224M) 12.654ms
[2026-09-29T20:22:29.223-0400][35.265s][info][gc,cpu      ] GC(30) User=0.05s Sys=0.00s Real=0.02s
[2026-09-29T20:22:29.223-0400][35.266s][info][safepoint   ] Safepoint "G1CollectForAllocation", Time since last: 406196966 ns, Reaching safepoint: 16122 ns, Cleanup: 146401 ns, At safepoint: 12831728 ns, Total: 12994251 ns
[2026-09-29T20:22:29.412-0400][35.455s][info][safepoint   ] Safepoint "ICBufferFull", Time since last: 188773000 ns, Reaching safepoint: 16825 ns, Cleanup: 270967 ns, At safepoint: 171272 ns, Total: 459064 ns
[2026-09-29T20:22:29.528-0400][35.571s][info][safepoint   ] Safepoint "ICBufferFull", Time since last: 115954693 ns, Reaching safepoint: 16479 ns, Cleanup: 140433 ns, At safepoint: 39670 ns, Total: 196582 ns
[2026-09-29T20:22:30.619-0400][36.662s][info][gc,start    ] GC(31) Pause Young (Normal) (G1 Evacuation Pause)
[2026-09-29T20:22:30.619-0400][36.662s][info][gc,task     ] GC(31) Using 6 workers of 8 for evacuation
[2026-09-29T20:22:30.631-0400][36.674s][info][gc,phases   ] GC(31)   Pre Evacuate Collection Set: 0.20ms
[2026-09-29T20:22:30.631-0400][36.674s][info][gc,phases   ] GC(31)   Merge Heap Roots: 0.16ms
[2026-09-29T20:22:30.631-0400][36.674s][info][gc,phases   ] GC(31)   Evacuate Collection Set: 7.01ms
[2026-09-29T20:22:30.631-0400][36.674s][info][gc,phases   ] GC(31)   Post Evacuate Collection Set: 3.86ms
[2026-09-29T20:22:30.631-0400][36.674s][info][gc,phases   ] GC(31)   Other: 0.16ms
[2026-09-29T20:22:30.631-0400][36.674s][info][gc,heap     ] GC(31) Eden regions: 39->0(38)
[2026-09-29T20:22:30.631-0400][36.674s][info][gc,heap     ] GC(31) Survivor regions: 6->4(6)
[2026-09-29T20:22:30.631-0400][36.674s][info][gc,heap     ] GC(31) Old regions: 40->44
[2026-09-29T20:22:30.631-0400][36.674s][info][gc,heap     ] GC(31) Archive regions: 2->2
[2026-09-29T20:22:30.631-0400][36.674s][info][gc,heap     ] GC(31) Humongous regions: 2->2
[2026-09-29T20:22:30.631-0400][36.674s][info][gc,metaspace] GC(31) Metaspace: 111427K(114624K)->111427K(114624K) NonClass: 98294K(100224K)->98294K(100224K) Class: 13132K(14400K)->13132K(14400K)
[2026-09-29T20:22:30.631-0400][36.674s][info][gc          ] GC(31) Pause Young (Normal) (G1 Evacuation Pause) 174M->99M(224M) 11.464ms
[2026-09-29T20:22:30.631-0400][36.674s][info][gc,cpu      ] GC(31) User=0.04s Sys=0.01s Real=0.01s
[2026-09-29T20:22:30.631-0400][36.674s][info][safepoint   ] Safepoint "G1CollectForAllocation", Time since last: 1090858105 ns, Reaching safepoint: 11046 ns, Cleanup: 435821 ns, At safepoint: 11601318 ns, Total: 12048185 ns
[2026-09-29T20:22:31.197-0400][37.240s][info][safepoint   ] Safepoint "ICBufferFull", Time since last: 565909073 ns, Reaching safepoint: 21911 ns, Cleanup: 226959 ns, At safepoint: 45006 ns, Total: 293876 ns
[2026-09-29T20:22:31.494-0400][37.537s][info][gc,start    ] GC(32) Pause Young (Normal) (G1 Evacuation Pause)
[2026-09-29T20:22:31.494-0400][37.537s][info][gc,task     ] GC(32) Using 6 workers of 8 for evacuation
[2026-09-29T20:22:31.501-0400][37.544s][info][gc,phases   ] GC(32)   Pre Evacuate Collection Set: 0.21ms
[2026-09-29T20:22:31.501-0400][37.544s][info][gc,phases   ] GC(32)   Merge Heap Roots: 0.39ms
[2026-09-29T20:22:31.501-0400][37.544s][info][gc,phases   ] GC(32)   Evacuate Collection Set: 3.71ms
[2026-09-29T20:22:31.501-0400][37.544s][info][gc,phases   ] GC(32)   Post Evacuate Collection Set: 2.02ms
[2026-09-29T20:22:31.501-0400][37.544s][info][gc,phases   ] GC(32)   Other: 0.17ms
[2026-09-29T20:22:31.501-0400][37.544s][info][gc,heap     ] GC(32) Eden regions: 38->0(38)
[2026-09-29T20:22:31.501-0400][37.544s][info][gc,heap     ] GC(32) Survivor regions: 4->3(6)
[2026-09-29T20:22:31.501-0400][37.544s][info][gc,heap     ] GC(32) Old regions: 44->45
[2026-09-29T20:22:31.501-0400][37.544s][info][gc,heap     ] GC(32) Archive regions: 2->2
[2026-09-29T20:22:31.501-0400][37.544s][info][gc,heap     ] GC(32) Humongous regions: 2->2
[2026-09-29T20:22:31.501-0400][37.544s][info][gc,metaspace] GC(32) Metaspace: 117311K(120576K)->117311K(120576K) NonClass: 103468K(105408K)->103468K(105408K) Class: 13843K(15168K)->13843K(15168K)
[2026-09-29T20:22:31.501-0400][37.544s][info][gc          ] GC(32) Pause Young (Normal) (G1 Evacuation Pause) 175M->100M(224M) 6.570ms
[2026-09-29T20:22:31.501-0400][37.544s][info][gc,cpu      ] GC(32) User=0.02s Sys=0.00s Real=0.01s
[2026-09-29T20:22:31.501-0400][37.544s][info][safepoint   ] Safepoint "G1CollectForAllocation", Time since last: 296534602 ns, Reaching safepoint: 14583 ns, Cleanup: 435926 ns, At safepoint: 6745331 ns, Total: 7195840 ns
[2026-09-29T20:22:32.789-0400][38.832s][info][safepoint   ] Safepoint "Cleanup", Time since last: 1287145006 ns, Reaching safepoint: 583821 ns, Cleanup: 760721 ns, At safepoint: 85998 ns, Total: 1430540 ns
[2026-09-29T20:22:33.388-0400][39.431s][info][gc,start    ] GC(33) Pause Young (Normal) (G1 Evacuation Pause)
[2026-09-29T20:22:33.388-0400][39.431s][info][gc,task     ] GC(33) Using 5 workers of 8 for evacuation
[2026-09-29T20:22:33.420-0400][39.463s][info][gc,phases   ] GC(33)   Pre Evacuate Collection Set: 0.16ms
[2026-09-29T20:22:33.420-0400][39.463s][info][gc,phases   ] GC(33)   Merge Heap Roots: 0.18ms
[2026-09-29T20:22:33.420-0400][39.463s][info][gc,phases   ] GC(33)   Evacuate Collection Set: 20.58ms
[2026-09-29T20:22:33.420-0400][39.463s][info][gc,phases   ] GC(33)   Post Evacuate Collection Set: 10.55ms
[2026-09-29T20:22:33.420-0400][39.463s][info][gc,phases   ] GC(33)   Other: 0.30ms
[2026-09-29T20:22:33.420-0400][39.463s][info][gc,heap     ] GC(33) Eden regions: 38->0(37)
[2026-09-29T20:22:33.420-0400][39.463s][info][gc,heap     ] GC(33) Survivor regions: 3->5(6)
[2026-09-29T20:22:33.420-0400][39.463s][info][gc,heap     ] GC(33) Old regions: 45->45
[2026-09-29T20:22:33.420-0400][39.463s][info][gc,heap     ] GC(33) Archive regions: 2->2
[2026-09-29T20:22:33.420-0400][39.463s][info][gc,heap     ] GC(33) Humongous regions: 2->2
[2026-09-29T20:22:33.420-0400][39.463s][info][gc,metaspace] GC(33) Metaspace: 123928K(127232K)->123928K(127232K) NonClass: 109443K(111424K)->109443K(111424K) Class: 14484K(15808K)->14484K(15808K)
[2026-09-29T20:22:33.420-0400][39.463s][info][gc          ] GC(33) Pause Young (Normal) (G1 Evacuation Pause) 176M->103M(224M) 31.905ms
[2026-09-29T20:22:33.420-0400][39.463s][info][gc,cpu      ] GC(33) User=0.13s Sys=0.01s Real=0.04s
[2026-09-29T20:22:33.420-0400][39.463s][info][safepoint   ] Safepoint "G1CollectForAllocation", Time since last: 598019538 ns, Reaching safepoint: 22731 ns, Cleanup: 652345 ns, At safepoint: 32132733 ns, Total: 32807809 ns
[2026-09-29T20:22:35.241-0400][41.284s][info][safepoint   ] Safepoint "Cleanup", Time since last: 1821054594 ns, Reaching safepoint: 27268 ns, Cleanup: 100813 ns, At safepoint: 6891 ns, Total: 134972 ns
[2026-09-29T20:22:36.458-0400][42.501s][info][safepoint   ] Safepoint "Cleanup", Time since last: 1216840788 ns, Reaching safepoint: 8206 ns, Cleanup: 115302 ns, At safepoint: 35184 ns, Total: 158692 ns
[2026-09-29T20:22:36.961-0400][43.004s][info][safepoint   ] Safepoint "RedefineClasses", Time since last: 216435830 ns, Reaching safepoint: 21734 ns, Cleanup: 110151 ns, At safepoint: 285943570 ns, Total: 286075455 ns
[2026-09-29T20:22:37.086-0400][43.129s][info][safepoint   ] Safepoint "JFRCheckpoint", Time since last: 124932952 ns, Reaching safepoint: 22482 ns, Cleanup: 147181 ns, At safepoint: 19609 ns, Total: 189272 ns
[2026-09-29T20:22:37.101-0400][43.144s][info][safepoint   ] Safepoint "JFROldObject", Time since last: 14996288 ns, Reaching safepoint: 128939 ns, Cleanup: 10536 ns, At safepoint: 53414 ns, Total: 192889 ns
[2026-09-29T20:22:37.370-0400][43.413s][info][safepoint   ] Safepoint "RedefineClasses", Time since last: 3001418 ns, Reaching safepoint: 22186 ns, Cleanup: 16298 ns, At safepoint: 266029570 ns, Total: 266068054 ns
[2026-09-29T20:22:37.380-0400][43.423s][info][safepoint   ] Safepoint "ClassLoaderStatsOperation", Time since last: 5852355 ns, Reaching safepoint: 20016 ns, Cleanup: 7197 ns, At safepoint: 4018650 ns, Total: 4045863 ns
[2026-09-29T20:22:38.552-0400][44.595s][info][safepoint   ] Safepoint "Cleanup", Time since last: 1171968786 ns, Reaching safepoint: 32935 ns, Cleanup: 87512 ns, At safepoint: 6363 ns, Total: 126810 ns
[2026-09-29T20:22:39.553-0400][45.596s][info][safepoint   ] Safepoint "Cleanup", Time since last: 1000202729 ns, Reaching safepoint: 23698 ns, Cleanup: 39066 ns, At safepoint: 5995 ns, Total: 68759 ns
[2026-09-29T20:22:40.553-0400][46.596s][info][safepoint   ] Safepoint "Cleanup", Time since last: 1000252636 ns, Reaching safepoint: 30645 ns, Cleanup: 34839 ns, At safepoint: 6569 ns, Total: 72053 ns
[2026-09-29T20:22:41.553-0400][47.596s][info][safepoint   ] Safepoint "Cleanup", Time since last: 1000200442 ns, Reaching safepoint: 30135 ns, Cleanup: 42408 ns, At safepoint: 5324 ns, Total: 77867 ns
[2026-09-29T20:22:42.554-0400][48.597s][info][safepoint   ] Safepoint "Cleanup", Time since last: 1000417165 ns, Reaching safepoint: 26148 ns, Cleanup: 38466 ns, At safepoint: 4111 ns, Total: 68725 ns
[2026-09-29T20:22:43.554-0400][49.597s][info][safepoint   ] Safepoint "Cleanup", Time since last: 1000235440 ns, Reaching safepoint: 28958 ns, Cleanup: 31295 ns, At safepoint: 3725 ns, Total: 63978 ns
[2026-09-29T20:22:44.554-0400][50.597s][info][safepoint   ] Safepoint "Cleanup", Time since last: 1000233090 ns, Reaching safepoint: 32048 ns, Cleanup: 68290 ns, At safepoint: 6893 ns, Total: 107231 ns
[2026-09-29T20:22:45.555-0400][51.598s][info][safepoint   ] Safepoint "Cleanup", Time since last: 1000192180 ns, Reaching safepoint: 31614 ns, Cleanup: 24385 ns, At safepoint: 4922 ns, Total: 60921 ns
[2026-09-29T20:22:47.091-0400][53.134s][info][safepoint   ] Safepoint "ClassLoaderStatsOperation", Time since last: 1532321437 ns, Reaching safepoint: 24475 ns, Cleanup: 8518 ns, At safepoint: 3795239 ns, Total: 3828232 ns
[2026-09-29T20:22:47.094-0400][53.137s][info][safepoint   ] Safepoint "JFRCheckpoint", Time since last: 3509197 ns, Reaching safepoint: 17344 ns, Cleanup: 6504 ns, At safepoint: 34422 ns, Total: 58270 ns
[2026-09-29T20:22:47.101-0400][53.144s][info][safepoint   ] Safepoint "JFROldObject", Time since last: 6549685 ns, Reaching safepoint: 29350 ns, Cleanup: 6104 ns, At safepoint: 137699 ns, Total: 173153 ns
[2026-09-29T20:22:49.101-0400][55.144s][info][safepoint   ] Safepoint "Cleanup", Time since last: 2000341941 ns, Reaching safepoint: 22568 ns, Cleanup: 20019 ns, At safepoint: 3914 ns, Total: 46501 ns
[2026-09-29T20:22:54.112-0400][60.155s][info][safepoint   ] Safepoint "Cleanup", Time since last: 5010559425 ns, Reaching safepoint: 35509 ns, Cleanup: 20684 ns, At safepoint: 5112 ns, Total: 61305 ns
[2026-09-29T20:22:55.381-0400][61.424s][info][safepoint   ] Safepoint "Cleanup", Time since last: 1268827159 ns, Reaching safepoint: 29834 ns, Cleanup: 30257 ns, At safepoint: 5033 ns, Total: 65124 ns
[2026-09-29T20:22:55.986-0400][62.029s][info][gc,start    ] GC(34) Pause Young (Normal) (G1 Evacuation Pause)
[2026-09-29T20:22:55.986-0400][62.029s][info][gc,task     ] GC(34) Using 8 workers of 8 for evacuation
[2026-09-29T20:22:56.001-0400][62.044s][info][gc,phases   ] GC(34)   Pre Evacuate Collection Set: 0.39ms
[2026-09-29T20:22:56.001-0400][62.044s][info][gc,phases   ] GC(34)   Merge Heap Roots: 0.26ms
[2026-09-29T20:22:56.001-0400][62.044s][info][gc,phases   ] GC(34)   Evacuate Collection Set: 5.38ms
[2026-09-29T20:22:56.001-0400][62.044s][info][gc,phases   ] GC(34)   Post Evacuate Collection Set: 9.31ms
[2026-09-29T20:22:56.001-0400][62.044s][info][gc,phases   ] GC(34)   Other: 0.24ms
[2026-09-29T20:22:56.001-0400][62.044s][info][gc,heap     ] GC(34) Eden regions: 37->0(100)
[2026-09-29T20:22:56.001-0400][62.044s][info][gc,heap     ] GC(34) Survivor regions: 5->4(6)
[2026-09-29T20:22:56.001-0400][62.044s][info][gc,heap     ] GC(34) Old regions: 45->46
[2026-09-29T20:22:56.001-0400][62.044s][info][gc,heap     ] GC(34) Archive regions: 2->2
[2026-09-29T20:22:56.001-0400][62.044s][info][gc,heap     ] GC(34) Humongous regions: 2->2
[2026-09-29T20:22:56.001-0400][62.044s][info][gc,metaspace] GC(34) Metaspace: 129760K(133184K)->129760K(133184K) NonClass: 114619K(116672K)->114619K(116672K) Class: 15141K(16512K)->15141K(16512K)
[2026-09-29T20:22:56.002-0400][62.045s][info][gc          ] GC(34) Pause Young (Normal) (G1 Evacuation Pause) 177M->104M(378M) 15.894ms
[2026-09-29T20:22:56.002-0400][62.045s][info][gc,cpu      ] GC(34) User=0.06s Sys=0.02s Real=0.02s
[2026-09-29T20:22:56.002-0400][62.045s][info][safepoint   ] Safepoint "G1CollectForAllocation", Time since last: 604508945 ns, Reaching safepoint: 20480 ns, Cleanup: 166228 ns, At safepoint: 16812346 ns, Total: 16999054 ns
[2026-09-29T20:22:56.694-0400][62.737s][info][safepoint   ] Safepoint "CollectForMetadataAllocation", Time since last: 691580650 ns, Reaching safepoint: 13981 ns, Cleanup: 49802 ns, At safepoint: 95573 ns, Total: 159356 ns
[2026-09-29T20:22:56.695-0400][62.738s][info][gc,start    ] GC(35) Pause Young (Concurrent Start) (GCLocker Initiated GC)
[2026-09-29T20:22:56.695-0400][62.738s][info][gc,task     ] GC(35) Using 8 workers of 8 for evacuation
[2026-09-29T20:22:56.706-0400][62.749s][info][gc,phases   ] GC(35)   Pre Evacuate Collection Set: 0.45ms
[2026-09-29T20:22:56.706-0400][62.749s][info][gc,phases   ] GC(35)   Merge Heap Roots: 0.23ms
[2026-09-29T20:22:56.706-0400][62.749s][info][gc,phases   ] GC(35)   Evacuate Collection Set: 8.76ms
[2026-09-29T20:22:56.706-0400][62.749s][info][gc,phases   ] GC(35)   Post Evacuate Collection Set: 2.03ms
[2026-09-29T20:22:56.706-0400][62.749s][info][gc,phases   ] GC(35)   Other: 0.23ms
[2026-09-29T20:22:56.706-0400][62.749s][info][gc,heap     ] GC(35) Eden regions: 5->0(102)
[2026-09-29T20:22:56.706-0400][62.749s][info][gc,heap     ] GC(35) Survivor regions: 4->4(13)
[2026-09-29T20:22:56.706-0400][62.749s][info][gc,heap     ] GC(35) Old regions: 46->46
[2026-09-29T20:22:56.706-0400][62.749s][info][gc,heap     ] GC(35) Archive regions: 2->2
[2026-09-29T20:22:56.706-0400][62.749s][info][gc,heap     ] GC(35) Humongous regions: 2->2
[2026-09-29T20:22:56.706-0400][62.749s][info][gc,metaspace] GC(35) Metaspace: 130003K(133440K)->130003K(133440K) NonClass: 114816K(116864K)->114816K(116864K) Class: 15186K(16576K)->15186K(16576K)
[2026-09-29T20:22:56.707-0400][62.749s][info][gc          ] GC(35) Pause Young (Concurrent Start) (GCLocker Initiated GC) 114M->104M(378M) 11.774ms
[2026-09-29T20:22:56.707-0400][62.749s][info][gc,cpu      ] GC(35) User=0.04s Sys=0.03s Real=0.01s
[2026-09-29T20:22:56.707-0400][62.749s][info][gc          ] GC(36) Concurrent Mark Cycle
[2026-09-29T20:22:56.707-0400][62.750s][info][gc,marking  ] GC(36) Concurrent Clear Claimed Marks
[2026-09-29T20:22:56.707-0400][62.750s][info][safepoint   ] Safepoint "G1CollectForAllocation", Time since last: 219686 ns, Reaching safepoint: 238201 ns, Cleanup: 4853 ns, At safepoint: 12031382 ns, Total: 12274436 ns
[2026-09-29T20:22:56.707-0400][62.750s][info][gc,marking  ] GC(36) Concurrent Clear Claimed Marks 0.176ms
[2026-09-29T20:22:56.707-0400][62.750s][info][gc,marking  ] GC(36) Concurrent Scan Root Regions
[2026-09-29T20:22:56.712-0400][62.755s][info][gc,marking  ] GC(36) Concurrent Scan Root Regions 4.983ms
[2026-09-29T20:22:56.712-0400][62.755s][info][gc,marking  ] GC(36) Concurrent Mark
[2026-09-29T20:22:56.712-0400][62.755s][info][gc,marking  ] GC(36) Concurrent Mark From Roots
[2026-09-29T20:22:56.712-0400][62.755s][info][gc,task     ] GC(36) Using 2 workers of 2 for marking
[2026-09-29T20:22:56.793-0400][62.836s][info][gc,marking  ] GC(36) Concurrent Mark From Roots 81.450ms
[2026-09-29T20:22:56.793-0400][62.836s][info][gc,marking  ] GC(36) Concurrent Preclean
[2026-09-29T20:22:56.794-0400][62.837s][info][gc,marking  ] GC(36) Concurrent Preclean 0.841ms
[2026-09-29T20:22:56.795-0400][62.837s][info][gc,start    ] GC(36) Pause Remark
[2026-09-29T20:22:56.813-0400][62.856s][info][gc          ] GC(36) Pause Remark 111M->111M(378M) 18.728ms
[2026-09-29T20:22:56.813-0400][62.856s][info][gc,cpu      ] GC(36) User=0.10s Sys=0.01s Real=0.02s
[2026-09-29T20:22:56.814-0400][62.856s][info][safepoint   ] Safepoint "G1PauseRemark", Time since last: 87762671 ns, Reaching safepoint: 23984 ns, Cleanup: 33739 ns, At safepoint: 19041373 ns, Total: 19099096 ns
[2026-09-29T20:22:56.814-0400][62.857s][info][gc,marking  ] GC(36) Concurrent Mark 101.742ms
[2026-09-29T20:22:56.814-0400][62.857s][info][gc,marking  ] GC(36) Concurrent Rebuild Remembered Sets
[2026-09-29T20:22:56.877-0400][62.920s][info][gc,marking  ] GC(36) Concurrent Rebuild Remembered Sets 63.664ms
[2026-09-29T20:22:56.891-0400][62.934s][info][gc,start    ] GC(36) Pause Cleanup
[2026-09-29T20:22:56.892-0400][62.934s][info][gc          ] GC(36) Pause Cleanup 118M->118M(378M) 0.469ms
[2026-09-29T20:22:56.892-0400][62.934s][info][gc,cpu      ] GC(36) User=0.00s Sys=0.00s Real=0.00s
[2026-09-29T20:22:56.892-0400][62.935s][info][safepoint   ] Safepoint "G1PauseCleanup", Time since last: 64131178 ns, Reaching safepoint: 13239292 ns, Cleanup: 42301 ns, At safepoint: 696345 ns, Total: 13977938 ns
[2026-09-29T20:22:56.892-0400][62.935s][info][gc,marking  ] GC(36) Concurrent Cleanup for Next Mark
[2026-09-29T20:22:56.895-0400][62.938s][info][gc,marking  ] GC(36) Concurrent Cleanup for Next Mark 3.672ms
[2026-09-29T20:22:56.896-0400][62.938s][info][gc          ] GC(36) Concurrent Mark Cycle 188.923ms
[2026-09-29T20:22:57.566-0400][63.609s][info][safepoint   ] Safepoint "ICBufferFull", Time since last: 674075363 ns, Reaching safepoint: 105878 ns, Cleanup: 108792 ns, At safepoint: 29433 ns, Total: 244103 ns
[2026-09-29T20:22:57.778-0400][63.820s][info][gc,heap,exit] Heap
[2026-09-29T20:22:57.778-0400][63.821s][info][gc,heap,exit]  garbage-first heap   total 387072K, used 196245K [0x0000000709400000, 0x0000000800000000)
[2026-09-29T20:22:57.778-0400][63.821s][info][gc,heap,exit]   region size 2048K, 48 young (98304K), 4 survivors (8192K)
[2026-09-29T20:22:57.778-0400][63.821s][info][gc,heap,exit]  Metaspace       used 130569K, committed 133952K, reserved 1179648K
[2026-09-29T20:22:57.778-0400][63.821s][info][gc,heap,exit]   class space    used 15243K, committed 16576K, reserved 1048576K
