[2026-09-29T20:21:53.972-0400][0.005s][info][gc] Using G1
[2026-09-29T20:21:53.976-0400][0.009s][info][gc,init] Version: 17.0.18+8-LTS (release)
[2026-09-29T20:21:53.976-0400][0.009s][info][gc,init] CPUs: 8 total, 8 available
[2026-09-29T20:21:53.976-0400][0.009s][info][gc,init] Memory: 15788M
[2026-09-29T20:21:53.976-0400][0.009s][info][gc,init] Large Page Support: Disabled
[2026-09-29T20:21:53.976-0400][0.009s][info][gc,init] NUMA Support: Disabled
[2026-09-29T20:21:53.976-0400][0.009s][info][gc,init] Compressed Oops: Enabled (Zero based)
[2026-09-29T20:21:53.976-0400][0.009s][info][gc,init] Heap Region Size: 2M
[2026-09-29T20:21:53.976-0400][0.009s][info][gc,init] Heap Min Capacity: 8M
[2026-09-29T20:21:53.976-0400][0.009s][info][gc,init] Heap Initial Capacity: 248M
[2026-09-29T20:21:53.976-0400][0.009s][info][gc,init] Heap Max Capacity: 3948M
[2026-09-29T20:21:53.976-0400][0.009s][info][gc,init] Pre-touch: Disabled
[2026-09-29T20:21:53.976-0400][0.009s][info][gc,init] Parallel Workers: 8
[2026-09-29T20:21:53.976-0400][0.009s][info][gc,init] Concurrent Workers: 2
[2026-09-29T20:21:53.976-0400][0.009s][info][gc,init] Concurrent Refinement Workers: 8
[2026-09-29T20:21:53.976-0400][0.009s][info][gc,init] Periodic GC: Disabled
[2026-09-29T20:21:53.989-0400][0.022s][info][gc,metaspace] CDS archive(s) mapped at: [0x000079ed13000000-0x000079ed13bc7000-0x000079ed13bc7000), size 12349440, SharedBaseAddress: 0x000079ed13000000, ArchiveRelocationMode: 1.
[2026-09-29T20:21:53.989-0400][0.022s][info][gc,metaspace] Compressed class space mapped at: 0x000079ed14000000-0x000079ed54000000, reserved size: 1073741824
[2026-09-29T20:21:53.989-0400][0.022s][info][gc,metaspace] Narrow klass base: 0x000079ed13000000, Narrow klass shift: 0, Narrow klass range: 0x100000000
[2026-09-29T20:21:55.245-0400][1.278s][info][safepoint   ] Safepoint "Cleanup", Time since last: 1249169795 ns, Reaching safepoint: 3371 ns, Cleanup: 38150 ns, At safepoint: 37500 ns, Total: 79021 ns
[2026-09-29T20:22:32.383-0400][38.416s][info][gc,heap,exit] Heap
[2026-09-29T20:22:32.383-0400][38.416s][info][gc,heap,exit]  garbage-first heap   total 258048K, used 6526K [0x0000000709400000, 0x0000000800000000)
[2026-09-29T20:22:32.383-0400][38.416s][info][gc,heap,exit]   region size 2048K, 3 young (6144K), 0 survivors (0K)
[2026-09-29T20:22:32.383-0400][38.416s][info][gc,heap,exit]  Metaspace       used 1847K, committed 2048K, reserved 1114112K
[2026-09-29T20:22:32.383-0400][38.416s][info][gc,heap,exit]   class space    used 185K, committed 256K, reserved 1048576K
