[2026-09-29T22:33:27.045-0400][0.005s][info][gc] Using G1
[2026-09-29T22:33:27.053-0400][0.012s][info][gc,init] Version: 17.0.18+8-LTS (release)
[2026-09-29T22:33:27.053-0400][0.012s][info][gc,init] CPUs: 8 total, 8 available
[2026-09-29T22:33:27.053-0400][0.012s][info][gc,init] Memory: 15788M
[2026-09-29T22:33:27.053-0400][0.012s][info][gc,init] Large Page Support: Disabled
[2026-09-29T22:33:27.053-0400][0.012s][info][gc,init] NUMA Support: Disabled
[2026-09-29T22:33:27.053-0400][0.012s][info][gc,init] Compressed Oops: Enabled (Zero based)
[2026-09-29T22:33:27.053-0400][0.012s][info][gc,init] Heap Region Size: 2M
[2026-09-29T22:33:27.053-0400][0.012s][info][gc,init] Heap Min Capacity: 8M
[2026-09-29T22:33:27.053-0400][0.012s][info][gc,init] Heap Initial Capacity: 248M
[2026-09-29T22:33:27.053-0400][0.012s][info][gc,init] Heap Max Capacity: 3948M
[2026-09-29T22:33:27.053-0400][0.012s][info][gc,init] Pre-touch: Disabled
[2026-09-29T22:33:27.053-0400][0.012s][info][gc,init] Parallel Workers: 8
[2026-09-29T22:33:27.053-0400][0.012s][info][gc,init] Concurrent Workers: 2
[2026-09-29T22:33:27.053-0400][0.012s][info][gc,init] Concurrent Refinement Workers: 8
[2026-09-29T22:33:27.053-0400][0.012s][info][gc,init] Periodic GC: Disabled
[2026-09-29T22:33:27.060-0400][0.020s][info][gc,metaspace] CDS archive(s) mapped at: [0x00007d5a7b000000-0x00007d5a7bbc7000-0x00007d5a7bbc7000), size 12349440, SharedBaseAddress: 0x00007d5a7b000000, ArchiveRelocationMode: 1.
[2026-09-29T22:33:27.060-0400][0.020s][info][gc,metaspace] Compressed class space mapped at: 0x00007d5a7c000000-0x00007d5abc000000, reserved size: 1073741824
[2026-09-29T22:33:27.060-0400][0.020s][info][gc,metaspace] Narrow klass base: 0x00007d5a7b000000, Narrow klass shift: 0, Narrow klass range: 0x100000000
[2026-09-29T22:33:27.596-0400][0.555s][info][safepoint   ] Safepoint "ClassLoaderStatsOperation", Time since last: 527930503 ns, Reaching safepoint: 84538 ns, Cleanup: 112544 ns, At safepoint: 440024 ns, Total: 637106 ns
[2026-09-29T22:33:28.040-0400][0.999s][info][gc,start    ] GC(0) Pause Young (Normal) (G1 Evacuation Pause)
[2026-09-29T22:33:28.041-0400][1.000s][info][gc,task     ] GC(0) Using 6 workers of 8 for evacuation
[2026-09-29T22:33:28.046-0400][1.005s][info][gc,phases   ] GC(0)   Pre Evacuate Collection Set: 0.19ms
[2026-09-29T22:33:28.046-0400][1.005s][info][gc,phases   ] GC(0)   Merge Heap Roots: 0.19ms
[2026-09-29T22:33:28.046-0400][1.005s][info][gc,phases   ] GC(0)   Evacuate Collection Set: 3.02ms
[2026-09-29T22:33:28.046-0400][1.005s][info][gc,phases   ] GC(0)   Post Evacuate Collection Set: 1.21ms
[2026-09-29T22:33:28.046-0400][1.005s][info][gc,phases   ] GC(0)   Other: 1.32ms
[2026-09-29T22:33:28.046-0400][1.005s][info][gc,heap     ] GC(0) Eden regions: 11->0(19)
[2026-09-29T22:33:28.046-0400][1.005s][info][gc,heap     ] GC(0) Survivor regions: 0->2(2)
[2026-09-29T22:33:28.046-0400][1.005s][info][gc,heap     ] GC(0) Old regions: 0->0
[2026-09-29T22:33:28.046-0400][1.005s][info][gc,heap     ] GC(0) Archive regions: 2->2
[2026-09-29T22:33:28.046-0400][1.005s][info][gc,heap     ] GC(0) Humongous regions: 0->0
[2026-09-29T22:33:28.046-0400][1.005s][info][gc,metaspace] GC(0) Metaspace: 7875K(8192K)->7875K(8192K) NonClass: 7004K(7168K)->7004K(7168K) Class: 870K(1024K)->870K(1024K)
[2026-09-29T22:33:28.046-0400][1.005s][info][gc          ] GC(0) Pause Young (Normal) (G1 Evacuation Pause) 23M->5M(252M) 6.057ms
[2026-09-29T22:33:28.046-0400][1.005s][info][gc,cpu      ] GC(0) User=0.01s Sys=0.01s Real=0.00s
[2026-09-29T22:33:28.046-0400][1.005s][info][safepoint   ] Safepoint "G1CollectForAllocation", Time since last: 443524574 ns, Reaching safepoint: 4601 ns, Cleanup: 296105 ns, At safepoint: 6151397 ns, Total: 6452103 ns
[2026-09-29T22:33:28.229-0400][1.188s][info][gc,start    ] GC(1) Pause Young (Normal) (G1 Evacuation Pause)
[2026-09-29T22:33:28.229-0400][1.188s][info][gc,task     ] GC(1) Using 6 workers of 8 for evacuation
[2026-09-29T22:33:28.233-0400][1.192s][info][gc,phases   ] GC(1)   Pre Evacuate Collection Set: 0.18ms
[2026-09-29T22:33:28.233-0400][1.192s][info][gc,phases   ] GC(1)   Merge Heap Roots: 0.16ms
[2026-09-29T22:33:28.233-0400][1.192s][info][gc,phases   ] GC(1)   Evacuate Collection Set: 2.55ms
[2026-09-29T22:33:28.233-0400][1.192s][info][gc,phases   ] GC(1)   Post Evacuate Collection Set: 0.90ms
[2026-09-29T22:33:28.233-0400][1.192s][info][gc,phases   ] GC(1)   Other: 0.16ms
[2026-09-29T22:33:28.233-0400][1.192s][info][gc,heap     ] GC(1) Eden regions: 19->0(73)
[2026-09-29T22:33:28.233-0400][1.192s][info][gc,heap     ] GC(1) Survivor regions: 2->1(3)
[2026-09-29T22:33:28.233-0400][1.192s][info][gc,heap     ] GC(1) Old regions: 0->2
[2026-09-29T22:33:28.233-0400][1.192s][info][gc,heap     ] GC(1) Archive regions: 2->2
[2026-09-29T22:33:28.233-0400][1.192s][info][gc,heap     ] GC(1) Humongous regions: 0->0
[2026-09-29T22:33:28.233-0400][1.192s][info][gc,metaspace] GC(1) Metaspace: 8039K(8320K)->8039K(8320K) NonClass: 7166K(7296K)->7166K(7296K) Class: 873K(1024K)->873K(1024K)
[2026-09-29T22:33:28.233-0400][1.192s][info][gc          ] GC(1) Pause Young (Normal) (G1 Evacuation Pause) 43M->5M(252M) 4.038ms
[2026-09-29T22:33:28.233-0400][1.192s][info][gc,cpu      ] GC(1) User=0.02s Sys=0.01s Real=0.00s
[2026-09-29T22:33:28.233-0400][1.193s][info][safepoint   ] Safepoint "G1CollectForAllocation", Time since last: 182976282 ns, Reaching safepoint: 6333 ns, Cleanup: 78253 ns, At safepoint: 4143555 ns, Total: 4228141 ns
[2026-09-29T22:33:28.509-0400][1.468s][info][safepoint   ] Safepoint "ICBufferFull", Time since last: 275661957 ns, Reaching safepoint: 6566 ns, Cleanup: 136558 ns, At safepoint: 42945 ns, Total: 186069 ns
[2026-09-29T22:33:28.788-0400][1.747s][info][safepoint   ] Safepoint "ICBufferFull", Time since last: 278283119 ns, Reaching safepoint: 118418 ns, Cleanup: 151727 ns, At safepoint: 62836 ns, Total: 332981 ns
[2026-09-29T22:33:29.123-0400][2.082s][info][safepoint   ] Safepoint "ICBufferFull", Time since last: 335212493 ns, Reaching safepoint: 5941 ns, Cleanup: 113044 ns, At safepoint: 1988 ns, Total: 120973 ns
[2026-09-29T22:33:29.826-0400][2.785s][info][safepoint   ] Safepoint "ICBufferFull", Time since last: 702588272 ns, Reaching safepoint: 11006 ns, Cleanup: 168711 ns, At safepoint: 3371 ns, Total: 183088 ns
[2026-09-29T22:33:30.046-0400][3.005s][info][gc,start    ] GC(2) Pause Young (Normal) (G1 Evacuation Pause)
[2026-09-29T22:33:30.046-0400][3.005s][info][gc,task     ] GC(2) Using 6 workers of 8 for evacuation
[2026-09-29T22:33:30.086-0400][3.045s][info][gc,phases   ] GC(2)   Pre Evacuate Collection Set: 0.20ms
[2026-09-29T22:33:30.086-0400][3.046s][info][gc,phases   ] GC(2)   Merge Heap Roots: 0.20ms
[2026-09-29T22:33:30.086-0400][3.046s][info][gc,phases   ] GC(2)   Evacuate Collection Set: 30.56ms
[2026-09-29T22:33:30.086-0400][3.046s][info][gc,phases   ] GC(2)   Post Evacuate Collection Set: 9.27ms
[2026-09-29T22:33:30.086-0400][3.046s][info][gc,phases   ] GC(2)   Other: 0.24ms
[2026-09-29T22:33:30.086-0400][3.046s][info][gc,heap     ] GC(2) Eden regions: 73->0(68)
[2026-09-29T22:33:30.086-0400][3.046s][info][gc,heap     ] GC(2) Survivor regions: 1->6(10)
[2026-09-29T22:33:30.086-0400][3.046s][info][gc,heap     ] GC(2) Old regions: 2->2
[2026-09-29T22:33:30.086-0400][3.046s][info][gc,heap     ] GC(2) Archive regions: 2->2
[2026-09-29T22:33:30.086-0400][3.046s][info][gc,heap     ] GC(2) Humongous regions: 0->0
[2026-09-29T22:33:30.086-0400][3.046s][info][gc,metaspace] GC(2) Metaspace: 16194K(16640K)->16194K(16640K) NonClass: 14497K(14784K)->14497K(14784K) Class: 1697K(1856K)->1697K(1856K)
[2026-09-29T22:33:30.086-0400][3.046s][info][gc          ] GC(2) Pause Young (Normal) (G1 Evacuation Pause) 151M->15M(252M) 40.790ms
[2026-09-29T22:33:30.086-0400][3.046s][info][gc,cpu      ] GC(2) User=0.14s Sys=0.07s Real=0.04s
[2026-09-29T22:33:30.087-0400][3.046s][info][safepoint   ] Safepoint "G1CollectForAllocation", Time since last: 219714367 ns, Reaching safepoint: 10691 ns, Cleanup: 54907 ns, At safepoint: 41095321 ns, Total: 41160919 ns
[2026-09-29T22:33:31.054-0400][4.014s][info][gc,start    ] GC(3) Pause Young (Normal) (G1 Evacuation Pause)
[2026-09-29T22:33:31.055-0400][4.014s][info][gc,task     ] GC(3) Using 6 workers of 8 for evacuation
[2026-09-29T22:33:31.073-0400][4.032s][info][gc,phases   ] GC(3)   Pre Evacuate Collection Set: 0.96ms
[2026-09-29T22:33:31.073-0400][4.032s][info][gc,phases   ] GC(3)   Merge Heap Roots: 0.36ms
[2026-09-29T22:33:31.073-0400][4.032s][info][gc,phases   ] GC(3)   Evacuate Collection Set: 14.84ms
[2026-09-29T22:33:31.073-0400][4.032s][info][gc,phases   ] GC(3)   Post Evacuate Collection Set: 1.63ms
[2026-09-29T22:33:31.073-0400][4.032s][info][gc,phases   ] GC(3)   Other: 0.70ms
[2026-09-29T22:33:31.073-0400][4.032s][info][gc,heap     ] GC(3) Eden regions: 68->0(69)
[2026-09-29T22:33:31.073-0400][4.032s][info][gc,heap     ] GC(3) Survivor regions: 6->5(10)
[2026-09-29T22:33:31.073-0400][4.032s][info][gc,heap     ] GC(3) Old regions: 2->7
[2026-09-29T22:33:31.073-0400][4.032s][info][gc,heap     ] GC(3) Archive regions: 2->2
[2026-09-29T22:33:31.073-0400][4.032s][info][gc,heap     ] GC(3) Humongous regions: 0->0
[2026-09-29T22:33:31.073-0400][4.032s][info][gc,metaspace] GC(3) Metaspace: 16672K(17088K)->16672K(17088K) NonClass: 14958K(15232K)->14958K(15232K) Class: 1714K(1856K)->1714K(1856K)
[2026-09-29T22:33:31.073-0400][4.032s][info][gc          ] GC(3) Pause Young (Normal) (G1 Evacuation Pause) 151M->25M(252M) 18.572ms
[2026-09-29T22:33:31.073-0400][4.032s][info][gc,cpu      ] GC(3) User=0.09s Sys=0.00s Real=0.02s
[2026-09-29T22:33:31.073-0400][4.032s][info][safepoint   ] Safepoint "G1CollectForAllocation", Time since last: 967050811 ns, Reaching safepoint: 10720 ns, Cleanup: 573132 ns, At safepoint: 18779566 ns, Total: 19363418 ns
[2026-09-29T22:33:31.374-0400][4.333s][info][safepoint   ] Safepoint "ICBufferFull", Time since last: 300315463 ns, Reaching safepoint: 30224 ns, Cleanup: 120577 ns, At safepoint: 2513 ns, Total: 153314 ns
[2026-09-29T22:33:31.555-0400][4.514s][info][safepoint   ] Safepoint "ICBufferFull", Time since last: 180980978 ns, Reaching safepoint: 11193 ns, Cleanup: 169303 ns, At safepoint: 59579 ns, Total: 240075 ns
[2026-09-29T22:33:31.712-0400][4.671s][info][gc,start    ] GC(4) Pause Young (Normal) (G1 Evacuation Pause)
[2026-09-29T22:33:31.712-0400][4.671s][info][gc,task     ] GC(4) Using 6 workers of 8 for evacuation
[2026-09-29T22:33:31.719-0400][4.678s][info][gc,phases   ] GC(4)   Pre Evacuate Collection Set: 0.23ms
[2026-09-29T22:33:31.719-0400][4.678s][info][gc,phases   ] GC(4)   Merge Heap Roots: 0.17ms
[2026-09-29T22:33:31.719-0400][4.678s][info][gc,phases   ] GC(4)   Evacuate Collection Set: 5.21ms
[2026-09-29T22:33:31.719-0400][4.678s][info][gc,phases   ] GC(4)   Post Evacuate Collection Set: 1.06ms
[2026-09-29T22:33:31.719-0400][4.678s][info][gc,phases   ] GC(4)   Other: 0.18ms
[2026-09-29T22:33:31.719-0400][4.678s][info][gc,heap     ] GC(4) Eden regions: 69->0(67)
[2026-09-29T22:33:31.719-0400][4.678s][info][gc,heap     ] GC(4) Survivor regions: 5->7(10)
[2026-09-29T22:33:31.719-0400][4.678s][info][gc,heap     ] GC(4) Old regions: 7->7
[2026-09-29T22:33:31.719-0400][4.678s][info][gc,heap     ] GC(4) Archive regions: 2->2
[2026-09-29T22:33:31.719-0400][4.678s][info][gc,heap     ] GC(4) Humongous regions: 0->0
[2026-09-29T22:33:31.719-0400][4.678s][info][gc,metaspace] GC(4) Metaspace: 16970K(17344K)->16970K(17344K) NonClass: 15250K(15488K)->15250K(15488K) Class: 1720K(1856K)->1720K(1856K)
[2026-09-29T22:33:31.719-0400][4.678s][info][gc          ] GC(4) Pause Young (Normal) (G1 Evacuation Pause) 163M->28M(252M) 6.918ms
[2026-09-29T22:33:31.719-0400][4.678s][info][gc,cpu      ] GC(4) User=0.04s Sys=0.00s Real=0.00s
[2026-09-29T22:33:31.719-0400][4.678s][info][safepoint   ] Safepoint "G1CollectForAllocation", Time since last: 156785225 ns, Reaching safepoint: 16800 ns, Cleanup: 99596 ns, At safepoint: 7074588 ns, Total: 7190984 ns
[2026-09-29T22:33:32.036-0400][4.996s][info][gc,start    ] GC(5) Pause Young (Normal) (G1 Evacuation Pause)
[2026-09-29T22:33:32.037-0400][4.996s][info][gc,task     ] GC(5) Using 6 workers of 8 for evacuation
[2026-09-29T22:33:32.047-0400][5.007s][info][gc,phases   ] GC(5)   Pre Evacuate Collection Set: 0.19ms
[2026-09-29T22:33:32.047-0400][5.007s][info][gc,phases   ] GC(5)   Merge Heap Roots: 0.22ms
[2026-09-29T22:33:32.047-0400][5.007s][info][gc,phases   ] GC(5)   Evacuate Collection Set: 8.75ms
[2026-09-29T22:33:32.047-0400][5.007s][info][gc,phases   ] GC(5)   Post Evacuate Collection Set: 1.52ms
[2026-09-29T22:33:32.047-0400][5.007s][info][gc,phases   ] GC(5)   Other: 0.20ms
[2026-09-29T22:33:32.047-0400][5.007s][info][gc,heap     ] GC(5) Eden regions: 67->0(86)
[2026-09-29T22:33:32.047-0400][5.007s][info][gc,heap     ] GC(5) Survivor regions: 7->5(10)
[2026-09-29T22:33:32.047-0400][5.007s][info][gc,heap     ] GC(5) Old regions: 7->11
[2026-09-29T22:33:32.047-0400][5.007s][info][gc,heap     ] GC(5) Archive regions: 2->2
[2026-09-29T22:33:32.047-0400][5.007s][info][gc,heap     ] GC(5) Humongous regions: 0->0
[2026-09-29T22:33:32.047-0400][5.007s][info][gc,metaspace] GC(5) Metaspace: 17017K(17344K)->17017K(17344K) NonClass: 15296K(15488K)->15296K(15488K) Class: 1721K(1856K)->1721K(1856K)
[2026-09-29T22:33:32.047-0400][5.007s][info][gc          ] GC(5) Pause Young (Normal) (G1 Evacuation Pause) 162M->31M(304M) 11.019ms
[2026-09-29T22:33:32.048-0400][5.007s][info][gc,cpu      ] GC(5) User=0.07s Sys=0.01s Real=0.02s
[2026-09-29T22:33:32.048-0400][5.007s][info][safepoint   ] Safepoint "G1CollectForAllocation", Time since last: 317640413 ns, Reaching safepoint: 10066 ns, Cleanup: 65715 ns, At safepoint: 11115305 ns, Total: 11191086 ns
[2026-09-29T22:33:32.641-0400][5.600s][info][safepoint   ] Safepoint "ClassLoaderStatsOperation", Time since last: 592303799 ns, Reaching safepoint: 89253 ns, Cleanup: 61533 ns, At safepoint: 711914 ns, Total: 862700 ns
[2026-09-29T22:33:32.799-0400][5.759s][info][gc,start    ] GC(6) Pause Young (Normal) (G1 Evacuation Pause)
[2026-09-29T22:33:32.799-0400][5.759s][info][gc,task     ] GC(6) Using 7 workers of 8 for evacuation
[2026-09-29T22:33:32.808-0400][5.767s][info][gc,phases   ] GC(6)   Pre Evacuate Collection Set: 0.19ms
[2026-09-29T22:33:32.808-0400][5.767s][info][gc,phases   ] GC(6)   Merge Heap Roots: 0.13ms
[2026-09-29T22:33:32.808-0400][5.767s][info][gc,phases   ] GC(6)   Evacuate Collection Set: 7.09ms
[2026-09-29T22:33:32.808-0400][5.767s][info][gc,phases   ] GC(6)   Post Evacuate Collection Set: 0.86ms
[2026-09-29T22:33:32.808-0400][5.767s][info][gc,phases   ] GC(6)   Other: 0.19ms
[2026-09-29T22:33:32.808-0400][5.767s][info][gc,heap     ] GC(6) Eden regions: 86->0(87)
[2026-09-29T22:33:32.808-0400][5.767s][info][gc,heap     ] GC(6) Survivor regions: 5->4(12)
[2026-09-29T22:33:32.808-0400][5.767s][info][gc,heap     ] GC(6) Old regions: 11->11
[2026-09-29T22:33:32.808-0400][5.767s][info][gc,heap     ] GC(6) Archive regions: 2->2
[2026-09-29T22:33:32.808-0400][5.767s][info][gc,heap     ] GC(6) Humongous regions: 0->0
[2026-09-29T22:33:32.808-0400][5.767s][info][gc,metaspace] GC(6) Metaspace: 17040K(17408K)->17040K(17408K) NonClass: 15318K(15552K)->15318K(15552K) Class: 1721K(1856K)->1721K(1856K)
[2026-09-29T22:33:32.808-0400][5.767s][info][gc          ] GC(6) Pause Young (Normal) (G1 Evacuation Pause) 203M->29M(304M) 8.572ms
[2026-09-29T22:33:32.808-0400][5.767s][info][gc,cpu      ] GC(6) User=0.04s Sys=0.00s Real=0.01s
[2026-09-29T22:33:32.808-0400][5.767s][info][safepoint   ] Safepoint "G1CollectForAllocation", Time since last: 158393881 ns, Reaching safepoint: 10394 ns, Cleanup: 215479 ns, At safepoint: 8697441 ns, Total: 8923314 ns
[2026-09-29T22:33:33.426-0400][6.385s][info][safepoint   ] Safepoint "ICBufferFull", Time since last: 617333504 ns, Reaching safepoint: 123749 ns, Cleanup: 130720 ns, At safepoint: 46713 ns, Total: 301182 ns
[2026-09-29T22:33:33.849-0400][6.808s][info][safepoint   ] Safepoint "ICBufferFull", Time since last: 422514739 ns, Reaching safepoint: 141149 ns, Cleanup: 129697 ns, At safepoint: 65442 ns, Total: 336288 ns
[2026-09-29T22:33:34.090-0400][7.049s][info][safepoint   ] Safepoint "ICBufferFull", Time since last: 241004436 ns, Reaching safepoint: 153446 ns, Cleanup: 159260 ns, At safepoint: 170840 ns, Total: 483546 ns
[2026-09-29T22:33:34.213-0400][7.173s][info][gc,start    ] GC(7) Pause Young (Concurrent Start) (Metadata GC Threshold)
[2026-09-29T22:33:34.213-0400][7.173s][info][gc,task     ] GC(7) Using 7 workers of 8 for evacuation
[2026-09-29T22:33:34.222-0400][7.181s][info][gc,phases   ] GC(7)   Pre Evacuate Collection Set: 0.27ms
[2026-09-29T22:33:34.222-0400][7.181s][info][gc,phases   ] GC(7)   Merge Heap Roots: 0.11ms
[2026-09-29T22:33:34.222-0400][7.181s][info][gc,phases   ] GC(7)   Evacuate Collection Set: 6.90ms
[2026-09-29T22:33:34.222-0400][7.181s][info][gc,phases   ] GC(7)   Post Evacuate Collection Set: 0.98ms
[2026-09-29T22:33:34.222-0400][7.181s][info][gc,phases   ] GC(7)   Other: 0.23ms
[2026-09-29T22:33:34.222-0400][7.181s][info][gc,heap     ] GC(7) Eden regions: 85->0(85)
[2026-09-29T22:33:34.222-0400][7.181s][info][gc,heap     ] GC(7) Survivor regions: 4->6(12)
[2026-09-29T22:33:34.222-0400][7.181s][info][gc,heap     ] GC(7) Old regions: 11->11
[2026-09-29T22:33:34.222-0400][7.181s][info][gc,heap     ] GC(7) Archive regions: 2->2
[2026-09-29T22:33:34.222-0400][7.181s][info][gc,heap     ] GC(7) Humongous regions: 0->0
[2026-09-29T22:33:34.222-0400][7.181s][info][gc,metaspace] GC(7) Metaspace: 20939K(21504K)->20939K(21504K) NonClass: 18879K(19200K)->18879K(19200K) Class: 2059K(2304K)->2059K(2304K)
[2026-09-29T22:33:34.222-0400][7.181s][info][gc          ] GC(7) Pause Young (Concurrent Start) (Metadata GC Threshold) 199M->34M(304M) 8.565ms
[2026-09-29T22:33:34.222-0400][7.181s][info][gc,cpu      ] GC(7) User=0.04s Sys=0.00s Real=0.01s
[2026-09-29T22:33:34.222-0400][7.181s][info][gc          ] GC(8) Concurrent Mark Cycle
[2026-09-29T22:33:34.222-0400][7.181s][info][gc,marking  ] GC(8) Concurrent Clear Claimed Marks
[2026-09-29T22:33:34.222-0400][7.181s][info][gc,marking  ] GC(8) Concurrent Clear Claimed Marks 0.034ms
[2026-09-29T22:33:34.222-0400][7.181s][info][gc,marking  ] GC(8) Concurrent Scan Root Regions
[2026-09-29T22:33:34.222-0400][7.181s][info][safepoint   ] Safepoint "CollectForMetadataAllocation", Time since last: 122916294 ns, Reaching safepoint: 127753 ns, Cleanup: 64921 ns, At safepoint: 8890160 ns, Total: 9082834 ns
[2026-09-29T22:33:34.230-0400][7.189s][info][gc,marking  ] GC(8) Concurrent Scan Root Regions 7.962ms
[2026-09-29T22:33:34.230-0400][7.189s][info][gc,marking  ] GC(8) Concurrent Mark
[2026-09-29T22:33:34.230-0400][7.189s][info][gc,marking  ] GC(8) Concurrent Mark From Roots
[2026-09-29T22:33:34.230-0400][7.189s][info][gc,task     ] GC(8) Using 2 workers of 2 for marking
[2026-09-29T22:33:34.260-0400][7.220s][info][safepoint   ] Safepoint "CollectForMetadataAllocation", Time since last: 36631386 ns, Reaching safepoint: 1191874 ns, Cleanup: 95941 ns, At safepoint: 324455 ns, Total: 1612270 ns
[2026-09-29T22:33:34.284-0400][7.243s][info][gc,marking  ] GC(8) Concurrent Mark From Roots 53.943ms
[2026-09-29T22:33:34.284-0400][7.243s][info][gc,marking  ] GC(8) Concurrent Preclean
[2026-09-29T22:33:34.284-0400][7.243s][info][gc,marking  ] GC(8) Concurrent Preclean 0.139ms
[2026-09-29T22:33:34.284-0400][7.244s][info][gc,start    ] GC(8) Pause Remark
[2026-09-29T22:33:34.288-0400][7.247s][info][gc,heap     ] GC(8) Heap shrink completed: uncommitted 68 regions (136MB), heap size now 168MB
[2026-09-29T22:33:34.288-0400][7.247s][info][gc          ] GC(8) Pause Remark 44M->44M(168M) 3.491ms
[2026-09-29T22:33:34.288-0400][7.247s][info][gc,cpu      ] GC(8) User=0.02s Sys=0.00s Real=0.01s
[2026-09-29T22:33:34.290-0400][7.250s][info][safepoint   ] Safepoint "G1PauseRemark", Time since last: 23864777 ns, Reaching safepoint: 143295 ns, Cleanup: 66051 ns, At safepoint: 6015272 ns, Total: 6224618 ns
[2026-09-29T22:33:34.290-0400][7.250s][info][gc,marking  ] GC(8) Concurrent Mark 60.513ms
[2026-09-29T22:33:34.290-0400][7.250s][info][gc,marking  ] GC(8) Concurrent Rebuild Remembered Sets
[2026-09-29T22:33:34.300-0400][7.259s][info][gc,marking  ] GC(8) Concurrent Rebuild Remembered Sets 9.487ms
[2026-09-29T22:33:34.305-0400][7.265s][info][gc,start    ] GC(8) Pause Cleanup
[2026-09-29T22:33:34.306-0400][7.265s][info][gc          ] GC(8) Pause Cleanup 45M->45M(168M) 0.261ms
[2026-09-29T22:33:34.306-0400][7.265s][info][gc,cpu      ] GC(8) User=0.00s Sys=0.00s Real=0.00s
[2026-09-29T22:33:34.306-0400][7.265s][info][safepoint   ] Safepoint "G1PauseCleanup", Time since last: 9632638 ns, Reaching safepoint: 5384660 ns, Cleanup: 7130 ns, At safepoint: 489066 ns, Total: 5880856 ns
[2026-09-29T22:33:34.306-0400][7.265s][info][gc,marking  ] GC(8) Concurrent Cleanup for Next Mark
[2026-09-29T22:33:34.309-0400][7.269s][info][gc,marking  ] GC(8) Concurrent Cleanup for Next Mark 3.269ms
[2026-09-29T22:33:34.309-0400][7.269s][info][gc          ] GC(8) Concurrent Mark Cycle 87.420ms
[2026-09-29T22:33:34.685-0400][7.645s][info][safepoint   ] Safepoint "ICBufferFull", Time since last: 379295306 ns, Reaching safepoint: 120802 ns, Cleanup: 115612 ns, At safepoint: 88727 ns, Total: 325141 ns
[2026-09-29T22:33:35.697-0400][8.656s][info][safepoint   ] Safepoint "ICBufferFull", Time since last: 1010970768 ns, Reaching safepoint: 71448 ns, Cleanup: 84880 ns, At safepoint: 2276 ns, Total: 158604 ns
[2026-09-29T22:33:35.883-0400][8.842s][info][gc,start    ] GC(9) Pause Young (Prepare Mixed) (G1 Evacuation Pause)
[2026-09-29T22:33:35.883-0400][8.842s][info][gc,task     ] GC(9) Using 6 workers of 8 for evacuation
[2026-09-29T22:33:35.895-0400][8.854s][info][gc,phases   ] GC(9)   Pre Evacuate Collection Set: 0.18ms
[2026-09-29T22:33:35.895-0400][8.854s][info][gc,phases   ] GC(9)   Merge Heap Roots: 0.19ms
[2026-09-29T22:33:35.895-0400][8.854s][info][gc,phases   ] GC(9)   Evacuate Collection Set: 9.95ms
[2026-09-29T22:33:35.895-0400][8.854s][info][gc,phases   ] GC(9)   Post Evacuate Collection Set: 1.26ms
[2026-09-29T22:33:35.895-0400][8.854s][info][gc,phases   ] GC(9)   Other: 0.15ms
[2026-09-29T22:33:35.895-0400][8.854s][info][gc,heap     ] GC(9) Eden regions: 44->0(1)
[2026-09-29T22:33:35.895-0400][8.854s][info][gc,heap     ] GC(9) Survivor regions: 6->5(7)
[2026-09-29T22:33:35.895-0400][8.854s][info][gc,heap     ] GC(9) Old regions: 11->16
[2026-09-29T22:33:35.895-0400][8.854s][info][gc,heap     ] GC(9) Archive regions: 2->2
[2026-09-29T22:33:35.895-0400][8.854s][info][gc,heap     ] GC(9) Humongous regions: 0->0
[2026-09-29T22:33:35.895-0400][8.854s][info][gc,metaspace] GC(9) Metaspace: 30404K(31744K)->30404K(31744K) NonClass: 27305K(28160K)->27305K(28160K) Class: 3099K(3584K)->3099K(3584K)
[2026-09-29T22:33:35.895-0400][8.854s][info][gc          ] GC(9) Pause Young (Prepare Mixed) (G1 Evacuation Pause) 122M->41M(168M) 11.783ms
[2026-09-29T22:33:35.895-0400][8.854s][info][gc,cpu      ] GC(9) User=0.06s Sys=0.01s Real=0.01s
[2026-09-29T22:33:35.895-0400][8.854s][info][safepoint   ] Safepoint "G1CollectForAllocation", Time since last: 186027180 ns, Reaching safepoint: 99949 ns, Cleanup: 47399 ns, At safepoint: 11906500 ns, Total: 12053848 ns
[2026-09-29T22:33:35.917-0400][8.876s][info][gc,start    ] GC(10) Pause Young (Mixed) (G1 Evacuation Pause)
[2026-09-29T22:33:35.917-0400][8.876s][info][gc,task     ] GC(10) Using 6 workers of 8 for evacuation
[2026-09-29T22:33:35.928-0400][8.888s][info][gc,phases   ] GC(10)   Pre Evacuate Collection Set: 0.13ms
[2026-09-29T22:33:35.928-0400][8.888s][info][gc,phases   ] GC(10)   Merge Heap Roots: 0.09ms
[2026-09-29T22:33:35.928-0400][8.888s][info][gc,phases   ] GC(10)   Evacuate Collection Set: 10.26ms
[2026-09-29T22:33:35.928-0400][8.888s][info][gc,phases   ] GC(10)   Post Evacuate Collection Set: 0.75ms
[2026-09-29T22:33:35.928-0400][8.888s][info][gc,phases   ] GC(10)   Other: 0.16ms
[2026-09-29T22:33:35.928-0400][8.888s][info][gc,heap     ] GC(10) Eden regions: 1->0(42)
[2026-09-29T22:33:35.928-0400][8.888s][info][gc,heap     ] GC(10) Survivor regions: 5->1(1)
[2026-09-29T22:33:35.928-0400][8.888s][info][gc,heap     ] GC(10) Old regions: 16->20
[2026-09-29T22:33:35.928-0400][8.888s][info][gc,heap     ] GC(10) Archive regions: 2->2
[2026-09-29T22:33:35.928-0400][8.888s][info][gc,heap     ] GC(10) Humongous regions: 0->0
[2026-09-29T22:33:35.928-0400][8.888s][info][gc,metaspace] GC(10) Metaspace: 30444K(31808K)->30444K(31808K) NonClass: 27342K(28224K)->27342K(28224K) Class: 3101K(3584K)->3101K(3584K)
[2026-09-29T22:33:35.928-0400][8.888s][info][gc          ] GC(10) Pause Young (Mixed) (G1 Evacuation Pause) 43M->42M(168M) 11.462ms
[2026-09-29T22:33:35.928-0400][8.888s][info][gc,cpu      ] GC(10) User=0.05s Sys=0.00s Real=0.02s
[2026-09-29T22:33:35.928-0400][8.888s][info][safepoint   ] Safepoint "G1CollectForAllocation", Time since last: 22058646 ns, Reaching safepoint: 9822 ns, Cleanup: 14245 ns, At safepoint: 11574973 ns, Total: 11599040 ns
[2026-09-29T22:33:36.378-0400][9.337s][info][safepoint   ] Safepoint "ICBufferFull", Time since last: 449327776 ns, Reaching safepoint: 11633 ns, Cleanup: 156869 ns, At safepoint: 4119 ns, Total: 172621 ns
[2026-09-29T22:33:36.603-0400][9.562s][info][gc,start    ] GC(11) Pause Young (Concurrent Start) (Metadata GC Threshold)
[2026-09-29T22:33:36.603-0400][9.562s][info][gc,task     ] GC(11) Using 6 workers of 8 for evacuation
[2026-09-29T22:33:36.610-0400][9.570s][info][gc,phases   ] GC(11)   Pre Evacuate Collection Set: 0.21ms
[2026-09-29T22:33:36.610-0400][9.570s][info][gc,phases   ] GC(11)   Merge Heap Roots: 0.11ms
[2026-09-29T22:33:36.610-0400][9.570s][info][gc,phases   ] GC(11)   Evacuate Collection Set: 5.84ms
[2026-09-29T22:33:36.610-0400][9.570s][info][gc,phases   ] GC(11)   Post Evacuate Collection Set: 0.74ms
[2026-09-29T22:33:36.610-0400][9.570s][info][gc,phases   ] GC(11)   Other: 0.27ms
[2026-09-29T22:33:36.610-0400][9.570s][info][gc,heap     ] GC(11) Eden regions: 16->0(42)
[2026-09-29T22:33:36.610-0400][9.570s][info][gc,heap     ] GC(11) Survivor regions: 1->2(6)
[2026-09-29T22:33:36.610-0400][9.570s][info][gc,heap     ] GC(11) Old regions: 20->20
[2026-09-29T22:33:36.610-0400][9.570s][info][gc,heap     ] GC(11) Archive regions: 2->2
[2026-09-29T22:33:36.610-0400][9.570s][info][gc,heap     ] GC(11) Humongous regions: 0->0
[2026-09-29T22:33:36.610-0400][9.570s][info][gc,metaspace] GC(11) Metaspace: 35196K(36608K)->35196K(36608K) NonClass: 31551K(32448K)->31551K(32448K) Class: 3644K(4160K)->3644K(4160K)
[2026-09-29T22:33:36.610-0400][9.570s][info][gc          ] GC(11) Pause Young (Concurrent Start) (Metadata GC Threshold) 74M->43M(168M) 7.249ms
[2026-09-29T22:33:36.610-0400][9.570s][info][gc,cpu      ] GC(11) User=0.02s Sys=0.00s Real=0.01s
[2026-09-29T22:33:36.610-0400][9.570s][info][gc          ] GC(12) Concurrent Mark Cycle
[2026-09-29T22:33:36.610-0400][9.570s][info][gc,marking  ] GC(12) Concurrent Clear Claimed Marks
[2026-09-29T22:33:36.611-0400][9.570s][info][gc,marking  ] GC(12) Concurrent Clear Claimed Marks 0.066ms
[2026-09-29T22:33:36.611-0400][9.570s][info][gc,marking  ] GC(12) Concurrent Scan Root Regions
[2026-09-29T22:33:36.611-0400][9.570s][info][safepoint   ] Safepoint "CollectForMetadataAllocation", Time since last: 225075411 ns, Reaching safepoint: 10962 ns, Cleanup: 87972 ns, At safepoint: 7577662 ns, Total: 7676596 ns
[2026-09-29T22:33:36.613-0400][9.573s][info][gc,marking  ] GC(12) Concurrent Scan Root Regions 2.933ms
[2026-09-29T22:33:36.614-0400][9.573s][info][gc,marking  ] GC(12) Concurrent Mark
[2026-09-29T22:33:36.614-0400][9.573s][info][gc,marking  ] GC(12) Concurrent Mark From Roots
[2026-09-29T22:33:36.614-0400][9.573s][info][gc,task     ] GC(12) Using 2 workers of 2 for marking
[2026-09-29T22:33:36.640-0400][9.600s][info][safepoint   ] Safepoint "CollectForMetadataAllocation", Time since last: 29331395 ns, Reaching safepoint: 129021 ns, Cleanup: 21139 ns, At safepoint: 272613 ns, Total: 422773 ns
[2026-09-29T22:33:36.674-0400][9.633s][info][safepoint   ] Safepoint "CollectForMetadataAllocation", Time since last: 32356757 ns, Reaching safepoint: 688321 ns, Cleanup: 17683 ns, At safepoint: 448668 ns, Total: 1154672 ns
[2026-09-29T22:33:36.683-0400][9.643s][info][gc,marking  ] GC(12) Concurrent Mark From Roots 69.697ms
[2026-09-29T22:33:36.683-0400][9.643s][info][gc,marking  ] GC(12) Concurrent Preclean
[2026-09-29T22:33:36.683-0400][9.643s][info][gc,marking  ] GC(12) Concurrent Preclean 0.175ms
[2026-09-29T22:33:36.685-0400][9.645s][info][gc,start    ] GC(12) Pause Remark
[2026-09-29T22:33:36.694-0400][9.653s][info][gc          ] GC(12) Pause Remark 45M->45M(168M) 8.786ms
[2026-09-29T22:33:36.694-0400][9.653s][info][gc,cpu      ] GC(12) User=0.03s Sys=0.00s Real=0.01s
[2026-09-29T22:33:36.694-0400][9.654s][info][safepoint   ] Safepoint "G1PauseRemark", Time since last: 11161975 ns, Reaching safepoint: 151644 ns, Cleanup: 13796 ns, At safepoint: 8979966 ns, Total: 9145406 ns
[2026-09-29T22:33:36.698-0400][9.658s][info][gc,marking  ] GC(12) Concurrent Mark 84.739ms
[2026-09-29T22:33:36.698-0400][9.658s][info][gc,marking  ] GC(12) Concurrent Rebuild Remembered Sets
[2026-09-29T22:33:36.731-0400][9.690s][info][gc,marking  ] GC(12) Concurrent Rebuild Remembered Sets 32.381ms
[2026-09-29T22:33:36.731-0400][9.690s][info][gc,start    ] GC(12) Pause Cleanup
[2026-09-29T22:33:36.731-0400][9.691s][info][gc          ] GC(12) Pause Cleanup 46M->46M(168M) 0.222ms
[2026-09-29T22:33:36.731-0400][9.691s][info][gc,cpu      ] GC(12) User=0.00s Sys=0.00s Real=0.00s
[2026-09-29T22:33:36.731-0400][9.691s][info][safepoint   ] Safepoint "G1PauseCleanup", Time since last: 36624245 ns, Reaching safepoint: 197317 ns, Cleanup: 38645 ns, At safepoint: 328904 ns, Total: 564866 ns
[2026-09-29T22:33:36.732-0400][9.691s][info][gc,marking  ] GC(12) Concurrent Cleanup for Next Mark
[2026-09-29T22:33:36.734-0400][9.693s][info][gc,marking  ] GC(12) Concurrent Cleanup for Next Mark 1.784ms
[2026-09-29T22:33:36.734-0400][9.693s][info][gc          ] GC(12) Concurrent Mark Cycle 123.395ms
[2026-09-29T22:33:37.915-0400][10.874s][info][safepoint   ] Safepoint "ClassLoaderStatsOperation", Time since last: 1181859113 ns, Reaching safepoint: 16342 ns, Cleanup: 172146 ns, At safepoint: 1640819 ns, Total: 1829307 ns
[2026-09-29T22:33:38.823-0400][11.782s][info][safepoint   ] Safepoint "ICBufferFull", Time since last: 907494751 ns, Reaching safepoint: 254855 ns, Cleanup: 156595 ns, At safepoint: 97562 ns, Total: 509012 ns
[2026-09-29T22:33:38.879-0400][11.838s][info][gc,start    ] GC(13) Pause Young (Prepare Mixed) (G1 Evacuation Pause)
[2026-09-29T22:33:38.879-0400][11.838s][info][gc,task     ] GC(13) Using 6 workers of 8 for evacuation
[2026-09-29T22:33:38.893-0400][11.853s][info][gc,phases   ] GC(13)   Pre Evacuate Collection Set: 0.25ms
[2026-09-29T22:33:38.893-0400][11.853s][info][gc,phases   ] GC(13)   Merge Heap Roots: 0.20ms
[2026-09-29T22:33:38.893-0400][11.853s][info][gc,phases   ] GC(13)   Evacuate Collection Set: 10.92ms
[2026-09-29T22:33:38.893-0400][11.853s][info][gc,phases   ] GC(13)   Post Evacuate Collection Set: 3.08ms
[2026-09-29T22:33:38.893-0400][11.853s][info][gc,phases   ] GC(13)   Other: 0.18ms
[2026-09-29T22:33:38.893-0400][11.853s][info][gc,heap     ] GC(13) Eden regions: 42->0(1)
[2026-09-29T22:33:38.893-0400][11.853s][info][gc,heap     ] GC(13) Survivor regions: 2->6(6)
[2026-09-29T22:33:38.893-0400][11.853s][info][gc,heap     ] GC(13) Old regions: 20->20
[2026-09-29T22:33:38.893-0400][11.853s][info][gc,heap     ] GC(13) Archive regions: 2->2
[2026-09-29T22:33:38.893-0400][11.853s][info][gc,heap     ] GC(13) Humongous regions: 5->2
[2026-09-29T22:33:38.893-0400][11.853s][info][gc,metaspace] GC(13) Metaspace: 45928K(47872K)->45928K(47872K) NonClass: 41019K(42176K)->41019K(42176K) Class: 4908K(5696K)->4908K(5696K)
[2026-09-29T22:33:38.893-0400][11.853s][info][gc          ] GC(13) Pause Young (Prepare Mixed) (G1 Evacuation Pause) 137M->56M(168M) 14.706ms
[2026-09-29T22:33:38.893-0400][11.853s][info][gc,cpu      ] GC(13) User=0.08s Sys=0.00s Real=0.02s
[2026-09-29T22:33:38.894-0400][11.853s][info][safepoint   ] Safepoint "G1CollectForAllocation", Time since last: 55486717 ns, Reaching safepoint: 111938 ns, Cleanup: 54704 ns, At safepoint: 14920474 ns, Total: 15087116 ns
[2026-09-29T22:33:38.913-0400][11.872s][info][gc,start    ] GC(14) Pause Young (Mixed) (G1 Evacuation Pause)
[2026-09-29T22:33:38.913-0400][11.872s][info][gc,task     ] GC(14) Using 6 workers of 8 for evacuation
[2026-09-29T22:33:38.924-0400][11.883s][info][gc,phases   ] GC(14)   Pre Evacuate Collection Set: 0.25ms
[2026-09-29T22:33:38.924-0400][11.883s][info][gc,phases   ] GC(14)   Merge Heap Roots: 0.24ms
[2026-09-29T22:33:38.924-0400][11.883s][info][gc,phases   ] GC(14)   Evacuate Collection Set: 8.82ms
[2026-09-29T22:33:38.924-0400][11.883s][info][gc,phases   ] GC(14)   Post Evacuate Collection Set: 1.07ms
[2026-09-29T22:33:38.924-0400][11.883s][info][gc,phases   ] GC(14)   Other: 0.18ms
[2026-09-29T22:33:38.924-0400][11.883s][info][gc,heap     ] GC(14) Eden regions: 1->0(35)
[2026-09-29T22:33:38.924-0400][11.883s][info][gc,heap     ] GC(14) Survivor regions: 6->1(1)
[2026-09-29T22:33:38.924-0400][11.883s][info][gc,heap     ] GC(14) Old regions: 20->25
[2026-09-29T22:33:38.924-0400][11.883s][info][gc,heap     ] GC(14) Archive regions: 2->2
[2026-09-29T22:33:38.924-0400][11.883s][info][gc,heap     ] GC(14) Humongous regions: 2->2
[2026-09-29T22:33:38.924-0400][11.883s][info][gc,metaspace] GC(14) Metaspace: 46176K(48128K)->46176K(48128K) NonClass: 41236K(42432K)->41236K(42432K) Class: 4939K(5696K)->4939K(5696K)
[2026-09-29T22:33:38.924-0400][11.883s][info][gc          ] GC(14) Pause Young (Mixed) (G1 Evacuation Pause) 58M->57M(168M) 10.642ms
[2026-09-29T22:33:38.924-0400][11.883s][info][gc,cpu      ] GC(14) User=0.05s Sys=0.02s Real=0.01s
[2026-09-29T22:33:38.924-0400][11.883s][info][safepoint   ] Safepoint "G1CollectForAllocation", Time since last: 19175009 ns, Reaching safepoint: 120913 ns, Cleanup: 6446 ns, At safepoint: 10840258 ns, Total: 10967617 ns
[2026-09-29T22:33:39.628-0400][12.587s][info][safepoint   ] Safepoint "ICBufferFull", Time since last: 703254151 ns, Reaching safepoint: 18295 ns, Cleanup: 372666 ns, At safepoint: 80121 ns, Total: 471082 ns
[2026-09-29T22:33:40.273-0400][13.232s][info][gc,start    ] GC(15) Pause Young (Concurrent Start) (G1 Evacuation Pause)
[2026-09-29T22:33:40.273-0400][13.232s][info][gc,task     ] GC(15) Using 6 workers of 8 for evacuation
[2026-09-29T22:33:40.281-0400][13.240s][info][gc,phases   ] GC(15)   Pre Evacuate Collection Set: 0.35ms
[2026-09-29T22:33:40.281-0400][13.241s][info][gc,phases   ] GC(15)   Merge Heap Roots: 0.18ms
[2026-09-29T22:33:40.281-0400][13.241s][info][gc,phases   ] GC(15)   Evacuate Collection Set: 5.00ms
[2026-09-29T22:33:40.281-0400][13.241s][info][gc,phases   ] GC(15)   Post Evacuate Collection Set: 2.70ms
[2026-09-29T22:33:40.281-0400][13.241s][info][gc,phases   ] GC(15)   Other: 0.19ms
[2026-09-29T22:33:40.281-0400][13.241s][info][gc,heap     ] GC(15) Eden regions: 35->0(115)
[2026-09-29T22:33:40.281-0400][13.241s][info][gc,heap     ] GC(15) Survivor regions: 1->4(5)
[2026-09-29T22:33:40.281-0400][13.241s][info][gc,heap     ] GC(15) Old regions: 25->25
[2026-09-29T22:33:40.281-0400][13.241s][info][gc,heap     ] GC(15) Archive regions: 2->2
[2026-09-29T22:33:40.281-0400][13.241s][info][gc,heap     ] GC(15) Humongous regions: 2->2
[2026-09-29T22:33:40.281-0400][13.241s][info][gc,metaspace] GC(15) Metaspace: 57212K(59520K)->57212K(59520K) NonClass: 50912K(52352K)->50912K(52352K) Class: 6300K(7168K)->6300K(7168K)
[2026-09-29T22:33:40.281-0400][13.241s][info][gc          ] GC(15) Pause Young (Concurrent Start) (G1 Evacuation Pause) 127M->62M(398M) 8.489ms
[2026-09-29T22:33:40.281-0400][13.241s][info][gc,cpu      ] GC(15) User=0.03s Sys=0.01s Real=0.01s
[2026-09-29T22:33:40.281-0400][13.241s][info][gc          ] GC(16) Concurrent Mark Cycle
[2026-09-29T22:33:40.281-0400][13.241s][info][gc,marking  ] GC(16) Concurrent Clear Claimed Marks
[2026-09-29T22:33:40.281-0400][13.241s][info][safepoint   ] Safepoint "G1CollectForAllocation", Time since last: 644943827 ns, Reaching safepoint: 141864 ns, Cleanup: 119160 ns, At safepoint: 8745502 ns, Total: 9006526 ns
[2026-09-29T22:33:40.282-0400][13.241s][info][gc,marking  ] GC(16) Concurrent Clear Claimed Marks 0.110ms
[2026-09-29T22:33:40.282-0400][13.241s][info][gc,marking  ] GC(16) Concurrent Scan Root Regions
[2026-09-29T22:33:40.285-0400][13.245s][info][gc,marking  ] GC(16) Concurrent Scan Root Regions 3.970ms
[2026-09-29T22:33:40.286-0400][13.245s][info][gc,marking  ] GC(16) Concurrent Mark
[2026-09-29T22:33:40.286-0400][13.245s][info][gc,marking  ] GC(16) Concurrent Mark From Roots
[2026-09-29T22:33:40.286-0400][13.245s][info][gc,task     ] GC(16) Using 2 workers of 2 for marking
[2026-09-29T22:33:40.375-0400][13.334s][info][gc,marking  ] GC(16) Concurrent Mark From Roots 89.337ms
[2026-09-29T22:33:40.375-0400][13.334s][info][gc,marking  ] GC(16) Concurrent Preclean
[2026-09-29T22:33:40.376-0400][13.335s][info][gc,marking  ] GC(16) Concurrent Preclean 0.910ms
[2026-09-29T22:33:40.376-0400][13.336s][info][gc,start    ] GC(16) Pause Remark
[2026-09-29T22:33:40.384-0400][13.344s][info][gc,heap     ] GC(16) Heap shrink completed: uncommitted 72 regions (144MB), heap size now 254MB
[2026-09-29T22:33:40.385-0400][13.344s][info][gc          ] GC(16) Pause Remark 71M->71M(254M) 8.232ms
[2026-09-29T22:33:40.385-0400][13.344s][info][gc,cpu      ] GC(16) User=0.05s Sys=0.00s Real=0.01s
[2026-09-29T22:33:40.385-0400][13.344s][info][safepoint   ] Safepoint "G1PauseRemark", Time since last: 94521387 ns, Reaching safepoint: 234226 ns, Cleanup: 39804 ns, At safepoint: 8500967 ns, Total: 8774997 ns
[2026-09-29T22:33:40.386-0400][13.345s][info][gc,marking  ] GC(16) Concurrent Mark 99.997ms
[2026-09-29T22:33:40.386-0400][13.345s][info][gc,marking  ] GC(16) Concurrent Rebuild Remembered Sets
[2026-09-29T22:33:40.417-0400][13.377s][info][gc,marking  ] GC(16) Concurrent Rebuild Remembered Sets 31.680ms
[2026-09-29T22:33:40.417-0400][13.377s][info][gc,start    ] GC(16) Pause Cleanup
[2026-09-29T22:33:40.418-0400][13.377s][info][gc          ] GC(16) Pause Cleanup 72M->72M(254M) 0.220ms
[2026-09-29T22:33:40.418-0400][13.377s][info][gc,cpu      ] GC(16) User=0.00s Sys=0.00s Real=0.00s
[2026-09-29T22:33:40.418-0400][13.377s][info][safepoint   ] Safepoint "G1PauseCleanup", Time since last: 32619304 ns, Reaching safepoint: 12669 ns, Cleanup: 13801 ns, At safepoint: 346151 ns, Total: 372621 ns
[2026-09-29T22:33:40.418-0400][13.377s][info][gc,marking  ] GC(16) Concurrent Cleanup for Next Mark
[2026-09-29T22:33:40.419-0400][13.378s][info][gc,marking  ] GC(16) Concurrent Cleanup for Next Mark 0.807ms
[2026-09-29T22:33:40.419-0400][13.378s][info][gc          ] GC(16) Concurrent Mark Cycle 137.302ms
[2026-09-29T22:33:41.367-0400][14.326s][info][safepoint   ] Safepoint "ICBufferFull", Time since last: 948988918 ns, Reaching safepoint: 13416 ns, Cleanup: 154344 ns, At safepoint: 55142 ns, Total: 222902 ns
[2026-09-29T22:33:41.798-0400][14.757s][info][gc,start    ] GC(17) Pause Young (Normal) (G1 Evacuation Pause)
[2026-09-29T22:33:41.798-0400][14.757s][info][gc,task     ] GC(17) Using 6 workers of 8 for evacuation
[2026-09-29T22:33:41.810-0400][14.769s][info][gc,phases   ] GC(17)   Pre Evacuate Collection Set: 0.26ms
[2026-09-29T22:33:41.810-0400][14.769s][info][gc,phases   ] GC(17)   Merge Heap Roots: 0.13ms
[2026-09-29T22:33:41.810-0400][14.769s][info][gc,phases   ] GC(17)   Evacuate Collection Set: 7.42ms
[2026-09-29T22:33:41.810-0400][14.769s][info][gc,phases   ] GC(17)   Post Evacuate Collection Set: 3.71ms
[2026-09-29T22:33:41.810-0400][14.769s][info][gc,phases   ] GC(17)   Other: 0.20ms
[2026-09-29T22:33:41.810-0400][14.769s][info][gc,heap     ] GC(17) Eden regions: 72->0(57)
[2026-09-29T22:33:41.810-0400][14.769s][info][gc,heap     ] GC(17) Survivor regions: 4->10(10)
[2026-09-29T22:33:41.810-0400][14.769s][info][gc,heap     ] GC(17) Old regions: 25->27
[2026-09-29T22:33:41.810-0400][14.769s][info][gc,heap     ] GC(17) Archive regions: 2->2
[2026-09-29T22:33:41.810-0400][14.769s][info][gc,heap     ] GC(17) Humongous regions: 2->2
[2026-09-29T22:33:41.810-0400][14.769s][info][gc,metaspace] GC(17) Metaspace: 67741K(70144K)->67741K(70144K) NonClass: 60254K(61696K)->60254K(61696K) Class: 7487K(8448K)->7487K(8448K)
[2026-09-29T22:33:41.810-0400][14.769s][info][gc          ] GC(17) Pause Young (Normal) (G1 Evacuation Pause) 206M->79M(254M) 11.787ms
[2026-09-29T22:33:41.810-0400][14.769s][info][gc,cpu      ] GC(17) User=0.08s Sys=0.00s Real=0.02s
[2026-09-29T22:33:41.810-0400][14.769s][info][safepoint   ] Safepoint "G1CollectForAllocation", Time since last: 430789516 ns, Reaching safepoint: 14723 ns, Cleanup: 138282 ns, At safepoint: 11929416 ns, Total: 12082421 ns
[2026-09-29T22:33:42.482-0400][15.442s][info][safepoint   ] Safepoint "ClassLoaderStatsOperation", Time since last: 669655837 ns, Reaching safepoint: 134533 ns, Cleanup: 447376 ns, At safepoint: 2266007 ns, Total: 2847916 ns
[2026-09-29T22:33:43.052-0400][16.011s][info][gc,start    ] GC(18) Pause Young (Normal) (G1 Evacuation Pause)
[2026-09-29T22:33:43.052-0400][16.011s][info][gc,task     ] GC(18) Using 6 workers of 8 for evacuation
[2026-09-29T22:33:43.065-0400][16.024s][info][gc,phases   ] GC(18)   Pre Evacuate Collection Set: 0.27ms
[2026-09-29T22:33:43.065-0400][16.024s][info][gc,phases   ] GC(18)   Merge Heap Roots: 0.14ms
[2026-09-29T22:33:43.065-0400][16.024s][info][gc,phases   ] GC(18)   Evacuate Collection Set: 9.07ms
[2026-09-29T22:33:43.065-0400][16.024s][info][gc,phases   ] GC(18)   Post Evacuate Collection Set: 3.08ms
[2026-09-29T22:33:43.065-0400][16.024s][info][gc,phases   ] GC(18)   Other: 0.21ms
[2026-09-29T22:33:43.065-0400][16.024s][info][gc,heap     ] GC(18) Eden regions: 57->0(54)
[2026-09-29T22:33:43.065-0400][16.024s][info][gc,heap     ] GC(18) Survivor regions: 10->7(9)
[2026-09-29T22:33:43.065-0400][16.024s][info][gc,heap     ] GC(18) Old regions: 27->33
[2026-09-29T22:33:43.065-0400][16.024s][info][gc,heap     ] GC(18) Archive regions: 2->2
[2026-09-29T22:33:43.065-0400][16.024s][info][gc,heap     ] GC(18) Humongous regions: 2->2
[2026-09-29T22:33:43.065-0400][16.024s][info][gc,metaspace] GC(18) Metaspace: 76259K(78784K)->76259K(78784K) NonClass: 67615K(69184K)->67615K(69184K) Class: 8644K(9600K)->8644K(9600K)
[2026-09-29T22:33:43.065-0400][16.024s][info][gc          ] GC(18) Pause Young (Normal) (G1 Evacuation Pause) 193M->83M(254M) 12.841ms
[2026-09-29T22:33:43.065-0400][16.024s][info][gc,cpu      ] GC(18) User=0.09s Sys=0.00s Real=0.01s
[2026-09-29T22:33:43.065-0400][16.024s][info][safepoint   ] Safepoint "G1CollectForAllocation", Time since last: 569491203 ns, Reaching safepoint: 16761 ns, Cleanup: 116803 ns, At safepoint: 12998837 ns, Total: 13132401 ns
[2026-09-29T22:33:43.697-0400][16.656s][info][gc,start    ] GC(19) Pause Young (Normal) (G1 Evacuation Pause)
[2026-09-29T22:33:43.697-0400][16.657s][info][gc,task     ] GC(19) Using 6 workers of 8 for evacuation
[2026-09-29T22:33:43.704-0400][16.664s][info][gc,phases   ] GC(19)   Pre Evacuate Collection Set: 0.26ms
[2026-09-29T22:33:43.704-0400][16.664s][info][gc,phases   ] GC(19)   Merge Heap Roots: 0.17ms
[2026-09-29T22:33:43.704-0400][16.664s][info][gc,phases   ] GC(19)   Evacuate Collection Set: 3.12ms
[2026-09-29T22:33:43.704-0400][16.664s][info][gc,phases   ] GC(19)   Post Evacuate Collection Set: 3.30ms
[2026-09-29T22:33:43.704-0400][16.664s][info][gc,phases   ] GC(19)   Other: 0.25ms
[2026-09-29T22:33:43.704-0400][16.664s][info][gc,heap     ] GC(19) Eden regions: 54->0(50)
[2026-09-29T22:33:43.704-0400][16.664s][info][gc,heap     ] GC(19) Survivor regions: 7->8(8)
[2026-09-29T22:33:43.704-0400][16.664s][info][gc,heap     ] GC(19) Old regions: 33->36
[2026-09-29T22:33:43.704-0400][16.664s][info][gc,heap     ] GC(19) Archive regions: 2->2
[2026-09-29T22:33:43.704-0400][16.664s][info][gc,heap     ] GC(19) Humongous regions: 2->2
[2026-09-29T22:33:43.704-0400][16.664s][info][gc,metaspace] GC(19) Metaspace: 77048K(79616K)->77048K(79616K) NonClass: 68263K(69824K)->68263K(69824K) Class: 8784K(9792K)->8784K(9792K)
[2026-09-29T22:33:43.704-0400][16.664s][info][gc          ] GC(19) Pause Young (Normal) (G1 Evacuation Pause) 191M->91M(254M) 7.175ms
[2026-09-29T22:33:43.704-0400][16.664s][info][gc,cpu      ] GC(19) User=0.04s Sys=0.00s Real=0.01s
[2026-09-29T22:33:43.704-0400][16.664s][info][safepoint   ] Safepoint "G1CollectForAllocation", Time since last: 631983506 ns, Reaching safepoint: 15172 ns, Cleanup: 150412 ns, At safepoint: 7365135 ns, Total: 7530719 ns
[2026-09-29T22:33:43.930-0400][16.890s][info][gc,start    ] GC(20) Pause Young (Normal) (G1 Evacuation Pause)
[2026-09-29T22:33:43.930-0400][16.890s][info][gc,task     ] GC(20) Using 6 workers of 8 for evacuation
[2026-09-29T22:33:43.934-0400][16.894s][info][gc,phases   ] GC(20)   Pre Evacuate Collection Set: 0.20ms
[2026-09-29T22:33:43.934-0400][16.894s][info][gc,phases   ] GC(20)   Merge Heap Roots: 0.19ms
[2026-09-29T22:33:43.934-0400][16.894s][info][gc,phases   ] GC(20)   Evacuate Collection Set: 2.36ms
[2026-09-29T22:33:43.934-0400][16.894s][info][gc,phases   ] GC(20)   Post Evacuate Collection Set: 0.96ms
[2026-09-29T22:33:43.934-0400][16.894s][info][gc,phases   ] GC(20)   Other: 0.19ms
[2026-09-29T22:33:43.934-0400][16.894s][info][gc,heap     ] GC(20) Eden regions: 50->0(57)
[2026-09-29T22:33:43.934-0400][16.894s][info][gc,heap     ] GC(20) Survivor regions: 8->2(8)
[2026-09-29T22:33:43.934-0400][16.894s][info][gc,heap     ] GC(20) Old regions: 36->36
[2026-09-29T22:33:43.934-0400][16.894s][info][gc,heap     ] GC(20) Archive regions: 2->2
[2026-09-29T22:33:43.934-0400][16.894s][info][gc,heap     ] GC(20) Humongous regions: 2->2
[2026-09-29T22:33:43.934-0400][16.894s][info][gc,metaspace] GC(20) Metaspace: 77327K(79808K)->77327K(79808K) NonClass: 68505K(70016K)->68505K(70016K) Class: 8822K(9792K)->8822K(9792K)
[2026-09-29T22:33:43.934-0400][16.894s][info][gc          ] GC(20) Pause Young (Normal) (G1 Evacuation Pause) 191M->80M(254M) 4.018ms
[2026-09-29T22:33:43.934-0400][16.894s][info][gc,cpu      ] GC(20) User=0.03s Sys=0.00s Real=0.00s
[2026-09-29T22:33:43.935-0400][16.894s][info][safepoint   ] Safepoint "G1CollectForAllocation", Time since last: 225793047 ns, Reaching safepoint: 12513 ns, Cleanup: 90072 ns, At safepoint: 4207070 ns, Total: 4309655 ns
[2026-09-29T22:33:44.339-0400][17.298s][info][safepoint   ] Safepoint "ICBufferFull", Time since last: 403698753 ns, Reaching safepoint: 15501 ns, Cleanup: 304096 ns, At safepoint: 59307 ns, Total: 378904 ns
[2026-09-29T22:33:44.814-0400][17.773s][info][safepoint   ] Safepoint "ICBufferFull", Time since last: 474956223 ns, Reaching safepoint: 13734 ns, Cleanup: 327725 ns, At safepoint: 165024 ns, Total: 506483 ns
[2026-09-29T22:33:44.861-0400][17.820s][info][gc,start    ] GC(21) Pause Young (Normal) (G1 Evacuation Pause)
[2026-09-29T22:33:44.861-0400][17.820s][info][gc,task     ] GC(21) Using 6 workers of 8 for evacuation
[2026-09-29T22:33:44.868-0400][17.827s][info][gc,phases   ] GC(21)   Pre Evacuate Collection Set: 0.19ms
[2026-09-29T22:33:44.868-0400][17.827s][info][gc,phases   ] GC(21)   Merge Heap Roots: 0.13ms
[2026-09-29T22:33:44.868-0400][17.827s][info][gc,phases   ] GC(21)   Evacuate Collection Set: 4.27ms
[2026-09-29T22:33:44.868-0400][17.827s][info][gc,phases   ] GC(21)   Post Evacuate Collection Set: 1.93ms
[2026-09-29T22:33:44.868-0400][17.827s][info][gc,phases   ] GC(21)   Other: 0.18ms
[2026-09-29T22:33:44.868-0400][17.827s][info][gc,heap     ] GC(21) Eden regions: 57->0(56)
[2026-09-29T22:33:44.868-0400][17.827s][info][gc,heap     ] GC(21) Survivor regions: 2->4(8)
[2026-09-29T22:33:44.868-0400][17.827s][info][gc,heap     ] GC(21) Old regions: 36->36
[2026-09-29T22:33:44.868-0400][17.827s][info][gc,heap     ] GC(21) Archive regions: 2->2
[2026-09-29T22:33:44.868-0400][17.827s][info][gc,heap     ] GC(21) Humongous regions: 2->2
[2026-09-29T22:33:44.868-0400][17.827s][info][gc,metaspace] GC(21) Metaspace: 82191K(84864K)->82191K(84864K) NonClass: 72691K(74304K)->72691K(74304K) Class: 9499K(10560K)->9499K(10560K)
[2026-09-29T22:33:44.868-0400][17.827s][info][gc          ] GC(21) Pause Young (Normal) (G1 Evacuation Pause) 194M->84M(254M) 6.783ms
[2026-09-29T22:33:44.868-0400][17.827s][info][gc,cpu      ] GC(21) User=0.03s Sys=0.00s Real=0.01s
[2026-09-29T22:33:44.868-0400][17.827s][info][safepoint   ] Safepoint "G1CollectForAllocation", Time since last: 46747891 ns, Reaching safepoint: 20553 ns, Cleanup: 34038 ns, At safepoint: 6965884 ns, Total: 7020475 ns
[2026-09-29T22:33:45.171-0400][18.130s][info][safepoint   ] Safepoint "ICBufferFull", Time since last: 302542244 ns, Reaching safepoint: 156940 ns, Cleanup: 161152 ns, At safepoint: 46976 ns, Total: 365068 ns
[2026-09-29T22:33:45.427-0400][18.386s][info][safepoint   ] Safepoint "ICBufferFull", Time since last: 255891716 ns, Reaching safepoint: 16366 ns, Cleanup: 206004 ns, At safepoint: 155502 ns, Total: 377872 ns
[2026-09-29T22:33:45.688-0400][18.647s][info][safepoint   ] Safepoint "ICBufferFull", Time since last: 260085040 ns, Reaching safepoint: 35856 ns, Cleanup: 336343 ns, At safepoint: 87381 ns, Total: 459580 ns
[2026-09-29T22:33:45.904-0400][18.863s][info][safepoint   ] Safepoint "ICBufferFull", Time since last: 215780754 ns, Reaching safepoint: 15541 ns, Cleanup: 159728 ns, At safepoint: 76409 ns, Total: 251678 ns
[2026-09-29T22:33:45.923-0400][18.883s][info][gc,start    ] GC(22) Pause Young (Normal) (G1 Evacuation Pause)
[2026-09-29T22:33:45.923-0400][18.883s][info][gc,task     ] GC(22) Using 6 workers of 8 for evacuation
[2026-09-29T22:33:45.934-0400][18.894s][info][gc,phases   ] GC(22)   Pre Evacuate Collection Set: 0.26ms
[2026-09-29T22:33:45.934-0400][18.894s][info][gc,phases   ] GC(22)   Merge Heap Roots: 0.19ms
[2026-09-29T22:33:45.934-0400][18.894s][info][gc,phases   ] GC(22)   Evacuate Collection Set: 8.02ms
[2026-09-29T22:33:45.934-0400][18.894s][info][gc,phases   ] GC(22)   Post Evacuate Collection Set: 2.15ms
[2026-09-29T22:33:45.934-0400][18.894s][info][gc,phases   ] GC(22)   Other: 0.25ms
[2026-09-29T22:33:45.934-0400][18.894s][info][gc,heap     ] GC(22) Eden regions: 56->0(57)
[2026-09-29T22:33:45.934-0400][18.894s][info][gc,heap     ] GC(22) Survivor regions: 4->5(8)
[2026-09-29T22:33:45.934-0400][18.894s][info][gc,heap     ] GC(22) Old regions: 36->36
[2026-09-29T22:33:45.934-0400][18.894s][info][gc,heap     ] GC(22) Archive regions: 2->2
[2026-09-29T22:33:45.934-0400][18.894s][info][gc,heap     ] GC(22) Humongous regions: 2->2
[2026-09-29T22:33:45.934-0400][18.894s][info][gc,metaspace] GC(22) Metaspace: 85549K(88320K)->85549K(88320K) NonClass: 75700K(77376K)->75700K(77376K) Class: 9849K(10944K)->9849K(10944K)
[2026-09-29T22:33:45.934-0400][18.894s][info][gc          ] GC(22) Pause Young (Normal) (G1 Evacuation Pause) 196M->86M(254M) 10.945ms
[2026-09-29T22:33:45.934-0400][18.894s][info][gc,cpu      ] GC(22) User=0.06s Sys=0.00s Real=0.01s
[2026-09-29T22:33:45.935-0400][18.894s][info][safepoint   ] Safepoint "G1CollectForAllocation", Time since last: 19464045 ns, Reaching safepoint: 198242 ns, Cleanup: 41196 ns, At safepoint: 11222487 ns, Total: 11461925 ns
[2026-09-29T22:33:46.721-0400][19.681s][info][safepoint   ] Safepoint "ICBufferFull", Time since last: 786385024 ns, Reaching safepoint: 10025 ns, Cleanup: 316407 ns, At safepoint: 43348 ns, Total: 369780 ns
[2026-09-29T22:33:47.476-0400][20.435s][info][safepoint   ] Safepoint "ClassLoaderStatsOperation", Time since last: 750946142 ns, Reaching safepoint: 17413 ns, Cleanup: 121035 ns, At safepoint: 3334525 ns, Total: 3472973 ns
[2026-09-29T22:33:48.147-0400][21.107s][info][safepoint   ] Safepoint "ICBufferFull", Time since last: 671114592 ns, Reaching safepoint: 139257 ns, Cleanup: 146898 ns, At safepoint: 35829 ns, Total: 321984 ns
[2026-09-29T22:33:48.158-0400][21.117s][info][safepoint   ] Safepoint "ICBufferFull", Time since last: 10130859 ns, Reaching safepoint: 605997 ns, Cleanup: 163753 ns, At safepoint: 42410 ns, Total: 812160 ns
[2026-09-29T22:33:48.365-0400][21.324s][info][gc,start    ] GC(23) Pause Young (Concurrent Start) (Metadata GC Threshold)
[2026-09-29T22:33:48.365-0400][21.324s][info][gc,task     ] GC(23) Using 6 workers of 8 for evacuation
[2026-09-29T22:33:48.374-0400][21.333s][info][gc,phases   ] GC(23)   Pre Evacuate Collection Set: 0.28ms
[2026-09-29T22:33:48.374-0400][21.333s][info][gc,phases   ] GC(23)   Merge Heap Roots: 0.20ms
[2026-09-29T22:33:48.374-0400][21.333s][info][gc,phases   ] GC(23)   Evacuate Collection Set: 5.95ms
[2026-09-29T22:33:48.374-0400][21.333s][info][gc,phases   ] GC(23)   Post Evacuate Collection Set: 2.50ms
[2026-09-29T22:33:48.374-0400][21.333s][info][gc,phases   ] GC(23)   Other: 0.18ms
[2026-09-29T22:33:48.374-0400][21.333s][info][gc,heap     ] GC(23) Eden regions: 39->0(54)
[2026-09-29T22:33:48.374-0400][21.333s][info][gc,heap     ] GC(23) Survivor regions: 5->7(8)
[2026-09-29T22:33:48.374-0400][21.333s][info][gc,heap     ] GC(23) Old regions: 36->36
[2026-09-29T22:33:48.374-0400][21.333s][info][gc,heap     ] GC(23) Archive regions: 2->2
[2026-09-29T22:33:48.374-0400][21.333s][info][gc,heap     ] GC(23) Humongous regions: 2->2
[2026-09-29T22:33:48.374-0400][21.333s][info][gc,metaspace] GC(23) Metaspace: 97364K(100160K)->97364K(100160K) NonClass: 86284K(88000K)->86284K(88000K) Class: 11079K(12160K)->11079K(12160K)
[2026-09-29T22:33:48.374-0400][21.333s][info][gc          ] GC(23) Pause Young (Concurrent Start) (Metadata GC Threshold) 163M->91M(254M) 9.176ms
[2026-09-29T22:33:48.374-0400][21.333s][info][gc,cpu      ] GC(23) User=0.03s Sys=0.01s Real=0.01s
[2026-09-29T22:33:48.374-0400][21.333s][info][gc          ] GC(24) Concurrent Mark Cycle
[2026-09-29T22:33:48.374-0400][21.334s][info][gc,marking  ] GC(24) Concurrent Clear Claimed Marks
[2026-09-29T22:33:48.374-0400][21.334s][info][safepoint   ] Safepoint "CollectForMetadataAllocation", Time since last: 206505395 ns, Reaching safepoint: 14937 ns, Cleanup: 182665 ns, At safepoint: 9401339 ns, Total: 9598941 ns
[2026-09-29T22:33:48.374-0400][21.334s][info][gc,marking  ] GC(24) Concurrent Clear Claimed Marks 0.136ms
[2026-09-29T22:33:48.374-0400][21.334s][info][gc,marking  ] GC(24) Concurrent Scan Root Regions
[2026-09-29T22:33:48.380-0400][21.340s][info][gc,marking  ] GC(24) Concurrent Scan Root Regions 5.980ms
[2026-09-29T22:33:48.380-0400][21.340s][info][gc,marking  ] GC(24) Concurrent Mark
[2026-09-29T22:33:48.380-0400][21.340s][info][gc,marking  ] GC(24) Concurrent Mark From Roots
[2026-09-29T22:33:48.380-0400][21.340s][info][gc,task     ] GC(24) Using 2 workers of 2 for marking
[2026-09-29T22:33:48.397-0400][21.356s][info][safepoint   ] Safepoint "CollectForMetadataAllocation", Time since last: 22350406 ns, Reaching safepoint: 131737 ns, Cleanup: 40149 ns, At safepoint: 199493 ns, Total: 371379 ns
[2026-09-29T22:33:48.411-0400][21.370s][info][safepoint   ] Safepoint "CollectForMetadataAllocation", Time since last: 13727569 ns, Reaching safepoint: 66591 ns, Cleanup: 48847 ns, At safepoint: 177033 ns, Total: 292471 ns
[2026-09-29T22:33:48.432-0400][21.391s][info][safepoint   ] Safepoint "CollectForMetadataAllocation", Time since last: 20556310 ns, Reaching safepoint: 55801 ns, Cleanup: 11820 ns, At safepoint: 156837 ns, Total: 224458 ns
[2026-09-29T22:33:48.433-0400][21.392s][info][gc,marking  ] GC(24) Concurrent Mark From Roots 52.413ms
[2026-09-29T22:33:48.433-0400][21.392s][info][gc,marking  ] GC(24) Concurrent Preclean
[2026-09-29T22:33:48.434-0400][21.393s][info][gc,marking  ] GC(24) Concurrent Preclean 0.720ms
[2026-09-29T22:33:48.434-0400][21.393s][info][gc,start    ] GC(24) Pause Remark
[2026-09-29T22:33:48.439-0400][21.399s][info][gc          ] GC(24) Pause Remark 94M->92M(254M) 5.406ms
[2026-09-29T22:33:48.439-0400][21.399s][info][gc,cpu      ] GC(24) User=0.02s Sys=0.00s Real=0.01s
[2026-09-29T22:33:48.439-0400][21.399s][info][safepoint   ] Safepoint "G1PauseRemark", Time since last: 1890345 ns, Reaching safepoint: 107406 ns, Cleanup: 4787 ns, At safepoint: 5616400 ns, Total: 5728593 ns
[2026-09-29T22:33:48.439-0400][21.399s][info][gc,marking  ] GC(24) Concurrent Mark 59.120ms
[2026-09-29T22:33:48.439-0400][21.399s][info][gc,marking  ] GC(24) Concurrent Rebuild Remembered Sets
[2026-09-29T22:33:48.464-0400][21.423s][info][gc,marking  ] GC(24) Concurrent Rebuild Remembered Sets 24.573ms
[2026-09-29T22:33:48.464-0400][21.424s][info][gc,start    ] GC(24) Pause Cleanup
[2026-09-29T22:33:48.465-0400][21.424s][info][gc          ] GC(24) Pause Cleanup 93M->93M(254M) 0.180ms
[2026-09-29T22:33:48.465-0400][21.424s][info][gc,cpu      ] GC(24) User=0.00s Sys=0.00s Real=0.00s
[2026-09-29T22:33:48.465-0400][21.424s][info][safepoint   ] Safepoint "G1PauseCleanup", Time since last: 24867060 ns, Reaching safepoint: 109506 ns, Cleanup: 11853 ns, At safepoint: 272860 ns, Total: 394219 ns
[2026-09-29T22:33:48.465-0400][21.424s][info][gc,marking  ] GC(24) Concurrent Cleanup for Next Mark
[2026-09-29T22:33:48.465-0400][21.425s][info][gc,marking  ] GC(24) Concurrent Cleanup for Next Mark 0.568ms
[2026-09-29T22:33:48.465-0400][21.425s][info][gc          ] GC(24) Concurrent Mark Cycle 91.130ms
[2026-09-29T22:33:48.987-0400][21.946s][info][safepoint   ] Safepoint "ICBufferFull", Time since last: 522254652 ns, Reaching safepoint: 11155 ns, Cleanup: 115360 ns, At safepoint: 51858 ns, Total: 178373 ns
[2026-09-29T22:33:49.391-0400][22.350s][info][safepoint   ] Safepoint "ICBufferFull", Time since last: 403456198 ns, Reaching safepoint: 24704 ns, Cleanup: 117390 ns, At safepoint: 2139 ns, Total: 144233 ns
[2026-09-29T22:33:49.655-0400][22.614s][info][safepoint   ] Safepoint "ICBufferFull", Time since last: 264262413 ns, Reaching safepoint: 15787 ns, Cleanup: 111132 ns, At safepoint: 73446 ns, Total: 200365 ns
[2026-09-29T22:33:49.656-0400][22.615s][info][safepoint   ] Safepoint "ICBufferFull", Time since last: 297675 ns, Reaching safepoint: 126192 ns, Cleanup: 4421 ns, At safepoint: 72606 ns, Total: 203219 ns
[2026-09-29T22:33:50.318-0400][23.277s][info][gc,start    ] GC(25) Pause Young (Prepare Mixed) (G1 Evacuation Pause)
[2026-09-29T22:33:50.318-0400][23.277s][info][gc,task     ] GC(25) Using 6 workers of 8 for evacuation
[2026-09-29T22:33:50.341-0400][23.300s][info][gc,phases   ] GC(25)   Pre Evacuate Collection Set: 0.19ms
[2026-09-29T22:33:50.341-0400][23.300s][info][gc,phases   ] GC(25)   Merge Heap Roots: 0.17ms
[2026-09-29T22:33:50.341-0400][23.300s][info][gc,phases   ] GC(25)   Evacuate Collection Set: 16.30ms
[2026-09-29T22:33:50.341-0400][23.300s][info][gc,phases   ] GC(25)   Post Evacuate Collection Set: 5.81ms
[2026-09-29T22:33:50.341-0400][23.300s][info][gc,phases   ] GC(25)   Other: 0.19ms
[2026-09-29T22:33:50.341-0400][23.300s][info][gc,heap     ] GC(25) Eden regions: 54->0(1)
[2026-09-29T22:33:50.341-0400][23.300s][info][gc,heap     ] GC(25) Survivor regions: 7->6(8)
[2026-09-29T22:33:50.341-0400][23.300s][info][gc,heap     ] GC(25) Old regions: 35->40
[2026-09-29T22:33:50.341-0400][23.300s][info][gc,heap     ] GC(25) Archive regions: 2->2
[2026-09-29T22:33:50.341-0400][23.300s][info][gc,heap     ] GC(25) Humongous regions: 2->2
[2026-09-29T22:33:50.341-0400][23.300s][info][gc,metaspace] GC(25) Metaspace: 107963K(111040K)->107963K(111040K) NonClass: 95336K(97216K)->95336K(97216K) Class: 12626K(13824K)->12626K(13824K)
[2026-09-29T22:33:50.341-0400][23.300s][info][gc          ] GC(25) Pause Young (Prepare Mixed) (G1 Evacuation Pause) 197M->94M(254M) 22.745ms
[2026-09-29T22:33:50.341-0400][23.300s][info][gc,cpu      ] GC(25) User=0.08s Sys=0.00s Real=0.03s
[2026-09-29T22:33:50.341-0400][23.300s][info][safepoint   ] Safepoint "G1CollectForAllocation", Time since last: 661794113 ns, Reaching safepoint: 14582 ns, Cleanup: 568486 ns, At safepoint: 22913940 ns, Total: 23497008 ns
[2026-09-29T22:33:50.381-0400][23.340s][info][gc,start    ] GC(26) Pause Young (Mixed) (G1 Evacuation Pause)
[2026-09-29T22:33:50.381-0400][23.340s][info][gc,task     ] GC(26) Using 6 workers of 8 for evacuation
[2026-09-29T22:33:50.394-0400][23.353s][info][gc,phases   ] GC(26)   Pre Evacuate Collection Set: 0.16ms
[2026-09-29T22:33:50.394-0400][23.353s][info][gc,phases   ] GC(26)   Merge Heap Roots: 0.13ms
[2026-09-29T22:33:50.394-0400][23.353s][info][gc,phases   ] GC(26)   Evacuate Collection Set: 10.25ms
[2026-09-29T22:33:50.394-0400][23.353s][info][gc,phases   ] GC(26)   Post Evacuate Collection Set: 1.95ms
[2026-09-29T22:33:50.394-0400][23.353s][info][gc,phases   ] GC(26)   Other: 0.19ms
[2026-09-29T22:33:50.394-0400][23.353s][info][gc,heap     ] GC(26) Eden regions: 1->0(53)
[2026-09-29T22:33:50.394-0400][23.353s][info][gc,heap     ] GC(26) Survivor regions: 6->1(1)
[2026-09-29T22:33:50.394-0400][23.353s][info][gc,heap     ] GC(26) Old regions: 40->42
[2026-09-29T22:33:50.394-0400][23.353s][info][gc,heap     ] GC(26) Archive regions: 2->2
[2026-09-29T22:33:50.394-0400][23.353s][info][gc,heap     ] GC(26) Humongous regions: 2->2
[2026-09-29T22:33:50.394-0400][23.353s][info][gc,metaspace] GC(26) Metaspace: 108130K(111232K)->108130K(111232K) NonClass: 95467K(97344K)->95467K(97344K) Class: 12662K(13888K)->12662K(13888K)
[2026-09-29T22:33:50.394-0400][23.353s][info][gc          ] GC(26) Pause Young (Mixed) (G1 Evacuation Pause) 96M->90M(254M) 12.802ms
[2026-09-29T22:33:50.394-0400][23.353s][info][gc,cpu      ] GC(26) User=0.05s Sys=0.00s Real=0.01s
[2026-09-29T22:33:50.394-0400][23.353s][info][safepoint   ] Safepoint "G1CollectForAllocation", Time since last: 40089441 ns, Reaching safepoint: 15859 ns, Cleanup: 22241 ns, At safepoint: 12962657 ns, Total: 13000757 ns
[2026-09-29T22:33:51.104-0400][24.063s][info][safepoint   ] Safepoint "ICBufferFull", Time since last: 708995220 ns, Reaching safepoint: 200087 ns, Cleanup: 626748 ns, At safepoint: 23771 ns, Total: 850606 ns
[2026-09-29T22:33:51.508-0400][24.467s][info][safepoint   ] Safepoint "ICBufferFull", Time since last: 403749074 ns, Reaching safepoint: 15811 ns, Cleanup: 369480 ns, At safepoint: 113426 ns, Total: 498717 ns
[2026-09-29T22:33:51.514-0400][24.474s][info][gc,start    ] GC(27) Pause Young (Concurrent Start) (G1 Evacuation Pause)
[2026-09-29T22:33:51.514-0400][24.474s][info][gc,task     ] GC(27) Using 6 workers of 8 for evacuation
[2026-09-29T22:33:51.521-0400][24.480s][info][gc,phases   ] GC(27)   Pre Evacuate Collection Set: 0.37ms
[2026-09-29T22:33:51.521-0400][24.480s][info][gc,phases   ] GC(27)   Merge Heap Roots: 0.16ms
[2026-09-29T22:33:51.521-0400][24.480s][info][gc,phases   ] GC(27)   Evacuate Collection Set: 3.31ms
[2026-09-29T22:33:51.521-0400][24.480s][info][gc,phases   ] GC(27)   Post Evacuate Collection Set: 2.76ms
[2026-09-29T22:33:51.521-0400][24.480s][info][gc,phases   ] GC(27)   Other: 0.19ms
[2026-09-29T22:33:51.521-0400][24.480s][info][gc,heap     ] GC(27) Eden regions: 53->0(115)
[2026-09-29T22:33:51.521-0400][24.481s][info][gc,heap     ] GC(27) Survivor regions: 1->4(7)
[2026-09-29T22:33:51.521-0400][24.481s][info][gc,heap     ] GC(27) Old regions: 42->42
[2026-09-29T22:33:51.521-0400][24.481s][info][gc,heap     ] GC(27) Archive regions: 2->2
[2026-09-29T22:33:51.521-0400][24.481s][info][gc,heap     ] GC(27) Humongous regions: 2->2
[2026-09-29T22:33:51.521-0400][24.481s][info][gc,metaspace] GC(27) Metaspace: 117130K(120256K)->117130K(120256K) NonClass: 103292K(105216K)->103292K(105216K) Class: 13838K(15040K)->13838K(15040K)
[2026-09-29T22:33:51.521-0400][24.481s][info][gc          ] GC(27) Pause Young (Concurrent Start) (G1 Evacuation Pause) 196M->95M(448M) 6.848ms
[2026-09-29T22:33:51.521-0400][24.481s][info][gc,cpu      ] GC(27) User=0.02s Sys=0.01s Real=0.01s
[2026-09-29T22:33:51.521-0400][24.481s][info][safepoint   ] Safepoint "G1CollectForAllocation", Time since last: 6169799 ns, Reaching safepoint: 19909 ns, Cleanup: 15523 ns, At safepoint: 7010211 ns, Total: 7045643 ns
[2026-09-29T22:33:51.521-0400][24.481s][info][gc          ] GC(28) Concurrent Mark Cycle
[2026-09-29T22:33:51.521-0400][24.481s][info][gc,marking  ] GC(28) Concurrent Clear Claimed Marks
[2026-09-29T22:33:51.522-0400][24.481s][info][gc,marking  ] GC(28) Concurrent Clear Claimed Marks 0.162ms
[2026-09-29T22:33:51.522-0400][24.481s][info][gc,marking  ] GC(28) Concurrent Scan Root Regions
[2026-09-29T22:33:51.524-0400][24.484s][info][gc,marking  ] GC(28) Concurrent Scan Root Regions 2.925ms
[2026-09-29T22:33:51.524-0400][24.484s][info][gc,marking  ] GC(28) Concurrent Mark
[2026-09-29T22:33:51.524-0400][24.484s][info][gc,marking  ] GC(28) Concurrent Mark From Roots
[2026-09-29T22:33:51.525-0400][24.484s][info][gc,task     ] GC(28) Using 2 workers of 2 for marking
[2026-09-29T22:33:51.619-0400][24.578s][info][gc,marking  ] GC(28) Concurrent Mark From Roots 94.633ms
[2026-09-29T22:33:51.619-0400][24.579s][info][gc,marking  ] GC(28) Concurrent Preclean
[2026-09-29T22:33:51.621-0400][24.580s][info][gc,marking  ] GC(28) Concurrent Preclean 1.249ms
[2026-09-29T22:33:51.621-0400][24.580s][info][gc,start    ] GC(28) Pause Remark
[2026-09-29T22:33:51.635-0400][24.595s][info][gc,heap     ] GC(28) Heap shrink completed: uncommitted 30 regions (60MB), heap size now 388MB
[2026-09-29T22:33:51.636-0400][24.595s][info][gc          ] GC(28) Pause Remark 110M->110M(388M) 14.596ms
[2026-09-29T22:33:51.636-0400][24.595s][info][gc,cpu      ] GC(28) User=0.08s Sys=0.00s Real=0.01s
[2026-09-29T22:33:51.636-0400][24.595s][info][safepoint   ] Safepoint "G1PauseRemark", Time since last: 99379549 ns, Reaching safepoint: 162055 ns, Cleanup: 62618 ns, At safepoint: 14842336 ns, Total: 15067009 ns
[2026-09-29T22:33:51.636-0400][24.595s][info][gc,marking  ] GC(28) Concurrent Mark 111.368ms
[2026-09-29T22:33:51.636-0400][24.595s][info][gc,marking  ] GC(28) Concurrent Rebuild Remembered Sets
[2026-09-29T22:33:51.685-0400][24.644s][info][gc,marking  ] GC(28) Concurrent Rebuild Remembered Sets 48.785ms
[2026-09-29T22:33:51.700-0400][24.659s][info][gc,start    ] GC(28) Pause Cleanup
[2026-09-29T22:33:51.700-0400][24.660s][info][gc          ] GC(28) Pause Cleanup 116M->116M(388M) 0.321ms
[2026-09-29T22:33:51.700-0400][24.660s][info][gc,cpu      ] GC(28) User=0.00s Sys=0.00s Real=0.00s
[2026-09-29T22:33:51.701-0400][24.660s][info][safepoint   ] Safepoint "G1PauseCleanup", Time since last: 49008065 ns, Reaching safepoint: 15272455 ns, Cleanup: 40911 ns, At safepoint: 544150 ns, Total: 15857516 ns
[2026-09-29T22:33:51.701-0400][24.660s][info][gc,marking  ] GC(28) Concurrent Cleanup for Next Mark
[2026-09-29T22:33:51.702-0400][24.661s][info][gc,marking  ] GC(28) Concurrent Cleanup for Next Mark 1.175ms
[2026-09-29T22:33:51.702-0400][24.661s][info][gc          ] GC(28) Concurrent Mark Cycle 180.561ms
[2026-09-29T22:33:52.699-0400][25.658s][info][safepoint   ] Safepoint "ClassLoaderStatsOperation", Time since last: 993223985 ns, Reaching safepoint: 140188 ns, Cleanup: 560607 ns, At safepoint: 4293100 ns, Total: 4993895 ns
[2026-09-29T22:33:54.674-0400][27.634s][info][safepoint   ] Safepoint "Cleanup", Time since last: 1975088713 ns, Reaching safepoint: 25349 ns, Cleanup: 456548 ns, At safepoint: 5766 ns, Total: 487663 ns
[2026-09-29T22:33:55.281-0400][28.240s][info][safepoint   ] Safepoint "RedefineClasses", Time since last: 510808258 ns, Reaching safepoint: 15268 ns, Cleanup: 192165 ns, At safepoint: 95487552 ns, Total: 95694985 ns
[2026-09-29T22:33:55.317-0400][28.277s][info][safepoint   ] Safepoint "JFRCheckpoint", Time since last: 36355762 ns, Reaching safepoint: 16897 ns, Cleanup: 29884 ns, At safepoint: 57096 ns, Total: 103877 ns
[2026-09-29T22:33:55.325-0400][28.284s][info][safepoint   ] Safepoint "JFROldObject", Time since last: 7246573 ns, Reaching safepoint: 19618 ns, Cleanup: 8749 ns, At safepoint: 72656 ns, Total: 101023 ns
[2026-09-29T22:33:55.400-0400][28.359s][info][safepoint   ] Safepoint "RedefineClasses", Time since last: 2728136 ns, Reaching safepoint: 20757 ns, Cleanup: 9200 ns, At safepoint: 72437545 ns, Total: 72467502 ns
[2026-09-29T22:33:55.410-0400][28.369s][info][safepoint   ] Safepoint "ClassLoaderStatsOperation", Time since last: 5676412 ns, Reaching safepoint: 24145 ns, Cleanup: 7862 ns, At safepoint: 3939546 ns, Total: 3971553 ns
[2026-09-29T22:33:56.410-0400][29.369s][info][safepoint   ] Safepoint "Cleanup", Time since last: 1000254941 ns, Reaching safepoint: 35346 ns, Cleanup: 70524 ns, At safepoint: 15046 ns, Total: 120916 ns
[2026-09-29T22:33:57.379-0400][30.338s][info][safepoint   ] Safepoint "ClassLoaderStatsOperation", Time since last: 965382464 ns, Reaching safepoint: 20363 ns, Cleanup: 28482 ns, At safepoint: 3369117 ns, Total: 3417962 ns
[2026-09-29T22:33:58.379-0400][31.338s][info][safepoint   ] Safepoint "Cleanup", Time since last: 1000261120 ns, Reaching safepoint: 19627 ns, Cleanup: 57027 ns, At safepoint: 3911 ns, Total: 80565 ns
[2026-09-29T22:33:59.379-0400][32.339s][info][safepoint   ] Safepoint "Cleanup", Time since last: 1000257225 ns, Reaching safepoint: 23460 ns, Cleanup: 62911 ns, At safepoint: 5526 ns, Total: 91897 ns
[2026-09-29T22:34:00.281-0400][33.240s][info][safepoint   ] Safepoint "ICBufferFull", Time since last: 901015068 ns, Reaching safepoint: 16225 ns, Cleanup: 121702 ns, At safepoint: 3490 ns, Total: 141417 ns
[2026-09-29T22:34:00.666-0400][33.625s][info][safepoint   ] Safepoint "ICBufferFull", Time since last: 385213888 ns, Reaching safepoint: 18677 ns, Cleanup: 121674 ns, At safepoint: 3555 ns, Total: 143906 ns
[2026-09-29T22:34:00.887-0400][33.846s][info][safepoint   ] Safepoint "ICBufferFull", Time since last: 220985576 ns, Reaching safepoint: 13829 ns, Cleanup: 127795 ns, At safepoint: 3331 ns, Total: 144955 ns
[2026-09-29T22:34:01.147-0400][34.107s][info][safepoint   ] Safepoint "ICBufferFull", Time since last: 259849766 ns, Reaching safepoint: 20401 ns, Cleanup: 403655 ns, At safepoint: 93340 ns, Total: 517396 ns
[2026-09-29T22:34:01.442-0400][34.401s][info][safepoint   ] Safepoint "ICBufferFull", Time since last: 293963193 ns, Reaching safepoint: 15385 ns, Cleanup: 148035 ns, At safepoint: 54547 ns, Total: 217967 ns
[2026-09-29T22:34:02.324-0400][35.284s][info][safepoint   ] Safepoint "ClassLoaderStatsOperation", Time since last: 878929448 ns, Reaching safepoint: 15990 ns, Cleanup: 53580 ns, At safepoint: 3529787 ns, Total: 3599357 ns
[2026-09-29T22:34:04.325-0400][37.284s][info][safepoint   ] Safepoint "Cleanup", Time since last: 2000592929 ns, Reaching safepoint: 29796 ns, Cleanup: 20768 ns, At safepoint: 4604 ns, Total: 55168 ns
[2026-09-29T22:34:05.330-0400][38.289s][info][safepoint   ] Safepoint "ClassLoaderStatsOperation", Time since last: 993491284 ns, Reaching safepoint: 8152885 ns, Cleanup: 10970 ns, At safepoint: 3252152 ns, Total: 11416007 ns
[2026-09-29T22:34:05.334-0400][38.293s][info][safepoint   ] Safepoint "JFRCheckpoint", Time since last: 4261864 ns, Reaching safepoint: 29679 ns, Cleanup: 6131 ns, At safepoint: 25191 ns, Total: 61001 ns
[2026-09-29T22:34:05.343-0400][38.302s][info][safepoint   ] Safepoint "JFROldObject", Time since last: 8541354 ns, Reaching safepoint: 12935 ns, Cleanup: 4835 ns, At safepoint: 209069 ns, Total: 226839 ns
[2026-09-29T22:34:06.343-0400][39.302s][info][safepoint   ] Safepoint "Cleanup", Time since last: 1000265083 ns, Reaching safepoint: 37763 ns, Cleanup: 13923 ns, At safepoint: 2331 ns, Total: 54017 ns
[2026-09-29T22:34:07.341-0400][40.301s][info][safepoint   ] Safepoint "ClassLoaderStatsOperation", Time since last: 994617437 ns, Reaching safepoint: 19523 ns, Cleanup: 5521 ns, At safepoint: 3463465 ns, Total: 3488509 ns
[2026-09-29T22:34:10.342-0400][43.301s][info][safepoint   ] Safepoint "Cleanup", Time since last: 3000466948 ns, Reaching safepoint: 21187 ns, Cleanup: 108422 ns, At safepoint: 5592 ns, Total: 135201 ns
[2026-09-29T22:34:10.769-0400][43.729s][info][gc,start    ] GC(29) Pause Young (Prepare Mixed) (G1 Evacuation Pause)
[2026-09-29T22:34:10.769-0400][43.729s][info][gc,task     ] GC(29) Using 8 workers of 8 for evacuation
[2026-09-29T22:34:10.780-0400][43.739s][info][gc,phases   ] GC(29)   Pre Evacuate Collection Set: 0.38ms
[2026-09-29T22:34:10.780-0400][43.739s][info][gc,phases   ] GC(29)   Merge Heap Roots: 0.29ms
[2026-09-29T22:34:10.780-0400][43.739s][info][gc,phases   ] GC(29)   Evacuate Collection Set: 6.49ms
[2026-09-29T22:34:10.780-0400][43.739s][info][gc,phases   ] GC(29)   Post Evacuate Collection Set: 3.18ms
[2026-09-29T22:34:10.780-0400][43.739s][info][gc,phases   ] GC(29)   Other: 0.15ms
[2026-09-29T22:34:10.780-0400][43.739s][info][gc,heap     ] GC(29) Eden regions: 112->0(1)
[2026-09-29T22:34:10.780-0400][43.739s][info][gc,heap     ] GC(29) Survivor regions: 4->8(15)
[2026-09-29T22:34:10.780-0400][43.739s][info][gc,heap     ] GC(29) Old regions: 42->42
[2026-09-29T22:34:10.780-0400][43.739s][info][gc,heap     ] GC(29) Archive regions: 2->2
[2026-09-29T22:34:10.780-0400][43.739s][info][gc,heap     ] GC(29) Humongous regions: 2->2
[2026-09-29T22:34:10.780-0400][43.739s][info][gc,metaspace] GC(29) Metaspace: 134108K(137664K)->134108K(137664K) NonClass: 118455K(120640K)->118455K(120640K) Class: 15653K(17024K)->15653K(17024K)
[2026-09-29T22:34:10.780-0400][43.739s][info][gc          ] GC(29) Pause Young (Prepare Mixed) (G1 Evacuation Pause) 319M->102M(388M) 10.585ms
[2026-09-29T22:34:10.780-0400][43.739s][info][gc,cpu      ] GC(29) User=0.06s Sys=0.00s Real=0.01s
[2026-09-29T22:34:10.780-0400][43.739s][info][safepoint   ] Safepoint "G1CollectForAllocation", Time since last: 427370496 ns, Reaching safepoint: 12741 ns, Cleanup: 85836 ns, At safepoint: 10802000 ns, Total: 10900577 ns
[2026-09-29T22:34:10.787-0400][43.746s][info][gc,start    ] GC(30) Pause Young (Mixed) (G1 Evacuation Pause)
[2026-09-29T22:34:10.787-0400][43.746s][info][gc,task     ] GC(30) Using 8 workers of 8 for evacuation
[2026-09-29T22:34:10.793-0400][43.753s][info][gc,phases   ] GC(30)   Pre Evacuate Collection Set: 0.21ms
[2026-09-29T22:34:10.793-0400][43.753s][info][gc,phases   ] GC(30)   Merge Heap Roots: 0.13ms
[2026-09-29T22:34:10.793-0400][43.753s][info][gc,phases   ] GC(30)   Evacuate Collection Set: 5.17ms
[2026-09-29T22:34:10.793-0400][43.753s][info][gc,phases   ] GC(30)   Post Evacuate Collection Set: 1.08ms
[2026-09-29T22:34:10.793-0400][43.753s][info][gc,phases   ] GC(30)   Other: 0.16ms
[2026-09-29T22:34:10.793-0400][43.753s][info][gc,heap     ] GC(30) Eden regions: 1->0(96)
[2026-09-29T22:34:10.793-0400][43.753s][info][gc,heap     ] GC(30) Survivor regions: 8->1(2)
[2026-09-29T22:34:10.793-0400][43.753s][info][gc,heap     ] GC(30) Old regions: 42->48
[2026-09-29T22:34:10.793-0400][43.753s][info][gc,heap     ] GC(30) Archive regions: 2->2
[2026-09-29T22:34:10.793-0400][43.753s][info][gc,heap     ] GC(30) Humongous regions: 2->2
[2026-09-29T22:34:10.793-0400][43.753s][info][gc,metaspace] GC(30) Metaspace: 134111K(137664K)->134111K(137664K) NonClass: 118458K(120640K)->118458K(120640K) Class: 15653K(17024K)->15653K(17024K)
[2026-09-29T22:34:10.793-0400][43.753s][info][gc          ] GC(30) Pause Young (Mixed) (G1 Evacuation Pause) 104M->101M(388M) 6.830ms
[2026-09-29T22:34:10.793-0400][43.753s][info][gc,cpu      ] GC(30) User=0.04s Sys=0.00s Real=0.01s
[2026-09-29T22:34:10.793-0400][43.753s][info][safepoint   ] Safepoint "G1CollectForAllocation", Time since last: 6352780 ns, Reaching safepoint: 13146 ns, Cleanup: 12848 ns, At safepoint: 6949259 ns, Total: 6975253 ns
[2026-09-29T22:34:11.182-0400][44.141s][info][safepoint   ] Safepoint "ICBufferFull", Time since last: 388108603 ns, Reaching safepoint: 11664 ns, Cleanup: 97762 ns, At safepoint: 2747 ns, Total: 112173 ns
[2026-09-29T22:34:11.376-0400][44.335s][info][gc,heap,exit] Heap
[2026-09-29T22:34:11.376-0400][44.335s][info][gc,heap,exit]  garbage-first heap   total 397312K, used 185128K [0x0000000709400000, 0x0000000800000000)
[2026-09-29T22:34:11.376-0400][44.335s][info][gc,heap,exit]   region size 2048K, 41 young (83968K), 1 survivors (2048K)
[2026-09-29T22:34:11.376-0400][44.335s][info][gc,heap,exit]  Metaspace       used 134523K, committed 138048K, reserved 1179648K
[2026-09-29T22:34:11.376-0400][44.335s][info][gc,heap,exit]   class space    used 15679K, committed 17088K, reserved 1048576K
