[2026-09-29T22:33:27.057-0400][0.008s][info][gc] Using G1
[2026-09-29T22:33:27.065-0400][0.016s][info][gc,init] Version: 17.0.18+8-LTS (release)
[2026-09-29T22:33:27.065-0400][0.016s][info][gc,init] CPUs: 8 total, 8 available
[2026-09-29T22:33:27.065-0400][0.016s][info][gc,init] Memory: 15788M
[2026-09-29T22:33:27.065-0400][0.016s][info][gc,init] Large Page Support: Disabled
[2026-09-29T22:33:27.065-0400][0.016s][info][gc,init] NUMA Support: Disabled
[2026-09-29T22:33:27.065-0400][0.016s][info][gc,init] Compressed Oops: Enabled (Zero based)
[2026-09-29T22:33:27.065-0400][0.016s][info][gc,init] Heap Region Size: 2M
[2026-09-29T22:33:27.065-0400][0.016s][info][gc,init] Heap Min Capacity: 8M
[2026-09-29T22:33:27.065-0400][0.016s][info][gc,init] Heap Initial Capacity: 248M
[2026-09-29T22:33:27.065-0400][0.016s][info][gc,init] Heap Max Capacity: 3948M
[2026-09-29T22:33:27.065-0400][0.016s][info][gc,init] Pre-touch: Disabled
[2026-09-29T22:33:27.065-0400][0.016s][info][gc,init] Parallel Workers: 8
[2026-09-29T22:33:27.065-0400][0.016s][info][gc,init] Concurrent Workers: 2
[2026-09-29T22:33:27.065-0400][0.016s][info][gc,init] Concurrent Refinement Workers: 8
[2026-09-29T22:33:27.065-0400][0.016s][info][gc,init] Periodic GC: Disabled
[2026-09-29T22:33:27.073-0400][0.024s][info][gc,metaspace] CDS archive(s) mapped at: [0x000071af8b000000-0x000071af8bbc7000-0x000071af8bbc7000), size 12349440, SharedBaseAddress: 0x000071af8b000000, ArchiveRelocationMode: 1.
[2026-09-29T22:33:27.073-0400][0.024s][info][gc,metaspace] Compressed class space mapped at: 0x000071af8c000000-0x000071afcc000000, reserved size: 1073741824
[2026-09-29T22:33:27.073-0400][0.024s][info][gc,metaspace] Narrow klass base: 0x000071af8b000000, Narrow klass shift: 0, Narrow klass range: 0x100000000
[2026-09-29T22:33:27.639-0400][0.590s][info][safepoint   ] Safepoint "ClassLoaderStatsOperation", Time since last: 556056154 ns, Reaching safepoint: 35144 ns, Cleanup: 40398 ns, At safepoint: 194356 ns, Total: 269898 ns
[2026-09-29T22:33:32.700-0400][5.650s][info][safepoint   ] Safepoint "ClassLoaderStatsOperation", Time since last: 5060286084 ns, Reaching safepoint: 6932 ns, Cleanup: 7481 ns, At safepoint: 223760 ns, Total: 238173 ns
[2026-09-29T22:33:37.908-0400][10.858s][info][safepoint   ] Safepoint "ClassLoaderStatsOperation", Time since last: 5207763456 ns, Reaching safepoint: 6014 ns, Cleanup: 7005 ns, At safepoint: 221190 ns, Total: 234209 ns
[2026-09-29T22:33:42.231-0400][15.182s][info][safepoint   ] Safepoint "ClassLoaderStatsOperation", Time since last: 4323754705 ns, Reaching safepoint: 6443 ns, Cleanup: 8165 ns, At safepoint: 222421 ns, Total: 237029 ns
[2026-09-29T22:33:47.219-0400][20.170s][info][safepoint   ] Safepoint "ClassLoaderStatsOperation", Time since last: 4987116020 ns, Reaching safepoint: 6332 ns, Cleanup: 7016 ns, At safepoint: 617885 ns, Total: 631233 ns
[2026-09-29T22:33:52.124-0400][25.075s][info][gc,heap,exit] Heap
[2026-09-29T22:33:52.124-0400][25.075s][info][gc,heap,exit]  garbage-first heap   total 258048K, used 6534K [0x0000000709400000, 0x0000000800000000)
[2026-09-29T22:33:52.124-0400][25.075s][info][gc,heap,exit]   region size 2048K, 3 young (6144K), 0 survivors (0K)
[2026-09-29T22:33:52.124-0400][25.075s][info][gc,heap,exit]  Metaspace       used 1841K, committed 1984K, reserved 1114112K
[2026-09-29T22:33:52.124-0400][25.075s][info][gc,heap,exit]   class space    used 185K, committed 256K, reserved 1048576K
