********************************************************************************
product = Open Liberty 26.0.0.8 (wlp-1.0.116.cl260820260725-1102)
wlp.install.dir = /home/edburns/workareas/dd-3016202-cargotracker-devoxx-be-2026-02/1-trick-out-01-remove-before-merge/spike_1_16_java_vs_jaz/scratch/worktree/demo/target/liberty/wlp/
java.home = /usr/lib/jvm/msopenjdk-17-amd64
java.version = 17.0.18
java.runtime = OpenJDK Runtime Environment (17.0.18+8-LTS)
os = Linux (6.6.114.1-microsoft-standard-WSL2; amd64) (en)
process = 177374@DESKTOP-OG7FHKO
Classpath = /home/edburns/workareas/dd-3016202-cargotracker-devoxx-be-2026-02/1-trick-out-01-remove-before-merge/spike_1_16_java_vs_jaz/scratch/worktree/demo/target/liberty/wlp/bin/tools/ws-server.jar
Java Library path = /usr/java/packages/lib:/usr/lib64:/lib64:/lib:/usr/lib
********************************************************************************
[9/29/26, 22:33:27:702 EDT] 00000001 com.ibm.ws.kernel.launch.internal.FrameworkManager           A CWWKE0001I: The server defaultServer has been launched.
[9/29/26, 22:33:29:215 EDT] 00000001 com.ibm.ws.kernel.launch.internal.FrameworkManager           I CWWKE0002I: The kernel started after 1.982 seconds
[9/29/26, 22:33:29:726 EDT] 00000027 com.ibm.ws.kernel.feature.internal.FeatureManager            I CWWKF0007I: Feature update started.
[9/29/26, 22:33:33:968 EDT] 0000001b com.ibm.ws.security.ready.internal.SecurityReadyServiceImpl  I CWWKS0007I: The security service is starting...
[9/29/26, 22:33:34:184 EDT] 0000001d com.ibm.ws.app.manager.internal.monitor.DropinMonitor        A CWWKZ0058I: Monitoring dropins for applications.
[9/29/26, 22:33:34:796 EDT] 0000001d org.jboss.weld.Version                                       I WELD-000900: 2.4.8 (Final)
[9/29/26, 22:33:34:819 EDT] 0000001c com.ibm.ws.cache.ServerCache                                 I DYNA1001I: WebSphere Dynamic Cache instance named baseCache initialized successfully.
[9/29/26, 22:33:34:822 EDT] 0000001c com.ibm.ws.cache.ServerCache                                 I DYNA1071I: The cache provider default is being used.
[9/29/26, 22:33:34:824 EDT] 0000001c com.ibm.ws.cache.CacheServiceImpl                            I DYNA1056I: Dynamic Cache (object cache) initialized successfully.
[9/29/26, 22:33:35:800 EDT] 00000023 com.ibm.ws.ssl.config.WSKeyStore                             A CWPKI0820A: The default keystore has been created using the 'keystore_password' environment variable.
[9/29/26, 22:33:35:806 EDT] 00000023 com.ibm.ws.ssl.config.WSKeyStore                             I CWPKI0802I: Creating the SSL certificate. This may take a few seconds.
[9/29/26, 22:33:35:842 EDT] 00000029 com.ibm.ws.security.token.ltpa.LTPAKeyInfoManager            I CWWKS4103I: Creating the LTPA keys. This may take a few seconds.
[9/29/26, 22:33:35:946 EDT] 0000001b ibm.ws.security.authentication.internal.jaas.JAASServiceImpl I CWWKS1123I: The collective authentication plugin with class name NullCollectiveAuthenticationPlugin has been activated. 
[9/29/26, 22:33:36:274 EDT] 00000029 com.ibm.ws.security.token.ltpa.LTPAKeyInfoManager            A CWWKS4104A: LTPA keys created in 0.432 seconds. LTPA key file: /home/edburns/workareas/dd-3016202-cargotracker-devoxx-be-2026-02/1-trick-out-01-remove-before-merge/spike_1_16_java_vs_jaz/scratch/worktree/demo/target/liberty/wlp/usr/servers/defaultServer/resources/security/ltpa.keys
[9/29/26, 22:33:36:279 EDT] 00000029 com.ibm.ws.security.ready.internal.SecurityReadyServiceImpl  I CWWKS0008I: The security service is ready.
[9/29/26, 22:33:36:280 EDT] 00000029 com.ibm.ws.security.token.ltpa.internal.LTPAKeyCreateTask    I CWWKS4105I: LTPA configuration is ready after 0.439 seconds.
[9/29/26, 22:33:37:062 EDT] 0000001b com.ibm.ws.sib.utils.ras.SibMessage                          I  CWSIS1553I: The minimum reserved size in the configuration information of the permanent store file is 20,971,520 bytes. The maximum size is 209,715,200 bytes.
[9/29/26, 22:33:37:080 EDT] 0000001b com.ibm.ws.sib.utils.ras.SibMessage                          I  CWSIS1557I: The minimum reserved size in the configuration information of the temporary store file is 20,971,520 bytes. The maximum size is 209,715,200 bytes.
[9/29/26, 22:33:37:521 EDT] 00000023 com.ibm.ws.ssl.config.WSKeyStore                             A CWPKI0803A: SSL certificate created in 1.714 seconds. SSL key file: /home/edburns/workareas/dd-3016202-cargotracker-devoxx-be-2026-02/1-trick-out-01-remove-before-merge/spike_1_16_java_vs_jaz/scratch/worktree/demo/target/liberty/wlp/usr/servers/defaultServer/resources/security/key.p12
[9/29/26, 22:33:37:522 EDT] 00000023 com.ibm.ws.ssl.config.WSKeyStore                             I Successfully loaded default keystore: /home/edburns/workareas/dd-3016202-cargotracker-devoxx-be-2026-02/1-trick-out-01-remove-before-merge/spike_1_16_java_vs_jaz/scratch/worktree/demo/target/liberty/wlp/usr/servers/defaultServer/resources/security/key.p12 of type: PKCS12
[9/29/26, 22:33:37:919 EDT] 0000001b com.ibm.ws.sib.utils.ras.SibMessage                          I  CWSID0108I: JMS server has started.  
[9/29/26, 22:33:38:018 EDT] 0000001b com.ibm.ws.security.jaspi.AuthConfigFactoryWrapper           I CWWKS1655I: The default Java Authentication SPI for Containers (JASPIC) AuthConfigFactory class com.ibm.ws.security.jaspi.ProviderRegistry is being used because the Java security property authconfigprovider.factory is not set. 
[9/29/26, 22:33:38:341 EDT] 0000001b ontainer.security.feature.internal.FeatureAuthorizationTable I CWWKS9120I: Authorization roles with id="com.ibm.ws.batch" have been successfully processed.
[9/29/26, 22:33:38:606 EDT] 0000001f apache.cxf.cxf.core.3.2:1.0.116.cl260820260725-1102(id=211)] I Aries Blueprint packages not available. So namespaces will not be registered
[9/29/26, 22:33:38:739 EDT] 00000023 org.apache.cxf.ext.logging.osgi.Activator                    I CXF message logging feature disabled
[9/29/26, 22:33:39:142 EDT] 0000001c com.ibm.ws.transport.iiop.internal.ORBWrapperInternal        A CWWKI0001I: The CORBA name server is now available at corbaloc:iiop:localhost:2809/NameService.
[9/29/26, 22:33:39:884 EDT] 0000002b com.ibm.ws.app.manager.AppMessageHelper                      I CWWKZ0018I: Starting application cargo-tracker.
[9/29/26, 22:33:39:885 EDT] 0000002b bm.ws.app.manager.war.internal.WARDeployedAppInfoFactoryImpl I CWWKZ0134I: The cargo-tracker application is using the loose application definition at the /home/edburns/workareas/dd-3016202-cargotracker-devoxx-be-2026-02/1-trick-out-01-remove-before-merge/spike_1_16_java_vs_jaz/scratch/worktree/demo/target/liberty/wlp/usr/servers/defaultServer/apps/cargo-tracker.war.xml location.
[9/29/26, 22:33:41:026 EDT] 0000002b f.cxf.rt.management.3.2:1.0.116.cl260820260725-1102(id=235)] I registering MBean org.apache.cxf:bus.id=cargo-tracker-Server-Bus,type=Bus,instance.id=1072610028: org.apache.cxf.bus.ManagedBus@21df23f6
[9/29/26, 22:33:41:049 EDT] 0000002b f.cxf.rt.management.3.2:1.0.116.cl260820260725-1102(id=235)] I registered org.apache.cxf:bus.id=cargo-tracker-Server-Bus,type=Bus,instance.id=1072610028
[9/29/26, 22:33:41:141 EDT] 0000002b f.cxf.rt.management.3.2:1.0.116.cl260820260725-1102(id=235)] I registering MBean org.apache.cxf:bus.id=cargo-tracker-Server-Bus,WorkQueueManager=Bus.WorkQueueManager,type=WorkQueueManager,instance.id=1165955895: org.apache.cxf.bus.managers.WorkQueueManagerImplMBeanWrapper@2b3085b8
[9/29/26, 22:33:41:739 EDT] 0000002b SystemOut                                                    O [EL Info]: server: 2026-09-29 22:33:41.697--Detected server platform: org.eclipse.persistence.platform.server.was.WebSphere_Liberty_Platform.
[9/29/26, 22:33:42:430 EDT] 0000002b eclipselink.server                                           I CWWJP9990I: [eclipselink.server] Detected server platform: org.eclipse.persistence.platform.server.was.WebSphere_Liberty_Platform.
[9/29/26, 22:33:42:449 EDT] 0000002b eclipselink                                                  I CWWJP9990I: [eclipselink] EclipseLink, version: Eclipse Persistence Services - 2.6.10.WAS-v20230307-f193aace40
[9/29/26, 22:33:42:457 EDT] 0000002b eclipselink.connection                                       I CWWJP9990I: [eclipselink.connection] Not able to detect platform for vendor name [Generic Component Context DataSource[Generic Component Context DataSource : java:app/jdbc/CargoTrackerDatabase, 0]]. Defaulting to [org.eclipse.persistence.platform.database.DatabasePlatform]. The database dialect used may not match with the database you are using. Please explicitly provide a platform using property "eclipselink.target-database".
[9/29/26, 22:33:42:775 EDT] 0000002b com.ibm.ws.cdi.internal.archive.AbstractCDIArchive           W CWOWB1001W: Web Application Archive cargo-tracker#cargo-tracker.war contains more than one beans.xml file. Using WEB-INF/beans.xml. Ignoring WEB-INF/classes/META-INF/beans.xml.
[9/29/26, 22:33:45:980 EDT] 0000002b com.ibm.ws.session.WASSessionCore                            I SESN8501I: The session manager did not find a persistent storage location; HttpSession objects will be stored in the local application server's memory.
[9/29/26, 22:33:45:992 EDT] 0000002b com.ibm.ws.ejbcontainer.osgi.internal.EJBRuntimeImpl         I CNTR4000I: The cargo-tracker.war EJB module in the cargo-tracker application is starting.
[9/29/26, 22:33:46:067 EDT] 0000002b com.ibm.ws.ejbcontainer.osgi.internal.NameSpaceBinderImpl    I CNTR0167I: The server is binding the org.eclipse.pathfinder.api.GraphTraversalService interface of the GraphTraversalService enterprise bean in the cargo-tracker.war module of the cargo-tracker application.  The binding location is: ejblocal:cargo-tracker/cargo-tracker.war/GraphTraversalService#org.eclipse.pathfinder.api.GraphTraversalService
[9/29/26, 22:33:46:073 EDT] 0000002b com.ibm.ws.ejbcontainer.osgi.internal.NameSpaceBinderImpl    I CNTR0167I: The server is binding the org.eclipse.pathfinder.api.GraphTraversalService interface of the GraphTraversalService enterprise bean in the cargo-tracker.war module of the cargo-tracker application.  The binding location is: ejblocal:org.eclipse.pathfinder.api.GraphTraversalService
[9/29/26, 22:33:46:074 EDT] 0000002b com.ibm.ws.ejbcontainer.runtime.AbstractEJBRuntime           I CNTR0167I: The server is binding the org.eclipse.pathfinder.api.GraphTraversalService interface of the GraphTraversalService enterprise bean in the cargo-tracker.war module of the cargo-tracker application.  The binding location is: java:global/cargo-tracker/GraphTraversalService!org.eclipse.pathfinder.api.GraphTraversalService
[9/29/26, 22:33:46:075 EDT] 0000002b com.ibm.ws.ejbcontainer.osgi.internal.NameSpaceBinderImpl    I CNTR0167I: The server is binding the org.eclipse.cargotracker.domain.service.RoutingService interface of the ExternalRoutingService enterprise bean in the cargo-tracker.war module of the cargo-tracker application.  The binding location is: ejblocal:cargo-tracker/cargo-tracker.war/ExternalRoutingService#org.eclipse.cargotracker.domain.service.RoutingService
[9/29/26, 22:33:46:075 EDT] 0000002b com.ibm.ws.ejbcontainer.osgi.internal.NameSpaceBinderImpl    I CNTR0167I: The server is binding the org.eclipse.cargotracker.domain.service.RoutingService interface of the ExternalRoutingService enterprise bean in the cargo-tracker.war module of the cargo-tracker application.  The binding location is: ejblocal:org.eclipse.cargotracker.domain.service.RoutingService
[9/29/26, 22:33:46:075 EDT] 0000002b com.ibm.ws.ejbcontainer.runtime.AbstractEJBRuntime           I CNTR0167I: The server is binding the org.eclipse.cargotracker.domain.service.RoutingService interface of the ExternalRoutingService enterprise bean in the cargo-tracker.war module of the cargo-tracker application.  The binding location is: java:global/cargo-tracker/ExternalRoutingService!org.eclipse.cargotracker.domain.service.RoutingService
[9/29/26, 22:33:46:076 EDT] 0000002b com.ibm.ws.ejbcontainer.osgi.internal.NameSpaceBinderImpl    I CNTR0167I: The server is binding the org.eclipse.cargotracker.interfaces.handling.file.UploadDirectoryScanner interface of the UploadDirectoryScanner enterprise bean in the cargo-tracker.war module of the cargo-tracker application.  The binding location is: ejblocal:cargo-tracker/cargo-tracker.war/UploadDirectoryScanner#org.eclipse.cargotracker.interfaces.handling.file.UploadDirectoryScanner
[9/29/26, 22:33:46:076 EDT] 0000002b com.ibm.ws.ejbcontainer.osgi.internal.NameSpaceBinderImpl    I CNTR0167I: The server is binding the org.eclipse.cargotracker.interfaces.handling.file.UploadDirectoryScanner interface of the UploadDirectoryScanner enterprise bean in the cargo-tracker.war module of the cargo-tracker application.  The binding location is: ejblocal:org.eclipse.cargotracker.interfaces.handling.file.UploadDirectoryScanner
[9/29/26, 22:33:46:076 EDT] 0000002b com.ibm.ws.ejbcontainer.runtime.AbstractEJBRuntime           I CNTR0167I: The server is binding the org.eclipse.cargotracker.interfaces.handling.file.UploadDirectoryScanner interface of the UploadDirectoryScanner enterprise bean in the cargo-tracker.war module of the cargo-tracker application.  The binding location is: java:global/cargo-tracker/UploadDirectoryScanner!org.eclipse.cargotracker.interfaces.handling.file.UploadDirectoryScanner
[9/29/26, 22:33:46:077 EDT] 0000002b com.ibm.ws.ejbcontainer.osgi.internal.NameSpaceBinderImpl    I CNTR0167I: The server is binding the org.eclipse.cargotracker.application.CargoInspectionService interface of the DefaultCargoInspectionService enterprise bean in the cargo-tracker.war module of the cargo-tracker application.  The binding location is: ejblocal:cargo-tracker/cargo-tracker.war/DefaultCargoInspectionService#org.eclipse.cargotracker.application.CargoInspectionService
[9/29/26, 22:33:46:077 EDT] 0000002b com.ibm.ws.ejbcontainer.osgi.internal.NameSpaceBinderImpl    I CNTR0167I: The server is binding the org.eclipse.cargotracker.application.CargoInspectionService interface of the DefaultCargoInspectionService enterprise bean in the cargo-tracker.war module of the cargo-tracker application.  The binding location is: ejblocal:org.eclipse.cargotracker.application.CargoInspectionService
[9/29/26, 22:33:46:077 EDT] 0000002b com.ibm.ws.ejbcontainer.runtime.AbstractEJBRuntime           I CNTR0167I: The server is binding the org.eclipse.cargotracker.application.CargoInspectionService interface of the DefaultCargoInspectionService enterprise bean in the cargo-tracker.war module of the cargo-tracker application.  The binding location is: java:global/cargo-tracker/DefaultCargoInspectionService!org.eclipse.cargotracker.application.CargoInspectionService
[9/29/26, 22:33:46:078 EDT] 0000002b com.ibm.ws.ejbcontainer.osgi.internal.NameSpaceBinderImpl    I CNTR0167I: The server is binding the org.eclipse.cargotracker.interfaces.booking.rest.CargoMonitoringService interface of the CargoMonitoringService enterprise bean in the cargo-tracker.war module of the cargo-tracker application.  The binding location is: ejblocal:cargo-tracker/cargo-tracker.war/CargoMonitoringService#org.eclipse.cargotracker.interfaces.booking.rest.CargoMonitoringService
[9/29/26, 22:33:46:078 EDT] 0000002b com.ibm.ws.ejbcontainer.osgi.internal.NameSpaceBinderImpl    I CNTR0167I: The server is binding the org.eclipse.cargotracker.interfaces.booking.rest.CargoMonitoringService interface of the CargoMonitoringService enterprise bean in the cargo-tracker.war module of the cargo-tracker application.  The binding location is: ejblocal:org.eclipse.cargotracker.interfaces.booking.rest.CargoMonitoringService
[9/29/26, 22:33:46:078 EDT] 0000002b com.ibm.ws.ejbcontainer.runtime.AbstractEJBRuntime           I CNTR0167I: The server is binding the org.eclipse.cargotracker.interfaces.booking.rest.CargoMonitoringService interface of the CargoMonitoringService enterprise bean in the cargo-tracker.war module of the cargo-tracker application.  The binding location is: java:global/cargo-tracker/CargoMonitoringService!org.eclipse.cargotracker.interfaces.booking.rest.CargoMonitoringService
[9/29/26, 22:33:46:078 EDT] 0000002b com.ibm.ws.ejbcontainer.osgi.internal.NameSpaceBinderImpl    I CNTR0167I: The server is binding the org.eclipse.cargotracker.application.HandlingEventService interface of the DefaultHandlingEventService enterprise bean in the cargo-tracker.war module of the cargo-tracker application.  The binding location is: ejblocal:cargo-tracker/cargo-tracker.war/DefaultHandlingEventService#org.eclipse.cargotracker.application.HandlingEventService
[9/29/26, 22:33:46:079 EDT] 0000002b com.ibm.ws.ejbcontainer.osgi.internal.NameSpaceBinderImpl    I CNTR0167I: The server is binding the org.eclipse.cargotracker.application.HandlingEventService interface of the DefaultHandlingEventService enterprise bean in the cargo-tracker.war module of the cargo-tracker application.  The binding location is: ejblocal:org.eclipse.cargotracker.application.HandlingEventService
[9/29/26, 22:33:46:079 EDT] 0000002b com.ibm.ws.ejbcontainer.runtime.AbstractEJBRuntime           I CNTR0167I: The server is binding the org.eclipse.cargotracker.application.HandlingEventService interface of the DefaultHandlingEventService enterprise bean in the cargo-tracker.war module of the cargo-tracker application.  The binding location is: java:global/cargo-tracker/DefaultHandlingEventService!org.eclipse.cargotracker.application.HandlingEventService
[9/29/26, 22:33:46:079 EDT] 0000002b com.ibm.ws.ejbcontainer.osgi.internal.NameSpaceBinderImpl    I CNTR0167I: The server is binding the org.eclipse.cargotracker.interfaces.handling.rest.HandlingReportService interface of the HandlingReportService enterprise bean in the cargo-tracker.war module of the cargo-tracker application.  The binding location is: ejblocal:cargo-tracker/cargo-tracker.war/HandlingReportService#org.eclipse.cargotracker.interfaces.handling.rest.HandlingReportService
[9/29/26, 22:33:46:080 EDT] 0000002b com.ibm.ws.ejbcontainer.osgi.internal.NameSpaceBinderImpl    I CNTR0167I: The server is binding the org.eclipse.cargotracker.interfaces.handling.rest.HandlingReportService interface of the HandlingReportService enterprise bean in the cargo-tracker.war module of the cargo-tracker application.  The binding location is: ejblocal:org.eclipse.cargotracker.interfaces.handling.rest.HandlingReportService
[9/29/26, 22:33:46:080 EDT] 0000002b com.ibm.ws.ejbcontainer.runtime.AbstractEJBRuntime           I CNTR0167I: The server is binding the org.eclipse.cargotracker.interfaces.handling.rest.HandlingReportService interface of the HandlingReportService enterprise bean in the cargo-tracker.war module of the cargo-tracker application.  The binding location is: java:global/cargo-tracker/HandlingReportService!org.eclipse.cargotracker.interfaces.handling.rest.HandlingReportService
[9/29/26, 22:33:46:080 EDT] 0000002b com.ibm.ws.ejbcontainer.osgi.internal.NameSpaceBinderImpl    I CNTR0167I: The server is binding the org.eclipse.cargotracker.application.BookingService interface of the DefaultBookingService enterprise bean in the cargo-tracker.war module of the cargo-tracker application.  The binding location is: ejblocal:cargo-tracker/cargo-tracker.war/DefaultBookingService#org.eclipse.cargotracker.application.BookingService
[9/29/26, 22:33:46:081 EDT] 0000002b com.ibm.ws.ejbcontainer.osgi.internal.NameSpaceBinderImpl    I CNTR0167I: The server is binding the org.eclipse.cargotracker.application.BookingService interface of the DefaultBookingService enterprise bean in the cargo-tracker.war module of the cargo-tracker application.  The binding location is: ejblocal:org.eclipse.cargotracker.application.BookingService
[9/29/26, 22:33:46:082 EDT] 0000002b com.ibm.ws.ejbcontainer.runtime.AbstractEJBRuntime           I CNTR0167I: The server is binding the org.eclipse.cargotracker.application.BookingService interface of the DefaultBookingService enterprise bean in the cargo-tracker.war module of the cargo-tracker application.  The binding location is: java:global/cargo-tracker/DefaultBookingService!org.eclipse.cargotracker.application.BookingService
[9/29/26, 22:33:46:082 EDT] 0000002b com.ibm.ws.ejbcontainer.osgi.internal.NameSpaceBinderImpl    I CNTR0167I: The server is binding the org.eclipse.cargotracker.application.util.SampleDataGenerator interface of the SampleDataGenerator enterprise bean in the cargo-tracker.war module of the cargo-tracker application.  The binding location is: ejblocal:cargo-tracker/cargo-tracker.war/SampleDataGenerator#org.eclipse.cargotracker.application.util.SampleDataGenerator
[9/29/26, 22:33:46:082 EDT] 0000002b com.ibm.ws.ejbcontainer.osgi.internal.NameSpaceBinderImpl    I CNTR0167I: The server is binding the org.eclipse.cargotracker.application.util.SampleDataGenerator interface of the SampleDataGenerator enterprise bean in the cargo-tracker.war module of the cargo-tracker application.  The binding location is: ejblocal:org.eclipse.cargotracker.application.util.SampleDataGenerator
[9/29/26, 22:33:46:082 EDT] 0000002b com.ibm.ws.ejbcontainer.runtime.AbstractEJBRuntime           I CNTR0167I: The server is binding the org.eclipse.cargotracker.application.util.SampleDataGenerator interface of the SampleDataGenerator enterprise bean in the cargo-tracker.war module of the cargo-tracker application.  The binding location is: java:global/cargo-tracker/SampleDataGenerator!org.eclipse.cargotracker.application.util.SampleDataGenerator
[9/29/26, 22:33:46:083 EDT] 0000002b com.ibm.ws.ejbcontainer.osgi.internal.NameSpaceBinderImpl    I CNTR0167I: The server is binding the org.eclipse.cargotracker.interfaces.booking.socket.RealtimeCargoTrackingService interface of the RealtimeCargoTrackingService enterprise bean in the cargo-tracker.war module of the cargo-tracker application.  The binding location is: ejblocal:cargo-tracker/cargo-tracker.war/RealtimeCargoTrackingService#org.eclipse.cargotracker.interfaces.booking.socket.RealtimeCargoTrackingService
[9/29/26, 22:33:46:083 EDT] 0000002b com.ibm.ws.ejbcontainer.osgi.internal.NameSpaceBinderImpl    I CNTR0167I: The server is binding the org.eclipse.cargotracker.interfaces.booking.socket.RealtimeCargoTrackingService interface of the RealtimeCargoTrackingService enterprise bean in the cargo-tracker.war module of the cargo-tracker application.  The binding location is: ejblocal:org.eclipse.cargotracker.interfaces.booking.socket.RealtimeCargoTrackingService
[9/29/26, 22:33:46:083 EDT] 0000002b com.ibm.ws.ejbcontainer.runtime.AbstractEJBRuntime           I CNTR0167I: The server is binding the org.eclipse.cargotracker.interfaces.booking.socket.RealtimeCargoTrackingService interface of the RealtimeCargoTrackingService enterprise bean in the cargo-tracker.war module of the cargo-tracker application.  The binding location is: java:global/cargo-tracker/RealtimeCargoTrackingService!org.eclipse.cargotracker.interfaces.booking.socket.RealtimeCargoTrackingService
[9/29/26, 22:33:46:084 EDT] 0000002b com.ibm.ws.ejbcontainer.runtime.AbstractEJBRuntime           I CNTR0180I: The RejectedRegistrationAttemptsConsumer message-driven bean in the cargo-tracker.war module of the cargo-tracker application is bound to the cargo-tracker/RejectedRegistrationAttemptsConsumer activation specification.
[9/29/26, 22:33:46:122 EDT] 0000002b com.ibm.ws.ejbcontainer.mdb.internal.MDBRuntimeImpl          W CNTR4016W: The message endpoint for the RejectedRegistrationAttemptsConsumer message-driven bean cannot be activated because the java:app/jms/RejectedRegistrationAttemptsQueue destination is not available. The message endpoint will not receive messages until the destination becomes available.
[9/29/26, 22:33:46:124 EDT] 0000002b com.ibm.ws.ejbcontainer.runtime.AbstractEJBRuntime           I CNTR0180I: The MisdirectedCargoConsumer message-driven bean in the cargo-tracker.war module of the cargo-tracker application is bound to the cargo-tracker/MisdirectedCargoConsumer activation specification.
[9/29/26, 22:33:46:127 EDT] 0000002b com.ibm.ws.ejbcontainer.mdb.internal.MDBRuntimeImpl          W CNTR4016W: The message endpoint for the MisdirectedCargoConsumer message-driven bean cannot be activated because the java:app/jms/MisdirectedCargoQueue destination is not available. The message endpoint will not receive messages until the destination becomes available.
[9/29/26, 22:33:46:127 EDT] 0000002b com.ibm.ws.ejbcontainer.runtime.AbstractEJBRuntime           I CNTR0180I: The HandlingEventRegistrationAttemptConsumer message-driven bean in the cargo-tracker.war module of the cargo-tracker application is bound to the cargo-tracker/HandlingEventRegistrationAttemptConsumer activation specification.
[9/29/26, 22:33:46:130 EDT] 0000002b com.ibm.ws.ejbcontainer.mdb.internal.MDBRuntimeImpl          W CNTR4016W: The message endpoint for the HandlingEventRegistrationAttemptConsumer message-driven bean cannot be activated because the java:app/jms/HandlingEventRegistrationAttemptQueue destination is not available. The message endpoint will not receive messages until the destination becomes available.
[9/29/26, 22:33:46:131 EDT] 0000002b com.ibm.ws.ejbcontainer.runtime.AbstractEJBRuntime           I CNTR0180I: The CargoHandledConsumer message-driven bean in the cargo-tracker.war module of the cargo-tracker application is bound to the cargo-tracker/CargoHandledConsumer activation specification.
[9/29/26, 22:33:46:134 EDT] 0000002b com.ibm.ws.ejbcontainer.mdb.internal.MDBRuntimeImpl          W CNTR4016W: The message endpoint for the CargoHandledConsumer message-driven bean cannot be activated because the java:app/jms/CargoHandledQueue destination is not available. The message endpoint will not receive messages until the destination becomes available.
[9/29/26, 22:33:46:135 EDT] 0000002b com.ibm.ws.ejbcontainer.runtime.AbstractEJBRuntime           I CNTR0180I: The DeliveredCargoConsumer message-driven bean in the cargo-tracker.war module of the cargo-tracker application is bound to the cargo-tracker/DeliveredCargoConsumer activation specification.
[9/29/26, 22:33:46:140 EDT] 0000002b com.ibm.ws.ejbcontainer.mdb.internal.MDBRuntimeImpl          W CNTR4016W: The message endpoint for the DeliveredCargoConsumer message-driven bean cannot be activated because the java:app/jms/DeliveredCargoQueue destination is not available. The message endpoint will not receive messages until the destination becomes available.
[9/29/26, 22:33:46:174 EDT] 0000002b com.ibm.ws.recoverylog.spi.RecoveryDirectorImpl              I CWRLS0010I: Performing recovery processing for local WebSphere server (defaultServer).
[9/29/26, 22:33:46:207 EDT] 00000055 com.ibm.ws.recoverylog.spi.LogHandle                         I CWRLS0007I: No existing recovery log files found in /home/edburns/workareas/dd-3016202-cargotracker-devoxx-be-2026-02/1-trick-out-01-remove-before-merge/spike_1_16_java_vs_jaz/scratch/worktree/demo/target/liberty/wlp/usr/servers/defaultServer/tranlog/tranlog. Cold starting the recovery log.
[9/29/26, 22:33:46:208 EDT] 00000055 com.ibm.ws.recoverylog.spi.LogFileHandle                     I CWRLS0006I: Creating new recovery log file /home/edburns/workareas/dd-3016202-cargotracker-devoxx-be-2026-02/1-trick-out-01-remove-before-merge/spike_1_16_java_vs_jaz/scratch/worktree/demo/target/liberty/wlp/usr/servers/defaultServer/tranlog/tranlog/log1.
[9/29/26, 22:33:46:222 EDT] 00000055 com.ibm.ws.recoverylog.spi.LogFileHandle                     I CWRLS0006I: Creating new recovery log file /home/edburns/workareas/dd-3016202-cargotracker-devoxx-be-2026-02/1-trick-out-01-remove-before-merge/spike_1_16_java_vs_jaz/scratch/worktree/demo/target/liberty/wlp/usr/servers/defaultServer/tranlog/tranlog/log2.
[9/29/26, 22:33:46:244 EDT] 00000055 com.ibm.ws.recoverylog.spi.LogHandle                         I CWRLS0007I: No existing recovery log files found in /home/edburns/workareas/dd-3016202-cargotracker-devoxx-be-2026-02/1-trick-out-01-remove-before-merge/spike_1_16_java_vs_jaz/scratch/worktree/demo/target/liberty/wlp/usr/servers/defaultServer/tranlog/partnerlog. Cold starting the recovery log.
[9/29/26, 22:33:46:244 EDT] 00000055 com.ibm.ws.recoverylog.spi.LogFileHandle                     I CWRLS0006I: Creating new recovery log file /home/edburns/workareas/dd-3016202-cargotracker-devoxx-be-2026-02/1-trick-out-01-remove-before-merge/spike_1_16_java_vs_jaz/scratch/worktree/demo/target/liberty/wlp/usr/servers/defaultServer/tranlog/partnerlog/log1.
[9/29/26, 22:33:46:251 EDT] 00000055 com.ibm.ws.recoverylog.spi.LogFileHandle                     I CWRLS0006I: Creating new recovery log file /home/edburns/workareas/dd-3016202-cargotracker-devoxx-be-2026-02/1-trick-out-01-remove-before-merge/spike_1_16_java_vs_jaz/scratch/worktree/demo/target/liberty/wlp/usr/servers/defaultServer/tranlog/partnerlog/log2.
[9/29/26, 22:33:46:303 EDT] 0000002b com.ibm.ws.recoverylog.spi.RecoveryDirectorImpl              I CWRLS0012I: All persistent services have been directed to perform recovery processing for this WebSphere server (defaultServer).
[9/29/26, 22:33:46:303 EDT] 00000055 com.ibm.tx.jta.impl.RecoveryManager                          I WTRN0135I: Transaction service recovering no transactions.
[9/29/26, 22:33:48:084 EDT] 0000002b com.ibm.ws.rsadapter.impl.DatabaseHelper                     I DSRA8203I: Database product name : Apache Derby
[9/29/26, 22:33:48:085 EDT] 0000002b com.ibm.ws.rsadapter.impl.DatabaseHelper                     I DSRA8204I: Database product version : 10.14.2.0 - (1828579)
[9/29/26, 22:33:48:085 EDT] 0000002b com.ibm.ws.rsadapter.impl.DatabaseHelper                     I DSRA8205I: JDBC driver name  : Apache Derby Embedded JDBC Driver
[9/29/26, 22:33:48:085 EDT] 0000002b com.ibm.ws.rsadapter.impl.DatabaseHelper                     I DSRA8206I: JDBC driver version  : 10.14.2.0 - (1828579)
[9/29/26, 22:33:48:884 EDT] 0000002b com.ibm.ws.ejbcontainer.runtime.AbstractEJBRuntime           I CNTR0219I: The server created 1 persistent automatic timer or timers and 0 non-persistent automatic timer or timers for the cargo-tracker.war module.
[9/29/26, 22:33:48:946 EDT] 0000002b eclipselink                                                  I CWWJP9990I: [eclipselink] EclipseLink, version: Eclipse Persistence Services - 2.6.10.WAS-v20230307-f193aace40
[9/29/26, 22:33:48:982 EDT] 0000002b com.ibm.ws.rsadapter.impl.DatabaseHelper                     I DSRA8203I: Database product name : Apache Derby
[9/29/26, 22:33:48:982 EDT] 0000002b com.ibm.ws.rsadapter.impl.DatabaseHelper                     I DSRA8204I: Database product version : 10.14.2.0 - (1828579)
[9/29/26, 22:33:48:982 EDT] 0000002b com.ibm.ws.rsadapter.impl.DatabaseHelper                     I DSRA8205I: JDBC driver name  : Apache Derby Embedded JDBC Driver
[9/29/26, 22:33:48:982 EDT] 0000002b com.ibm.ws.rsadapter.impl.DatabaseHelper                     I DSRA8206I: JDBC driver version  : 10.14.2.0 - (1828579)
[9/29/26, 22:33:48:988 EDT] 0000002b eclipselink.metadata                                         W CWWJP9991W: [eclipselink.metadata] isNullAllowed is reset to false in org.eclipse.persistence.mappings.AggregateObjectMapping[schedule] because the aggregate has a (possibly nested) target foreign key mapping
[9/29/26, 22:33:48:992 EDT] 0000002b eclipselink.metadata                                         W CWWJP9991W: [eclipselink.metadata] isNullAllowed is reset to false in org.eclipse.persistence.mappings.AggregateObjectMapping[itinerary] because the aggregate has a (possibly nested) target foreign key mapping
[9/29/26, 22:33:49:179 EDT] 0000002b rg.eclipse.cargotracker.application.util.SampleDataGenerator I Loading sample data.
[9/29/26, 22:33:49:180 EDT] 0000002b rg.eclipse.cargotracker.application.util.SampleDataGenerator I Unloading all existing data.
[9/29/26, 22:33:49:358 EDT] 0000002b rg.eclipse.cargotracker.application.util.SampleDataGenerator I Loading sample locations.
[9/29/26, 22:33:49:389 EDT] 0000002b rg.eclipse.cargotracker.application.util.SampleDataGenerator I Loading sample voyages.
[9/29/26, 22:33:49:430 EDT] 0000002b rg.eclipse.cargotracker.application.util.SampleDataGenerator I Loading sample cargo data.
[9/29/26, 22:33:49:769 EDT] 0000002b com.ibm.ws.ejbcontainer.osgi.internal.EJBRuntimeImpl         I CNTR4001I: The cargo-tracker.war EJB module in the cargo-tracker application has started successfully.
[9/29/26, 22:33:49:775 EDT] 0000002b com.ibm.ws.webcontainer.osgi.webapp.WebGroup                 I SRVE0169I: Loading Web Module: cargo-tracker.
[9/29/26, 22:33:49:779 EDT] 0000002b com.ibm.ws.webcontainer                                      I SRVE0250I: Web Module cargo-tracker has been bound to default_host.
[9/29/26, 22:33:49:781 EDT] 0000002b com.ibm.ws.http.internal.VirtualHostImpl                     A CWWKT0016I: Web application available (default_host): http://172.25.182.31:8080/cargo-tracker/
[9/29/26, 22:33:49:808 EDT] 00000029 com.ibm.ws.session.WASSessionCore                            I SESN0176I: A new session context will be created for application key default_host/cargo-tracker
[9/29/26, 22:33:49:821 EDT] 00000029 com.ibm.ws.util                                              I SESN0172I: The session manager is using the Java default SecureRandom implementation for session ID generation.
[9/29/26, 22:33:49:903 EDT] 00000029 com.ibm.ws.cache.CacheServiceImpl                            I DYNA1056I: Dynamic Cache (object cache) initialized successfully.
[9/29/26, 22:33:50:772 EDT] 00000029 com.ibm.ws.wsoc.EndpointManager                              I CWWKH0046I: Adding a WebSocket ServerEndpoint with the following URI: /tracking
[9/29/26, 22:33:50:857 EDT] 00000029 org.apache.myfaces.config.DefaultFacesConfigurationProvider  I Reading standard config META-INF/standard-faces-config.xml
[9/29/26, 22:33:51:050 EDT] 00000029 org.apache.myfaces.config.DefaultFacesConfigurationProvider  I Reading config /WEB-INF/faces-config.xml
[9/29/26, 22:33:51:097 EDT] 00000029 org.apache.myfaces.config.DefaultFacesConfigurationProvider  I Reading config : wsjar:file:/home/edburns/workareas/dd-3016202-cargotracker-devoxx-be-2026-02/1-trick-out-01-remove-before-merge/spike_1_16_java_vs_jaz/scratch/worktree/demo/target/cargo-tracker/WEB-INF/lib/primefaces-8.0.jar!/META-INF/faces-config.xml
[9/29/26, 22:33:51:144 EDT] 00000029 org.apache.myfaces.config.DefaultFacesConfigurationProvider  I Reading config /booking/booking-flow.xml
[9/29/26, 22:33:51:270 EDT] 00000029 org.apache.myfaces.spi.impl.DefaultInjectionProviderFactory  I Using InjectionProvider com.ibm.ws.jsf.spi.impl.WASCDIAnnotationDelegateInjectionProvider
[9/29/26, 22:33:51:311 EDT] 00000029 org.apache.myfaces.util.ExternalSpecifications               I MyFaces CDI support enabled
[9/29/26, 22:33:51:380 EDT] 00000029 org.apache.myfaces.util.ExternalSpecifications               I MyFaces Bean Validation support enabled
[9/29/26, 22:33:51:382 EDT] 00000028 com.ibm.ws.webcontainer.osgi.mbeans.PluginGenerator          I SRVE9103I: A configuration file for a web server plugin was automatically generated for this server at /home/edburns/workareas/dd-3016202-cargotracker-devoxx-be-2026-02/1-trick-out-01-remove-before-merge/spike_1_16_java_vs_jaz/scratch/worktree/demo/target/liberty/wlp/usr/servers/defaultServer/logs/state/plugin-cfg.xml.
[9/29/26, 22:33:51:450 EDT] 00000029 org.apache.myfaces.config.FacesConfigurator                  I Serialization provider : class org.apache.myfaces.shared_impl.util.serial.DefaultSerialFactory
[9/29/26, 22:33:51:600 EDT] 00000029 org.primefaces.webapp.PostConstructApplicationEventListener  I Running on PrimeFaces 8.0
[9/29/26, 22:33:51:600 EDT] 00000029 org.apache.myfaces.webapp.AbstractFacesInitializer           I ServletContext initialized.
[9/29/26, 22:33:51:606 EDT] 00000029 org.apache.myfaces.webapp.WebConfigParamsLogger              I Tomahawk jar not available. Autoscrolling, DetectJavascript, AddResourceClass and CheckExtensionsFilter are disabled now.
[9/29/26, 22:33:51:606 EDT] 00000029 org.apache.myfaces.webapp.WebConfigParamsLogger              I Scanning for context init parameters not defined. It is not necessary to define them all into your web.xml, they are just provided here for informative purposes. To disable this messages set org.apache.myfaces.LOG_WEB_CONTEXT_PARAMS config param to 'false'
[9/29/26, 22:33:51:607 EDT] 00000029 org.apache.myfaces.webapp.WebConfigParamsLogger              I No context init parameter 'javax.faces.RESOURCE_EXCLUDES' found, using default value '.class .jsp .jspx .properties .xhtml .groovy'.
[9/29/26, 22:33:51:607 EDT] 00000029 org.apache.myfaces.webapp.WebConfigParamsLogger              I No context init parameter 'javax.faces.STATE_SAVING_METHOD' found, using default value 'server'.
[9/29/26, 22:33:51:607 EDT] 00000029 org.apache.myfaces.webapp.WebConfigParamsLogger              I No context init parameter 'javax.faces.FULL_STATE_SAVING_VIEW_IDS' found.
[9/29/26, 22:33:51:607 EDT] 00000029 org.apache.myfaces.webapp.WebConfigParamsLogger              I No context init parameter 'javax.faces.PARTIAL_STATE_SAVING' found, using default value 'true (false with 1.2 webapps)'.
[9/29/26, 22:33:51:607 EDT] 00000029 org.apache.myfaces.webapp.WebConfigParamsLogger              I No context init parameter 'javax.faces.SERIALIZE_SERVER_STATE' found, using default value 'false'.
[9/29/26, 22:33:51:607 EDT] 00000029 org.apache.myfaces.webapp.WebConfigParamsLogger              I No context init parameter 'javax.faces.DEFAULT_SUFFIX' found, using default value '.xhtml .view.xml .jsp'.
[9/29/26, 22:33:51:608 EDT] 00000029 org.apache.myfaces.webapp.WebConfigParamsLogger              I No context init parameter 'javax.faces.FACELETS_SUFFIX' found, using default value '.xhtml'.
[9/29/26, 22:33:51:608 EDT] 00000029 org.apache.myfaces.webapp.WebConfigParamsLogger              I No context init parameter 'javax.faces.FACELETS_VIEW_MAPPINGS' found.
[9/29/26, 22:33:51:608 EDT] 00000029 org.apache.myfaces.webapp.WebConfigParamsLogger              I No context init parameter 'DISABLE_FACELET_JSF_VIEWHANDLER' found.
[9/29/26, 22:33:51:608 EDT] 00000029 org.apache.myfaces.webapp.WebConfigParamsLogger              I No context init parameter 'javax.faces.FACELETS_BUFFER_SIZE' found, using default value '1024'.
[9/29/26, 22:33:51:608 EDT] 00000029 org.apache.myfaces.webapp.WebConfigParamsLogger              I No context init parameter 'javax.faces.FACELETS_DECORATORS' found.
[9/29/26, 22:33:51:609 EDT] 00000029 org.apache.myfaces.webapp.WebConfigParamsLogger              I No context init parameter 'javax.faces.FACELETS_LIBRARIES' found.
[9/29/26, 22:33:51:609 EDT] 00000029 org.apache.myfaces.webapp.WebConfigParamsLogger              I No context init parameter 'javax.faces.FACELETS_REFRESH_PERIOD' found, using default value '-1'.
[9/29/26, 22:33:51:609 EDT] 00000029 org.apache.myfaces.webapp.WebConfigParamsLogger              I No context init parameter 'javax.faces.FACELETS_SKIP_COMMENTS' found.
[9/29/26, 22:33:51:609 EDT] 00000029 org.apache.myfaces.webapp.WebConfigParamsLogger              I No context init parameter 'javax.faces.HONOR_CURRENT_COMPONENT_ATTRIBUTES' found, using default value 'false'.
[9/29/26, 22:33:51:609 EDT] 00000029 org.apache.myfaces.webapp.WebConfigParamsLogger              I No context init parameter 'javax.faces.VALIDATE_EMPTY_FIELDS' found, using default value 'auto'.
[9/29/26, 22:33:51:609 EDT] 00000029 org.apache.myfaces.webapp.WebConfigParamsLogger              I No context init parameter 'javax.faces.INTERPRET_EMPTY_STRING_SUBMITTED_VALUES_AS_NULL' found, using default value 'false'.
[9/29/26, 22:33:51:610 EDT] 00000029 org.apache.myfaces.webapp.WebConfigParamsLogger              I No context init parameter 'javax.faces.DATETIMECONVERTER_DEFAULT_TIMEZONE_IS_SYSTEM_TIMEZONE' found, using default value 'false'.
[9/29/26, 22:33:51:610 EDT] 00000029 org.apache.myfaces.webapp.WebConfigParamsLogger              I No context init parameter 'org.apache.myfaces.ENUM_CONVERTER_ALLOW_STRING_PASSTROUGH' found, using default value 'false'.
[9/29/26, 22:33:51:610 EDT] 00000029 org.apache.myfaces.webapp.WebConfigParamsLogger              I No context init parameter 'javax.faces.validator.DISABLE_DEFAULT_BEAN_VALIDATOR' found, using default value 'true'.
[9/29/26, 22:33:51:610 EDT] 00000029 org.apache.myfaces.webapp.WebConfigParamsLogger              I No context init parameter 'javax.faces.CONFIG_FILES' found.
[9/29/26, 22:33:51:610 EDT] 00000029 org.apache.myfaces.webapp.WebConfigParamsLogger              I No context init parameter 'javax.faces.LIFECYCLE_ID' found.
[9/29/26, 22:33:51:611 EDT] 00000029 org.apache.myfaces.webapp.WebConfigParamsLogger              I No context init parameter 'org.apache.myfaces.ERROR_HANDLER' found.
[9/29/26, 22:33:51:611 EDT] 00000029 org.apache.myfaces.webapp.WebConfigParamsLogger              I No context init parameter 'org.apache.myfaces.CHECKED_VIEWID_CACHE_SIZE' found, using default value '500'.
[9/29/26, 22:33:51:611 EDT] 00000029 org.apache.myfaces.webapp.WebConfigParamsLogger              I No context init parameter 'org.apache.myfaces.CHECKED_VIEWID_CACHE_ENABLED' found, using default value 'true'.
[9/29/26, 22:33:51:611 EDT] 00000029 org.apache.myfaces.webapp.WebConfigParamsLogger              I No context init parameter 'org.apache.myfaces.PRETTY_HTML' found, using default value 'true'.
[9/29/26, 22:33:51:611 EDT] 00000029 org.apache.myfaces.webapp.WebConfigParamsLogger              I No context init parameter 'org.apache.myfaces.ALLOW_JAVASCRIPT' found, using default value 'true'.
[9/29/26, 22:33:51:612 EDT] 00000029 org.apache.myfaces.webapp.WebConfigParamsLogger              I No context init parameter 'org.apache.myfaces.CONFIG_REFRESH_PERIOD' found, using default value '2'.
[9/29/26, 22:33:51:612 EDT] 00000029 org.apache.myfaces.webapp.WebConfigParamsLogger              I No context init parameter 'org.apache.myfaces.VIEWSTATE_JAVASCRIPT' found, using default value 'false'.
[9/29/26, 22:33:51:612 EDT] 00000029 org.apache.myfaces.webapp.WebConfigParamsLogger              I No context init parameter 'org.apache.myfaces.RENDER_VIEWSTATE_ID' found, using default value 'true'.
[9/29/26, 22:33:51:612 EDT] 00000029 org.apache.myfaces.webapp.WebConfigParamsLogger              I No context init parameter 'org.apache.myfaces.STRICT_XHTML_LINKS' found, using default value 'true'.
[9/29/26, 22:33:51:612 EDT] 00000029 org.apache.myfaces.webapp.WebConfigParamsLogger              I No context init parameter 'org.apache.myfaces.RENDER_CLEAR_JAVASCRIPT_FOR_BUTTON' found, using default value 'false'.
[9/29/26, 22:33:51:612 EDT] 00000029 org.apache.myfaces.webapp.WebConfigParamsLogger              I No context init parameter 'org.apache.myfaces.RENDER_HIDDEN_FIELDS_FOR_LINK_PARAMS' found, using default value 'false'.
[9/29/26, 22:33:51:612 EDT] 00000029 org.apache.myfaces.webapp.WebConfigParamsLogger              I No context init parameter 'org.apache.myfaces.SAVE_FORM_SUBMIT_LINK_IE' found, using default value 'false'.
[9/29/26, 22:33:51:613 EDT] 00000029 org.apache.myfaces.webapp.WebConfigParamsLogger              I No context init parameter 'org.apache.myfaces.DELEGATE_FACES_SERVLET' found.
[9/29/26, 22:33:51:613 EDT] 00000029 org.apache.myfaces.webapp.WebConfigParamsLogger              I No context init parameter 'org.apache.myfaces.REFRESH_TRANSIENT_BUILD_ON_PSS' found, using default value 'auto'.
[9/29/26, 22:33:51:613 EDT] 00000029 org.apache.myfaces.webapp.WebConfigParamsLogger              I No context init parameter 'org.apache.myfaces.REFRESH_TRANSIENT_BUILD_ON_PSS_PRESERVE_STATE' found, using default value 'false'.
[9/29/26, 22:33:51:613 EDT] 00000029 org.apache.myfaces.webapp.WebConfigParamsLogger              I No context init parameter 'org.apache.myfaces.VALIDATE_XML' found.
[9/29/26, 22:33:51:613 EDT] 00000029 org.apache.myfaces.webapp.WebConfigParamsLogger              I No context init parameter 'org.apache.myfaces.WRAP_SCRIPT_CONTENT_WITH_XML_COMMENT_TAG' found, using default value 'false'.
[9/29/26, 22:33:51:614 EDT] 00000029 org.apache.myfaces.webapp.WebConfigParamsLogger              I No context init parameter 'org.apache.myfaces.RENDER_FORM_SUBMIT_SCRIPT_INLINE' found, using default value 'false'.
[9/29/26, 22:33:51:614 EDT] 00000029 org.apache.myfaces.webapp.WebConfigParamsLogger              I No context init parameter 'org.apache.myfaces.DEBUG_PHASE_LISTENER' found.
[9/29/26, 22:33:51:614 EDT] 00000029 org.apache.myfaces.webapp.WebConfigParamsLogger              I No context init parameter 'org.apache.myfaces.STRICT_JSF_2_REFRESH_TARGET_AJAX' found, using default value 'false'.
[9/29/26, 22:33:51:614 EDT] 00000029 org.apache.myfaces.webapp.WebConfigParamsLogger              I No context init parameter 'org.apache.myfaces.STRICT_JSF_2_CC_EL_RESOLVER' found, using default value 'false'.
[9/29/26, 22:33:51:614 EDT] 00000029 org.apache.myfaces.webapp.WebConfigParamsLogger              I No context init parameter 'org.apache.myfaces.DEFAULT_RESPONSE_WRITER_CONTENT_TYPE_MODE' found, using default value 'text/html'.
[9/29/26, 22:33:51:614 EDT] 00000029 org.apache.myfaces.webapp.WebConfigParamsLogger              I No context init parameter 'org.apache.myfaces.VIEW_UNIQUE_IDS_CACHE_ENABLED' found, using default value 'true'.
[9/29/26, 22:33:51:614 EDT] 00000029 org.apache.myfaces.webapp.WebConfigParamsLogger              I No context init parameter 'org.apache.myfaces.COMPONENT_UNIQUE_IDS_CACHE_SIZE' found, using default value '100'.
[9/29/26, 22:33:51:615 EDT] 00000029 org.apache.myfaces.webapp.WebConfigParamsLogger              I No context init parameter 'org.apache.myfaces.SUPPORT_JSP_AND_FACES_EL' found, using default value 'true'.
[9/29/26, 22:33:51:615 EDT] 00000029 org.apache.myfaces.webapp.WebConfigParamsLogger              I No context init parameter 'org.apache.myfaces.GAE_JSF_JAR_FILES' found.
[9/29/26, 22:33:51:615 EDT] 00000029 org.apache.myfaces.webapp.WebConfigParamsLogger              I No context init parameter 'org.apache.myfaces.GAE_JSF_ANNOTATIONS_JAR_FILES' found.
[9/29/26, 22:33:51:615 EDT] 00000029 org.apache.myfaces.webapp.WebConfigParamsLogger              I No context init parameter 'org.apache.myfaces.STRICT_JSF_2_VIEW_NOT_FOUND' found, using default value 'false'.
[9/29/26, 22:33:51:615 EDT] 00000029 org.apache.myfaces.webapp.WebConfigParamsLogger              I No context init parameter 'org.apache.myfaces.EARLY_FLUSH_ENABLED' found, using default value 'false'.
[9/29/26, 22:33:51:615 EDT] 00000029 org.apache.myfaces.webapp.WebConfigParamsLogger              I No context init parameter 'org.apache.myfaces.CDI_MANAGED_CONVERTERS_ENABLED' found, using default value 'false'.
[9/29/26, 22:33:51:615 EDT] 00000029 org.apache.myfaces.webapp.WebConfigParamsLogger              I No context init parameter 'org.apache.myfaces.CDI_MANAGED_VALIDATORS_ENABLED' found, using default value 'false'.
[9/29/26, 22:33:51:616 EDT] 00000029 org.apache.myfaces.webapp.WebConfigParamsLogger              I No context init parameter 'org.apache.myfaces.STRICT_JSF_2_FACELETS_COMPATIBILITY' found, using default value 'false'.
[9/29/26, 22:33:51:616 EDT] 00000029 org.apache.myfaces.webapp.WebConfigParamsLogger              I No context init parameter 'org.apache.myfaces.RENDER_FORM_VIEW_STATE_AT_BEGIN' found, using default value 'false'.
[9/29/26, 22:33:51:616 EDT] 00000029 org.apache.myfaces.webapp.WebConfigParamsLogger              I No context init parameter 'org.apache.myfaces.FLASH_SCOPE_DISABLED' found, using default value 'false'.
[9/29/26, 22:33:51:616 EDT] 00000029 org.apache.myfaces.webapp.WebConfigParamsLogger              I No context init parameter 'org.apache.myfaces.NUMBER_OF_VIEWS_IN_SESSION' found, using default value '20'.
[9/29/26, 22:33:51:616 EDT] 00000029 org.apache.myfaces.webapp.WebConfigParamsLogger              I No context init parameter 'org.apache.myfaces.NUMBER_OF_SEQUENTIAL_VIEWS_IN_SESSION' found, using default value '4'.
[9/29/26, 22:33:51:616 EDT] 00000029 org.apache.myfaces.webapp.WebConfigParamsLogger              I No context init parameter 'org.apache.myfaces.NUMBER_OF_FLASH_TOKENS_IN_SESSION' found.
[9/29/26, 22:33:51:616 EDT] 00000029 org.apache.myfaces.webapp.WebConfigParamsLogger              I No context init parameter 'org.apache.myfaces.FACES_FLOW_CLIENT_WINDOW_IDS_IN_SESSION' found.
[9/29/26, 22:33:51:616 EDT] 00000029 org.apache.myfaces.webapp.WebConfigParamsLogger              I No context init parameter 'org.apache.myfaces.RESOURCE_MAX_TIME_EXPIRES' found, using default value '604800000'.
[9/29/26, 22:33:51:617 EDT] 00000029 org.apache.myfaces.webapp.WebConfigParamsLogger              I No context init parameter 'org.apache.myfaces.RESOURCE_HANDLER_CACHE_SIZE' found, using default value '500'.
[9/29/26, 22:33:51:617 EDT] 00000029 org.apache.myfaces.webapp.WebConfigParamsLogger              I No context init parameter 'org.apache.myfaces.RESOURCE_HANDLER_CACHE_ENABLED' found, using default value 'true'.
[9/29/26, 22:33:51:617 EDT] 00000029 org.apache.myfaces.webapp.WebConfigParamsLogger              I No context init parameter 'org.apache.myfaces.USE_ENCRYPTION' found, using default value 'true'.
[9/29/26, 22:33:51:617 EDT] 00000029 org.apache.myfaces.webapp.WebConfigParamsLogger              I No context init parameter 'org.apache.myfaces.SECRET' found.
[9/29/26, 22:33:51:617 EDT] 00000029 org.apache.myfaces.webapp.WebConfigParamsLogger              I No context init parameter 'org.apache.myfaces.ALGORITHM' found, using default value 'DES'.
[9/29/26, 22:33:51:617 EDT] 00000029 org.apache.myfaces.webapp.WebConfigParamsLogger              I No context init parameter 'org.apache.myfaces.SECRET.CACHE' found.
[9/29/26, 22:33:51:617 EDT] 00000029 org.apache.myfaces.webapp.WebConfigParamsLogger              I No context init parameter 'org.apache.myfaces.ALGORITHM.IV' found.
[9/29/26, 22:33:51:618 EDT] 00000029 org.apache.myfaces.webapp.WebConfigParamsLogger              I No context init parameter 'org.apache.myfaces.ALGORITHM.PARAMETERS' found, using default value 'ECB/PKCS5Padding'.
[9/29/26, 22:33:51:618 EDT] 00000029 org.apache.myfaces.webapp.WebConfigParamsLogger              I No context init parameter 'org.apache.myfaces.SERIAL_FACTORY' found.
[9/29/26, 22:33:51:618 EDT] 00000029 org.apache.myfaces.webapp.WebConfigParamsLogger              I No context init parameter 'org.apache.myfaces.COMPRESS_STATE_IN_CLIENT' found, using default value 'false'.
[9/29/26, 22:33:51:618 EDT] 00000029 org.apache.myfaces.webapp.WebConfigParamsLogger              I No context init parameter 'org.apache.myfaces.MAC_ALGORITHM' found, using default value 'HmacSHA1'.
[9/29/26, 22:33:51:618 EDT] 00000029 org.apache.myfaces.webapp.WebConfigParamsLogger              I No context init parameter 'org.apache.myfaces.MAC_SECRET' found.
[9/29/26, 22:33:51:618 EDT] 00000029 org.apache.myfaces.webapp.WebConfigParamsLogger              I No context init parameter 'org.apache.myfaces.MAC_SECRET.CACHE' found.
[9/29/26, 22:33:51:620 EDT] 00000029 org.apache.myfaces.webapp.WebConfigParamsLogger              I No context init parameter 'org.apache.myfaces.LAZY_LOAD_CONFIG_OBJECTS' found, using default value 'true'.
[9/29/26, 22:33:51:636 EDT] 00000029 org.apache.myfaces.webapp.WebConfigParamsLogger              I No context init parameter 'org.apache.myfaces.STRICT_JSF_2_ALLOW_SLASH_LIBRARY_NAME' found, using default value 'false'.
[9/29/26, 22:33:51:636 EDT] 00000029 org.apache.myfaces.webapp.WebConfigParamsLogger              I No context init parameter 'org.apache.myfaces.RESOURCE_BUFFER_SIZE' found, using default value '2048'.
[9/29/26, 22:33:51:637 EDT] 00000029 org.apache.myfaces.webapp.WebConfigParamsLogger              I No context init parameter 'org.apache.myfaces.RANDOM_KEY_IN_CSRF_SESSION_TOKEN' found, using default value 'secureRandom'.
[9/29/26, 22:33:51:637 EDT] 00000029 org.apache.myfaces.webapp.WebConfigParamsLogger              I No context init parameter 'org.apache.myfaces.RANDOM_KEY_IN_CSRF_SESSION_TOKEN_LENGTH' found, using default value '16'.
[9/29/26, 22:33:51:637 EDT] 00000029 org.apache.myfaces.webapp.WebConfigParamsLogger              I No context init parameter 'org.apache.myfaces.RANDOM_KEY_IN_CSRF_SESSION_TOKEN_SECURE_RANDOM_CLASS' found.
[9/29/26, 22:33:51:637 EDT] 00000029 org.apache.myfaces.webapp.WebConfigParamsLogger              I No context init parameter 'org.apache.myfaces.RANDOM_KEY_IN_CSRF_SESSION_TOKEN_SECURE_RANDOM_PROVIDER' found.
[9/29/26, 22:33:51:638 EDT] 00000029 org.apache.myfaces.webapp.WebConfigParamsLogger              I No context init parameter 'org.apache.myfaces.RANDOM_KEY_IN_CSRF_SESSION_TOKEN_SECURE_RANDOM_ALGORITM' found, using default value 'SHA1PRNG'.
[9/29/26, 22:33:51:638 EDT] 00000029 org.apache.myfaces.webapp.WebConfigParamsLogger              I No context init parameter 'org.apache.myfaces.CLIENT_VIEW_STATE_TIMEOUT' found, using default value '0'.
[9/29/26, 22:33:51:638 EDT] 00000029 org.apache.myfaces.webapp.WebConfigParamsLogger              I No context init parameter 'org.apache.myfaces.SERIALIZE_STATE_IN_SESSION' found, using default value 'false'.
[9/29/26, 22:33:51:638 EDT] 00000029 org.apache.myfaces.webapp.WebConfigParamsLogger              I No context init parameter 'org.apache.myfaces.COMPRESS_STATE_IN_SESSION' found, using default value 'true'.
[9/29/26, 22:33:51:638 EDT] 00000029 org.apache.myfaces.webapp.WebConfigParamsLogger              I No context init parameter 'org.apache.myfaces.CACHE_OLD_VIEWS_IN_SESSION_MODE' found, using default value 'off'.
[9/29/26, 22:33:51:639 EDT] 00000029 org.apache.myfaces.webapp.WebConfigParamsLogger              I No context init parameter 'org.apache.myfaces.USE_FLASH_SCOPE_PURGE_VIEWS_IN_SESSION' found, using default value 'false'.
[9/29/26, 22:33:51:639 EDT] 00000029 org.apache.myfaces.webapp.WebConfigParamsLogger              I No context init parameter 'org.apache.myfaces.RANDOM_KEY_IN_VIEW_STATE_SESSION_TOKEN' found, using default value 'secureRandom'.
[9/29/26, 22:33:51:639 EDT] 00000029 org.apache.myfaces.webapp.WebConfigParamsLogger              I No context init parameter 'org.apache.myfaces.RANDOM_KEY_IN_VIEW_STATE_SESSION_TOKEN_LENGTH' found, using default value '8'.
[9/29/26, 22:33:51:639 EDT] 00000029 org.apache.myfaces.webapp.WebConfigParamsLogger              I No context init parameter 'org.apache.myfaces.RANDOM_KEY_IN_VIEW_STATE_SESSION_TOKEN_SECURE_RANDOM_CLASS' found.
[9/29/26, 22:33:51:640 EDT] 00000029 org.apache.myfaces.webapp.WebConfigParamsLogger              I No context init parameter 'org.apache.myfaces.RANDOM_KEY_IN_VIEW_STATE_SESSION_TOKEN_SECURE_RANDOM_PROVIDER' found.
[9/29/26, 22:33:51:640 EDT] 00000029 org.apache.myfaces.webapp.WebConfigParamsLogger              I No context init parameter 'org.apache.myfaces.RANDOM_KEY_IN_VIEW_STATE_SESSION_TOKEN_SECURE_RANDOM_ALGORITM' found, using default value 'SHA1PRNG'.
[9/29/26, 22:33:51:641 EDT] 00000029 org.apache.myfaces.webapp.WebConfigParamsLogger              I No context init parameter 'facelets.LIBRARIES' found.
[9/29/26, 22:33:51:641 EDT] 00000029 org.apache.myfaces.webapp.WebConfigParamsLogger              I No context init parameter 'org.apache.myfaces.VALIDATE' found, using default value 'false'.
[9/29/26, 22:33:51:642 EDT] 00000029 org.apache.myfaces.webapp.WebConfigParamsLogger              I No context init parameter 'org.apache.myfaces.annotation.SCAN_PACKAGES' found.
[9/29/26, 22:33:51:642 EDT] 00000029 org.apache.myfaces.webapp.WebConfigParamsLogger              I No context init parameter 'org.apache.myfaces.config.annotation.LifecycleProvider' found.
[9/29/26, 22:33:51:642 EDT] 00000029 org.apache.myfaces.webapp.WebConfigParamsLogger              I No context init parameter 'org.apache.myfaces.EL_RESOLVER_COMPARATOR' found.
[9/29/26, 22:33:51:642 EDT] 00000029 org.apache.myfaces.webapp.WebConfigParamsLogger              I No context init parameter 'org.apache.myfaces.EL_RESOLVER_PREDICATE' found.
[9/29/26, 22:33:51:642 EDT] 00000029 org.apache.myfaces.webapp.WebConfigParamsLogger              I No context init parameter 'org.apache.myfaces.DEFAULT_WINDOW_MODE' found, using default value 'url'.
[9/29/26, 22:33:51:642 EDT] 00000029 org.apache.myfaces.webapp.WebConfigParamsLogger              I No context init parameter 'org.apache.myfaces.CHECKED_VIEWID_CACHE_SIZE' found, using default value '500'.
[9/29/26, 22:33:51:642 EDT] 00000029 org.apache.myfaces.webapp.WebConfigParamsLogger              I No context init parameter 'org.apache.myfaces.CHECKED_VIEWID_CACHE_ENABLED' found, using default value 'true'.
[9/29/26, 22:33:51:642 EDT] 00000029 org.apache.myfaces.webapp.WebConfigParamsLogger              I No context init parameter 'org.apache.myfaces.ERROR_TEMPLATE_RESOURCE' found, using default value 'META-INF/rsc/myfaces-dev-error.xml'.
[9/29/26, 22:33:51:643 EDT] 00000029 org.apache.myfaces.webapp.WebConfigParamsLogger              I No context init parameter 'org.apache.myfaces.DEBUG_TEMPLATE_RESOURCE' found, using default value 'META-INF/rsc/myfaces-dev-debug.xml'.
[9/29/26, 22:33:51:643 EDT] 00000029 org.apache.myfaces.webapp.WebConfigParamsLogger              I No context init parameter 'org.apache.myfaces.ERROR_HANDLING' found, using default value 'false, on Development Project stage: true'.
[9/29/26, 22:33:51:643 EDT] 00000029 org.apache.myfaces.webapp.WebConfigParamsLogger              I No context init parameter 'org.apache.myfaces.HANDLE_STATE_CACHING_MECHANICS' found, using default value 'true'.
[9/29/26, 22:33:51:643 EDT] 00000029 org.apache.myfaces.webapp.WebConfigParamsLogger              I No context init parameter 'org.apache.myfaces.AUTOCOMPLETE_OFF_VIEW_STATE' found, using default value 'true'.
[9/29/26, 22:33:51:643 EDT] 00000029 org.apache.myfaces.webapp.WebConfigParamsLogger              I No context init parameter 'org.apache.myfaces.USE_MULTIPLE_JS_FILES_FOR_JSF_UNCOMPRESSED_JS' found, using default value 'false'.
[9/29/26, 22:33:51:643 EDT] 00000029 org.apache.myfaces.webapp.WebConfigParamsLogger              I No context init parameter 'org.apache.myfaces.JSF_JS_MODE' found, using default value 'normal'.
[9/29/26, 22:33:51:644 EDT] 00000029 org.apache.myfaces.webapp.WebConfigParamsLogger              I No context init parameter 'org.apache.myfaces.TEMPORAL_RESOURCEHANDLER_CACHE_ENABLED' found, using default value 'false'.
[9/29/26, 22:33:51:644 EDT] 00000029 org.apache.myfaces.webapp.WebConfigParamsLogger              I No context init parameter 'org.apache.myfaces.SERVICE_PROVIDER_FINDER' found.
[9/29/26, 22:33:51:646 EDT] 00000029 org.apache.myfaces.webapp.WebConfigParamsLogger              I No context init parameter 'org.apache.myfaces.spi.InjectionProvider' found.
[9/29/26, 22:33:51:646 EDT] 00000029 org.apache.myfaces.webapp.WebConfigParamsLogger              I No context init parameter 'javax.faces.DISABLE_FACELET_JSF_VIEWHANDLER' found, using default value 'false'.
[9/29/26, 22:33:51:646 EDT] 00000029 org.apache.myfaces.webapp.WebConfigParamsLogger              I No context init parameter 'org.apache.myfaces.SAVE_STATE_WITH_VISIT_TREE_ON_PSS' found, using default value 'true'.
[9/29/26, 22:33:51:647 EDT] 00000029 org.apache.myfaces.webapp.WebConfigParamsLogger              I No context init parameter 'org.apache.myfaces.CHECK_ID_PRODUCTION_MODE' found, using default value 'auto'.
[9/29/26, 22:33:51:647 EDT] 00000029 org.apache.myfaces.webapp.WebConfigParamsLogger              I No context init parameter 'facelets.BUFFER_SIZE' found.
[9/29/26, 22:33:51:647 EDT] 00000029 org.apache.myfaces.webapp.WebConfigParamsLogger              I No context init parameter 'facelets.REFRESH_PERIOD' found, using default value '-1'.
[9/29/26, 22:33:51:647 EDT] 00000029 org.apache.myfaces.webapp.WebConfigParamsLogger              I No context init parameter 'javax.faces.FACELETS_RESOURCE_RESOLVER' found.
[9/29/26, 22:33:51:647 EDT] 00000029 org.apache.myfaces.webapp.WebConfigParamsLogger              I No context init parameter 'facelets.RESOURCE_RESOLVER' found.
[9/29/26, 22:33:51:647 EDT] 00000029 org.apache.myfaces.webapp.WebConfigParamsLogger              I No context init parameter 'org.apache.myfaces.MARK_INITIAL_STATE_WHEN_APPLY_BUILD_VIEW' found, using default value 'false'.
[9/29/26, 22:33:51:647 EDT] 00000029 org.apache.myfaces.webapp.WebConfigParamsLogger              I No context init parameter 'facelets.DECORATORS' found.
[9/29/26, 22:33:51:648 EDT] 00000029 org.apache.myfaces.webapp.WebConfigParamsLogger              I No context init parameter 'facelets.SKIP_COMMENTS' found.
[9/29/26, 22:33:51:648 EDT] 00000029 org.apache.myfaces.webapp.WebConfigParamsLogger              I No context init parameter 'org.apache.myfaces.WRAP_TAG_EXCEPTIONS_AS_CONTEXT_AWARE' found, using default value 'true'.
[9/29/26, 22:33:51:648 EDT] 00000029 org.apache.myfaces.webapp.WebConfigParamsLogger              I No context init parameter 'org.apache.myfaces.CACHE_EL_EXPRESSIONS' found, using default value 'noCache'.
[9/29/26, 22:33:51:648 EDT] 00000029 org.apache.myfaces.webapp.WebConfigParamsLogger              I No context init parameter 'org.apache.myfaces.VIEW_POOL_MAX_POOL_SIZE' found, using default value '5'.
[9/29/26, 22:33:51:648 EDT] 00000029 org.apache.myfaces.webapp.WebConfigParamsLogger              I No context init parameter 'org.apache.myfaces.VIEW_POOL_MAX_DYNAMIC_PARTIAL_LIMIT' found, using default value '2'.
[9/29/26, 22:33:51:648 EDT] 00000029 org.apache.myfaces.webapp.WebConfigParamsLogger              I No context init parameter 'org.apache.myfaces.VIEW_POOL_ENTRY_MODE' found, using default value 'soft'.
[9/29/26, 22:33:51:648 EDT] 00000029 org.apache.myfaces.webapp.WebConfigParamsLogger              I No context init parameter 'org.apache.myfaces.VIEW_POOL_DEFERRED_NAVIGATION' found, using default value 'false'.
[9/29/26, 22:33:51:648 EDT] 00000029 org.apache.myfaces.webapp.WebConfigParamsLogger              I No context init parameter 'org.apache.myfaces.EXPRESSION_FACTORY' found.
[9/29/26, 22:33:51:649 EDT] 00000029 org.apache.myfaces.webapp.WebConfigParamsLogger              I No context init parameter 'org.apache.myfaces.INITIALIZE_ALWAYS_STANDALONE' found, using default value 'false'.
[9/29/26, 22:33:51:649 EDT] 00000029 org.apache.myfaces.webapp.WebConfigParamsLogger              I No context init parameter 'org.apache.myfaces.LOG_WEB_CONTEXT_PARAMS' found, using default value 'auto'.
[9/29/26, 22:33:51:649 EDT] 00000029 org.apache.myfaces.webapp.WebConfigParamsLogger              I No context init parameter 'org.apache.myfaces.FACES_INITIALIZER' found.
[9/29/26, 22:33:51:649 EDT] 00000029 org.apache.myfaces.webapp.WebConfigParamsLogger              I No context init parameter 'org.apache.myfaces.FACES_INIT_PLUGINS' found.
[9/29/26, 22:33:51:650 EDT] 00000029 org.apache.myfaces.util.ExternalSpecifications               I MyFaces Unified EL support enabled
[9/29/26, 22:33:51:652 EDT] 00000029 org.apache.myfaces.webapp.AbstractFacesInitializer           W 

*******************************************************************
*** WARNING: Apache MyFaces-2 is running in DEVELOPMENT mode.   ***
***                                         ^^^^^^^^^^^         ***
*** Do NOT deploy to your live server(s) without changing this. ***
*** See Application#getProjectStage() for more information.     ***
*******************************************************************

[9/29/26, 22:33:51:666 EDT] 00000029 com.ibm.ws.app.manager.AppMessageHelper                      A CWWKZ0001I: Application cargo-tracker started in 11.782 seconds.
[9/29/26, 22:33:51:744 EDT] 00000027 com.ibm.ws.tcpchannel.internal.TCPPort                       I CWWKO0219I: TCP Channel defaultHttpEndpoint has been started and is now listening for requests on host *  (IPv6) port 8080.
[9/29/26, 22:33:51:747 EDT] 00000027 com.ibm.ws.tcpchannel.internal.TCPPort                       I CWWKO0219I: TCP Channel wasJmsEndpoint555 has been started and is now listening for requests on host localhost  (IPv4: 127.0.0.1) port 7276.
[9/29/26, 22:33:51:747 EDT] 00000027 com.ibm.ws.tcpchannel.internal.TCPPort                       I CWWKO0219I: TCP Channel defaultHttpEndpoint-ssl has been started and is now listening for requests on host *  (IPv6) port 8081.
[9/29/26, 22:33:51:752 EDT] 00000027 com.ibm.ws.tcpchannel.internal.TCPPort                       I CWWKO0219I: TCP Channel wasJmsEndpoint555-ssl has been started and is now listening for requests on host localhost  (IPv4: 127.0.0.1) port 7286.
[9/29/26, 22:33:51:771 EDT] 00000029 com.ibm.ws.webcontainer.servlet                              I SRVE0242I: [cargo-tracker] [/cargo-tracker] [Faces Servlet]: Initialization successful.
[9/29/26, 22:33:51:987 EDT] 00000027 com.ibm.ws.sib.utils.ras.SibMessage                          I  CWSIV0777I: A connection to messaging engine defaultME for destination RejectedRegistrationAttemptsQueue on bus defaultBus has been successfully created.
[9/29/26, 22:33:51:988 EDT] 00000027 com.ibm.ws.sib.utils.ras.SibMessage                          I  CWSIV0556I: Connection to the Messaging Engine was successful. The message-driven bean with activation specification cargo-tracker/RejectedRegistrationAttemptsConsumer will now be able to receive the messages from destination RejectedRegistrationAttemptsQueue.
[9/29/26, 22:33:51:989 EDT] 00000027 com.ibm.ws.jca.service.EndpointActivationService             I J2CA8801I: The message endpoint for activation specification cargo-tracker/RejectedRegistrationAttemptsConsumer and message driven bean application cargo-tracker#cargo-tracker.war#RejectedRegistrationAttemptsConsumer is activated.
[9/29/26, 22:33:51:995 EDT] 00000027 com.ibm.ws.sib.utils.ras.SibMessage                          I  CWSIV0777I: A connection to messaging engine defaultME for destination MisdirectedCargoQueue on bus defaultBus has been successfully created.
[9/29/26, 22:33:51:996 EDT] 00000027 com.ibm.ws.sib.utils.ras.SibMessage                          I  CWSIV0556I: Connection to the Messaging Engine was successful. The message-driven bean with activation specification cargo-tracker/MisdirectedCargoConsumer will now be able to receive the messages from destination MisdirectedCargoQueue.
[9/29/26, 22:33:51:996 EDT] 00000027 com.ibm.ws.jca.service.EndpointActivationService             I J2CA8801I: The message endpoint for activation specification cargo-tracker/MisdirectedCargoConsumer and message driven bean application cargo-tracker#cargo-tracker.war#MisdirectedCargoConsumer is activated.
[9/29/26, 22:33:52:016 EDT] 00000027 com.ibm.ws.sib.utils.ras.SibMessage                          I  CWSIV0777I: A connection to messaging engine defaultME for destination HandlingEventRegistrationAttemptQueue on bus defaultBus has been successfully created.
[9/29/26, 22:33:52:018 EDT] 00000027 com.ibm.ws.sib.utils.ras.SibMessage                          I  CWSIV0556I: Connection to the Messaging Engine was successful. The message-driven bean with activation specification cargo-tracker/HandlingEventRegistrationAttemptConsumer will now be able to receive the messages from destination HandlingEventRegistrationAttemptQueue.
[9/29/26, 22:33:52:018 EDT] 00000027 com.ibm.ws.jca.service.EndpointActivationService             I J2CA8801I: The message endpoint for activation specification cargo-tracker/HandlingEventRegistrationAttemptConsumer and message driven bean application cargo-tracker#cargo-tracker.war#HandlingEventRegistrationAttemptConsumer is activated.
[9/29/26, 22:33:52:031 EDT] 00000027 com.ibm.ws.sib.utils.ras.SibMessage                          I  CWSIV0777I: A connection to messaging engine defaultME for destination CargoHandledQueue on bus defaultBus has been successfully created.
[9/29/26, 22:33:52:032 EDT] 00000027 com.ibm.ws.sib.utils.ras.SibMessage                          I  CWSIV0556I: Connection to the Messaging Engine was successful. The message-driven bean with activation specification cargo-tracker/CargoHandledConsumer will now be able to receive the messages from destination CargoHandledQueue.
[9/29/26, 22:33:52:032 EDT] 00000027 com.ibm.ws.jca.service.EndpointActivationService             I J2CA8801I: The message endpoint for activation specification cargo-tracker/CargoHandledConsumer and message driven bean application cargo-tracker#cargo-tracker.war#CargoHandledConsumer is activated.
[9/29/26, 22:33:52:040 EDT] 00000027 com.ibm.ws.sib.utils.ras.SibMessage                          I  CWSIV0777I: A connection to messaging engine defaultME for destination DeliveredCargoQueue on bus defaultBus has been successfully created.
[9/29/26, 22:33:52:044 EDT] 00000027 com.ibm.ws.sib.utils.ras.SibMessage                          I  CWSIV0556I: Connection to the Messaging Engine was successful. The message-driven bean with activation specification cargo-tracker/DeliveredCargoConsumer will now be able to receive the messages from destination DeliveredCargoQueue.
[9/29/26, 22:33:52:044 EDT] 00000027 com.ibm.ws.jca.service.EndpointActivationService             I J2CA8801I: The message endpoint for activation specification cargo-tracker/DeliveredCargoConsumer and message driven bean application cargo-tracker#cargo-tracker.war#DeliveredCargoConsumer is activated.
[9/29/26, 22:33:52:115 EDT] 00000027 com.ibm.ws.kernel.feature.internal.FeatureManager            A CWWKF0012I: The server installed the following features: [appClientSupport-1.0, appSecurity-2.0, batch-1.0, beanValidation-1.1, cdi-1.2, concurrent-1.0, distributedMap-1.0, ejb-3.2, ejbHome-3.2, ejbLite-3.2, ejbPersistentTimer-3.2, ejbRemote-3.2, el-3.0, j2eeManagement-1.1, jacc-1.5, jaspic-1.1, javaMail-1.5, javaee-7.0, jaxb-2.2, jaxrs-2.0, jaxrsClient-2.0, jaxws-2.2, jca-1.7, jcaInboundSecurity-1.0, jdbc-4.1, jms-2.0, jndi-1.0, jpa-2.1, jpaContainer-2.1, jsf-2.2, json-1.0, jsonp-1.0, jsp-2.3, localConnector-1.0, managedBeans-1.0, mdb-3.2, servlet-3.1, ssl-1.0, wasJmsClient-2.0, wasJmsSecurity-1.0, wasJmsServer-1.0, webProfile-7.0, websocket-1.1].
[9/29/26, 22:33:52:116 EDT] 00000027 com.ibm.ws.kernel.feature.internal.FeatureManager            I CWWKF0008I: Feature update completed in 22.904 seconds.
[9/29/26, 22:33:52:118 EDT] 00000027 com.ibm.ws.kernel.feature.internal.FeatureManager            A CWWKF0011I: The defaultServer server is ready to run a smarter planet. The defaultServer server started in 24.885 seconds.
[9/29/26, 22:33:52:920 EDT] 0000006d ibm.ws.jaxrs.2.0.common:1.0.116.cl260820260725-1102(id=293)] I Setting the server's publish address to be /rest/
[9/29/26, 22:33:53:326 EDT] 0000006d com.ibm.ws.webcontainer.servlet                              I SRVE0242I: [cargo-tracker] [/cargo-tracker] [org.eclipse.cargotracker.application.util.RestConfiguration]: Initialization successful.
[9/29/26, 22:34:00:119 EDT] 0000007a ibm.jbatch.container.services.impl.JPAPersistenceManagerImpl I CWWKY0005I: The batch JPA persistence service is activated.
[9/29/26, 22:34:00:121 EDT] 0000007a com.ibm.jbatch.container.impl.BatchKernelImpl                I CWWKY0008I: The batch feature is using persistence type JPA.
[9/29/26, 22:34:00:143 EDT] 0000007a com.ibm.ws.jbatch.security.impl.WSBatchAuthServiceImpl       I CWWKY0300I: Batch security is enabled.
[9/29/26, 22:34:01:279 EDT] 00000069 rgotracker.interfaces.handling.file.FileProcessorJobListener I Handling event file processor batch job starting at 9/29/26, 10:34 PM
[9/29/26, 22:34:01:420 EDT] 00000069 clipse.cargotracker.interfaces.handling.file.EventItemReader I Scanning upload directory: /tmp/uploads
[9/29/26, 22:34:01:421 EDT] 00000069 clipse.cargotracker.interfaces.handling.file.EventItemReader I No files to process
[9/29/26, 22:34:01:500 EDT] 00000069 rgotracker.interfaces.handling.file.FileProcessorJobListener I Handling event file processor batch job completed at 9/29/26, 10:34 PM
