[2026-09-29T22:34:16.529-0400][0.004s][info][gc] Using G1
[2026-09-29T22:34:16.531-0400][0.007s][info][gc,init] Version: 17.0.18+8-LTS (release)
[2026-09-29T22:34:16.531-0400][0.007s][info][gc,init] CPUs: 8 total, 8 available
[2026-09-29T22:34:16.531-0400][0.007s][info][gc,init] Memory: 15788M
[2026-09-29T22:34:16.531-0400][0.007s][info][gc,init] Large Page Support: Disabled
[2026-09-29T22:34:16.531-0400][0.007s][info][gc,init] NUMA Support: Disabled
[2026-09-29T22:34:16.531-0400][0.007s][info][gc,init] Compressed Oops: Enabled (Zero based)
[2026-09-29T22:34:16.531-0400][0.007s][info][gc,init] Heap Region Size: 2M
[2026-09-29T22:34:16.531-0400][0.007s][info][gc,init] Heap Min Capacity: 8M
[2026-09-29T22:34:16.531-0400][0.007s][info][gc,init] Heap Initial Capacity: 248M
[2026-09-29T22:34:16.531-0400][0.007s][info][gc,init] Heap Max Capacity: 3948M
[2026-09-29T22:34:16.531-0400][0.007s][info][gc,init] Pre-touch: Disabled
[2026-09-29T22:34:16.531-0400][0.007s][info][gc,init] Parallel Workers: 8
[2026-09-29T22:34:16.531-0400][0.007s][info][gc,init] Concurrent Workers: 2
[2026-09-29T22:34:16.531-0400][0.007s][info][gc,init] Concurrent Refinement Workers: 8
[2026-09-29T22:34:16.531-0400][0.007s][info][gc,init] Periodic GC: Disabled
[2026-09-29T22:34:16.540-0400][0.016s][info][gc,metaspace] CDS archive(s) mapped at: [0x00007bb27f000000-0x00007bb27fbc7000-0x00007bb27fbc7000), size 12349440, SharedBaseAddress: 0x00007bb27f000000, ArchiveRelocationMode: 1.
[2026-09-29T22:34:16.540-0400][0.016s][info][gc,metaspace] Compressed class space mapped at: 0x00007bb280000000-0x00007bb2c0000000, reserved size: 1073741824
[2026-09-29T22:34:16.540-0400][0.016s][info][gc,metaspace] Narrow klass base: 0x00007bb27f000000, Narrow klass shift: 0, Narrow klass range: 0x100000000
[2026-09-29T22:34:18.223-0400][1.699s][info][safepoint   ] Safepoint "Cleanup", Time since last: 1677390701 ns, Reaching safepoint: 8060 ns, Cleanup: 46597 ns, At safepoint: 4156 ns, Total: 58813 ns
[2026-09-29T22:34:40.213-0400][23.689s][info][gc,heap,exit] Heap
[2026-09-29T22:34:40.213-0400][23.689s][info][gc,heap,exit]  garbage-first heap   total 258048K, used 6084K [0x0000000709400000, 0x0000000800000000)
[2026-09-29T22:34:40.213-0400][23.689s][info][gc,heap,exit]   region size 2048K, 3 young (6144K), 0 survivors (0K)
[2026-09-29T22:34:40.213-0400][23.689s][info][gc,heap,exit]  Metaspace       used 1846K, committed 1984K, reserved 1114112K
[2026-09-29T22:34:40.213-0400][23.689s][info][gc,heap,exit]   class space    used 185K, committed 256K, reserved 1048576K
