[2026-09-29T20:20:49.962-0400][0.003s][info][gc] Using G1
[2026-09-29T20:20:49.965-0400][0.005s][info][gc,init] Version: 17.0.18+8-LTS (release)
[2026-09-29T20:20:49.965-0400][0.005s][info][gc,init] CPUs: 8 total, 8 available
[2026-09-29T20:20:49.965-0400][0.005s][info][gc,init] Memory: 15788M
[2026-09-29T20:20:49.965-0400][0.005s][info][gc,init] Large Page Support: Disabled
[2026-09-29T20:20:49.965-0400][0.005s][info][gc,init] NUMA Support: Disabled
[2026-09-29T20:20:49.965-0400][0.005s][info][gc,init] Compressed Oops: Enabled (Zero based)
[2026-09-29T20:20:49.965-0400][0.006s][info][gc,init] Heap Region Size: 2M
[2026-09-29T20:20:49.965-0400][0.006s][info][gc,init] Heap Min Capacity: 8M
[2026-09-29T20:20:49.965-0400][0.006s][info][gc,init] Heap Initial Capacity: 248M
[2026-09-29T20:20:49.965-0400][0.006s][info][gc,init] Heap Max Capacity: 3948M
[2026-09-29T20:20:49.965-0400][0.006s][info][gc,init] Pre-touch: Disabled
[2026-09-29T20:20:49.965-0400][0.006s][info][gc,init] Parallel Workers: 8
[2026-09-29T20:20:49.965-0400][0.006s][info][gc,init] Concurrent Workers: 2
[2026-09-29T20:20:49.965-0400][0.006s][info][gc,init] Concurrent Refinement Workers: 8
[2026-09-29T20:20:49.965-0400][0.006s][info][gc,init] Periodic GC: Disabled
[2026-09-29T20:20:49.970-0400][0.011s][info][gc,metaspace] CDS archive(s) mapped at: [0x00007e61c7000000-0x00007e61c7bc7000-0x00007e61c7bc7000), size 12349440, SharedBaseAddress: 0x00007e61c7000000, ArchiveRelocationMode: 1.
[2026-09-29T20:20:49.970-0400][0.011s][info][gc,metaspace] Compressed class space mapped at: 0x00007e61c8000000-0x00007e6208000000, reserved size: 1073741824
[2026-09-29T20:20:49.970-0400][0.011s][info][gc,metaspace] Narrow klass base: 0x00007e61c7000000, Narrow klass shift: 0, Narrow klass range: 0x100000000
[2026-09-29T20:20:51.631-0400][1.672s][info][safepoint   ] Safepoint "Cleanup", Time since last: 1655288558 ns, Reaching safepoint: 4631 ns, Cleanup: 34582 ns, At safepoint: 1867 ns, Total: 41080 ns
[2026-09-29T20:21:18.718-0400][28.759s][info][gc,heap,exit] Heap
[2026-09-29T20:21:18.718-0400][28.759s][info][gc,heap,exit]  garbage-first heap   total 258048K, used 6526K [0x0000000709400000, 0x0000000800000000)
[2026-09-29T20:21:18.718-0400][28.759s][info][gc,heap,exit]   region size 2048K, 3 young (6144K), 0 survivors (0K)
[2026-09-29T20:21:18.718-0400][28.759s][info][gc,heap,exit]  Metaspace       used 1850K, committed 2048K, reserved 1114112K
[2026-09-29T20:21:18.718-0400][28.759s][info][gc,heap,exit]   class space    used 185K, committed 256K, reserved 1048576K
