[2026-09-29T20:20:49.956-0400][0.003s][info][gc] Using G1
[2026-09-29T20:20:49.958-0400][0.006s][info][gc,init] Version: 17.0.18+8-LTS (release)
[2026-09-29T20:20:49.958-0400][0.006s][info][gc,init] CPUs: 8 total, 8 available
[2026-09-29T20:20:49.958-0400][0.006s][info][gc,init] Memory: 15788M
[2026-09-29T20:20:49.958-0400][0.006s][info][gc,init] Large Page Support: Disabled
[2026-09-29T20:20:49.958-0400][0.006s][info][gc,init] NUMA Support: Disabled
[2026-09-29T20:20:49.958-0400][0.006s][info][gc,init] Compressed Oops: Enabled (Zero based)
[2026-09-29T20:20:49.958-0400][0.006s][info][gc,init] Heap Region Size: 2M
[2026-09-29T20:20:49.958-0400][0.006s][info][gc,init] Heap Min Capacity: 8M
[2026-09-29T20:20:49.958-0400][0.006s][info][gc,init] Heap Initial Capacity: 248M
[2026-09-29T20:20:49.958-0400][0.006s][info][gc,init] Heap Max Capacity: 3948M
[2026-09-29T20:20:49.958-0400][0.006s][info][gc,init] Pre-touch: Disabled
[2026-09-29T20:20:49.958-0400][0.006s][info][gc,init] Parallel Workers: 8
[2026-09-29T20:20:49.958-0400][0.006s][info][gc,init] Concurrent Workers: 2
[2026-09-29T20:20:49.958-0400][0.006s][info][gc,init] Concurrent Refinement Workers: 8
[2026-09-29T20:20:49.958-0400][0.006s][info][gc,init] Periodic GC: Disabled
[2026-09-29T20:20:49.965-0400][0.012s][info][gc,metaspace] CDS archive(s) mapped at: [0x00007c935b000000-0x00007c935bbc7000-0x00007c935bbc7000), size 12349440, SharedBaseAddress: 0x00007c935b000000, ArchiveRelocationMode: 1.
[2026-09-29T20:20:49.965-0400][0.012s][info][gc,metaspace] Compressed class space mapped at: 0x00007c935c000000-0x00007c939c000000, reserved size: 1073741824
[2026-09-29T20:20:49.965-0400][0.012s][info][gc,metaspace] Narrow klass base: 0x00007c935b000000, Narrow klass shift: 0, Narrow klass range: 0x100000000
[2026-09-29T20:20:50.550-0400][0.597s][info][safepoint   ] Safepoint "ICBufferFull", Time since last: 580021329 ns, Reaching safepoint: 2828 ns, Cleanup: 295777 ns, At safepoint: 25359 ns, Total: 323964 ns
[2026-09-29T20:20:50.588-0400][0.635s][info][gc,start    ] GC(0) Pause Young (Normal) (G1 Evacuation Pause)
[2026-09-29T20:20:50.589-0400][0.637s][info][gc,task     ] GC(0) Using 6 workers of 8 for evacuation
[2026-09-29T20:20:50.593-0400][0.640s][info][gc,phases   ] GC(0)   Pre Evacuate Collection Set: 0.20ms
[2026-09-29T20:20:50.593-0400][0.640s][info][gc,phases   ] GC(0)   Merge Heap Roots: 0.22ms
[2026-09-29T20:20:50.593-0400][0.640s][info][gc,phases   ] GC(0)   Evacuate Collection Set: 2.20ms
[2026-09-29T20:20:50.593-0400][0.640s][info][gc,phases   ] GC(0)   Post Evacuate Collection Set: 0.96ms
[2026-09-29T20:20:50.593-0400][0.640s][info][gc,phases   ] GC(0)   Other: 1.53ms
[2026-09-29T20:20:50.593-0400][0.640s][info][gc,heap     ] GC(0) Eden regions: 11->0(19)
[2026-09-29T20:20:50.593-0400][0.640s][info][gc,heap     ] GC(0) Survivor regions: 0->2(2)
[2026-09-29T20:20:50.593-0400][0.640s][info][gc,heap     ] GC(0) Old regions: 0->0
[2026-09-29T20:20:50.593-0400][0.640s][info][gc,heap     ] GC(0) Archive regions: 2->2
[2026-09-29T20:20:50.593-0400][0.640s][info][gc,heap     ] GC(0) Humongous regions: 0->0
[2026-09-29T20:20:50.593-0400][0.640s][info][gc,metaspace] GC(0) Metaspace: 7865K(8128K)->7865K(8128K) NonClass: 6994K(7104K)->6994K(7104K) Class: 870K(1024K)->870K(1024K)
[2026-09-29T20:20:50.593-0400][0.640s][info][gc          ] GC(0) Pause Young (Normal) (G1 Evacuation Pause) 23M->5M(252M) 5.169ms
[2026-09-29T20:20:50.593-0400][0.640s][info][gc,cpu      ] GC(0) User=0.01s Sys=0.01s Real=0.01s
[2026-09-29T20:20:50.593-0400][0.640s][info][safepoint   ] Safepoint "G1CollectForAllocation", Time since last: 37986220 ns, Reaching safepoint: 4671 ns, Cleanup: 23479 ns, At safepoint: 5277780 ns, Total: 5305930 ns
[2026-09-29T20:20:50.766-0400][0.814s][info][gc,start    ] GC(1) Pause Young (Normal) (G1 Evacuation Pause)
[2026-09-29T20:20:50.767-0400][0.814s][info][gc,task     ] GC(1) Using 6 workers of 8 for evacuation
[2026-09-29T20:20:50.770-0400][0.818s][info][gc,phases   ] GC(1)   Pre Evacuate Collection Set: 0.18ms
[2026-09-29T20:20:50.770-0400][0.818s][info][gc,phases   ] GC(1)   Merge Heap Roots: 0.15ms
[2026-09-29T20:20:50.770-0400][0.818s][info][gc,phases   ] GC(1)   Evacuate Collection Set: 2.69ms
[2026-09-29T20:20:50.770-0400][0.818s][info][gc,phases   ] GC(1)   Post Evacuate Collection Set: 0.69ms
[2026-09-29T20:20:50.770-0400][0.818s][info][gc,phases   ] GC(1)   Other: 0.16ms
[2026-09-29T20:20:50.770-0400][0.818s][info][gc,heap     ] GC(1) Eden regions: 19->0(73)
[2026-09-29T20:20:50.770-0400][0.818s][info][gc,heap     ] GC(1) Survivor regions: 2->1(3)
[2026-09-29T20:20:50.770-0400][0.818s][info][gc,heap     ] GC(1) Old regions: 0->2
[2026-09-29T20:20:50.770-0400][0.818s][info][gc,heap     ] GC(1) Archive regions: 2->2
[2026-09-29T20:20:50.770-0400][0.818s][info][gc,heap     ] GC(1) Humongous regions: 0->0
[2026-09-29T20:20:50.770-0400][0.818s][info][gc,metaspace] GC(1) Metaspace: 8127K(8384K)->8127K(8384K) NonClass: 7246K(7360K)->7246K(7360K) Class: 881K(1024K)->881K(1024K)
[2026-09-29T20:20:50.770-0400][0.818s][info][gc          ] GC(1) Pause Young (Normal) (G1 Evacuation Pause) 43M->6M(252M) 3.944ms
[2026-09-29T20:20:50.770-0400][0.818s][info][gc,cpu      ] GC(1) User=0.03s Sys=0.00s Real=0.00s
[2026-09-29T20:20:50.770-0400][0.818s][info][safepoint   ] Safepoint "G1CollectForAllocation", Time since last: 173384816 ns, Reaching safepoint: 6285 ns, Cleanup: 37110 ns, At safepoint: 4023867 ns, Total: 4067262 ns
[2026-09-29T20:20:50.985-0400][1.033s][info][safepoint   ] Safepoint "ICBufferFull", Time since last: 214645820 ns, Reaching safepoint: 4702 ns, Cleanup: 109920 ns, At safepoint: 1858 ns, Total: 116480 ns
[2026-09-29T20:20:51.221-0400][1.269s][info][safepoint   ] Safepoint "ICBufferFull", Time since last: 235627045 ns, Reaching safepoint: 140975 ns, Cleanup: 132006 ns, At safepoint: 98709 ns, Total: 371690 ns
[2026-09-29T20:20:51.491-0400][1.539s][info][safepoint   ] Safepoint "ICBufferFull", Time since last: 270032089 ns, Reaching safepoint: 7484 ns, Cleanup: 86104 ns, At safepoint: 25628 ns, Total: 119216 ns
[2026-09-29T20:20:51.802-0400][1.850s][info][safepoint   ] Safepoint "ICBufferFull", Time since last: 310432838 ns, Reaching safepoint: 122833 ns, Cleanup: 144700 ns, At safepoint: 32640 ns, Total: 300173 ns
[2026-09-29T20:20:51.980-0400][2.027s][info][gc,start    ] GC(2) Pause Young (Normal) (G1 Evacuation Pause)
[2026-09-29T20:20:51.980-0400][2.027s][info][gc,task     ] GC(2) Using 6 workers of 8 for evacuation
[2026-09-29T20:20:52.015-0400][2.062s][info][gc,phases   ] GC(2)   Pre Evacuate Collection Set: 0.17ms
[2026-09-29T20:20:52.015-0400][2.062s][info][gc,phases   ] GC(2)   Merge Heap Roots: 0.08ms
[2026-09-29T20:20:52.015-0400][2.062s][info][gc,phases   ] GC(2)   Evacuate Collection Set: 28.36ms
[2026-09-29T20:20:52.015-0400][2.062s][info][gc,phases   ] GC(2)   Post Evacuate Collection Set: 6.00ms
[2026-09-29T20:20:52.015-0400][2.062s][info][gc,phases   ] GC(2)   Other: 0.19ms
[2026-09-29T20:20:52.015-0400][2.062s][info][gc,heap     ] GC(2) Eden regions: 73->0(68)
[2026-09-29T20:20:52.015-0400][2.062s][info][gc,heap     ] GC(2) Survivor regions: 1->6(10)
[2026-09-29T20:20:52.015-0400][2.062s][info][gc,heap     ] GC(2) Old regions: 2->2
[2026-09-29T20:20:52.015-0400][2.062s][info][gc,heap     ] GC(2) Archive regions: 2->2
[2026-09-29T20:20:52.015-0400][2.062s][info][gc,heap     ] GC(2) Humongous regions: 0->0
[2026-09-29T20:20:52.015-0400][2.062s][info][gc,metaspace] GC(2) Metaspace: 16176K(16576K)->16176K(16576K) NonClass: 14479K(14720K)->14479K(14720K) Class: 1697K(1856K)->1697K(1856K)
[2026-09-29T20:20:52.015-0400][2.062s][info][gc          ] GC(2) Pause Young (Normal) (G1 Evacuation Pause) 152M->15M(252M) 34.913ms
[2026-09-29T20:20:52.015-0400][2.062s][info][gc,cpu      ] GC(2) User=0.08s Sys=0.03s Real=0.03s
[2026-09-29T20:20:52.015-0400][2.062s][info][safepoint   ] Safepoint "G1CollectForAllocation", Time since last: 177786565 ns, Reaching safepoint: 17634 ns, Cleanup: 32364 ns, At safepoint: 34997822 ns, Total: 35047820 ns
[2026-09-29T20:20:52.936-0400][2.983s][info][gc,start    ] GC(3) Pause Young (Normal) (G1 Evacuation Pause)
[2026-09-29T20:20:52.936-0400][2.983s][info][gc,task     ] GC(3) Using 6 workers of 8 for evacuation
[2026-09-29T20:20:52.950-0400][2.998s][info][gc,phases   ] GC(3)   Pre Evacuate Collection Set: 0.17ms
[2026-09-29T20:20:52.950-0400][2.998s][info][gc,phases   ] GC(3)   Merge Heap Roots: 0.10ms
[2026-09-29T20:20:52.950-0400][2.998s][info][gc,phases   ] GC(3)   Evacuate Collection Set: 12.45ms
[2026-09-29T20:20:52.950-0400][2.998s][info][gc,phases   ] GC(3)   Post Evacuate Collection Set: 1.55ms
[2026-09-29T20:20:52.950-0400][2.998s][info][gc,phases   ] GC(3)   Other: 0.20ms
[2026-09-29T20:20:52.951-0400][2.998s][info][gc,heap     ] GC(3) Eden regions: 68->0(68)
[2026-09-29T20:20:52.951-0400][2.998s][info][gc,heap     ] GC(3) Survivor regions: 6->6(10)
[2026-09-29T20:20:52.951-0400][2.998s][info][gc,heap     ] GC(3) Old regions: 2->7
[2026-09-29T20:20:52.951-0400][2.998s][info][gc,heap     ] GC(3) Archive regions: 2->2
[2026-09-29T20:20:52.951-0400][2.998s][info][gc,heap     ] GC(3) Humongous regions: 0->0
[2026-09-29T20:20:52.951-0400][2.998s][info][gc,metaspace] GC(3) Metaspace: 16673K(17024K)->16673K(17024K) NonClass: 14959K(15168K)->14959K(15168K) Class: 1714K(1856K)->1714K(1856K)
[2026-09-29T20:20:52.951-0400][2.998s][info][gc          ] GC(3) Pause Young (Normal) (G1 Evacuation Pause) 151M->25M(252M) 14.581ms
[2026-09-29T20:20:52.951-0400][2.998s][info][gc,cpu      ] GC(3) User=0.05s Sys=0.04s Real=0.01s
[2026-09-29T20:20:52.951-0400][2.998s][info][safepoint   ] Safepoint "G1CollectForAllocation", Time since last: 920916682 ns, Reaching safepoint: 9576 ns, Cleanup: 80559 ns, At safepoint: 14683817 ns, Total: 14773952 ns
[2026-09-29T20:20:53.263-0400][3.311s][info][safepoint   ] Safepoint "ICBufferFull", Time since last: 312608332 ns, Reaching safepoint: 10083 ns, Cleanup: 142433 ns, At safepoint: 5617 ns, Total: 158133 ns
[2026-09-29T20:20:53.385-0400][3.432s][info][safepoint   ] Safepoint "ICBufferFull", Time since last: 120869654 ns, Reaching safepoint: 16022 ns, Cleanup: 162237 ns, At safepoint: 65201 ns, Total: 243460 ns
[2026-09-29T20:20:53.593-0400][3.641s][info][gc,start    ] GC(4) Pause Young (Normal) (G1 Evacuation Pause)
[2026-09-29T20:20:53.593-0400][3.641s][info][gc,task     ] GC(4) Using 6 workers of 8 for evacuation
[2026-09-29T20:20:53.601-0400][3.649s][info][gc,phases   ] GC(4)   Pre Evacuate Collection Set: 0.27ms
[2026-09-29T20:20:53.601-0400][3.649s][info][gc,phases   ] GC(4)   Merge Heap Roots: 0.23ms
[2026-09-29T20:20:53.601-0400][3.649s][info][gc,phases   ] GC(4)   Evacuate Collection Set: 6.02ms
[2026-09-29T20:20:53.601-0400][3.649s][info][gc,phases   ] GC(4)   Post Evacuate Collection Set: 0.92ms
[2026-09-29T20:20:53.601-0400][3.649s][info][gc,phases   ] GC(4)   Other: 0.21ms
[2026-09-29T20:20:53.601-0400][3.649s][info][gc,heap     ] GC(4) Eden regions: 68->0(67)
[2026-09-29T20:20:53.601-0400][3.649s][info][gc,heap     ] GC(4) Survivor regions: 6->7(10)
[2026-09-29T20:20:53.601-0400][3.649s][info][gc,heap     ] GC(4) Old regions: 7->7
[2026-09-29T20:20:53.601-0400][3.649s][info][gc,heap     ] GC(4) Archive regions: 2->2
[2026-09-29T20:20:53.601-0400][3.649s][info][gc,heap     ] GC(4) Humongous regions: 0->0
[2026-09-29T20:20:53.601-0400][3.649s][info][gc,metaspace] GC(4) Metaspace: 16999K(17344K)->16999K(17344K) NonClass: 15278K(15488K)->15278K(15488K) Class: 1720K(1856K)->1720K(1856K)
[2026-09-29T20:20:53.601-0400][3.649s][info][gc          ] GC(4) Pause Young (Normal) (G1 Evacuation Pause) 161M->28M(252M) 7.778ms
[2026-09-29T20:20:53.601-0400][3.649s][info][gc,cpu      ] GC(4) User=0.03s Sys=0.00s Real=0.01s
[2026-09-29T20:20:53.601-0400][3.649s][info][safepoint   ] Safepoint "G1CollectForAllocation", Time since last: 208640763 ns, Reaching safepoint: 109431 ns, Cleanup: 118549 ns, At safepoint: 8014135 ns, Total: 8242115 ns
[2026-09-29T20:20:53.964-0400][4.011s][info][gc,start    ] GC(5) Pause Young (Normal) (G1 Evacuation Pause)
[2026-09-29T20:20:53.964-0400][4.011s][info][gc,task     ] GC(5) Using 6 workers of 8 for evacuation
[2026-09-29T20:20:53.973-0400][4.020s][info][gc,phases   ] GC(5)   Pre Evacuate Collection Set: 0.25ms
[2026-09-29T20:20:53.973-0400][4.021s][info][gc,phases   ] GC(5)   Merge Heap Roots: 0.16ms
[2026-09-29T20:20:53.973-0400][4.021s][info][gc,phases   ] GC(5)   Evacuate Collection Set: 7.00ms
[2026-09-29T20:20:53.973-0400][4.021s][info][gc,phases   ] GC(5)   Post Evacuate Collection Set: 1.63ms
[2026-09-29T20:20:53.973-0400][4.021s][info][gc,phases   ] GC(5)   Other: 0.22ms
[2026-09-29T20:20:53.973-0400][4.021s][info][gc,heap     ] GC(5) Eden regions: 67->0(86)
[2026-09-29T20:20:53.973-0400][4.021s][info][gc,heap     ] GC(5) Survivor regions: 7->5(10)
[2026-09-29T20:20:53.973-0400][4.021s][info][gc,heap     ] GC(5) Old regions: 7->11
[2026-09-29T20:20:53.973-0400][4.021s][info][gc,heap     ] GC(5) Archive regions: 2->2
[2026-09-29T20:20:53.973-0400][4.021s][info][gc,heap     ] GC(5) Humongous regions: 0->0
[2026-09-29T20:20:53.973-0400][4.021s][info][gc,metaspace] GC(5) Metaspace: 17044K(17408K)->17044K(17408K) NonClass: 15323K(15552K)->15323K(15552K) Class: 1721K(1856K)->1721K(1856K)
[2026-09-29T20:20:53.973-0400][4.021s][info][gc          ] GC(5) Pause Young (Normal) (G1 Evacuation Pause) 162M->31M(304M) 9.415ms
[2026-09-29T20:20:53.973-0400][4.021s][info][gc,cpu      ] GC(5) User=0.05s Sys=0.01s Real=0.01s
[2026-09-29T20:20:53.973-0400][4.021s][info][safepoint   ] Safepoint "G1CollectForAllocation", Time since last: 362221140 ns, Reaching safepoint: 9470 ns, Cleanup: 84530 ns, At safepoint: 9593826 ns, Total: 9687826 ns
[2026-09-29T20:20:54.455-0400][4.503s][info][gc,start    ] GC(6) Pause Young (Normal) (G1 Evacuation Pause)
[2026-09-29T20:20:54.455-0400][4.503s][info][gc,task     ] GC(6) Using 7 workers of 8 for evacuation
[2026-09-29T20:20:54.460-0400][4.507s][info][gc,phases   ] GC(6)   Pre Evacuate Collection Set: 0.22ms
[2026-09-29T20:20:54.460-0400][4.507s][info][gc,phases   ] GC(6)   Merge Heap Roots: 0.24ms
[2026-09-29T20:20:54.460-0400][4.507s][info][gc,phases   ] GC(6)   Evacuate Collection Set: 3.16ms
[2026-09-29T20:20:54.460-0400][4.507s][info][gc,phases   ] GC(6)   Post Evacuate Collection Set: 0.80ms
[2026-09-29T20:20:54.460-0400][4.507s][info][gc,phases   ] GC(6)   Other: 0.30ms
[2026-09-29T20:20:54.460-0400][4.507s][info][gc,heap     ] GC(6) Eden regions: 86->0(87)
[2026-09-29T20:20:54.460-0400][4.507s][info][gc,heap     ] GC(6) Survivor regions: 5->4(12)
[2026-09-29T20:20:54.460-0400][4.507s][info][gc,heap     ] GC(6) Old regions: 11->11
[2026-09-29T20:20:54.460-0400][4.507s][info][gc,heap     ] GC(6) Archive regions: 2->2
[2026-09-29T20:20:54.460-0400][4.507s][info][gc,heap     ] GC(6) Humongous regions: 0->0
[2026-09-29T20:20:54.460-0400][4.507s][info][gc,metaspace] GC(6) Metaspace: 17066K(17408K)->17066K(17408K) NonClass: 15344K(15552K)->15344K(15552K) Class: 1721K(1856K)->1721K(1856K)
[2026-09-29T20:20:54.460-0400][4.507s][info][gc          ] GC(6) Pause Young (Normal) (G1 Evacuation Pause) 203M->30M(304M) 4.745ms
[2026-09-29T20:20:54.460-0400][4.507s][info][gc,cpu      ] GC(6) User=0.03s Sys=0.01s Real=0.01s
[2026-09-29T20:20:54.460-0400][4.507s][info][safepoint   ] Safepoint "G1CollectForAllocation", Time since last: 481785222 ns, Reaching safepoint: 11062 ns, Cleanup: 69062 ns, At safepoint: 4880772 ns, Total: 4960896 ns
[2026-09-29T20:20:54.692-0400][4.739s][info][safepoint   ] Safepoint "ICBufferFull", Time since last: 231307073 ns, Reaching safepoint: 115186 ns, Cleanup: 99843 ns, At safepoint: 50103 ns, Total: 265132 ns
[2026-09-29T20:20:54.699-0400][4.747s][info][safepoint   ] Safepoint "ICBufferFull", Time since last: 7317335 ns, Reaching safepoint: 120456 ns, Cleanup: 113368 ns, At safepoint: 55941 ns, Total: 289765 ns
[2026-09-29T20:20:55.074-0400][5.122s][info][safepoint   ] Safepoint "ICBufferFull", Time since last: 374627155 ns, Reaching safepoint: 15771 ns, Cleanup: 160070 ns, At safepoint: 33683 ns, Total: 209524 ns
[2026-09-29T20:20:55.220-0400][5.267s][info][safepoint   ] Safepoint "ICBufferFull", Time since last: 145663174 ns, Reaching safepoint: 146393 ns, Cleanup: 103484 ns, At safepoint: 71003 ns, Total: 320880 ns
[2026-09-29T20:20:55.460-0400][5.508s][info][safepoint   ] Safepoint "ICBufferFull", Time since last: 239889054 ns, Reaching safepoint: 286734 ns, Cleanup: 114784 ns, At safepoint: 127081 ns, Total: 528599 ns
[2026-09-29T20:20:55.462-0400][5.509s][info][safepoint   ] Safepoint "ICBufferFull", Time since last: 738465 ns, Reaching safepoint: 217910 ns, Cleanup: 5625 ns, At safepoint: 122254 ns, Total: 345789 ns
[2026-09-29T20:20:55.462-0400][5.509s][info][safepoint   ] Safepoint "ICBufferFull", Time since last: 221128 ns, Reaching safepoint: 104196 ns, Cleanup: 9084 ns, At safepoint: 121944 ns, Total: 235224 ns
[2026-09-29T20:20:55.548-0400][5.596s][info][gc,start    ] GC(7) Pause Young (Normal) (G1 Evacuation Pause)
[2026-09-29T20:20:55.548-0400][5.596s][info][gc,task     ] GC(7) Using 7 workers of 8 for evacuation
[2026-09-29T20:20:55.557-0400][5.605s][info][gc,phases   ] GC(7)   Pre Evacuate Collection Set: 0.26ms
[2026-09-29T20:20:55.558-0400][5.605s][info][gc,phases   ] GC(7)   Merge Heap Roots: 0.17ms
[2026-09-29T20:20:55.558-0400][5.605s][info][gc,phases   ] GC(7)   Evacuate Collection Set: 7.93ms
[2026-09-29T20:20:55.558-0400][5.605s][info][gc,phases   ] GC(7)   Post Evacuate Collection Set: 0.83ms
[2026-09-29T20:20:55.558-0400][5.605s][info][gc,phases   ] GC(7)   Other: 0.20ms
[2026-09-29T20:20:55.558-0400][5.605s][info][gc,heap     ] GC(7) Eden regions: 87->0(85)
[2026-09-29T20:20:55.558-0400][5.605s][info][gc,heap     ] GC(7) Survivor regions: 4->6(12)
[2026-09-29T20:20:55.558-0400][5.605s][info][gc,heap     ] GC(7) Old regions: 11->11
[2026-09-29T20:20:55.558-0400][5.605s][info][gc,heap     ] GC(7) Archive regions: 2->2
[2026-09-29T20:20:55.558-0400][5.605s][info][gc,heap     ] GC(7) Humongous regions: 0->0
[2026-09-29T20:20:55.558-0400][5.605s][info][gc,metaspace] GC(7) Metaspace: 20900K(21504K)->20900K(21504K) NonClass: 18849K(19200K)->18849K(19200K) Class: 2050K(2304K)->2050K(2304K)
[2026-09-29T20:20:55.558-0400][5.605s][info][gc          ] GC(7) Pause Young (Normal) (G1 Evacuation Pause) 204M->34M(304M) 9.466ms
[2026-09-29T20:20:55.558-0400][5.605s][info][gc,cpu      ] GC(7) User=0.05s Sys=0.00s Real=0.01s
[2026-09-29T20:20:55.558-0400][5.605s][info][safepoint   ] Safepoint "G1CollectForAllocation", Time since last: 85878264 ns, Reaching safepoint: 138885 ns, Cleanup: 44499 ns, At safepoint: 9705985 ns, Total: 9889369 ns
[2026-09-29T20:20:55.562-0400][5.609s][info][gc,start    ] GC(8) Pause Young (Concurrent Start) (Metadata GC Threshold)
[2026-09-29T20:20:55.562-0400][5.609s][info][gc,task     ] GC(8) Using 7 workers of 8 for evacuation
[2026-09-29T20:20:55.568-0400][5.616s][info][gc,phases   ] GC(8)   Pre Evacuate Collection Set: 0.24ms
[2026-09-29T20:20:55.568-0400][5.616s][info][gc,phases   ] GC(8)   Merge Heap Roots: 0.19ms
[2026-09-29T20:20:55.568-0400][5.616s][info][gc,phases   ] GC(8)   Evacuate Collection Set: 4.54ms
[2026-09-29T20:20:55.568-0400][5.616s][info][gc,phases   ] GC(8)   Post Evacuate Collection Set: 1.10ms
[2026-09-29T20:20:55.568-0400][5.616s][info][gc,phases   ] GC(8)   Other: 0.33ms
[2026-09-29T20:20:55.568-0400][5.616s][info][gc,heap     ] GC(8) Eden regions: 1->0(85)
[2026-09-29T20:20:55.568-0400][5.616s][info][gc,heap     ] GC(8) Survivor regions: 6->6(12)
[2026-09-29T20:20:55.568-0400][5.616s][info][gc,heap     ] GC(8) Old regions: 11->11
[2026-09-29T20:20:55.568-0400][5.616s][info][gc,heap     ] GC(8) Archive regions: 2->2
[2026-09-29T20:20:55.568-0400][5.616s][info][gc,heap     ] GC(8) Humongous regions: 0->0
[2026-09-29T20:20:55.568-0400][5.616s][info][gc,metaspace] GC(8) Metaspace: 20931K(21504K)->20931K(21504K) NonClass: 18876K(19200K)->18876K(19200K) Class: 2054K(2304K)->2054K(2304K)
[2026-09-29T20:20:55.568-0400][5.616s][info][gc          ] GC(8) Pause Young (Concurrent Start) (Metadata GC Threshold) 36M->34M(304M) 6.477ms
[2026-09-29T20:20:55.568-0400][5.616s][info][gc,cpu      ] GC(8) User=0.03s Sys=0.00s Real=0.00s
[2026-09-29T20:20:55.568-0400][5.616s][info][gc          ] GC(9) Concurrent Mark Cycle
[2026-09-29T20:20:55.568-0400][5.616s][info][gc,marking  ] GC(9) Concurrent Clear Claimed Marks
[2026-09-29T20:20:55.568-0400][5.616s][info][gc,marking  ] GC(9) Concurrent Clear Claimed Marks 0.040ms
[2026-09-29T20:20:55.568-0400][5.616s][info][gc,marking  ] GC(9) Concurrent Scan Root Regions
[2026-09-29T20:20:55.568-0400][5.616s][info][safepoint   ] Safepoint "CollectForMetadataAllocation", Time since last: 3798834 ns, Reaching safepoint: 110907 ns, Cleanup: 11914 ns, At safepoint: 6783967 ns, Total: 6906788 ns
[2026-09-29T20:20:55.584-0400][5.631s][info][gc,marking  ] GC(9) Concurrent Scan Root Regions 15.466ms
[2026-09-29T20:20:55.584-0400][5.631s][info][gc,marking  ] GC(9) Concurrent Mark
[2026-09-29T20:20:55.584-0400][5.631s][info][gc,marking  ] GC(9) Concurrent Mark From Roots
[2026-09-29T20:20:55.584-0400][5.631s][info][gc,task     ] GC(9) Using 2 workers of 2 for marking
[2026-09-29T20:20:55.608-0400][5.656s][info][safepoint   ] Safepoint "CollectForMetadataAllocation", Time since last: 39171791 ns, Reaching safepoint: 198934 ns, Cleanup: 142950 ns, At safepoint: 193655 ns, Total: 535539 ns
[2026-09-29T20:20:55.625-0400][5.672s][info][gc,marking  ] GC(9) Concurrent Mark From Roots 41.014ms
[2026-09-29T20:20:55.625-0400][5.672s][info][gc,marking  ] GC(9) Concurrent Preclean
[2026-09-29T20:20:55.625-0400][5.673s][info][gc,marking  ] GC(9) Concurrent Preclean 0.125ms
[2026-09-29T20:20:55.625-0400][5.673s][info][gc,start    ] GC(9) Pause Remark
[2026-09-29T20:20:55.630-0400][5.678s][info][gc,heap     ] GC(9) Heap shrink completed: uncommitted 78 regions (156MB), heap size now 148MB
[2026-09-29T20:20:55.630-0400][5.678s][info][gc          ] GC(9) Pause Remark 40M->40M(148M) 5.072ms
[2026-09-29T20:20:55.630-0400][5.678s][info][gc,cpu      ] GC(9) User=0.03s Sys=0.00s Real=0.00s
[2026-09-29T20:20:55.631-0400][5.678s][info][safepoint   ] Safepoint "G1PauseRemark", Time since last: 17012325 ns, Reaching safepoint: 139450 ns, Cleanup: 19019 ns, At safepoint: 5304601 ns, Total: 5463070 ns
[2026-09-29T20:20:55.632-0400][5.680s][info][gc,marking  ] GC(9) Concurrent Mark 48.554ms
[2026-09-29T20:20:55.635-0400][5.683s][info][gc,marking  ] GC(9) Concurrent Rebuild Remembered Sets
[2026-09-29T20:20:55.654-0400][5.701s][info][gc,marking  ] GC(9) Concurrent Rebuild Remembered Sets 18.344ms
[2026-09-29T20:20:55.654-0400][5.701s][info][gc,start    ] GC(9) Pause Cleanup
[2026-09-29T20:20:55.654-0400][5.702s][info][gc          ] GC(9) Pause Cleanup 42M->42M(148M) 0.356ms
[2026-09-29T20:20:55.654-0400][5.702s][info][gc,cpu      ] GC(9) User=0.00s Sys=0.00s Real=0.00s
[2026-09-29T20:20:55.654-0400][5.702s][info][safepoint   ] Safepoint "G1PauseCleanup", Time since last: 22909576 ns, Reaching safepoint: 142608 ns, Cleanup: 14908 ns, At safepoint: 633053 ns, Total: 790569 ns
[2026-09-29T20:20:55.656-0400][5.704s][info][gc,marking  ] GC(9) Concurrent Cleanup for Next Mark
[2026-09-29T20:20:55.658-0400][5.706s][info][gc,marking  ] GC(9) Concurrent Cleanup for Next Mark 1.818ms
[2026-09-29T20:20:55.658-0400][5.706s][info][gc          ] GC(9) Concurrent Mark Cycle 89.951ms
[2026-09-29T20:20:55.970-0400][6.017s][info][safepoint   ] Safepoint "ICBufferFull", Time since last: 314856252 ns, Reaching safepoint: 153368 ns, Cleanup: 131786 ns, At safepoint: 148988 ns, Total: 434142 ns
[2026-09-29T20:20:56.380-0400][6.427s][info][gc,start    ] GC(10) Pause Young (Prepare Mixed) (G1 Evacuation Pause)
[2026-09-29T20:20:56.380-0400][6.427s][info][gc,task     ] GC(10) Using 6 workers of 8 for evacuation
[2026-09-29T20:20:56.393-0400][6.441s][info][gc,phases   ] GC(10)   Pre Evacuate Collection Set: 0.21ms
[2026-09-29T20:20:56.394-0400][6.441s][info][gc,phases   ] GC(10)   Merge Heap Roots: 0.20ms
[2026-09-29T20:20:56.394-0400][6.441s][info][gc,phases   ] GC(10)   Evacuate Collection Set: 11.69ms
[2026-09-29T20:20:56.394-0400][6.441s][info][gc,phases   ] GC(10)   Post Evacuate Collection Set: 1.38ms
[2026-09-29T20:20:56.394-0400][6.441s][info][gc,phases   ] GC(10)   Other: 0.23ms
[2026-09-29T20:20:56.394-0400][6.441s][info][gc,heap     ] GC(10) Eden regions: 38->0(1)
[2026-09-29T20:20:56.394-0400][6.441s][info][gc,heap     ] GC(10) Survivor regions: 6->5(6)
[2026-09-29T20:20:56.394-0400][6.441s][info][gc,heap     ] GC(10) Old regions: 11->16
[2026-09-29T20:20:56.394-0400][6.441s][info][gc,heap     ] GC(10) Archive regions: 2->2
[2026-09-29T20:20:56.394-0400][6.441s][info][gc,heap     ] GC(10) Humongous regions: 0->0
[2026-09-29T20:20:56.394-0400][6.441s][info][gc,metaspace] GC(10) Metaspace: 27841K(29184K)->27841K(29184K) NonClass: 25010K(25856K)->25010K(25856K) Class: 2830K(3328K)->2830K(3328K)
[2026-09-29T20:20:56.394-0400][6.441s][info][gc          ] GC(10) Pause Young (Prepare Mixed) (G1 Evacuation Pause) 110M->40M(148M) 13.827ms
[2026-09-29T20:20:56.394-0400][6.441s][info][gc,cpu      ] GC(10) User=0.07s Sys=0.02s Real=0.02s
[2026-09-29T20:20:56.394-0400][6.441s][info][safepoint   ] Safepoint "G1CollectForAllocation", Time since last: 409807913 ns, Reaching safepoint: 136581 ns, Cleanup: 151896 ns, At safepoint: 14040031 ns, Total: 14328508 ns
[2026-09-29T20:20:56.408-0400][6.456s][info][gc,start    ] GC(11) Pause Young (Mixed) (G1 Evacuation Pause)
[2026-09-29T20:20:56.408-0400][6.456s][info][gc,task     ] GC(11) Using 6 workers of 8 for evacuation
[2026-09-29T20:20:56.417-0400][6.464s][info][gc,phases   ] GC(11)   Pre Evacuate Collection Set: 0.28ms
[2026-09-29T20:20:56.417-0400][6.464s][info][gc,phases   ] GC(11)   Merge Heap Roots: 0.20ms
[2026-09-29T20:20:56.417-0400][6.464s][info][gc,phases   ] GC(11)   Evacuate Collection Set: 6.80ms
[2026-09-29T20:20:56.417-0400][6.464s][info][gc,phases   ] GC(11)   Post Evacuate Collection Set: 0.85ms
[2026-09-29T20:20:56.417-0400][6.464s][info][gc,phases   ] GC(11)   Other: 0.15ms
[2026-09-29T20:20:56.417-0400][6.464s][info][gc,heap     ] GC(11) Eden regions: 1->0(36)
[2026-09-29T20:20:56.417-0400][6.464s][info][gc,heap     ] GC(11) Survivor regions: 5->1(1)
[2026-09-29T20:20:56.417-0400][6.464s][info][gc,heap     ] GC(11) Old regions: 16->19
[2026-09-29T20:20:56.417-0400][6.464s][info][gc,heap     ] GC(11) Archive regions: 2->2
[2026-09-29T20:20:56.417-0400][6.464s][info][gc,heap     ] GC(11) Humongous regions: 0->0
[2026-09-29T20:20:56.417-0400][6.464s][info][gc,metaspace] GC(11) Metaspace: 27905K(29248K)->27905K(29248K) NonClass: 25063K(25920K)->25063K(25920K) Class: 2841K(3328K)->2841K(3328K)
[2026-09-29T20:20:56.417-0400][6.464s][info][gc          ] GC(11) Pause Young (Mixed) (G1 Evacuation Pause) 42M->41M(148M) 8.370ms
[2026-09-29T20:20:56.417-0400][6.464s][info][gc,cpu      ] GC(11) User=0.04s Sys=0.01s Real=0.01s
[2026-09-29T20:20:56.417-0400][6.464s][info][safepoint   ] Safepoint "G1CollectForAllocation", Time since last: 14484097 ns, Reaching safepoint: 10497 ns, Cleanup: 19396 ns, At safepoint: 8536429 ns, Total: 8566322 ns
[2026-09-29T20:20:57.439-0400][7.486s][info][safepoint   ] Safepoint "Cleanup", Time since last: 1021349898 ns, Reaching safepoint: 146795 ns, Cleanup: 175453 ns, At safepoint: 55259 ns, Total: 377507 ns
[2026-09-29T20:20:58.003-0400][8.050s][info][safepoint   ] Safepoint "ICBufferFull", Time since last: 564183099 ns, Reaching safepoint: 10929 ns, Cleanup: 152591 ns, At safepoint: 66708 ns, Total: 230228 ns
[2026-09-29T20:20:58.099-0400][8.146s][info][gc,start    ] GC(12) Pause Young (Concurrent Start) (Metadata GC Threshold)
[2026-09-29T20:20:58.099-0400][8.146s][info][gc,task     ] GC(12) Using 6 workers of 8 for evacuation
[2026-09-29T20:20:58.113-0400][8.160s][info][gc,phases   ] GC(12)   Pre Evacuate Collection Set: 0.30ms
[2026-09-29T20:20:58.113-0400][8.160s][info][gc,phases   ] GC(12)   Merge Heap Roots: 0.17ms
[2026-09-29T20:20:58.113-0400][8.160s][info][gc,phases   ] GC(12)   Evacuate Collection Set: 10.61ms
[2026-09-29T20:20:58.113-0400][8.160s][info][gc,phases   ] GC(12)   Post Evacuate Collection Set: 2.43ms
[2026-09-29T20:20:58.113-0400][8.160s][info][gc,phases   ] GC(12)   Other: 0.32ms
[2026-09-29T20:20:58.113-0400][8.160s][info][gc,heap     ] GC(12) Eden regions: 21->0(85)
[2026-09-29T20:20:58.113-0400][8.160s][info][gc,heap     ] GC(12) Survivor regions: 1->3(5)
[2026-09-29T20:20:58.113-0400][8.160s][info][gc,heap     ] GC(12) Old regions: 19->19
[2026-09-29T20:20:58.113-0400][8.160s][info][gc,heap     ] GC(12) Archive regions: 2->2
[2026-09-29T20:20:58.113-0400][8.160s][info][gc,heap     ] GC(12) Humongous regions: 0->0
[2026-09-29T20:20:58.113-0400][8.160s][info][gc,metaspace] GC(12) Metaspace: 34986K(36480K)->34986K(36480K) NonClass: 31376K(32320K)->31376K(32320K) Class: 3610K(4160K)->3610K(4160K)
[2026-09-29T20:20:58.113-0400][8.160s][info][gc          ] GC(12) Pause Young (Concurrent Start) (Metadata GC Threshold) 82M->44M(296M) 13.956ms
[2026-09-29T20:20:58.113-0400][8.160s][info][gc,cpu      ] GC(12) User=0.04s Sys=0.01s Real=0.02s
[2026-09-29T20:20:58.113-0400][8.161s][info][safepoint   ] Safepoint "CollectForMetadataAllocation", Time since last: 95879207 ns, Reaching safepoint: 8668 ns, Cleanup: 23013 ns, At safepoint: 14176533 ns, Total: 14208214 ns
[2026-09-29T20:20:58.113-0400][8.161s][info][gc          ] GC(13) Concurrent Mark Cycle
[2026-09-29T20:20:58.113-0400][8.161s][info][gc,marking  ] GC(13) Concurrent Clear Claimed Marks
[2026-09-29T20:20:58.113-0400][8.161s][info][gc,marking  ] GC(13) Concurrent Clear Claimed Marks 0.122ms
[2026-09-29T20:20:58.113-0400][8.161s][info][gc,marking  ] GC(13) Concurrent Scan Root Regions
[2026-09-29T20:20:58.117-0400][8.165s][info][gc,marking  ] GC(13) Concurrent Scan Root Regions 3.775ms
[2026-09-29T20:20:58.117-0400][8.165s][info][gc,marking  ] GC(13) Concurrent Mark
[2026-09-29T20:20:58.117-0400][8.165s][info][gc,marking  ] GC(13) Concurrent Mark From Roots
[2026-09-29T20:20:58.117-0400][8.165s][info][gc,task     ] GC(13) Using 2 workers of 2 for marking
[2026-09-29T20:20:58.204-0400][8.251s][info][gc,marking  ] GC(13) Concurrent Mark From Roots 86.294ms
[2026-09-29T20:20:58.204-0400][8.251s][info][gc,marking  ] GC(13) Concurrent Preclean
[2026-09-29T20:20:58.205-0400][8.252s][info][gc,marking  ] GC(13) Concurrent Preclean 1.102ms
[2026-09-29T20:20:58.205-0400][8.253s][info][gc,start    ] GC(13) Pause Remark
[2026-09-29T20:20:58.220-0400][8.268s][info][gc,heap     ] GC(13) Heap shrink completed: uncommitted 61 regions (122MB), heap size now 174MB
[2026-09-29T20:20:58.220-0400][8.268s][info][gc          ] GC(13) Pause Remark 46M->46M(174M) 15.013ms
[2026-09-29T20:20:58.220-0400][8.268s][info][gc,cpu      ] GC(13) User=0.03s Sys=0.01s Real=0.01s
[2026-09-29T20:20:58.220-0400][8.268s][info][safepoint   ] Safepoint "G1PauseRemark", Time since last: 91767275 ns, Reaching safepoint: 314425 ns, Cleanup: 34452 ns, At safepoint: 15117681 ns, Total: 15466558 ns
[2026-09-29T20:20:58.222-0400][8.269s][info][gc,marking  ] GC(13) Concurrent Mark 104.368ms
[2026-09-29T20:20:58.222-0400][8.269s][info][gc,marking  ] GC(13) Concurrent Rebuild Remembered Sets
[2026-09-29T20:20:58.258-0400][8.305s][info][gc,marking  ] GC(13) Concurrent Rebuild Remembered Sets 35.840ms
[2026-09-29T20:20:58.258-0400][8.305s][info][gc,start    ] GC(13) Pause Cleanup
[2026-09-29T20:20:58.258-0400][8.306s][info][gc          ] GC(13) Pause Cleanup 47M->47M(174M) 0.220ms
[2026-09-29T20:20:58.258-0400][8.306s][info][gc,cpu      ] GC(13) User=0.00s Sys=0.00s Real=0.00s
[2026-09-29T20:20:58.258-0400][8.306s][info][safepoint   ] Safepoint "G1PauseCleanup", Time since last: 37379718 ns, Reaching safepoint: 243504 ns, Cleanup: 21838 ns, At safepoint: 345451 ns, Total: 610793 ns
[2026-09-29T20:20:58.258-0400][8.306s][info][gc,marking  ] GC(13) Concurrent Cleanup for Next Mark
[2026-09-29T20:20:58.263-0400][8.310s][info][gc,marking  ] GC(13) Concurrent Cleanup for Next Mark 4.414ms
[2026-09-29T20:20:58.263-0400][8.310s][info][gc          ] GC(13) Concurrent Mark Cycle 149.622ms
[2026-09-29T20:20:59.199-0400][9.246s][info][safepoint   ] Safepoint "ICBufferFull", Time since last: 940160152 ns, Reaching safepoint: 10800 ns, Cleanup: 139818 ns, At safepoint: 42785 ns, Total: 193403 ns
[2026-09-29T20:20:59.997-0400][10.045s][info][safepoint   ] Safepoint "ICBufferFull", Time since last: 798375511 ns, Reaching safepoint: 121419 ns, Cleanup: 143165 ns, At safepoint: 38073 ns, Total: 302657 ns
[2026-09-29T20:21:00.541-0400][10.589s][info][gc,start    ] GC(14) Pause Young (Normal) (G1 Evacuation Pause)
[2026-09-29T20:21:00.541-0400][10.589s][info][gc,task     ] GC(14) Using 6 workers of 8 for evacuation
[2026-09-29T20:21:00.560-0400][10.607s][info][gc,phases   ] GC(14)   Pre Evacuate Collection Set: 0.34ms
[2026-09-29T20:21:00.560-0400][10.607s][info][gc,phases   ] GC(14)   Merge Heap Roots: 0.24ms
[2026-09-29T20:21:00.560-0400][10.607s][info][gc,phases   ] GC(14)   Evacuate Collection Set: 13.73ms
[2026-09-29T20:21:00.560-0400][10.607s][info][gc,phases   ] GC(14)   Post Evacuate Collection Set: 3.78ms
[2026-09-29T20:21:00.560-0400][10.607s][info][gc,phases   ] GC(14)   Other: 0.27ms
[2026-09-29T20:21:00.560-0400][10.607s][info][gc,heap     ] GC(14) Eden regions: 49->0(38)
[2026-09-29T20:21:00.560-0400][10.607s][info][gc,heap     ] GC(14) Survivor regions: 3->7(7)
[2026-09-29T20:21:00.560-0400][10.607s][info][gc,heap     ] GC(14) Old regions: 19->19
[2026-09-29T20:21:00.560-0400][10.607s][info][gc,heap     ] GC(14) Archive regions: 2->2
[2026-09-29T20:21:00.560-0400][10.607s][info][gc,heap     ] GC(14) Humongous regions: 5->2
[2026-09-29T20:21:00.560-0400][10.607s][info][gc,metaspace] GC(14) Metaspace: 49941K(52032K)->49941K(52032K) NonClass: 44446K(45760K)->44446K(45760K) Class: 5494K(6272K)->5494K(6272K)
[2026-09-29T20:21:00.560-0400][10.607s][info][gc          ] GC(14) Pause Young (Normal) (G1 Evacuation Pause) 152M->57M(174M) 18.445ms
[2026-09-29T20:21:00.560-0400][10.607s][info][gc,cpu      ] GC(14) User=0.09s Sys=0.01s Real=0.01s
[2026-09-29T20:21:00.560-0400][10.607s][info][safepoint   ] Safepoint "G1CollectForAllocation", Time since last: 543313532 ns, Reaching safepoint: 14799 ns, Cleanup: 594026 ns, At safepoint: 18734144 ns, Total: 19342969 ns
[2026-09-29T20:21:01.280-0400][11.328s][info][safepoint   ] Safepoint "ICBufferFull", Time since last: 719971624 ns, Reaching safepoint: 19986 ns, Cleanup: 193357 ns, At safepoint: 33698 ns, Total: 247041 ns
[2026-09-29T20:21:01.916-0400][11.963s][info][gc,start    ] GC(15) Pause Young (Normal) (G1 Evacuation Pause)
[2026-09-29T20:21:01.916-0400][11.963s][info][gc,task     ] GC(15) Using 6 workers of 8 for evacuation
[2026-09-29T20:21:01.937-0400][11.984s][info][gc,phases   ] GC(15)   Pre Evacuate Collection Set: 0.31ms
[2026-09-29T20:21:01.937-0400][11.985s][info][gc,phases   ] GC(15)   Merge Heap Roots: 0.27ms
[2026-09-29T20:21:01.937-0400][11.985s][info][gc,phases   ] GC(15)   Evacuate Collection Set: 17.21ms
[2026-09-29T20:21:01.937-0400][11.985s][info][gc,phases   ] GC(15)   Post Evacuate Collection Set: 3.08ms
[2026-09-29T20:21:01.937-0400][11.985s][info][gc,phases   ] GC(15)   Other: 0.22ms
[2026-09-29T20:21:01.937-0400][11.985s][info][gc,heap     ] GC(15) Eden regions: 38->0(34)
[2026-09-29T20:21:01.937-0400][11.985s][info][gc,heap     ] GC(15) Survivor regions: 7->5(6)
[2026-09-29T20:21:01.937-0400][11.985s][info][gc,heap     ] GC(15) Old regions: 19->26
[2026-09-29T20:21:01.937-0400][11.985s][info][gc,heap     ] GC(15) Archive regions: 2->2
[2026-09-29T20:21:01.937-0400][11.985s][info][gc,heap     ] GC(15) Humongous regions: 2->2
[2026-09-29T20:21:01.937-0400][11.985s][info][gc,metaspace] GC(15) Metaspace: 57912K(60352K)->57912K(60352K) NonClass: 51576K(53056K)->51576K(53056K) Class: 6336K(7296K)->6336K(7296K)
[2026-09-29T20:21:01.937-0400][11.985s][info][gc          ] GC(15) Pause Young (Normal) (G1 Evacuation Pause) 133M->64M(174M) 21.164ms
[2026-09-29T20:21:01.937-0400][11.985s][info][gc,cpu      ] GC(15) User=0.14s Sys=0.01s Real=0.02s
[2026-09-29T20:21:01.937-0400][11.985s][info][safepoint   ] Safepoint "G1CollectForAllocation", Time since last: 635462183 ns, Reaching safepoint: 18726 ns, Cleanup: 235631 ns, At safepoint: 21394097 ns, Total: 21648454 ns
[2026-09-29T20:21:02.346-0400][12.394s][info][gc,start    ] GC(16) Pause Young (Normal) (G1 Evacuation Pause)
[2026-09-29T20:21:02.346-0400][12.394s][info][gc,task     ] GC(16) Using 6 workers of 8 for evacuation
[2026-09-29T20:21:02.355-0400][12.403s][info][gc,phases   ] GC(16)   Pre Evacuate Collection Set: 0.28ms
[2026-09-29T20:21:02.355-0400][12.403s][info][gc,phases   ] GC(16)   Merge Heap Roots: 0.19ms
[2026-09-29T20:21:02.355-0400][12.403s][info][gc,phases   ] GC(16)   Evacuate Collection Set: 5.42ms
[2026-09-29T20:21:02.355-0400][12.403s][info][gc,phases   ] GC(16)   Post Evacuate Collection Set: 2.75ms
[2026-09-29T20:21:02.355-0400][12.403s][info][gc,phases   ] GC(16)   Other: 0.19ms
[2026-09-29T20:21:02.355-0400][12.403s][info][gc,heap     ] GC(16) Eden regions: 34->0(29)
[2026-09-29T20:21:02.355-0400][12.403s][info][gc,heap     ] GC(16) Survivor regions: 5->5(5)
[2026-09-29T20:21:02.355-0400][12.403s][info][gc,heap     ] GC(16) Old regions: 26->30
[2026-09-29T20:21:02.355-0400][12.403s][info][gc,heap     ] GC(16) Archive regions: 2->2
[2026-09-29T20:21:02.355-0400][12.403s][info][gc,heap     ] GC(16) Humongous regions: 2->2
[2026-09-29T20:21:02.355-0400][12.403s][info][gc,metaspace] GC(16) Metaspace: 58257K(60672K)->58257K(60672K) NonClass: 51885K(53376K)->51885K(53376K) Class: 6371K(7296K)->6371K(7296K)
[2026-09-29T20:21:02.355-0400][12.403s][info][gc          ] GC(16) Pause Young (Normal) (G1 Evacuation Pause) 132M->75M(174M) 8.915ms
[2026-09-29T20:21:02.355-0400][12.403s][info][gc,cpu      ] GC(16) User=0.05s Sys=0.00s Real=0.01s
[2026-09-29T20:21:02.355-0400][12.403s][info][safepoint   ] Safepoint "G1CollectForAllocation", Time since last: 408879289 ns, Reaching safepoint: 21537 ns, Cleanup: 68836 ns, At safepoint: 9050700 ns, Total: 9141073 ns
[2026-09-29T20:21:02.497-0400][12.545s][info][gc,start    ] GC(17) Pause Young (Concurrent Start) (Metadata GC Threshold)
[2026-09-29T20:21:02.497-0400][12.545s][info][gc,task     ] GC(17) Using 6 workers of 8 for evacuation
[2026-09-29T20:21:02.503-0400][12.550s][info][gc,phases   ] GC(17)   Pre Evacuate Collection Set: 0.31ms
[2026-09-29T20:21:02.503-0400][12.550s][info][gc,phases   ] GC(17)   Merge Heap Roots: 0.17ms
[2026-09-29T20:21:02.503-0400][12.550s][info][gc,phases   ] GC(17)   Evacuate Collection Set: 3.91ms
[2026-09-29T20:21:02.503-0400][12.550s][info][gc,phases   ] GC(17)   Post Evacuate Collection Set: 1.18ms
[2026-09-29T20:21:02.503-0400][12.550s][info][gc,phases   ] GC(17)   Other: 0.21ms
[2026-09-29T20:21:02.503-0400][12.550s][info][gc,heap     ] GC(17) Eden regions: 7->0(30)
[2026-09-29T20:21:02.503-0400][12.550s][info][gc,heap     ] GC(17) Survivor regions: 5->2(5)
[2026-09-29T20:21:02.503-0400][12.550s][info][gc,heap     ] GC(17) Old regions: 30->32
[2026-09-29T20:21:02.503-0400][12.550s][info][gc,heap     ] GC(17) Archive regions: 2->2
[2026-09-29T20:21:02.503-0400][12.550s][info][gc,heap     ] GC(17) Humongous regions: 2->2
[2026-09-29T20:21:02.503-0400][12.550s][info][gc,metaspace] GC(17) Metaspace: 58959K(61376K)->58959K(61376K) NonClass: 52505K(54016K)->52505K(54016K) Class: 6454K(7360K)->6454K(7360K)
[2026-09-29T20:21:02.503-0400][12.551s][info][gc          ] GC(17) Pause Young (Concurrent Start) (Metadata GC Threshold) 89M->71M(174M) 5.854ms
[2026-09-29T20:21:02.503-0400][12.551s][info][gc,cpu      ] GC(17) User=0.04s Sys=0.00s Real=0.01s
[2026-09-29T20:21:02.503-0400][12.551s][info][gc          ] GC(18) Concurrent Mark Cycle
[2026-09-29T20:21:02.503-0400][12.551s][info][gc,marking  ] GC(18) Concurrent Clear Claimed Marks
[2026-09-29T20:21:02.503-0400][12.551s][info][safepoint   ] Safepoint "CollectForMetadataAllocation", Time since last: 141652862 ns, Reaching safepoint: 149599 ns, Cleanup: 35493 ns, At safepoint: 6120133 ns, Total: 6305225 ns
[2026-09-29T20:21:02.503-0400][12.551s][info][gc,marking  ] GC(18) Concurrent Clear Claimed Marks 0.108ms
[2026-09-29T20:21:02.503-0400][12.551s][info][gc,marking  ] GC(18) Concurrent Scan Root Regions
[2026-09-29T20:21:02.506-0400][12.553s][info][gc,marking  ] GC(18) Concurrent Scan Root Regions 2.428ms
[2026-09-29T20:21:02.506-0400][12.553s][info][gc,marking  ] GC(18) Concurrent Mark
[2026-09-29T20:21:02.506-0400][12.553s][info][gc,marking  ] GC(18) Concurrent Mark From Roots
[2026-09-29T20:21:02.506-0400][12.553s][info][gc,task     ] GC(18) Using 2 workers of 2 for marking
[2026-09-29T20:21:02.567-0400][12.614s][info][safepoint   ] Safepoint "CollectForMetadataAllocation", Time since last: 63000334 ns, Reaching safepoint: 158811 ns, Cleanup: 21452 ns, At safepoint: 128749 ns, Total: 309012 ns
[2026-09-29T20:21:02.594-0400][12.641s][info][gc,marking  ] GC(18) Concurrent Mark From Roots 88.165ms
[2026-09-29T20:21:02.594-0400][12.641s][info][gc,marking  ] GC(18) Concurrent Preclean
[2026-09-29T20:21:02.595-0400][12.642s][info][gc,marking  ] GC(18) Concurrent Preclean 0.577ms
[2026-09-29T20:21:02.595-0400][12.642s][info][gc,start    ] GC(18) Pause Remark
[2026-09-29T20:21:02.602-0400][12.650s][info][gc          ] GC(18) Pause Remark 77M->75M(174M) 7.448ms
[2026-09-29T20:21:02.602-0400][12.650s][info][gc,cpu      ] GC(18) User=0.04s Sys=0.00s Real=0.01s
[2026-09-29T20:21:02.603-0400][12.650s][info][safepoint   ] Safepoint "G1PauseRemark", Time since last: 28105280 ns, Reaching safepoint: 136214 ns, Cleanup: 31170 ns, At safepoint: 8118567 ns, Total: 8285951 ns
[2026-09-29T20:21:02.603-0400][12.651s][info][gc,marking  ] GC(18) Concurrent Mark 97.656ms
[2026-09-29T20:21:02.603-0400][12.651s][info][gc,marking  ] GC(18) Concurrent Rebuild Remembered Sets
[2026-09-29T20:21:02.636-0400][12.684s][info][gc,marking  ] GC(18) Concurrent Rebuild Remembered Sets 32.658ms
[2026-09-29T20:21:02.637-0400][12.684s][info][gc,start    ] GC(18) Pause Cleanup
[2026-09-29T20:21:02.637-0400][12.684s][info][gc          ] GC(18) Pause Cleanup 77M->77M(174M) 0.252ms
[2026-09-29T20:21:02.637-0400][12.684s][info][gc,cpu      ] GC(18) User=0.01s Sys=0.00s Real=0.00s
[2026-09-29T20:21:02.637-0400][12.684s][info][safepoint   ] Safepoint "G1PauseCleanup", Time since last: 33350344 ns, Reaching safepoint: 136879 ns, Cleanup: 6647 ns, At safepoint: 407910 ns, Total: 551436 ns
[2026-09-29T20:21:02.637-0400][12.685s][info][gc,marking  ] GC(18) Concurrent Cleanup for Next Mark
[2026-09-29T20:21:02.638-0400][12.686s][info][gc,marking  ] GC(18) Concurrent Cleanup for Next Mark 1.055ms
[2026-09-29T20:21:02.638-0400][12.686s][info][gc          ] GC(18) Concurrent Mark Cycle 135.002ms
[2026-09-29T20:21:03.666-0400][13.714s][info][safepoint   ] Safepoint "Cleanup", Time since last: 1028882702 ns, Reaching safepoint: 4052 ns, Cleanup: 315563 ns, At safepoint: 33988 ns, Total: 353603 ns
[2026-09-29T20:21:03.691-0400][13.738s][info][gc,start    ] GC(19) Pause Young (Concurrent Start) (G1 Evacuation Pause)
[2026-09-29T20:21:03.691-0400][13.738s][info][gc,task     ] GC(19) Using 6 workers of 8 for evacuation
[2026-09-29T20:21:03.698-0400][13.745s][info][gc,phases   ] GC(19)   Pre Evacuate Collection Set: 0.43ms
[2026-09-29T20:21:03.698-0400][13.745s][info][gc,phases   ] GC(19)   Merge Heap Roots: 0.21ms
[2026-09-29T20:21:03.698-0400][13.745s][info][gc,phases   ] GC(19)   Evacuate Collection Set: 4.32ms
[2026-09-29T20:21:03.698-0400][13.745s][info][gc,phases   ] GC(19)   Post Evacuate Collection Set: 1.78ms
[2026-09-29T20:21:03.698-0400][13.745s][info][gc,phases   ] GC(19)   Other: 0.26ms
[2026-09-29T20:21:03.698-0400][13.745s][info][gc,heap     ] GC(19) Eden regions: 30->0(30)
[2026-09-29T20:21:03.698-0400][13.745s][info][gc,heap     ] GC(19) Survivor regions: 2->4(4)
[2026-09-29T20:21:03.698-0400][13.745s][info][gc,heap     ] GC(19) Old regions: 31->31
[2026-09-29T20:21:03.698-0400][13.745s][info][gc,heap     ] GC(19) Archive regions: 2->2
[2026-09-29T20:21:03.698-0400][13.745s][info][gc,heap     ] GC(19) Humongous regions: 2->2
[2026-09-29T20:21:03.698-0400][13.745s][info][gc,metaspace] GC(19) Metaspace: 73291K(75712K)->73291K(75712K) NonClass: 65000K(66496K)->65000K(66496K) Class: 8290K(9216K)->8290K(9216K)
[2026-09-29T20:21:03.698-0400][13.745s][info][gc          ] GC(19) Pause Young (Concurrent Start) (G1 Evacuation Pause) 129M->73M(174M) 7.033ms
[2026-09-29T20:21:03.698-0400][13.745s][info][gc,cpu      ] GC(19) User=0.02s Sys=0.00s Real=0.01s
[2026-09-29T20:21:03.698-0400][13.745s][info][safepoint   ] Safepoint "G1CollectForAllocation", Time since last: 24673475 ns, Reaching safepoint: 23496 ns, Cleanup: 37279 ns, At safepoint: 7181693 ns, Total: 7242468 ns
[2026-09-29T20:21:03.698-0400][13.746s][info][gc          ] GC(20) Concurrent Mark Cycle
[2026-09-29T20:21:03.698-0400][13.746s][info][gc,marking  ] GC(20) Concurrent Clear Claimed Marks
[2026-09-29T20:21:03.698-0400][13.746s][info][gc,marking  ] GC(20) Concurrent Clear Claimed Marks 0.116ms
[2026-09-29T20:21:03.698-0400][13.746s][info][gc,marking  ] GC(20) Concurrent Scan Root Regions
[2026-09-29T20:21:03.702-0400][13.749s][info][gc,marking  ] GC(20) Concurrent Scan Root Regions 3.612ms
[2026-09-29T20:21:03.702-0400][13.749s][info][gc,marking  ] GC(20) Concurrent Mark
[2026-09-29T20:21:03.702-0400][13.749s][info][gc,marking  ] GC(20) Concurrent Mark From Roots
[2026-09-29T20:21:03.702-0400][13.749s][info][gc,task     ] GC(20) Using 2 workers of 2 for marking
[2026-09-29T20:21:03.775-0400][13.823s][info][gc,marking  ] GC(20) Concurrent Mark From Roots 73.237ms
[2026-09-29T20:21:03.775-0400][13.823s][info][gc,marking  ] GC(20) Concurrent Preclean
[2026-09-29T20:21:03.776-0400][13.824s][info][gc,marking  ] GC(20) Concurrent Preclean 0.929ms
[2026-09-29T20:21:03.776-0400][13.824s][info][gc,start    ] GC(20) Pause Remark
[2026-09-29T20:21:03.784-0400][13.832s][info][gc          ] GC(20) Pause Remark 94M->94M(174M) 7.888ms
[2026-09-29T20:21:03.784-0400][13.832s][info][gc,cpu      ] GC(20) User=0.02s Sys=0.01s Real=0.01s
[2026-09-29T20:21:03.784-0400][13.832s][info][safepoint   ] Safepoint "G1PauseRemark", Time since last: 78178549 ns, Reaching safepoint: 14463 ns, Cleanup: 37315 ns, At safepoint: 8185945 ns, Total: 8237723 ns
[2026-09-29T20:21:03.785-0400][13.832s][info][gc,marking  ] GC(20) Concurrent Mark 82.702ms
[2026-09-29T20:21:03.785-0400][13.832s][info][gc,marking  ] GC(20) Concurrent Rebuild Remembered Sets
[2026-09-29T20:21:03.822-0400][13.870s][info][gc,marking  ] GC(20) Concurrent Rebuild Remembered Sets 37.603ms
[2026-09-29T20:21:03.822-0400][13.870s][info][gc,start    ] GC(20) Pause Cleanup
[2026-09-29T20:21:03.823-0400][13.870s][info][gc          ] GC(20) Pause Cleanup 95M->95M(174M) 0.270ms
[2026-09-29T20:21:03.823-0400][13.870s][info][gc,cpu      ] GC(20) User=0.00s Sys=0.00s Real=0.00s
[2026-09-29T20:21:03.823-0400][13.870s][info][safepoint   ] Safepoint "G1PauseCleanup", Time since last: 37909796 ns, Reaching safepoint: 15707 ns, Cleanup: 19716 ns, At safepoint: 421353 ns, Total: 456776 ns
[2026-09-29T20:21:03.823-0400][13.870s][info][gc,marking  ] GC(20) Concurrent Cleanup for Next Mark
[2026-09-29T20:21:03.823-0400][13.871s][info][gc,marking  ] GC(20) Concurrent Cleanup for Next Mark 0.302ms
[2026-09-29T20:21:03.823-0400][13.871s][info][gc          ] GC(20) Concurrent Mark Cycle 125.184ms
[2026-09-29T20:21:04.465-0400][14.513s][info][gc,start    ] GC(21) Pause Young (Normal) (G1 Evacuation Pause)
[2026-09-29T20:21:04.465-0400][14.513s][info][gc,task     ] GC(21) Using 6 workers of 8 for evacuation
[2026-09-29T20:21:04.479-0400][14.526s][info][gc,phases   ] GC(21)   Pre Evacuate Collection Set: 0.21ms
[2026-09-29T20:21:04.479-0400][14.526s][info][gc,phases   ] GC(21)   Merge Heap Roots: 0.14ms
[2026-09-29T20:21:04.479-0400][14.526s][info][gc,phases   ] GC(21)   Evacuate Collection Set: 6.75ms
[2026-09-29T20:21:04.479-0400][14.526s][info][gc,phases   ] GC(21)   Post Evacuate Collection Set: 6.30ms
[2026-09-29T20:21:04.479-0400][14.526s][info][gc,phases   ] GC(21)   Other: 0.22ms
[2026-09-29T20:21:04.479-0400][14.526s][info][gc,heap     ] GC(21) Eden regions: 30->0(29)
[2026-09-29T20:21:04.479-0400][14.526s][info][gc,heap     ] GC(21) Survivor regions: 4->5(5)
[2026-09-29T20:21:04.479-0400][14.526s][info][gc,heap     ] GC(21) Old regions: 31->32
[2026-09-29T20:21:04.479-0400][14.526s][info][gc,heap     ] GC(21) Archive regions: 2->2
[2026-09-29T20:21:04.479-0400][14.526s][info][gc,heap     ] GC(21) Humongous regions: 2->2
[2026-09-29T20:21:04.479-0400][14.526s][info][gc,metaspace] GC(21) Metaspace: 76269K(78720K)->76269K(78720K) NonClass: 67631K(69184K)->67631K(69184K) Class: 8638K(9536K)->8638K(9536K)
[2026-09-29T20:21:04.479-0400][14.526s][info][gc          ] GC(21) Pause Young (Normal) (G1 Evacuation Pause) 133M->77M(174M) 13.747ms
[2026-09-29T20:21:04.479-0400][14.526s][info][gc,cpu      ] GC(21) User=0.06s Sys=0.02s Real=0.01s
[2026-09-29T20:21:04.479-0400][14.527s][info][safepoint   ] Safepoint "G1CollectForAllocation", Time since last: 642222372 ns, Reaching safepoint: 17243 ns, Cleanup: 82091 ns, At safepoint: 13964519 ns, Total: 14063853 ns
[2026-09-29T20:21:04.964-0400][15.012s][info][gc,start    ] GC(22) Pause Young (Normal) (G1 Evacuation Pause)
[2026-09-29T20:21:04.965-0400][15.012s][info][gc,task     ] GC(22) Using 6 workers of 8 for evacuation
[2026-09-29T20:21:04.976-0400][15.023s][info][gc,phases   ] GC(22)   Pre Evacuate Collection Set: 0.25ms
[2026-09-29T20:21:04.976-0400][15.023s][info][gc,phases   ] GC(22)   Merge Heap Roots: 0.22ms
[2026-09-29T20:21:04.976-0400][15.023s][info][gc,phases   ] GC(22)   Evacuate Collection Set: 5.30ms
[2026-09-29T20:21:04.976-0400][15.023s][info][gc,phases   ] GC(22)   Post Evacuate Collection Set: 5.17ms
[2026-09-29T20:21:04.976-0400][15.023s][info][gc,phases   ] GC(22)   Other: 0.21ms
[2026-09-29T20:21:04.976-0400][15.023s][info][gc,heap     ] GC(22) Eden regions: 29->0(25)
[2026-09-29T20:21:04.976-0400][15.023s][info][gc,heap     ] GC(22) Survivor regions: 5->5(5)
[2026-09-29T20:21:04.976-0400][15.023s][info][gc,heap     ] GC(22) Old regions: 32->35
[2026-09-29T20:21:04.976-0400][15.023s][info][gc,heap     ] GC(22) Archive regions: 2->2
[2026-09-29T20:21:04.976-0400][15.023s][info][gc,heap     ] GC(22) Humongous regions: 2->2
[2026-09-29T20:21:04.976-0400][15.023s][info][gc,metaspace] GC(22) Metaspace: 76285K(78720K)->76285K(78720K) NonClass: 67646K(69184K)->67646K(69184K) Class: 8638K(9536K)->8638K(9536K)
[2026-09-29T20:21:04.976-0400][15.023s][info][gc          ] GC(22) Pause Young (Normal) (G1 Evacuation Pause) 135M->84M(174M) 11.246ms
[2026-09-29T20:21:04.976-0400][15.023s][info][gc,cpu      ] GC(22) User=0.05s Sys=0.01s Real=0.01s
[2026-09-29T20:21:04.976-0400][15.023s][info][safepoint   ] Safepoint "G1CollectForAllocation", Time since last: 485244945 ns, Reaching safepoint: 15264 ns, Cleanup: 32916 ns, At safepoint: 11472416 ns, Total: 11520596 ns
[2026-09-29T20:21:05.257-0400][15.305s][info][gc,start    ] GC(23) Pause Young (Normal) (G1 Evacuation Pause)
[2026-09-29T20:21:05.257-0400][15.305s][info][gc,task     ] GC(23) Using 6 workers of 8 for evacuation
[2026-09-29T20:21:05.265-0400][15.313s][info][gc,phases   ] GC(23)   Pre Evacuate Collection Set: 0.29ms
[2026-09-29T20:21:05.265-0400][15.313s][info][gc,phases   ] GC(23)   Merge Heap Roots: 0.21ms
[2026-09-29T20:21:05.265-0400][15.313s][info][gc,phases   ] GC(23)   Evacuate Collection Set: 3.28ms
[2026-09-29T20:21:05.265-0400][15.313s][info][gc,phases   ] GC(23)   Post Evacuate Collection Set: 4.01ms
[2026-09-29T20:21:05.265-0400][15.313s][info][gc,phases   ] GC(23)   Other: 0.23ms
[2026-09-29T20:21:05.265-0400][15.313s][info][gc,heap     ] GC(23) Eden regions: 25->0(36)
[2026-09-29T20:21:05.265-0400][15.313s][info][gc,heap     ] GC(23) Survivor regions: 5->4(4)
[2026-09-29T20:21:05.265-0400][15.313s][info][gc,heap     ] GC(23) Old regions: 35->37
[2026-09-29T20:21:05.265-0400][15.313s][info][gc,heap     ] GC(23) Archive regions: 2->2
[2026-09-29T20:21:05.265-0400][15.313s][info][gc,heap     ] GC(23) Humongous regions: 2->2
[2026-09-29T20:21:05.265-0400][15.313s][info][gc,metaspace] GC(23) Metaspace: 76293K(78784K)->76293K(78784K) NonClass: 67655K(69248K)->67655K(69248K) Class: 8638K(9536K)->8638K(9536K)
[2026-09-29T20:21:05.265-0400][15.313s][info][gc          ] GC(23) Pause Young (Normal) (G1 Evacuation Pause) 134M->87M(210M) 8.179ms
[2026-09-29T20:21:05.265-0400][15.313s][info][gc,cpu      ] GC(23) User=0.04s Sys=0.01s Real=0.01s
[2026-09-29T20:21:05.266-0400][15.313s][info][safepoint   ] Safepoint "G1CollectForAllocation", Time since last: 281277664 ns, Reaching safepoint: 15931 ns, Cleanup: 56745 ns, At safepoint: 8406529 ns, Total: 8479205 ns
[2026-09-29T20:21:05.930-0400][15.977s][info][gc,start    ] GC(24) Pause Young (Normal) (G1 Evacuation Pause)
[2026-09-29T20:21:05.930-0400][15.977s][info][gc,task     ] GC(24) Using 6 workers of 8 for evacuation
[2026-09-29T20:21:05.947-0400][15.995s][info][gc,phases   ] GC(24)   Pre Evacuate Collection Set: 1.08ms
[2026-09-29T20:21:05.947-0400][15.995s][info][gc,phases   ] GC(24)   Merge Heap Roots: 0.15ms
[2026-09-29T20:21:05.947-0400][15.995s][info][gc,phases   ] GC(24)   Evacuate Collection Set: 3.86ms
[2026-09-29T20:21:05.947-0400][15.995s][info][gc,phases   ] GC(24)   Post Evacuate Collection Set: 12.33ms
[2026-09-29T20:21:05.947-0400][15.995s][info][gc,phases   ] GC(24)   Other: 0.25ms
[2026-09-29T20:21:05.947-0400][15.995s][info][gc,heap     ] GC(24) Eden regions: 36->0(37)
[2026-09-29T20:21:05.947-0400][15.995s][info][gc,heap     ] GC(24) Survivor regions: 4->3(5)
[2026-09-29T20:21:05.947-0400][15.995s][info][gc,heap     ] GC(24) Old regions: 37->38
[2026-09-29T20:21:05.947-0400][15.995s][info][gc,heap     ] GC(24) Archive regions: 2->2
[2026-09-29T20:21:05.947-0400][15.995s][info][gc,heap     ] GC(24) Humongous regions: 2->2
[2026-09-29T20:21:05.947-0400][15.995s][info][gc,metaspace] GC(24) Metaspace: 77334K(79872K)->77334K(79872K) NonClass: 68517K(70080K)->68517K(70080K) Class: 8816K(9792K)->8816K(9792K)
[2026-09-29T20:21:05.947-0400][15.995s][info][gc          ] GC(24) Pause Young (Normal) (G1 Evacuation Pause) 159M->84M(210M) 17.779ms
[2026-09-29T20:21:05.947-0400][15.995s][info][gc,cpu      ] GC(24) User=0.05s Sys=0.00s Real=0.02s
[2026-09-29T20:21:05.947-0400][15.995s][info][safepoint   ] Safepoint "G1CollectForAllocation", Time since last: 663738676 ns, Reaching safepoint: 17965 ns, Cleanup: 79840 ns, At safepoint: 17984232 ns, Total: 18082037 ns
[2026-09-29T20:21:06.369-0400][16.416s][info][gc,start    ] GC(25) Pause Young (Normal) (G1 Evacuation Pause)
[2026-09-29T20:21:06.369-0400][16.416s][info][gc,task     ] GC(25) Using 6 workers of 8 for evacuation
[2026-09-29T20:21:06.373-0400][16.420s][info][gc,phases   ] GC(25)   Pre Evacuate Collection Set: 0.43ms
[2026-09-29T20:21:06.373-0400][16.420s][info][gc,phases   ] GC(25)   Merge Heap Roots: 0.20ms
[2026-09-29T20:21:06.373-0400][16.420s][info][gc,phases   ] GC(25)   Evacuate Collection Set: 1.72ms
[2026-09-29T20:21:06.373-0400][16.420s][info][gc,phases   ] GC(25)   Post Evacuate Collection Set: 1.48ms
[2026-09-29T20:21:06.373-0400][16.420s][info][gc,phases   ] GC(25)   Other: 0.34ms
[2026-09-29T20:21:06.373-0400][16.420s][info][gc,heap     ] GC(25) Eden regions: 37->0(40)
[2026-09-29T20:21:06.373-0400][16.420s][info][gc,heap     ] GC(25) Survivor regions: 3->1(5)
[2026-09-29T20:21:06.373-0400][16.420s][info][gc,heap     ] GC(25) Old regions: 38->38
[2026-09-29T20:21:06.373-0400][16.420s][info][gc,heap     ] GC(25) Archive regions: 2->2
[2026-09-29T20:21:06.373-0400][16.420s][info][gc,heap     ] GC(25) Humongous regions: 2->2
[2026-09-29T20:21:06.373-0400][16.420s][info][gc,metaspace] GC(25) Metaspace: 77357K(79872K)->77357K(79872K) NonClass: 68540K(70080K)->68540K(70080K) Class: 8816K(9792K)->8816K(9792K)
[2026-09-29T20:21:06.373-0400][16.420s][info][gc          ] GC(25) Pause Young (Normal) (G1 Evacuation Pause) 158M->81M(210M) 4.155ms
[2026-09-29T20:21:06.373-0400][16.420s][info][gc,cpu      ] GC(25) User=0.02s Sys=0.00s Real=0.01s
[2026-09-29T20:21:06.373-0400][16.420s][info][safepoint   ] Safepoint "G1CollectForAllocation", Time since last: 420783442 ns, Reaching safepoint: 82506 ns, Cleanup: 51280 ns, At safepoint: 4472530 ns, Total: 4606316 ns
[2026-09-29T20:21:07.193-0400][17.241s][info][safepoint   ] Safepoint "ICBufferFull", Time since last: 819922663 ns, Reaching safepoint: 20237 ns, Cleanup: 319778 ns, At safepoint: 87732 ns, Total: 427747 ns
[2026-09-29T20:21:07.449-0400][17.496s][info][gc,start    ] GC(26) Pause Young (Normal) (G1 Evacuation Pause)
[2026-09-29T20:21:07.449-0400][17.496s][info][gc,task     ] GC(26) Using 6 workers of 8 for evacuation
[2026-09-29T20:21:07.457-0400][17.504s][info][gc,phases   ] GC(26)   Pre Evacuate Collection Set: 0.27ms
[2026-09-29T20:21:07.457-0400][17.504s][info][gc,phases   ] GC(26)   Merge Heap Roots: 0.36ms
[2026-09-29T20:21:07.457-0400][17.504s][info][gc,phases   ] GC(26)   Evacuate Collection Set: 3.78ms
[2026-09-29T20:21:07.457-0400][17.504s][info][gc,phases   ] GC(26)   Post Evacuate Collection Set: 3.54ms
[2026-09-29T20:21:07.457-0400][17.504s][info][gc,phases   ] GC(26)   Other: 0.21ms
[2026-09-29T20:21:07.457-0400][17.504s][info][gc,heap     ] GC(26) Eden regions: 40->0(39)
[2026-09-29T20:21:07.457-0400][17.504s][info][gc,heap     ] GC(26) Survivor regions: 1->3(6)
[2026-09-29T20:21:07.457-0400][17.504s][info][gc,heap     ] GC(26) Old regions: 38->38
[2026-09-29T20:21:07.457-0400][17.504s][info][gc,heap     ] GC(26) Archive regions: 2->2
[2026-09-29T20:21:07.457-0400][17.504s][info][gc,heap     ] GC(26) Humongous regions: 2->2
[2026-09-29T20:21:07.457-0400][17.504s][info][gc,metaspace] GC(26) Metaspace: 80996K(83712K)->80996K(83712K) NonClass: 71660K(73344K)->71660K(73344K) Class: 9336K(10368K)->9336K(10368K)
[2026-09-29T20:21:07.457-0400][17.504s][info][gc          ] GC(26) Pause Young (Normal) (G1 Evacuation Pause) 161M->85M(210M) 8.294ms
[2026-09-29T20:21:07.457-0400][17.505s][info][gc,cpu      ] GC(26) User=0.03s Sys=0.00s Real=0.01s
[2026-09-29T20:21:07.457-0400][17.505s][info][safepoint   ] Safepoint "G1CollectForAllocation", Time since last: 255089899 ns, Reaching safepoint: 17610 ns, Cleanup: 376998 ns, At safepoint: 8448805 ns, Total: 8843413 ns
[2026-09-29T20:21:07.881-0400][17.929s][info][safepoint   ] Safepoint "ICBufferFull", Time since last: 423898891 ns, Reaching safepoint: 12670 ns, Cleanup: 148707 ns, At safepoint: 3422 ns, Total: 164799 ns
[2026-09-29T20:21:08.344-0400][18.391s][info][gc,start    ] GC(27) Pause Young (Normal) (G1 Evacuation Pause)
[2026-09-29T20:21:08.344-0400][18.391s][info][gc,task     ] GC(27) Using 6 workers of 8 for evacuation
[2026-09-29T20:21:08.351-0400][18.398s][info][gc,phases   ] GC(27)   Pre Evacuate Collection Set: 0.26ms
[2026-09-29T20:21:08.351-0400][18.398s][info][gc,phases   ] GC(27)   Merge Heap Roots: 0.19ms
[2026-09-29T20:21:08.351-0400][18.398s][info][gc,phases   ] GC(27)   Evacuate Collection Set: 5.06ms
[2026-09-29T20:21:08.351-0400][18.398s][info][gc,phases   ] GC(27)   Post Evacuate Collection Set: 1.32ms
[2026-09-29T20:21:08.351-0400][18.398s][info][gc,phases   ] GC(27)   Other: 0.17ms
[2026-09-29T20:21:08.351-0400][18.398s][info][gc,heap     ] GC(27) Eden regions: 39->0(40)
[2026-09-29T20:21:08.351-0400][18.398s][info][gc,heap     ] GC(27) Survivor regions: 3->3(6)
[2026-09-29T20:21:08.351-0400][18.398s][info][gc,heap     ] GC(27) Old regions: 38->38
[2026-09-29T20:21:08.351-0400][18.398s][info][gc,heap     ] GC(27) Archive regions: 2->2
[2026-09-29T20:21:08.351-0400][18.398s][info][gc,heap     ] GC(27) Humongous regions: 2->2
[2026-09-29T20:21:08.351-0400][18.398s][info][gc,metaspace] GC(27) Metaspace: 83354K(86080K)->83354K(86080K) NonClass: 73733K(75392K)->73733K(75392K) Class: 9621K(10688K)->9621K(10688K)
[2026-09-29T20:21:08.351-0400][18.398s][info][gc          ] GC(27) Pause Young (Normal) (G1 Evacuation Pause) 163M->85M(210M) 7.065ms
[2026-09-29T20:21:08.351-0400][18.398s][info][gc,cpu      ] GC(27) User=0.05s Sys=0.00s Real=0.00s
[2026-09-29T20:21:08.351-0400][18.398s][info][safepoint   ] Safepoint "G1CollectForAllocation", Time since last: 462377807 ns, Reaching safepoint: 16096 ns, Cleanup: 71454 ns, At safepoint: 7216477 ns, Total: 7304027 ns
[2026-09-29T20:21:08.632-0400][18.680s][info][safepoint   ] Safepoint "ICBufferFull", Time since last: 281050499 ns, Reaching safepoint: 130781 ns, Cleanup: 238117 ns, At safepoint: 138822 ns, Total: 507720 ns
[2026-09-29T20:21:08.634-0400][18.681s][info][safepoint   ] Safepoint "ICBufferFull", Time since last: 803179 ns, Reaching safepoint: 162157 ns, Cleanup: 12605 ns, At safepoint: 135856 ns, Total: 310618 ns
[2026-09-29T20:21:08.635-0400][18.682s][info][safepoint   ] Safepoint "ICBufferFull", Time since last: 721782 ns, Reaching safepoint: 122379 ns, Cleanup: 11614 ns, At safepoint: 240363 ns, Total: 374356 ns
[2026-09-29T20:21:08.635-0400][18.683s][info][safepoint   ] Safepoint "ICBufferFull", Time since last: 170441 ns, Reaching safepoint: 268936 ns, Cleanup: 16437 ns, At safepoint: 202594 ns, Total: 487967 ns
[2026-09-29T20:21:08.988-0400][19.036s][info][safepoint   ] Safepoint "ICBufferFull", Time since last: 352576130 ns, Reaching safepoint: 20386 ns, Cleanup: 176894 ns, At safepoint: 47099 ns, Total: 244379 ns
[2026-09-29T20:21:09.276-0400][19.323s][info][safepoint   ] Safepoint "ICBufferFull", Time since last: 286381044 ns, Reaching safepoint: 177235 ns, Cleanup: 188112 ns, At safepoint: 844211 ns, Total: 1209558 ns
[2026-09-29T20:21:09.277-0400][19.324s][info][safepoint   ] Safepoint "ICBufferFull", Time since last: 1023412 ns, Reaching safepoint: 17809 ns, Cleanup: 22588 ns, At safepoint: 136651 ns, Total: 177048 ns
[2026-09-29T20:21:09.277-0400][19.325s][info][safepoint   ] Safepoint "ICBufferFull", Time since last: 200780 ns, Reaching safepoint: 124432 ns, Cleanup: 5221 ns, At safepoint: 136346 ns, Total: 265999 ns
[2026-09-29T20:21:09.894-0400][19.942s][info][safepoint   ] Safepoint "ICBufferFull", Time since last: 616659670 ns, Reaching safepoint: 19279 ns, Cleanup: 198098 ns, At safepoint: 56562 ns, Total: 273939 ns
[2026-09-29T20:21:10.102-0400][20.149s][info][safepoint   ] Safepoint "G1CollectForAllocation", Time since last: 207111502 ns, Reaching safepoint: 31674 ns, Cleanup: 74702 ns, At safepoint: 11125 ns, Total: 117501 ns
[2026-09-29T20:21:10.102-0400][20.149s][info][gc,start    ] GC(28) Pause Young (Normal) (GCLocker Initiated GC)
[2026-09-29T20:21:10.102-0400][20.149s][info][gc,task     ] GC(28) Using 6 workers of 8 for evacuation
[2026-09-29T20:21:10.111-0400][20.158s][info][gc,phases   ] GC(28)   Pre Evacuate Collection Set: 0.32ms
[2026-09-29T20:21:10.111-0400][20.158s][info][gc,phases   ] GC(28)   Merge Heap Roots: 0.24ms
[2026-09-29T20:21:10.111-0400][20.158s][info][gc,phases   ] GC(28)   Evacuate Collection Set: 5.41ms
[2026-09-29T20:21:10.111-0400][20.158s][info][gc,phases   ] GC(28)   Post Evacuate Collection Set: 2.63ms
[2026-09-29T20:21:10.111-0400][20.158s][info][gc,phases   ] GC(28)   Other: 0.20ms
[2026-09-29T20:21:10.111-0400][20.158s][info][gc,heap     ] GC(28) Eden regions: 41->0(40)
[2026-09-29T20:21:10.111-0400][20.158s][info][gc,heap     ] GC(28) Survivor regions: 3->4(6)
[2026-09-29T20:21:10.111-0400][20.158s][info][gc,heap     ] GC(28) Old regions: 38->38
[2026-09-29T20:21:10.111-0400][20.158s][info][gc,heap     ] GC(28) Archive regions: 2->2
[2026-09-29T20:21:10.111-0400][20.158s][info][gc,heap     ] GC(28) Humongous regions: 2->2
[2026-09-29T20:21:10.111-0400][20.158s][info][gc,metaspace] GC(28) Metaspace: 88461K(91456K)->88461K(91456K) NonClass: 78319K(80192K)->78319K(80192K) Class: 10142K(11264K)->10142K(11264K)
[2026-09-29T20:21:10.111-0400][20.158s][info][gc          ] GC(28) Pause Young (Normal) (GCLocker Initiated GC) 165M->86M(210M) 8.891ms
[2026-09-29T20:21:10.111-0400][20.158s][info][gc,cpu      ] GC(28) User=0.04s Sys=0.01s Real=0.00s
[2026-09-29T20:21:10.111-0400][20.158s][info][safepoint   ] Safepoint "G1CollectForAllocation", Time since last: 329127 ns, Reaching safepoint: 8591 ns, Cleanup: 2932 ns, At safepoint: 9097368 ns, Total: 9108891 ns
[2026-09-29T20:21:11.436-0400][21.483s][info][safepoint   ] Safepoint "Cleanup", Time since last: 1324338939 ns, Reaching safepoint: 3944 ns, Cleanup: 309031 ns, At safepoint: 29178 ns, Total: 342153 ns
[2026-09-29T20:21:11.591-0400][21.639s][info][safepoint   ] Safepoint "ICBufferFull", Time since last: 155583913 ns, Reaching safepoint: 17616 ns, Cleanup: 176907 ns, At safepoint: 7532 ns, Total: 202055 ns
[2026-09-29T20:21:12.010-0400][22.057s][info][safepoint   ] Safepoint "ICBufferFull", Time since last: 418298394 ns, Reaching safepoint: 11243 ns, Cleanup: 139985 ns, At safepoint: 2949 ns, Total: 154177 ns
[2026-09-29T20:21:12.498-0400][22.545s][info][safepoint   ] Safepoint "ICBufferFull", Time since last: 487636836 ns, Reaching safepoint: 20196 ns, Cleanup: 191933 ns, At safepoint: 7343 ns, Total: 219472 ns
[2026-09-29T20:21:13.068-0400][23.116s][info][safepoint   ] Safepoint "ICBufferFull", Time since last: 570235709 ns, Reaching safepoint: 17370 ns, Cleanup: 174313 ns, At safepoint: 11355 ns, Total: 203038 ns
[2026-09-29T20:21:13.352-0400][23.400s][info][gc,start    ] GC(29) Pause Young (Normal) (G1 Evacuation Pause)
[2026-09-29T20:21:13.352-0400][23.400s][info][gc,task     ] GC(29) Using 6 workers of 8 for evacuation
[2026-09-29T20:21:13.363-0400][23.411s][info][gc,phases   ] GC(29)   Pre Evacuate Collection Set: 0.25ms
[2026-09-29T20:21:13.363-0400][23.411s][info][gc,phases   ] GC(29)   Merge Heap Roots: 0.24ms
[2026-09-29T20:21:13.363-0400][23.411s][info][gc,phases   ] GC(29)   Evacuate Collection Set: 7.06ms
[2026-09-29T20:21:13.363-0400][23.411s][info][gc,phases   ] GC(29)   Post Evacuate Collection Set: 3.08ms
[2026-09-29T20:21:13.363-0400][23.411s][info][gc,phases   ] GC(29)   Other: 0.21ms
[2026-09-29T20:21:13.363-0400][23.411s][info][gc,heap     ] GC(29) Eden regions: 40->0(34)
[2026-09-29T20:21:13.363-0400][23.411s][info][gc,heap     ] GC(29) Survivor regions: 4->6(6)
[2026-09-29T20:21:13.363-0400][23.411s][info][gc,heap     ] GC(29) Old regions: 38->40
[2026-09-29T20:21:13.363-0400][23.411s][info][gc,heap     ] GC(29) Archive regions: 2->2
[2026-09-29T20:21:13.363-0400][23.411s][info][gc,heap     ] GC(29) Humongous regions: 2->2
[2026-09-29T20:21:13.363-0400][23.411s][info][gc,metaspace] GC(29) Metaspace: 101766K(104768K)->101766K(104768K) NonClass: 90134K(91968K)->90134K(91968K) Class: 11631K(12800K)->11631K(12800K)
[2026-09-29T20:21:13.363-0400][23.411s][info][gc          ] GC(29) Pause Young (Normal) (G1 Evacuation Pause) 166M->96M(210M) 10.955ms
[2026-09-29T20:21:13.363-0400][23.411s][info][gc,cpu      ] GC(29) User=0.05s Sys=0.00s Real=0.01s
[2026-09-29T20:21:13.363-0400][23.411s][info][safepoint   ] Safepoint "G1CollectForAllocation", Time since last: 284050604 ns, Reaching safepoint: 12068 ns, Cleanup: 52102 ns, At safepoint: 11127727 ns, Total: 11191897 ns
[2026-09-29T20:21:14.364-0400][24.411s][info][safepoint   ] Safepoint "Cleanup", Time since last: 1000185796 ns, Reaching safepoint: 23179 ns, Cleanup: 136444 ns, At safepoint: 5485 ns, Total: 165108 ns
[2026-09-29T20:21:15.162-0400][25.209s][info][safepoint   ] Safepoint "ICBufferFull", Time since last: 797668591 ns, Reaching safepoint: 16922 ns, Cleanup: 192263 ns, At safepoint: 40581 ns, Total: 249766 ns
[2026-09-29T20:21:15.517-0400][25.565s][info][safepoint   ] Safepoint "ICBufferFull", Time since last: 354626599 ns, Reaching safepoint: 693626 ns, Cleanup: 163305 ns, At safepoint: 56547 ns, Total: 913478 ns
[2026-09-29T20:21:15.692-0400][25.739s][info][gc,start    ] GC(30) Pause Young (Normal) (G1 Evacuation Pause)
[2026-09-29T20:21:15.692-0400][25.739s][info][gc,task     ] GC(30) Using 6 workers of 8 for evacuation
[2026-09-29T20:21:15.710-0400][25.758s][info][gc,phases   ] GC(30)   Pre Evacuate Collection Set: 0.26ms
[2026-09-29T20:21:15.710-0400][25.758s][info][gc,phases   ] GC(30)   Merge Heap Roots: 0.17ms
[2026-09-29T20:21:15.710-0400][25.758s][info][gc,phases   ] GC(30)   Evacuate Collection Set: 14.71ms
[2026-09-29T20:21:15.710-0400][25.758s][info][gc,phases   ] GC(30)   Post Evacuate Collection Set: 3.24ms
[2026-09-29T20:21:15.710-0400][25.758s][info][gc,phases   ] GC(30)   Other: 0.31ms
[2026-09-29T20:21:15.710-0400][25.758s][info][gc,heap     ] GC(30) Eden regions: 34->0(33)
[2026-09-29T20:21:15.710-0400][25.758s][info][gc,heap     ] GC(30) Survivor regions: 6->3(5)
[2026-09-29T20:21:15.710-0400][25.758s][info][gc,heap     ] GC(30) Old regions: 40->45
[2026-09-29T20:21:15.710-0400][25.758s][info][gc,heap     ] GC(30) Archive regions: 2->2
[2026-09-29T20:21:15.710-0400][25.758s][info][gc,heap     ] GC(30) Humongous regions: 2->2
[2026-09-29T20:21:15.711-0400][25.758s][info][gc,metaspace] GC(30) Metaspace: 105188K(108224K)->105188K(108224K) NonClass: 93214K(95040K)->93214K(95040K) Class: 11974K(13184K)->11974K(13184K)
[2026-09-29T20:21:15.711-0400][25.758s][info][gc          ] GC(30) Pause Young (Normal) (G1 Evacuation Pause) 164M->101M(210M) 18.841ms
[2026-09-29T20:21:15.711-0400][25.758s][info][gc,cpu      ] GC(30) User=0.11s Sys=0.01s Real=0.02s
[2026-09-29T20:21:15.711-0400][25.758s][info][safepoint   ] Safepoint "G1CollectForAllocation", Time since last: 174295636 ns, Reaching safepoint: 16101 ns, Cleanup: 88577 ns, At safepoint: 19143134 ns, Total: 19247812 ns
[2026-09-29T20:21:16.907-0400][26.955s][info][gc,start    ] GC(31) Pause Young (Concurrent Start) (G1 Evacuation Pause)
[2026-09-29T20:21:16.907-0400][26.955s][info][gc,task     ] GC(31) Using 6 workers of 8 for evacuation
[2026-09-29T20:21:16.916-0400][26.964s][info][gc,phases   ] GC(31)   Pre Evacuate Collection Set: 0.56ms
[2026-09-29T20:21:16.916-0400][26.964s][info][gc,phases   ] GC(31)   Merge Heap Roots: 0.25ms
[2026-09-29T20:21:16.916-0400][26.964s][info][gc,phases   ] GC(31)   Evacuate Collection Set: 5.02ms
[2026-09-29T20:21:16.916-0400][26.964s][info][gc,phases   ] GC(31)   Post Evacuate Collection Set: 2.97ms
[2026-09-29T20:21:16.916-0400][26.964s][info][gc,phases   ] GC(31)   Other: 0.31ms
[2026-09-29T20:21:16.916-0400][26.964s][info][gc,heap     ] GC(31) Eden regions: 33->0(32)
[2026-09-29T20:21:16.916-0400][26.964s][info][gc,heap     ] GC(31) Survivor regions: 3->5(5)
[2026-09-29T20:21:16.916-0400][26.964s][info][gc,heap     ] GC(31) Old regions: 45->45
[2026-09-29T20:21:16.916-0400][26.964s][info][gc,heap     ] GC(31) Archive regions: 2->2
[2026-09-29T20:21:16.916-0400][26.964s][info][gc,heap     ] GC(31) Humongous regions: 2->2
[2026-09-29T20:21:16.916-0400][26.964s][info][gc,metaspace] GC(31) Metaspace: 111476K(114624K)->111476K(114624K) NonClass: 98389K(100288K)->98389K(100288K) Class: 13086K(14336K)->13086K(14336K)
[2026-09-29T20:21:16.916-0400][26.964s][info][gc          ] GC(31) Pause Young (Concurrent Start) (G1 Evacuation Pause) 167M->104M(210M) 9.232ms
[2026-09-29T20:21:16.916-0400][26.964s][info][gc,cpu      ] GC(31) User=0.04s Sys=0.01s Real=0.01s
[2026-09-29T20:21:16.917-0400][26.964s][info][gc          ] GC(32) Concurrent Mark Cycle
[2026-09-29T20:21:16.917-0400][26.964s][info][gc,marking  ] GC(32) Concurrent Clear Claimed Marks
[2026-09-29T20:21:16.917-0400][26.964s][info][safepoint   ] Safepoint "G1CollectForAllocation", Time since last: 1195798405 ns, Reaching safepoint: 16103 ns, Cleanup: 508510 ns, At safepoint: 9441243 ns, Total: 9965856 ns
[2026-09-29T20:21:16.917-0400][26.965s][info][gc,marking  ] GC(32) Concurrent Clear Claimed Marks 0.662ms
[2026-09-29T20:21:16.917-0400][26.965s][info][gc,marking  ] GC(32) Concurrent Scan Root Regions
[2026-09-29T20:21:16.925-0400][26.973s][info][gc,marking  ] GC(32) Concurrent Scan Root Regions 8.063ms
[2026-09-29T20:21:16.925-0400][26.973s][info][gc,marking  ] GC(32) Concurrent Mark
[2026-09-29T20:21:16.926-0400][26.973s][info][gc,marking  ] GC(32) Concurrent Mark From Roots
[2026-09-29T20:21:16.926-0400][26.973s][info][gc,task     ] GC(32) Using 2 workers of 2 for marking
[2026-09-29T20:21:17.046-0400][27.094s][info][gc,marking  ] GC(32) Concurrent Mark From Roots 120.886ms
[2026-09-29T20:21:17.046-0400][27.094s][info][gc,marking  ] GC(32) Concurrent Preclean
[2026-09-29T20:21:17.050-0400][27.098s][info][gc,marking  ] GC(32) Concurrent Preclean 3.599ms
[2026-09-29T20:21:17.051-0400][27.098s][info][gc,start    ] GC(32) Pause Remark
[2026-09-29T20:21:17.077-0400][27.124s][info][gc          ] GC(32) Pause Remark 116M->112M(210M) 25.723ms
[2026-09-29T20:21:17.077-0400][27.124s][info][gc,cpu      ] GC(32) User=0.08s Sys=0.01s Real=0.03s
[2026-09-29T20:21:17.077-0400][27.124s][info][safepoint   ] Safepoint "G1PauseRemark", Time since last: 133654915 ns, Reaching safepoint: 576430 ns, Cleanup: 86921 ns, At safepoint: 26045736 ns, Total: 26709087 ns
[2026-09-29T20:21:17.077-0400][27.124s][info][gc,marking  ] GC(32) Concurrent Mark 151.477ms
[2026-09-29T20:21:17.077-0400][27.124s][info][gc,marking  ] GC(32) Concurrent Rebuild Remembered Sets
[2026-09-29T20:21:17.162-0400][27.210s][info][gc,marking  ] GC(32) Concurrent Rebuild Remembered Sets 85.054ms
[2026-09-29T20:21:17.183-0400][27.230s][info][gc,start    ] GC(32) Pause Cleanup
[2026-09-29T20:21:17.183-0400][27.231s][info][gc          ] GC(32) Pause Cleanup 113M->113M(210M) 0.362ms
[2026-09-29T20:21:17.183-0400][27.231s][info][gc,cpu      ] GC(32) User=0.00s Sys=0.00s Real=0.00s
[2026-09-29T20:21:17.184-0400][27.231s][info][safepoint   ] Safepoint "G1PauseCleanup", Time since last: 89035571 ns, Reaching safepoint: 16966107 ns, Cleanup: 22857 ns, At safepoint: 632585 ns, Total: 17621549 ns
[2026-09-29T20:21:17.184-0400][27.231s][info][gc,marking  ] GC(32) Concurrent Cleanup for Next Mark
[2026-09-29T20:21:17.192-0400][27.239s][info][gc,marking  ] GC(32) Concurrent Cleanup for Next Mark 8.300ms
[2026-09-29T20:21:17.192-0400][27.240s][info][gc          ] GC(32) Concurrent Mark Cycle 275.546ms
[2026-09-29T20:21:17.846-0400][27.894s][info][safepoint   ] Safepoint "ICBufferFull", Time since last: 662124494 ns, Reaching safepoint: 20891 ns, Cleanup: 376839 ns, At safepoint: 49583 ns, Total: 447313 ns
[2026-09-29T20:21:18.006-0400][28.053s][info][gc,start    ] GC(33) Pause Young (Prepare Mixed) (G1 Evacuation Pause)
[2026-09-29T20:21:18.006-0400][28.053s][info][gc,task     ] GC(33) Using 6 workers of 8 for evacuation
[2026-09-29T20:21:18.013-0400][28.061s][info][gc,phases   ] GC(33)   Pre Evacuate Collection Set: 0.28ms
[2026-09-29T20:21:18.013-0400][28.061s][info][gc,phases   ] GC(33)   Merge Heap Roots: 0.15ms
[2026-09-29T20:21:18.013-0400][28.061s][info][gc,phases   ] GC(33)   Evacuate Collection Set: 5.31ms
[2026-09-29T20:21:18.013-0400][28.061s][info][gc,phases   ] GC(33)   Post Evacuate Collection Set: 1.84ms
[2026-09-29T20:21:18.013-0400][28.061s][info][gc,phases   ] GC(33)   Other: 0.21ms
[2026-09-29T20:21:18.013-0400][28.061s][info][gc,heap     ] GC(33) Eden regions: 32->0(2)
[2026-09-29T20:21:18.013-0400][28.061s][info][gc,heap     ] GC(33) Survivor regions: 5->3(5)
[2026-09-29T20:21:18.013-0400][28.061s][info][gc,heap     ] GC(33) Old regions: 43->45
[2026-09-29T20:21:18.013-0400][28.061s][info][gc,heap     ] GC(33) Archive regions: 2->2
[2026-09-29T20:21:18.013-0400][28.061s][info][gc,heap     ] GC(33) Humongous regions: 2->2
[2026-09-29T20:21:18.013-0400][28.061s][info][gc,metaspace] GC(33) Metaspace: 116962K(120128K)->116962K(120128K) NonClass: 103174K(105088K)->103174K(105088K) Class: 13788K(15040K)->13788K(15040K)
[2026-09-29T20:21:18.013-0400][28.061s][info][gc          ] GC(33) Pause Young (Prepare Mixed) (G1 Evacuation Pause) 164M->100M(210M) 7.891ms
[2026-09-29T20:21:18.013-0400][28.061s][info][gc,cpu      ] GC(33) User=0.04s Sys=0.00s Real=0.01s
[2026-09-29T20:21:18.014-0400][28.061s][info][safepoint   ] Safepoint "G1CollectForAllocation", Time since last: 159225080 ns, Reaching safepoint: 16919 ns, Cleanup: 129260 ns, At safepoint: 8136242 ns, Total: 8282421 ns
[2026-09-29T20:21:18.090-0400][28.137s][info][gc,start    ] GC(34) Pause Young (Mixed) (G1 Evacuation Pause)
[2026-09-29T20:21:18.090-0400][28.137s][info][gc,task     ] GC(34) Using 6 workers of 8 for evacuation
[2026-09-29T20:21:18.101-0400][28.149s][info][gc,phases   ] GC(34)   Pre Evacuate Collection Set: 0.33ms
[2026-09-29T20:21:18.101-0400][28.149s][info][gc,phases   ] GC(34)   Merge Heap Roots: 0.24ms
[2026-09-29T20:21:18.101-0400][28.149s][info][gc,phases   ] GC(34)   Evacuate Collection Set: 9.62ms
[2026-09-29T20:21:18.101-0400][28.149s][info][gc,phases   ] GC(34)   Post Evacuate Collection Set: 1.18ms
[2026-09-29T20:21:18.101-0400][28.149s][info][gc,phases   ] GC(34)   Other: 0.21ms
[2026-09-29T20:21:18.101-0400][28.149s][info][gc,heap     ] GC(34) Eden regions: 2->0(36)
[2026-09-29T20:21:18.101-0400][28.149s][info][gc,heap     ] GC(34) Survivor regions: 3->1(1)
[2026-09-29T20:21:18.101-0400][28.149s][info][gc,heap     ] GC(34) Old regions: 45->44
[2026-09-29T20:21:18.101-0400][28.149s][info][gc,heap     ] GC(34) Archive regions: 2->2
[2026-09-29T20:21:18.101-0400][28.149s][info][gc,heap     ] GC(34) Humongous regions: 2->2
[2026-09-29T20:21:18.101-0400][28.149s][info][gc,metaspace] GC(34) Metaspace: 117245K(120384K)->117245K(120384K) NonClass: 103435K(105344K)->103435K(105344K) Class: 13809K(15040K)->13809K(15040K)
[2026-09-29T20:21:18.101-0400][28.149s][info][gc          ] GC(34) Pause Young (Mixed) (G1 Evacuation Pause) 104M->94M(210M) 11.735ms
[2026-09-29T20:21:18.101-0400][28.149s][info][gc,cpu      ] GC(34) User=0.04s Sys=0.00s Real=0.02s
[2026-09-29T20:21:18.102-0400][28.149s][info][safepoint   ] Safepoint "G1CollectForAllocation", Time since last: 73699780 ns, Reaching safepoint: 2116624 ns, Cleanup: 22551 ns, At safepoint: 12016501 ns, Total: 14155676 ns
[2026-09-29T20:21:18.445-0400][28.493s][info][safepoint   ] Safepoint "ICBufferFull", Time since last: 343419300 ns, Reaching safepoint: 23235 ns, Cleanup: 190194 ns, At safepoint: 4287 ns, Total: 217716 ns
[2026-09-29T20:21:19.363-0400][29.411s][info][gc,start    ] GC(35) Pause Young (Concurrent Start) (G1 Evacuation Pause)
[2026-09-29T20:21:19.363-0400][29.411s][info][gc,task     ] GC(35) Using 5 workers of 8 for evacuation
[2026-09-29T20:21:19.375-0400][29.422s][info][gc,phases   ] GC(35)   Pre Evacuate Collection Set: 0.49ms
[2026-09-29T20:21:19.375-0400][29.422s][info][gc,phases   ] GC(35)   Merge Heap Roots: 0.24ms
[2026-09-29T20:21:19.375-0400][29.422s][info][gc,phases   ] GC(35)   Evacuate Collection Set: 8.22ms
[2026-09-29T20:21:19.375-0400][29.422s][info][gc,phases   ] GC(35)   Post Evacuate Collection Set: 2.09ms
[2026-09-29T20:21:19.375-0400][29.422s][info][gc,phases   ] GC(35)   Other: 0.32ms
[2026-09-29T20:21:19.375-0400][29.422s][info][gc,heap     ] GC(35) Eden regions: 36->0(35)
[2026-09-29T20:21:19.375-0400][29.422s][info][gc,heap     ] GC(35) Survivor regions: 1->3(5)
[2026-09-29T20:21:19.375-0400][29.422s][info][gc,heap     ] GC(35) Old regions: 44->44
[2026-09-29T20:21:19.375-0400][29.422s][info][gc,heap     ] GC(35) Archive regions: 2->2
[2026-09-29T20:21:19.375-0400][29.422s][info][gc,heap     ] GC(35) Humongous regions: 2->2
[2026-09-29T20:21:19.375-0400][29.422s][info][gc,metaspace] GC(35) Metaspace: 123765K(126976K)->123765K(126976K) NonClass: 109316K(111296K)->109316K(111296K) Class: 14448K(15680K)->14448K(15680K)
[2026-09-29T20:21:19.375-0400][29.422s][info][gc          ] GC(35) Pause Young (Concurrent Start) (G1 Evacuation Pause) 166M->98M(210M) 11.464ms
[2026-09-29T20:21:19.375-0400][29.422s][info][gc,cpu      ] GC(35) User=0.04s Sys=0.00s Real=0.01s
[2026-09-29T20:21:19.375-0400][29.422s][info][gc          ] GC(36) Concurrent Mark Cycle
[2026-09-29T20:21:19.375-0400][29.422s][info][gc,marking  ] GC(36) Concurrent Clear Claimed Marks
[2026-09-29T20:21:19.375-0400][29.422s][info][safepoint   ] Safepoint "G1CollectForAllocation", Time since last: 917413802 ns, Reaching safepoint: 20521 ns, Cleanup: 560627 ns, At safepoint: 11711619 ns, Total: 12292767 ns
[2026-09-29T20:21:19.375-0400][29.422s][info][gc,marking  ] GC(36) Concurrent Clear Claimed Marks 0.155ms
[2026-09-29T20:21:19.375-0400][29.422s][info][gc,marking  ] GC(36) Concurrent Scan Root Regions
[2026-09-29T20:21:19.381-0400][29.429s][info][gc,marking  ] GC(36) Concurrent Scan Root Regions 6.147ms
[2026-09-29T20:21:19.381-0400][29.429s][info][gc,marking  ] GC(36) Concurrent Mark
[2026-09-29T20:21:19.381-0400][29.429s][info][gc,marking  ] GC(36) Concurrent Mark From Roots
[2026-09-29T20:21:19.381-0400][29.429s][info][gc,task     ] GC(36) Using 2 workers of 2 for marking
[2026-09-29T20:21:19.541-0400][29.588s][info][gc,marking  ] GC(36) Concurrent Mark From Roots 159.369ms
[2026-09-29T20:21:19.541-0400][29.588s][info][gc,marking  ] GC(36) Concurrent Preclean
[2026-09-29T20:21:19.542-0400][29.589s][info][gc,marking  ] GC(36) Concurrent Preclean 0.941ms
[2026-09-29T20:21:19.542-0400][29.589s][info][gc,start    ] GC(36) Pause Remark
[2026-09-29T20:21:19.558-0400][29.606s][info][gc          ] GC(36) Pause Remark 105M->105M(210M) 16.222ms
[2026-09-29T20:21:19.558-0400][29.606s][info][gc,cpu      ] GC(36) User=0.07s Sys=0.00s Real=0.01s
[2026-09-29T20:21:19.558-0400][29.606s][info][safepoint   ] Safepoint "G1PauseRemark", Time since last: 166878855 ns, Reaching safepoint: 24244 ns, Cleanup: 58192 ns, At safepoint: 16453359 ns, Total: 16535795 ns
[2026-09-29T20:21:19.558-0400][29.606s][info][gc,marking  ] GC(36) Concurrent Mark 177.159ms
[2026-09-29T20:21:19.558-0400][29.606s][info][gc,marking  ] GC(36) Concurrent Rebuild Remembered Sets
[2026-09-29T20:21:19.651-0400][29.698s][info][gc,marking  ] GC(36) Concurrent Rebuild Remembered Sets 92.224ms
[2026-09-29T20:21:19.651-0400][29.699s][info][gc,start    ] GC(36) Pause Cleanup
[2026-09-29T20:21:19.651-0400][29.699s][info][gc          ] GC(36) Pause Cleanup 107M->107M(210M) 0.262ms
[2026-09-29T20:21:19.651-0400][29.699s][info][gc,cpu      ] GC(36) User=0.01s Sys=0.00s Real=0.00s
[2026-09-29T20:21:19.651-0400][29.699s][info][safepoint   ] Safepoint "G1PauseCleanup", Time since last: 92480100 ns, Reaching safepoint: 277564 ns, Cleanup: 8247 ns, At safepoint: 359236 ns, Total: 645047 ns
[2026-09-29T20:21:19.667-0400][29.715s][info][gc,marking  ] GC(36) Concurrent Cleanup for Next Mark
[2026-09-29T20:21:19.669-0400][29.716s][info][gc,marking  ] GC(36) Concurrent Cleanup for Next Mark 1.399ms
[2026-09-29T20:21:19.669-0400][29.716s][info][gc          ] GC(36) Concurrent Mark Cycle 293.849ms
[2026-09-29T20:21:21.050-0400][31.097s][info][safepoint   ] Safepoint "Cleanup", Time since last: 1398172057 ns, Reaching safepoint: 21936 ns, Cleanup: 200744 ns, At safepoint: 44393 ns, Total: 267073 ns
[2026-09-29T20:21:22.220-0400][32.268s][info][safepoint   ] Safepoint "RedefineClasses", Time since last: 1039009036 ns, Reaching safepoint: 158559 ns, Cleanup: 226001 ns, At safepoint: 130966613 ns, Total: 131351173 ns
[2026-09-29T20:21:22.291-0400][32.339s][info][safepoint   ] Safepoint "JFRCheckpoint", Time since last: 70422790 ns, Reaching safepoint: 50713 ns, Cleanup: 286988 ns, At safepoint: 50162 ns, Total: 387863 ns
[2026-09-29T20:21:22.302-0400][32.350s][info][safepoint   ] Safepoint "JFROldObject", Time since last: 10979771 ns, Reaching safepoint: 22119 ns, Cleanup: 9181 ns, At safepoint: 54605 ns, Total: 85905 ns
[2026-09-29T20:21:22.408-0400][32.455s][info][safepoint   ] Safepoint "RedefineClasses", Time since last: 3093258 ns, Reaching safepoint: 23101 ns, Cleanup: 8590 ns, At safepoint: 102796373 ns, Total: 102828064 ns
[2026-09-29T20:21:22.419-0400][32.467s][info][safepoint   ] Safepoint "ClassLoaderStatsOperation", Time since last: 6280765 ns, Reaching safepoint: 25466 ns, Cleanup: 7967 ns, At safepoint: 5026471 ns, Total: 5059904 ns
[2026-09-29T20:21:23.464-0400][33.512s][info][safepoint   ] Safepoint "Cleanup", Time since last: 1044666342 ns, Reaching safepoint: 20831 ns, Cleanup: 94182 ns, At safepoint: 4161 ns, Total: 119174 ns
[2026-09-29T20:21:24.464-0400][34.512s][info][safepoint   ] Safepoint "Cleanup", Time since last: 1000168002 ns, Reaching safepoint: 22262 ns, Cleanup: 54311 ns, At safepoint: 5603 ns, Total: 82176 ns
[2026-09-29T20:21:25.465-0400][35.512s][info][safepoint   ] Safepoint "Cleanup", Time since last: 1000136647 ns, Reaching safepoint: 12038 ns, Cleanup: 37969 ns, At safepoint: 3787 ns, Total: 53794 ns
[2026-09-29T20:21:26.465-0400][36.512s][info][safepoint   ] Safepoint "Cleanup", Time since last: 1000180247 ns, Reaching safepoint: 38033 ns, Cleanup: 43643 ns, At safepoint: 6069 ns, Total: 87745 ns
[2026-09-29T20:21:27.465-0400][37.513s][info][safepoint   ] Safepoint "Cleanup", Time since last: 1000169564 ns, Reaching safepoint: 22208 ns, Cleanup: 38838 ns, At safepoint: 68117 ns, Total: 129163 ns
[2026-09-29T20:21:28.465-0400][38.513s][info][safepoint   ] Safepoint "Cleanup", Time since last: 1000216449 ns, Reaching safepoint: 29347 ns, Cleanup: 21912 ns, At safepoint: 3858 ns, Total: 55117 ns
[2026-09-29T20:21:29.466-0400][39.513s][info][safepoint   ] Safepoint "Cleanup", Time since last: 1000234891 ns, Reaching safepoint: 20442 ns, Cleanup: 28630 ns, At safepoint: 3648 ns, Total: 52720 ns
[2026-09-29T20:21:32.382-0400][42.429s][info][safepoint   ] Safepoint "ClassLoaderStatsOperation", Time since last: 2827678602 ns, Reaching safepoint: 83835463 ns, Cleanup: 24661 ns, At safepoint: 4463842 ns, Total: 88323966 ns
[2026-09-29T20:21:32.446-0400][42.493s][info][safepoint   ] Safepoint "JFRCheckpoint", Time since last: 4512376 ns, Reaching safepoint: 59194665 ns, Cleanup: 18985 ns, At safepoint: 255059 ns, Total: 59468709 ns
[2026-09-29T20:21:32.458-0400][42.505s][info][safepoint   ] Safepoint "JFROldObject", Time since last: 11904644 ns, Reaching safepoint: 22524 ns, Cleanup: 6603 ns, At safepoint: 186617 ns, Total: 215744 ns
[2026-09-29T20:21:33.458-0400][43.506s][info][safepoint   ] Safepoint "Cleanup", Time since last: 1000328336 ns, Reaching safepoint: 32290 ns, Cleanup: 22796 ns, At safepoint: 3961 ns, Total: 59047 ns
[2026-09-29T20:21:36.459-0400][46.507s][info][safepoint   ] Safepoint "Cleanup", Time since last: 3001264287 ns, Reaching safepoint: 24946 ns, Cleanup: 15946 ns, At safepoint: 4945 ns, Total: 45837 ns
[2026-09-29T20:21:38.460-0400][48.507s][info][safepoint   ] Safepoint "Cleanup", Time since last: 2000445135 ns, Reaching safepoint: 24245 ns, Cleanup: 19458 ns, At safepoint: 3968 ns, Total: 47671 ns
[2026-09-29T20:21:39.476-0400][49.524s][info][safepoint   ] Safepoint "Cleanup", Time since last: 1016434359 ns, Reaching safepoint: 24397 ns, Cleanup: 19692 ns, At safepoint: 4159 ns, Total: 48248 ns
[2026-09-29T20:21:41.483-0400][51.530s][info][safepoint   ] Safepoint "Cleanup", Time since last: 2006285417 ns, Reaching safepoint: 28046 ns, Cleanup: 17014 ns, At safepoint: 3969 ns, Total: 49029 ns
[2026-09-29T20:21:42.150-0400][52.197s][info][gc,start    ] GC(37) Pause Young (Prepare Mixed) (G1 Evacuation Pause)
[2026-09-29T20:21:42.150-0400][52.197s][info][gc,task     ] GC(37) Using 8 workers of 8 for evacuation
[2026-09-29T20:21:42.163-0400][52.210s][info][gc,phases   ] GC(37)   Pre Evacuate Collection Set: 0.38ms
[2026-09-29T20:21:42.163-0400][52.210s][info][gc,phases   ] GC(37)   Merge Heap Roots: 0.28ms
[2026-09-29T20:21:42.163-0400][52.210s][info][gc,phases   ] GC(37)   Evacuate Collection Set: 7.71ms
[2026-09-29T20:21:42.163-0400][52.210s][info][gc,phases   ] GC(37)   Post Evacuate Collection Set: 4.10ms
[2026-09-29T20:21:42.163-0400][52.210s][info][gc,phases   ] GC(37)   Other: 0.22ms
[2026-09-29T20:21:42.163-0400][52.210s][info][gc,heap     ] GC(37) Eden regions: 35->0(1)
[2026-09-29T20:21:42.163-0400][52.210s][info][gc,heap     ] GC(37) Survivor regions: 3->4(5)
[2026-09-29T20:21:42.163-0400][52.210s][info][gc,heap     ] GC(37) Old regions: 44->44
[2026-09-29T20:21:42.163-0400][52.210s][info][gc,heap     ] GC(37) Archive regions: 2->2
[2026-09-29T20:21:42.163-0400][52.210s][info][gc,heap     ] GC(37) Humongous regions: 2->2
[2026-09-29T20:21:42.163-0400][52.210s][info][gc,metaspace] GC(37) Metaspace: 129736K(133120K)->129736K(133120K) NonClass: 114625K(116672K)->114625K(116672K) Class: 15111K(16448K)->15111K(16448K)
[2026-09-29T20:21:42.163-0400][52.210s][info][gc          ] GC(37) Pause Young (Prepare Mixed) (G1 Evacuation Pause) 168M->100M(210M) 12.831ms
[2026-09-29T20:21:42.163-0400][52.210s][info][gc,cpu      ] GC(37) User=0.05s Sys=0.01s Real=0.02s
[2026-09-29T20:21:42.163-0400][52.210s][info][safepoint   ] Safepoint "G1CollectForAllocation", Time since last: 666912597 ns, Reaching safepoint: 19401 ns, Cleanup: 66915 ns, At safepoint: 13174015 ns, Total: 13260331 ns
[2026-09-29T20:21:42.190-0400][52.238s][info][gc,start    ] GC(38) Pause Young (Mixed) (G1 Evacuation Pause)
[2026-09-29T20:21:42.190-0400][52.238s][info][gc,task     ] GC(38) Using 8 workers of 8 for evacuation
[2026-09-29T20:21:42.203-0400][52.251s][info][gc,phases   ] GC(38)   Pre Evacuate Collection Set: 0.42ms
[2026-09-29T20:21:42.203-0400][52.251s][info][gc,phases   ] GC(38)   Merge Heap Roots: 0.22ms
[2026-09-29T20:21:42.203-0400][52.251s][info][gc,phases   ] GC(38)   Evacuate Collection Set: 10.66ms
[2026-09-29T20:21:42.203-0400][52.251s][info][gc,phases   ] GC(38)   Post Evacuate Collection Set: 1.70ms
[2026-09-29T20:21:42.204-0400][52.251s][info][gc,phases   ] GC(38)   Other: 0.24ms
[2026-09-29T20:21:42.204-0400][52.251s][info][gc,heap     ] GC(38) Eden regions: 1->0(37)
[2026-09-29T20:21:42.204-0400][52.251s][info][gc,heap     ] GC(38) Survivor regions: 4->1(1)
[2026-09-29T20:21:42.204-0400][52.251s][info][gc,heap     ] GC(38) Old regions: 44->44
[2026-09-29T20:21:42.204-0400][52.251s][info][gc,heap     ] GC(38) Archive regions: 2->2
[2026-09-29T20:21:42.204-0400][52.251s][info][gc,heap     ] GC(38) Humongous regions: 2->2
[2026-09-29T20:21:42.204-0400][52.251s][info][gc,metaspace] GC(38) Metaspace: 129739K(133120K)->129739K(133120K) NonClass: 114627K(116672K)->114627K(116672K) Class: 15111K(16448K)->15111K(16448K)
[2026-09-29T20:21:42.204-0400][52.251s][info][gc          ] GC(38) Pause Young (Mixed) (G1 Evacuation Pause) 102M->93M(210M) 13.365ms
[2026-09-29T20:21:42.204-0400][52.251s][info][gc,cpu      ] GC(38) User=0.08s Sys=0.00s Real=0.02s
[2026-09-29T20:21:42.204-0400][52.251s][info][safepoint   ] Safepoint "G1CollectForAllocation", Time since last: 27138004 ns, Reaching safepoint: 21310 ns, Cleanup: 18625 ns, At safepoint: 13622054 ns, Total: 13661989 ns
[2026-09-29T20:21:43.306-0400][53.353s][info][gc,start    ] GC(39) Pause Young (Concurrent Start) (G1 Evacuation Pause)
[2026-09-29T20:21:43.306-0400][53.353s][info][gc,task     ] GC(39) Using 8 workers of 8 for evacuation
[2026-09-29T20:21:43.312-0400][53.359s][info][gc,phases   ] GC(39)   Pre Evacuate Collection Set: 0.40ms
[2026-09-29T20:21:43.312-0400][53.359s][info][gc,phases   ] GC(39)   Merge Heap Roots: 0.25ms
[2026-09-29T20:21:43.312-0400][53.359s][info][gc,phases   ] GC(39)   Evacuate Collection Set: 2.87ms
[2026-09-29T20:21:43.312-0400][53.359s][info][gc,phases   ] GC(39)   Post Evacuate Collection Set: 2.29ms
[2026-09-29T20:21:43.312-0400][53.359s][info][gc,phases   ] GC(39)   Other: 0.21ms
[2026-09-29T20:21:43.312-0400][53.359s][info][gc,heap     ] GC(39) Eden regions: 37->0(38)
[2026-09-29T20:21:43.312-0400][53.359s][info][gc,heap     ] GC(39) Survivor regions: 1->1(5)
[2026-09-29T20:21:43.312-0400][53.359s][info][gc,heap     ] GC(39) Old regions: 44->44
[2026-09-29T20:21:43.312-0400][53.359s][info][gc,heap     ] GC(39) Archive regions: 2->2
[2026-09-29T20:21:43.312-0400][53.359s][info][gc,heap     ] GC(39) Humongous regions: 2->2
[2026-09-29T20:21:43.312-0400][53.359s][info][gc,metaspace] GC(39) Metaspace: 130403K(133696K)->130403K(133696K) NonClass: 115190K(117184K)->115190K(117184K) Class: 15212K(16512K)->15212K(16512K)
[2026-09-29T20:21:43.312-0400][53.360s][info][gc          ] GC(39) Pause Young (Concurrent Start) (G1 Evacuation Pause) 167M->93M(210M) 6.277ms
[2026-09-29T20:21:43.312-0400][53.360s][info][gc,cpu      ] GC(39) User=0.02s Sys=0.00s Real=0.01s
[2026-09-29T20:21:43.312-0400][53.360s][info][gc          ] GC(40) Concurrent Mark Cycle
[2026-09-29T20:21:43.312-0400][53.360s][info][gc,marking  ] GC(40) Concurrent Clear Claimed Marks
[2026-09-29T20:21:43.312-0400][53.360s][info][safepoint   ] Safepoint "G1CollectForAllocation", Time since last: 1101732182 ns, Reaching safepoint: 119035 ns, Cleanup: 136723 ns, At safepoint: 6721217 ns, Total: 6976975 ns
[2026-09-29T20:21:43.313-0400][53.360s][info][gc,marking  ] GC(40) Concurrent Clear Claimed Marks 0.264ms
[2026-09-29T20:21:43.313-0400][53.360s][info][gc,marking  ] GC(40) Concurrent Scan Root Regions
[2026-09-29T20:21:43.316-0400][53.363s][info][gc,marking  ] GC(40) Concurrent Scan Root Regions 3.065ms
[2026-09-29T20:21:43.316-0400][53.363s][info][gc,marking  ] GC(40) Concurrent Mark
[2026-09-29T20:21:43.316-0400][53.363s][info][gc,marking  ] GC(40) Concurrent Mark From Roots
[2026-09-29T20:21:43.316-0400][53.363s][info][gc,task     ] GC(40) Using 2 workers of 2 for marking
[2026-09-29T20:21:43.391-0400][53.438s][info][gc,marking  ] GC(40) Concurrent Mark From Roots 74.678ms
[2026-09-29T20:21:43.391-0400][53.438s][info][gc,marking  ] GC(40) Concurrent Preclean
[2026-09-29T20:21:43.391-0400][53.439s][info][gc,marking  ] GC(40) Concurrent Preclean 0.631ms
[2026-09-29T20:21:43.391-0400][53.439s][info][gc,start    ] GC(40) Pause Remark
[2026-09-29T20:21:43.409-0400][53.457s][info][gc          ] GC(40) Pause Remark 95M->95M(210M) 17.601ms
[2026-09-29T20:21:43.409-0400][53.457s][info][gc,cpu      ] GC(40) User=0.08s Sys=0.00s Real=0.02s
[2026-09-29T20:21:43.409-0400][53.457s][info][safepoint   ] Safepoint "G1PauseRemark", Time since last: 78933025 ns, Reaching safepoint: 22079 ns, Cleanup: 20465 ns, At safepoint: 17888658 ns, Total: 17931202 ns
[2026-09-29T20:21:43.410-0400][53.457s][info][gc,marking  ] GC(40) Concurrent Mark 93.659ms
[2026-09-29T20:21:43.410-0400][53.457s][info][gc,marking  ] GC(40) Concurrent Rebuild Remembered Sets
[2026-09-29T20:21:43.463-0400][53.511s][info][gc,marking  ] GC(40) Concurrent Rebuild Remembered Sets 53.683ms
[2026-09-29T20:21:43.464-0400][53.511s][info][gc,start    ] GC(40) Pause Cleanup
[2026-09-29T20:21:43.464-0400][53.511s][info][gc          ] GC(40) Pause Cleanup 96M->96M(210M) 0.355ms
[2026-09-29T20:21:43.464-0400][53.511s][info][gc,cpu      ] GC(40) User=0.00s Sys=0.00s Real=0.00s
[2026-09-29T20:21:43.464-0400][53.511s][info][safepoint   ] Safepoint "G1PauseCleanup", Time since last: 54090616 ns, Reaching safepoint: 13457 ns, Cleanup: 30097 ns, At safepoint: 491197 ns, Total: 534751 ns
[2026-09-29T20:21:43.464-0400][53.511s][info][gc,marking  ] GC(40) Concurrent Cleanup for Next Mark
[2026-09-29T20:21:43.464-0400][53.512s][info][gc,marking  ] GC(40) Concurrent Cleanup for Next Mark 0.281ms
[2026-09-29T20:21:43.464-0400][53.512s][info][gc          ] GC(40) Concurrent Mark Cycle 152.000ms
[2026-09-29T20:21:43.965-0400][54.012s][info][gc,heap,exit] Heap
[2026-09-29T20:21:43.965-0400][54.012s][info][gc,heap,exit]  garbage-first heap   total 215040K, used 123413K [0x0000000709400000, 0x0000000800000000)
[2026-09-29T20:21:43.965-0400][54.012s][info][gc,heap,exit]   region size 2048K, 15 young (30720K), 1 survivors (2048K)
[2026-09-29T20:21:43.965-0400][54.012s][info][gc,heap,exit]  Metaspace       used 130635K, committed 133952K, reserved 1179648K
[2026-09-29T20:21:43.965-0400][54.012s][info][gc,heap,exit]   class space    used 15226K, committed 16512K, reserved 1048576K
