[2026-09-29T22:28:01.410-0400][0.003s][info][gc] Using G1
[2026-09-29T22:28:01.412-0400][0.005s][info][gc,init] Version: 17.0.18+8-LTS (release)
[2026-09-29T22:28:01.412-0400][0.006s][info][gc,init] CPUs: 8 total, 8 available
[2026-09-29T22:28:01.412-0400][0.006s][info][gc,init] Memory: 15788M
[2026-09-29T22:28:01.412-0400][0.006s][info][gc,init] Large Page Support: Disabled
[2026-09-29T22:28:01.412-0400][0.006s][info][gc,init] NUMA Support: Disabled
[2026-09-29T22:28:01.412-0400][0.006s][info][gc,init] Compressed Oops: Enabled (Zero based)
[2026-09-29T22:28:01.412-0400][0.006s][info][gc,init] Heap Region Size: 2M
[2026-09-29T22:28:01.412-0400][0.006s][info][gc,init] Heap Min Capacity: 8M
[2026-09-29T22:28:01.412-0400][0.006s][info][gc,init] Heap Initial Capacity: 248M
[2026-09-29T22:28:01.412-0400][0.006s][info][gc,init] Heap Max Capacity: 3948M
[2026-09-29T22:28:01.412-0400][0.006s][info][gc,init] Pre-touch: Disabled
[2026-09-29T22:28:01.412-0400][0.006s][info][gc,init] Parallel Workers: 8
[2026-09-29T22:28:01.412-0400][0.006s][info][gc,init] Concurrent Workers: 2
[2026-09-29T22:28:01.412-0400][0.006s][info][gc,init] Concurrent Refinement Workers: 8
[2026-09-29T22:28:01.412-0400][0.006s][info][gc,init] Periodic GC: Disabled
[2026-09-29T22:28:01.418-0400][0.012s][info][gc,metaspace] CDS archive(s) mapped at: [0x00007fb24f000000-0x00007fb24fbc7000-0x00007fb24fbc7000), size 12349440, SharedBaseAddress: 0x00007fb24f000000, ArchiveRelocationMode: 1.
[2026-09-29T22:28:01.418-0400][0.012s][info][gc,metaspace] Compressed class space mapped at: 0x00007fb250000000-0x00007fb290000000, reserved size: 1073741824
[2026-09-29T22:28:01.418-0400][0.012s][info][gc,metaspace] Narrow klass base: 0x00007fb24f000000, Narrow klass shift: 0, Narrow klass range: 0x100000000
[2026-09-29T22:28:01.874-0400][0.468s][info][safepoint   ] Safepoint "ICBufferFull", Time since last: 450712175 ns, Reaching safepoint: 4237 ns, Cleanup: 302642 ns, At safepoint: 62867 ns, Total: 369746 ns
[2026-09-29T22:28:01.939-0400][0.533s][info][gc,start    ] GC(0) Pause Young (Normal) (G1 Evacuation Pause)
[2026-09-29T22:28:01.940-0400][0.534s][info][gc,task     ] GC(0) Using 6 workers of 8 for evacuation
[2026-09-29T22:28:01.945-0400][0.539s][info][gc,phases   ] GC(0)   Pre Evacuate Collection Set: 0.14ms
[2026-09-29T22:28:01.945-0400][0.539s][info][gc,phases   ] GC(0)   Merge Heap Roots: 0.17ms
[2026-09-29T22:28:01.945-0400][0.539s][info][gc,phases   ] GC(0)   Evacuate Collection Set: 3.03ms
[2026-09-29T22:28:01.945-0400][0.539s][info][gc,phases   ] GC(0)   Post Evacuate Collection Set: 1.14ms
[2026-09-29T22:28:01.945-0400][0.539s][info][gc,phases   ] GC(0)   Other: 1.51ms
[2026-09-29T22:28:01.945-0400][0.539s][info][gc,heap     ] GC(0) Eden regions: 11->0(19)
[2026-09-29T22:28:01.945-0400][0.539s][info][gc,heap     ] GC(0) Survivor regions: 0->2(2)
[2026-09-29T22:28:01.945-0400][0.539s][info][gc,heap     ] GC(0) Old regions: 0->0
[2026-09-29T22:28:01.945-0400][0.539s][info][gc,heap     ] GC(0) Archive regions: 2->2
[2026-09-29T22:28:01.945-0400][0.539s][info][gc,heap     ] GC(0) Humongous regions: 0->0
[2026-09-29T22:28:01.945-0400][0.539s][info][gc,metaspace] GC(0) Metaspace: 7887K(8192K)->7887K(8192K) NonClass: 7015K(7168K)->7015K(7168K) Class: 872K(1024K)->872K(1024K)
[2026-09-29T22:28:01.945-0400][0.539s][info][gc          ] GC(0) Pause Young (Normal) (G1 Evacuation Pause) 23M->5M(252M) 6.095ms
[2026-09-29T22:28:01.945-0400][0.539s][info][gc,cpu      ] GC(0) User=0.03s Sys=0.01s Real=0.01s
[2026-09-29T22:28:01.945-0400][0.539s][info][safepoint   ] Safepoint "G1CollectForAllocation", Time since last: 64671537 ns, Reaching safepoint: 4625 ns, Cleanup: 101977 ns, At safepoint: 6301226 ns, Total: 6407828 ns
[2026-09-29T22:28:02.086-0400][0.680s][info][gc,start    ] GC(1) Pause Young (Normal) (G1 Evacuation Pause)
[2026-09-29T22:28:02.086-0400][0.680s][info][gc,task     ] GC(1) Using 6 workers of 8 for evacuation
[2026-09-29T22:28:02.090-0400][0.684s][info][gc,phases   ] GC(1)   Pre Evacuate Collection Set: 0.19ms
[2026-09-29T22:28:02.090-0400][0.684s][info][gc,phases   ] GC(1)   Merge Heap Roots: 0.14ms
[2026-09-29T22:28:02.090-0400][0.684s][info][gc,phases   ] GC(1)   Evacuate Collection Set: 2.29ms
[2026-09-29T22:28:02.090-0400][0.684s][info][gc,phases   ] GC(1)   Post Evacuate Collection Set: 0.78ms
[2026-09-29T22:28:02.090-0400][0.684s][info][gc,phases   ] GC(1)   Other: 0.15ms
[2026-09-29T22:28:02.090-0400][0.684s][info][gc,heap     ] GC(1) Eden regions: 19->0(73)
[2026-09-29T22:28:02.090-0400][0.684s][info][gc,heap     ] GC(1) Survivor regions: 2->1(3)
[2026-09-29T22:28:02.090-0400][0.684s][info][gc,heap     ] GC(1) Old regions: 0->2
[2026-09-29T22:28:02.090-0400][0.684s][info][gc,heap     ] GC(1) Archive regions: 2->2
[2026-09-29T22:28:02.090-0400][0.684s][info][gc,heap     ] GC(1) Humongous regions: 0->0
[2026-09-29T22:28:02.090-0400][0.684s][info][gc,metaspace] GC(1) Metaspace: 8132K(8384K)->8132K(8384K) NonClass: 7250K(7360K)->7250K(7360K) Class: 881K(1024K)->881K(1024K)
[2026-09-29T22:28:02.090-0400][0.684s][info][gc          ] GC(1) Pause Young (Normal) (G1 Evacuation Pause) 43M->6M(252M) 3.633ms
[2026-09-29T22:28:02.090-0400][0.684s][info][gc,cpu      ] GC(1) User=0.02s Sys=0.00s Real=0.01s
[2026-09-29T22:28:02.090-0400][0.684s][info][safepoint   ] Safepoint "G1CollectForAllocation", Time since last: 141154518 ns, Reaching safepoint: 7019 ns, Cleanup: 33766 ns, At safepoint: 3728258 ns, Total: 3769043 ns
[2026-09-29T22:28:02.287-0400][0.881s][info][safepoint   ] Safepoint "ICBufferFull", Time since last: 196798886 ns, Reaching safepoint: 104155 ns, Cleanup: 86225 ns, At safepoint: 40536 ns, Total: 230916 ns
[2026-09-29T22:28:02.551-0400][1.145s][info][safepoint   ] Safepoint "ICBufferFull", Time since last: 263849420 ns, Reaching safepoint: 14404 ns, Cleanup: 185004 ns, At safepoint: 4767 ns, Total: 204175 ns
[2026-09-29T22:28:02.802-0400][1.396s][info][safepoint   ] Safepoint "ICBufferFull", Time since last: 250981994 ns, Reaching safepoint: 7940 ns, Cleanup: 95949 ns, At safepoint: 66625 ns, Total: 170514 ns
[2026-09-29T22:28:03.066-0400][1.660s][info][safepoint   ] Safepoint "ICBufferFull", Time since last: 263351277 ns, Reaching safepoint: 120509 ns, Cleanup: 157474 ns, At safepoint: 67722 ns, Total: 345705 ns
[2026-09-29T22:28:03.073-0400][1.667s][info][gc,start    ] GC(2) Pause Young (Normal) (G1 Evacuation Pause)
[2026-09-29T22:28:03.074-0400][1.667s][info][gc,task     ] GC(2) Using 6 workers of 8 for evacuation
[2026-09-29T22:28:03.083-0400][1.677s][info][gc,phases   ] GC(2)   Pre Evacuate Collection Set: 0.23ms
[2026-09-29T22:28:03.083-0400][1.677s][info][gc,phases   ] GC(2)   Merge Heap Roots: 0.20ms
[2026-09-29T22:28:03.083-0400][1.677s][info][gc,phases   ] GC(2)   Evacuate Collection Set: 7.23ms
[2026-09-29T22:28:03.083-0400][1.677s][info][gc,phases   ] GC(2)   Post Evacuate Collection Set: 1.42ms
[2026-09-29T22:28:03.083-0400][1.677s][info][gc,phases   ] GC(2)   Other: 0.19ms
[2026-09-29T22:28:03.083-0400][1.677s][info][gc,heap     ] GC(2) Eden regions: 73->0(68)
[2026-09-29T22:28:03.083-0400][1.677s][info][gc,heap     ] GC(2) Survivor regions: 1->6(10)
[2026-09-29T22:28:03.083-0400][1.677s][info][gc,heap     ] GC(2) Old regions: 2->2
[2026-09-29T22:28:03.083-0400][1.677s][info][gc,heap     ] GC(2) Archive regions: 2->2
[2026-09-29T22:28:03.083-0400][1.677s][info][gc,heap     ] GC(2) Humongous regions: 0->0
[2026-09-29T22:28:03.083-0400][1.677s][info][gc,metaspace] GC(2) Metaspace: 16142K(16448K)->16142K(16448K) NonClass: 14449K(14656K)->14449K(14656K) Class: 1693K(1792K)->1693K(1792K)
[2026-09-29T22:28:03.083-0400][1.677s][info][gc          ] GC(2) Pause Young (Normal) (G1 Evacuation Pause) 152M->15M(252M) 9.333ms
[2026-09-29T22:28:03.083-0400][1.677s][info][gc,cpu      ] GC(2) User=0.04s Sys=0.01s Real=0.01s
[2026-09-29T22:28:03.083-0400][1.677s][info][safepoint   ] Safepoint "G1CollectForAllocation", Time since last: 7604675 ns, Reaching safepoint: 10269 ns, Cleanup: 46410 ns, At safepoint: 9472330 ns, Total: 9529009 ns
[2026-09-29T22:28:03.923-0400][2.516s][info][gc,start    ] GC(3) Pause Young (Normal) (G1 Evacuation Pause)
[2026-09-29T22:28:03.923-0400][2.516s][info][gc,task     ] GC(3) Using 6 workers of 8 for evacuation
[2026-09-29T22:28:03.938-0400][2.532s][info][gc,phases   ] GC(3)   Pre Evacuate Collection Set: 0.15ms
[2026-09-29T22:28:03.938-0400][2.532s][info][gc,phases   ] GC(3)   Merge Heap Roots: 0.19ms
[2026-09-29T22:28:03.938-0400][2.532s][info][gc,phases   ] GC(3)   Evacuate Collection Set: 13.84ms
[2026-09-29T22:28:03.938-0400][2.532s][info][gc,phases   ] GC(3)   Post Evacuate Collection Set: 1.19ms
[2026-09-29T22:28:03.938-0400][2.532s][info][gc,phases   ] GC(3)   Other: 0.19ms
[2026-09-29T22:28:03.938-0400][2.532s][info][gc,heap     ] GC(3) Eden regions: 68->0(68)
[2026-09-29T22:28:03.938-0400][2.532s][info][gc,heap     ] GC(3) Survivor regions: 6->6(10)
[2026-09-29T22:28:03.938-0400][2.532s][info][gc,heap     ] GC(3) Old regions: 2->7
[2026-09-29T22:28:03.938-0400][2.532s][info][gc,heap     ] GC(3) Archive regions: 2->2
[2026-09-29T22:28:03.938-0400][2.532s][info][gc,heap     ] GC(3) Humongous regions: 0->0
[2026-09-29T22:28:03.938-0400][2.532s][info][gc,metaspace] GC(3) Metaspace: 16630K(17024K)->16630K(17024K) NonClass: 14919K(15168K)->14919K(15168K) Class: 1711K(1856K)->1711K(1856K)
[2026-09-29T22:28:03.938-0400][2.532s][info][gc          ] GC(3) Pause Young (Normal) (G1 Evacuation Pause) 151M->25M(252M) 15.683ms
[2026-09-29T22:28:03.938-0400][2.532s][info][gc,cpu      ] GC(3) User=0.08s Sys=0.01s Real=0.01s
[2026-09-29T22:28:03.938-0400][2.532s][info][safepoint   ] Safepoint "G1CollectForAllocation", Time since last: 839500807 ns, Reaching safepoint: 11722 ns, Cleanup: 76628 ns, At safepoint: 15778446 ns, Total: 15866796 ns
[2026-09-29T22:28:04.283-0400][2.877s][info][safepoint   ] Safepoint "ICBufferFull", Time since last: 344979367 ns, Reaching safepoint: 9590 ns, Cleanup: 120435 ns, At safepoint: 31738 ns, Total: 161763 ns
[2026-09-29T22:28:04.405-0400][2.999s][info][safepoint   ] Safepoint "ICBufferFull", Time since last: 121930137 ns, Reaching safepoint: 9884 ns, Cleanup: 128038 ns, At safepoint: 8887 ns, Total: 146809 ns
[2026-09-29T22:28:04.603-0400][3.197s][info][gc,start    ] GC(4) Pause Young (Normal) (G1 Evacuation Pause)
[2026-09-29T22:28:04.603-0400][3.197s][info][gc,task     ] GC(4) Using 6 workers of 8 for evacuation
[2026-09-29T22:28:04.609-0400][3.203s][info][gc,phases   ] GC(4)   Pre Evacuate Collection Set: 0.24ms
[2026-09-29T22:28:04.609-0400][3.203s][info][gc,phases   ] GC(4)   Merge Heap Roots: 0.16ms
[2026-09-29T22:28:04.609-0400][3.203s][info][gc,phases   ] GC(4)   Evacuate Collection Set: 5.25ms
[2026-09-29T22:28:04.609-0400][3.203s][info][gc,phases   ] GC(4)   Post Evacuate Collection Set: 0.72ms
[2026-09-29T22:28:04.609-0400][3.203s][info][gc,phases   ] GC(4)   Other: 0.15ms
[2026-09-29T22:28:04.609-0400][3.203s][info][gc,heap     ] GC(4) Eden regions: 68->0(67)
[2026-09-29T22:28:04.609-0400][3.203s][info][gc,heap     ] GC(4) Survivor regions: 6->7(10)
[2026-09-29T22:28:04.609-0400][3.203s][info][gc,heap     ] GC(4) Old regions: 7->7
[2026-09-29T22:28:04.609-0400][3.203s][info][gc,heap     ] GC(4) Archive regions: 2->2
[2026-09-29T22:28:04.609-0400][3.203s][info][gc,heap     ] GC(4) Humongous regions: 0->0
[2026-09-29T22:28:04.609-0400][3.203s][info][gc,metaspace] GC(4) Metaspace: 16951K(17344K)->16951K(17344K) NonClass: 15232K(15488K)->15232K(15488K) Class: 1718K(1856K)->1718K(1856K)
[2026-09-29T22:28:04.609-0400][3.203s][info][gc          ] GC(4) Pause Young (Normal) (G1 Evacuation Pause) 161M->28M(252M) 6.605ms
[2026-09-29T22:28:04.609-0400][3.203s][info][gc,cpu      ] GC(4) User=0.04s Sys=0.00s Real=0.01s
[2026-09-29T22:28:04.610-0400][3.203s][info][safepoint   ] Safepoint "G1CollectForAllocation", Time since last: 197269708 ns, Reaching safepoint: 7687 ns, Cleanup: 79344 ns, At safepoint: 6733119 ns, Total: 6820150 ns
[2026-09-29T22:28:04.964-0400][3.558s][info][gc,start    ] GC(5) Pause Young (Normal) (G1 Evacuation Pause)
[2026-09-29T22:28:04.964-0400][3.558s][info][gc,task     ] GC(5) Using 6 workers of 8 for evacuation
[2026-09-29T22:28:04.972-0400][3.566s][info][gc,phases   ] GC(5)   Pre Evacuate Collection Set: 0.18ms
[2026-09-29T22:28:04.972-0400][3.566s][info][gc,phases   ] GC(5)   Merge Heap Roots: 0.13ms
[2026-09-29T22:28:04.972-0400][3.566s][info][gc,phases   ] GC(5)   Evacuate Collection Set: 7.15ms
[2026-09-29T22:28:04.972-0400][3.566s][info][gc,phases   ] GC(5)   Post Evacuate Collection Set: 1.06ms
[2026-09-29T22:28:04.972-0400][3.566s][info][gc,phases   ] GC(5)   Other: 0.17ms
[2026-09-29T22:28:04.972-0400][3.566s][info][gc,heap     ] GC(5) Eden regions: 67->0(69)
[2026-09-29T22:28:04.972-0400][3.566s][info][gc,heap     ] GC(5) Survivor regions: 7->5(10)
[2026-09-29T22:28:04.972-0400][3.566s][info][gc,heap     ] GC(5) Old regions: 7->11
[2026-09-29T22:28:04.972-0400][3.566s][info][gc,heap     ] GC(5) Archive regions: 2->2
[2026-09-29T22:28:04.972-0400][3.566s][info][gc,heap     ] GC(5) Humongous regions: 0->0
[2026-09-29T22:28:04.972-0400][3.566s][info][gc,metaspace] GC(5) Metaspace: 16996K(17344K)->16996K(17344K) NonClass: 15277K(15488K)->15277K(15488K) Class: 1719K(1856K)->1719K(1856K)
[2026-09-29T22:28:04.973-0400][3.566s][info][gc          ] GC(5) Pause Young (Normal) (G1 Evacuation Pause) 162M->31M(252M) 8.821ms
[2026-09-29T22:28:04.973-0400][3.566s][info][gc,cpu      ] GC(5) User=0.04s Sys=0.01s Real=0.01s
[2026-09-29T22:28:04.973-0400][3.567s][info][safepoint   ] Safepoint "G1CollectForAllocation", Time since last: 354002329 ns, Reaching safepoint: 9340 ns, Cleanup: 85442 ns, At safepoint: 8960723 ns, Total: 9055505 ns
[2026-09-29T22:28:05.263-0400][3.857s][info][safepoint   ] Safepoint "ICBufferFull", Time since last: 290226735 ns, Reaching safepoint: 122303 ns, Cleanup: 159920 ns, At safepoint: 80155 ns, Total: 362378 ns
[2026-09-29T22:28:05.301-0400][3.895s][info][gc,start    ] GC(6) Pause Young (Normal) (G1 Evacuation Pause)
[2026-09-29T22:28:05.301-0400][3.895s][info][gc,task     ] GC(6) Using 6 workers of 8 for evacuation
[2026-09-29T22:28:05.305-0400][3.899s][info][gc,phases   ] GC(6)   Pre Evacuate Collection Set: 0.22ms
[2026-09-29T22:28:05.305-0400][3.899s][info][gc,phases   ] GC(6)   Merge Heap Roots: 0.17ms
[2026-09-29T22:28:05.305-0400][3.899s][info][gc,phases   ] GC(6)   Evacuate Collection Set: 3.07ms
[2026-09-29T22:28:05.305-0400][3.899s][info][gc,phases   ] GC(6)   Post Evacuate Collection Set: 0.64ms
[2026-09-29T22:28:05.305-0400][3.899s][info][gc,phases   ] GC(6)   Other: 0.16ms
[2026-09-29T22:28:05.305-0400][3.899s][info][gc,heap     ] GC(6) Eden regions: 69->0(70)
[2026-09-29T22:28:05.305-0400][3.899s][info][gc,heap     ] GC(6) Survivor regions: 5->4(10)
[2026-09-29T22:28:05.305-0400][3.899s][info][gc,heap     ] GC(6) Old regions: 11->11
[2026-09-29T22:28:05.305-0400][3.899s][info][gc,heap     ] GC(6) Archive regions: 2->2
[2026-09-29T22:28:05.305-0400][3.899s][info][gc,heap     ] GC(6) Humongous regions: 0->0
[2026-09-29T22:28:05.305-0400][3.899s][info][gc,metaspace] GC(6) Metaspace: 17012K(17408K)->17012K(17408K) NonClass: 15293K(15552K)->15293K(15552K) Class: 1719K(1856K)->1719K(1856K)
[2026-09-29T22:28:05.305-0400][3.899s][info][gc          ] GC(6) Pause Young (Normal) (G1 Evacuation Pause) 169M->30M(252M) 4.444ms
[2026-09-29T22:28:05.305-0400][3.899s][info][gc,cpu      ] GC(6) User=0.02s Sys=0.00s Real=0.00s
[2026-09-29T22:28:05.305-0400][3.899s][info][safepoint   ] Safepoint "G1CollectForAllocation", Time since last: 37424142 ns, Reaching safepoint: 9921 ns, Cleanup: 90538 ns, At safepoint: 4615027 ns, Total: 4715486 ns
[2026-09-29T22:28:05.603-0400][4.197s][info][safepoint   ] Safepoint "ICBufferFull", Time since last: 297574989 ns, Reaching safepoint: 9461 ns, Cleanup: 117667 ns, At safepoint: 68257 ns, Total: 195385 ns
[2026-09-29T22:28:05.839-0400][4.433s][info][gc,start    ] GC(7) Pause Young (Normal) (G1 Evacuation Pause)
[2026-09-29T22:28:05.839-0400][4.433s][info][gc,task     ] GC(7) Using 6 workers of 8 for evacuation
[2026-09-29T22:28:05.844-0400][4.437s][info][gc,phases   ] GC(7)   Pre Evacuate Collection Set: 0.19ms
[2026-09-29T22:28:05.844-0400][4.437s][info][gc,phases   ] GC(7)   Merge Heap Roots: 0.19ms
[2026-09-29T22:28:05.844-0400][4.437s][info][gc,phases   ] GC(7)   Evacuate Collection Set: 3.06ms
[2026-09-29T22:28:05.844-0400][4.438s][info][gc,phases   ] GC(7)   Post Evacuate Collection Set: 1.19ms
[2026-09-29T22:28:05.844-0400][4.438s][info][gc,phases   ] GC(7)   Other: 0.17ms
[2026-09-29T22:28:05.844-0400][4.438s][info][gc,heap     ] GC(7) Eden regions: 70->0(86)
[2026-09-29T22:28:05.844-0400][4.438s][info][gc,heap     ] GC(7) Survivor regions: 4->5(10)
[2026-09-29T22:28:05.844-0400][4.438s][info][gc,heap     ] GC(7) Old regions: 11->11
[2026-09-29T22:28:05.844-0400][4.438s][info][gc,heap     ] GC(7) Archive regions: 2->2
[2026-09-29T22:28:05.844-0400][4.438s][info][gc,heap     ] GC(7) Humongous regions: 0->0
[2026-09-29T22:28:05.844-0400][4.438s][info][gc,metaspace] GC(7) Metaspace: 17226K(17600K)->17226K(17600K) NonClass: 15506K(15744K)->15506K(15744K) Class: 1720K(1856K)->1720K(1856K)
[2026-09-29T22:28:05.844-0400][4.438s][info][gc          ] GC(7) Pause Young (Normal) (G1 Evacuation Pause) 170M->31M(304M) 4.907ms
[2026-09-29T22:28:05.844-0400][4.438s][info][gc,cpu      ] GC(7) User=0.03s Sys=0.01s Real=0.01s
[2026-09-29T22:28:05.844-0400][4.438s][info][safepoint   ] Safepoint "G1CollectForAllocation", Time since last: 235356140 ns, Reaching safepoint: 137763 ns, Cleanup: 96336 ns, At safepoint: 5041995 ns, Total: 5276094 ns
[2026-09-29T22:28:06.264-0400][4.858s][info][safepoint   ] Safepoint "ICBufferFull", Time since last: 420031325 ns, Reaching safepoint: 9654 ns, Cleanup: 119372 ns, At safepoint: 3530 ns, Total: 132556 ns
[2026-09-29T22:28:06.534-0400][5.128s][info][safepoint   ] Safepoint "ICBufferFull", Time since last: 269898116 ns, Reaching safepoint: 221988 ns, Cleanup: 165133 ns, At safepoint: 83420 ns, Total: 470541 ns
[2026-09-29T22:28:06.709-0400][5.303s][info][gc,start    ] GC(8) Pause Young (Concurrent Start) (Metadata GC Threshold)
[2026-09-29T22:28:06.709-0400][5.303s][info][gc,task     ] GC(8) Using 7 workers of 8 for evacuation
[2026-09-29T22:28:06.718-0400][5.312s][info][gc,phases   ] GC(8)   Pre Evacuate Collection Set: 0.28ms
[2026-09-29T22:28:06.718-0400][5.312s][info][gc,phases   ] GC(8)   Merge Heap Roots: 0.17ms
[2026-09-29T22:28:06.718-0400][5.312s][info][gc,phases   ] GC(8)   Evacuate Collection Set: 7.13ms
[2026-09-29T22:28:06.718-0400][5.312s][info][gc,phases   ] GC(8)   Post Evacuate Collection Set: 1.33ms
[2026-09-29T22:28:06.718-0400][5.312s][info][gc,phases   ] GC(8)   Other: 0.30ms
[2026-09-29T22:28:06.718-0400][5.312s][info][gc,heap     ] GC(8) Eden regions: 30->0(85)
[2026-09-29T22:28:06.718-0400][5.312s][info][gc,heap     ] GC(8) Survivor regions: 5->6(12)
[2026-09-29T22:28:06.718-0400][5.312s][info][gc,heap     ] GC(8) Old regions: 11->11
[2026-09-29T22:28:06.718-0400][5.312s][info][gc,heap     ] GC(8) Archive regions: 2->2
[2026-09-29T22:28:06.718-0400][5.312s][info][gc,heap     ] GC(8) Humongous regions: 0->0
[2026-09-29T22:28:06.718-0400][5.312s][info][gc,metaspace] GC(8) Metaspace: 20936K(21504K)->20936K(21504K) NonClass: 18876K(19200K)->18876K(19200K) Class: 2059K(2304K)->2059K(2304K)
[2026-09-29T22:28:06.718-0400][5.312s][info][gc          ] GC(8) Pause Young (Concurrent Start) (Metadata GC Threshold) 90M->34M(304M) 9.319ms
[2026-09-29T22:28:06.718-0400][5.312s][info][gc,cpu      ] GC(8) User=0.04s Sys=0.00s Real=0.00s
[2026-09-29T22:28:06.719-0400][5.312s][info][gc          ] GC(9) Concurrent Mark Cycle
[2026-09-29T22:28:06.719-0400][5.313s][info][gc,marking  ] GC(9) Concurrent Clear Claimed Marks
[2026-09-29T22:28:06.719-0400][5.313s][info][safepoint   ] Safepoint "CollectForMetadataAllocation", Time since last: 173909023 ns, Reaching safepoint: 712858 ns, Cleanup: 178497 ns, At safepoint: 9571587 ns, Total: 10462942 ns
[2026-09-29T22:28:06.719-0400][5.313s][info][gc,marking  ] GC(9) Concurrent Clear Claimed Marks 0.064ms
[2026-09-29T22:28:06.719-0400][5.313s][info][gc,marking  ] GC(9) Concurrent Scan Root Regions
[2026-09-29T22:28:06.735-0400][5.329s][info][gc,marking  ] GC(9) Concurrent Scan Root Regions 16.225ms
[2026-09-29T22:28:06.735-0400][5.329s][info][gc,marking  ] GC(9) Concurrent Mark
[2026-09-29T22:28:06.735-0400][5.329s][info][gc,marking  ] GC(9) Concurrent Mark From Roots
[2026-09-29T22:28:06.735-0400][5.329s][info][gc,task     ] GC(9) Using 2 workers of 2 for marking
[2026-09-29T22:28:06.762-0400][5.355s][info][safepoint   ] Safepoint "CollectForMetadataAllocation", Time since last: 42492532 ns, Reaching safepoint: 187390 ns, Cleanup: 51209 ns, At safepoint: 172430 ns, Total: 411029 ns
[2026-09-29T22:28:06.771-0400][5.365s][info][gc,marking  ] GC(9) Concurrent Mark From Roots 35.662ms
[2026-09-29T22:28:06.771-0400][5.365s][info][gc,marking  ] GC(9) Concurrent Preclean
[2026-09-29T22:28:06.771-0400][5.365s][info][gc,marking  ] GC(9) Concurrent Preclean 0.096ms
[2026-09-29T22:28:06.771-0400][5.365s][info][gc,start    ] GC(9) Pause Remark
[2026-09-29T22:28:06.774-0400][5.368s][info][gc,heap     ] GC(9) Heap shrink completed: uncommitted 72 regions (144MB), heap size now 160MB
[2026-09-29T22:28:06.774-0400][5.368s][info][gc          ] GC(9) Pause Remark 44M->44M(160M) 3.425ms
[2026-09-29T22:28:06.774-0400][5.368s][info][gc,cpu      ] GC(9) User=0.02s Sys=0.00s Real=0.00s
[2026-09-29T22:28:06.779-0400][5.373s][info][safepoint   ] Safepoint "G1PauseRemark", Time since last: 9255122 ns, Reaching safepoint: 139370 ns, Cleanup: 17273 ns, At safepoint: 7863829 ns, Total: 8020472 ns
[2026-09-29T22:28:06.779-0400][5.373s][info][gc,marking  ] GC(9) Concurrent Mark 43.959ms
[2026-09-29T22:28:06.779-0400][5.373s][info][gc,marking  ] GC(9) Concurrent Rebuild Remembered Sets
[2026-09-29T22:28:06.797-0400][5.391s][info][gc,marking  ] GC(9) Concurrent Rebuild Remembered Sets 18.481ms
[2026-09-29T22:28:06.798-0400][5.392s][info][gc,start    ] GC(9) Pause Cleanup
[2026-09-29T22:28:06.798-0400][5.392s][info][gc          ] GC(9) Pause Cleanup 46M->46M(160M) 0.309ms
[2026-09-29T22:28:06.798-0400][5.392s][info][gc,cpu      ] GC(9) User=0.00s Sys=0.00s Real=0.00s
[2026-09-29T22:28:06.799-0400][5.393s][info][safepoint   ] Safepoint "G1PauseCleanup", Time since last: 18651906 ns, Reaching safepoint: 138658 ns, Cleanup: 6175 ns, At safepoint: 1210873 ns, Total: 1355706 ns
[2026-09-29T22:28:06.800-0400][5.394s][info][gc,marking  ] GC(9) Concurrent Cleanup for Next Mark
[2026-09-29T22:28:06.801-0400][5.395s][info][gc,marking  ] GC(9) Concurrent Cleanup for Next Mark 1.508ms
[2026-09-29T22:28:06.801-0400][5.395s][info][gc          ] GC(9) Concurrent Mark Cycle 82.869ms
[2026-09-29T22:28:07.239-0400][5.832s][info][safepoint   ] Safepoint "ICBufferFull", Time since last: 439324786 ns, Reaching safepoint: 128534 ns, Cleanup: 135647 ns, At safepoint: 87101 ns, Total: 351282 ns
[2026-09-29T22:28:08.263-0400][6.857s][info][gc,start    ] GC(10) Pause Young (Prepare Mixed) (G1 Evacuation Pause)
[2026-09-29T22:28:08.263-0400][6.857s][info][gc,task     ] GC(10) Using 6 workers of 8 for evacuation
[2026-09-29T22:28:08.273-0400][6.867s][info][gc,phases   ] GC(10)   Pre Evacuate Collection Set: 0.20ms
[2026-09-29T22:28:08.273-0400][6.867s][info][gc,phases   ] GC(10)   Merge Heap Roots: 0.12ms
[2026-09-29T22:28:08.273-0400][6.867s][info][gc,phases   ] GC(10)   Evacuate Collection Set: 8.18ms
[2026-09-29T22:28:08.273-0400][6.867s][info][gc,phases   ] GC(10)   Post Evacuate Collection Set: 1.07ms
[2026-09-29T22:28:08.273-0400][6.867s][info][gc,phases   ] GC(10)   Other: 0.16ms
[2026-09-29T22:28:08.273-0400][6.867s][info][gc,heap     ] GC(10) Eden regions: 42->0(1)
[2026-09-29T22:28:08.273-0400][6.867s][info][gc,heap     ] GC(10) Survivor regions: 6->6(6)
[2026-09-29T22:28:08.273-0400][6.867s][info][gc,heap     ] GC(10) Old regions: 11->14
[2026-09-29T22:28:08.273-0400][6.867s][info][gc,heap     ] GC(10) Archive regions: 2->2
[2026-09-29T22:28:08.273-0400][6.867s][info][gc,heap     ] GC(10) Humongous regions: 0->0
[2026-09-29T22:28:08.273-0400][6.867s][info][gc,metaspace] GC(10) Metaspace: 29573K(30848K)->29573K(30848K) NonClass: 26564K(27392K)->26564K(27392K) Class: 3008K(3456K)->3008K(3456K)
[2026-09-29T22:28:08.273-0400][6.867s][info][gc          ] GC(10) Pause Young (Prepare Mixed) (G1 Evacuation Pause) 118M->40M(160M) 9.867ms
[2026-09-29T22:28:08.273-0400][6.867s][info][gc,cpu      ] GC(10) User=0.04s Sys=0.02s Real=0.01s
[2026-09-29T22:28:08.273-0400][6.867s][info][safepoint   ] Safepoint "G1CollectForAllocation", Time since last: 1024348072 ns, Reaching safepoint: 9598 ns, Cleanup: 82935 ns, At safepoint: 10103086 ns, Total: 10195619 ns
[2026-09-29T22:28:08.321-0400][6.915s][info][gc,start    ] GC(11) Pause Young (Mixed) (G1 Evacuation Pause)
[2026-09-29T22:28:08.321-0400][6.915s][info][gc,task     ] GC(11) Using 6 workers of 8 for evacuation
[2026-09-29T22:28:08.331-0400][6.925s][info][gc,phases   ] GC(11)   Pre Evacuate Collection Set: 0.21ms
[2026-09-29T22:28:08.331-0400][6.925s][info][gc,phases   ] GC(11)   Merge Heap Roots: 0.16ms
[2026-09-29T22:28:08.331-0400][6.925s][info][gc,phases   ] GC(11)   Evacuate Collection Set: 8.08ms
[2026-09-29T22:28:08.331-0400][6.925s][info][gc,phases   ] GC(11)   Post Evacuate Collection Set: 0.91ms
[2026-09-29T22:28:08.331-0400][6.925s][info][gc,phases   ] GC(11)   Other: 0.14ms
[2026-09-29T22:28:08.331-0400][6.925s][info][gc,heap     ] GC(11) Eden regions: 1->0(39)
[2026-09-29T22:28:08.331-0400][6.925s][info][gc,heap     ] GC(11) Survivor regions: 6->1(1)
[2026-09-29T22:28:08.331-0400][6.925s][info][gc,heap     ] GC(11) Old regions: 14->20
[2026-09-29T22:28:08.331-0400][6.925s][info][gc,heap     ] GC(11) Archive regions: 2->2
[2026-09-29T22:28:08.331-0400][6.925s][info][gc,heap     ] GC(11) Humongous regions: 0->0
[2026-09-29T22:28:08.331-0400][6.925s][info][gc,metaspace] GC(11) Metaspace: 29923K(31168K)->29923K(31168K) NonClass: 26890K(27648K)->26890K(27648K) Class: 3033K(3520K)->3033K(3520K)
[2026-09-29T22:28:08.331-0400][6.925s][info][gc          ] GC(11) Pause Young (Mixed) (G1 Evacuation Pause) 42M->42M(160M) 9.596ms
[2026-09-29T22:28:08.331-0400][6.925s][info][gc,cpu      ] GC(11) User=0.04s Sys=0.01s Real=0.01s
[2026-09-29T22:28:08.331-0400][6.925s][info][safepoint   ] Safepoint "G1CollectForAllocation", Time since last: 48047410 ns, Reaching safepoint: 126096 ns, Cleanup: 16003 ns, At safepoint: 9748664 ns, Total: 9890763 ns
[2026-09-29T22:28:08.888-0400][7.482s][info][safepoint   ] Safepoint "ICBufferFull", Time since last: 556548830 ns, Reaching safepoint: 131468 ns, Cleanup: 160870 ns, At safepoint: 74114 ns, Total: 366452 ns
[2026-09-29T22:28:09.066-0400][7.660s][info][gc,start    ] GC(12) Pause Young (Concurrent Start) (Metadata GC Threshold)
[2026-09-29T22:28:09.066-0400][7.660s][info][gc,task     ] GC(12) Using 6 workers of 8 for evacuation
[2026-09-29T22:28:09.072-0400][7.666s][info][gc,phases   ] GC(12)   Pre Evacuate Collection Set: 0.25ms
[2026-09-29T22:28:09.072-0400][7.666s][info][gc,phases   ] GC(12)   Merge Heap Roots: 0.06ms
[2026-09-29T22:28:09.072-0400][7.666s][info][gc,phases   ] GC(12)   Evacuate Collection Set: 4.75ms
[2026-09-29T22:28:09.072-0400][7.666s][info][gc,phases   ] GC(12)   Post Evacuate Collection Set: 0.87ms
[2026-09-29T22:28:09.072-0400][7.666s][info][gc,phases   ] GC(12)   Other: 0.18ms
[2026-09-29T22:28:09.072-0400][7.666s][info][gc,heap     ] GC(12) Eden regions: 20->0(38)
[2026-09-29T22:28:09.072-0400][7.666s][info][gc,heap     ] GC(12) Survivor regions: 1->2(5)
[2026-09-29T22:28:09.072-0400][7.666s][info][gc,heap     ] GC(12) Old regions: 20->20
[2026-09-29T22:28:09.072-0400][7.666s][info][gc,heap     ] GC(12) Archive regions: 2->2
[2026-09-29T22:28:09.072-0400][7.666s][info][gc,heap     ] GC(12) Humongous regions: 0->0
[2026-09-29T22:28:09.072-0400][7.666s][info][gc,metaspace] GC(12) Metaspace: 35062K(36480K)->35062K(36480K) NonClass: 31442K(32320K)->31442K(32320K) Class: 3619K(4160K)->3619K(4160K)
[2026-09-29T22:28:09.072-0400][7.666s][info][gc          ] GC(12) Pause Young (Concurrent Start) (Metadata GC Threshold) 81M->43M(160M) 6.209ms
[2026-09-29T22:28:09.072-0400][7.666s][info][gc,cpu      ] GC(12) User=0.03s Sys=0.00s Real=0.01s
[2026-09-29T22:28:09.072-0400][7.666s][info][safepoint   ] Safepoint "CollectForMetadataAllocation", Time since last: 177992251 ns, Reaching safepoint: 38141 ns, Cleanup: 44791 ns, At safepoint: 6392949 ns, Total: 6475881 ns
[2026-09-29T22:28:09.072-0400][7.666s][info][gc          ] GC(13) Concurrent Mark Cycle
[2026-09-29T22:28:09.073-0400][7.666s][info][gc,marking  ] GC(13) Concurrent Clear Claimed Marks
[2026-09-29T22:28:09.073-0400][7.667s][info][gc,marking  ] GC(13) Concurrent Clear Claimed Marks 0.071ms
[2026-09-29T22:28:09.073-0400][7.667s][info][gc,marking  ] GC(13) Concurrent Scan Root Regions
[2026-09-29T22:28:09.082-0400][7.676s][info][gc,marking  ] GC(13) Concurrent Scan Root Regions 9.560ms
[2026-09-29T22:28:09.082-0400][7.676s][info][gc,marking  ] GC(13) Concurrent Mark
[2026-09-29T22:28:09.082-0400][7.676s][info][gc,marking  ] GC(13) Concurrent Mark From Roots
[2026-09-29T22:28:09.082-0400][7.676s][info][gc,task     ] GC(13) Using 2 workers of 2 for marking
[2026-09-29T22:28:09.117-0400][7.711s][info][safepoint   ] Safepoint "CollectForMetadataAllocation", Time since last: 44157548 ns, Reaching safepoint: 92772 ns, Cleanup: 5163 ns, At safepoint: 82282 ns, Total: 180217 ns
[2026-09-29T22:28:09.137-0400][7.731s][info][safepoint   ] Safepoint "CollectForMetadataAllocation", Time since last: 20129579 ns, Reaching safepoint: 100408 ns, Cleanup: 4515 ns, At safepoint: 102005 ns, Total: 206928 ns
[2026-09-29T22:28:09.146-0400][7.740s][info][gc,marking  ] GC(13) Concurrent Mark From Roots 63.641ms
[2026-09-29T22:28:09.146-0400][7.740s][info][gc,marking  ] GC(13) Concurrent Preclean
[2026-09-29T22:28:09.146-0400][7.740s][info][gc,marking  ] GC(13) Concurrent Preclean 0.125ms
[2026-09-29T22:28:09.146-0400][7.740s][info][gc,start    ] GC(13) Pause Remark
[2026-09-29T22:28:09.151-0400][7.745s][info][gc          ] GC(13) Pause Remark 46M->46M(160M) 4.583ms
[2026-09-29T22:28:09.151-0400][7.745s][info][gc,cpu      ] GC(13) User=0.01s Sys=0.01s Real=0.01s
[2026-09-29T22:28:09.151-0400][7.745s][info][safepoint   ] Safepoint "G1PauseRemark", Time since last: 9018332 ns, Reaching safepoint: 124898 ns, Cleanup: 14167 ns, At safepoint: 4741956 ns, Total: 4881021 ns
[2026-09-29T22:28:09.151-0400][7.745s][info][gc,marking  ] GC(13) Concurrent Mark 68.768ms
[2026-09-29T22:28:09.151-0400][7.745s][info][gc,marking  ] GC(13) Concurrent Rebuild Remembered Sets
[2026-09-29T22:28:09.168-0400][7.762s][info][gc,marking  ] GC(13) Concurrent Rebuild Remembered Sets 17.080ms
[2026-09-29T22:28:09.168-0400][7.762s][info][gc,start    ] GC(13) Pause Cleanup
[2026-09-29T22:28:09.168-0400][7.762s][info][gc          ] GC(13) Pause Cleanup 46M->46M(160M) 0.141ms
[2026-09-29T22:28:09.168-0400][7.762s][info][gc,cpu      ] GC(13) User=0.00s Sys=0.00s Real=0.00s
[2026-09-29T22:28:09.168-0400][7.762s][info][safepoint   ] Safepoint "G1PauseCleanup", Time since last: 17185527 ns, Reaching safepoint: 9115 ns, Cleanup: 4189 ns, At safepoint: 215140 ns, Total: 228444 ns
[2026-09-29T22:28:09.168-0400][7.762s][info][gc,marking  ] GC(13) Concurrent Cleanup for Next Mark
[2026-09-29T22:28:09.169-0400][7.763s][info][gc,marking  ] GC(13) Concurrent Cleanup for Next Mark 0.740ms
[2026-09-29T22:28:09.169-0400][7.763s][info][gc          ] GC(13) Concurrent Mark Cycle 96.778ms
[2026-09-29T22:28:09.885-0400][8.479s][info][safepoint   ] Safepoint "ICBufferFull", Time since last: 716600542 ns, Reaching safepoint: 10844 ns, Cleanup: 128990 ns, At safepoint: 49049 ns, Total: 188883 ns
[2026-09-29T22:28:10.343-0400][8.937s][info][safepoint   ] Safepoint "ICBufferFull", Time since last: 457652335 ns, Reaching safepoint: 126503 ns, Cleanup: 98735 ns, At safepoint: 66742 ns, Total: 291980 ns
[2026-09-29T22:28:10.436-0400][9.030s][info][gc,start    ] GC(14) Pause Young (Prepare Mixed) (G1 Evacuation Pause)
[2026-09-29T22:28:10.436-0400][9.030s][info][gc,task     ] GC(14) Using 6 workers of 8 for evacuation
[2026-09-29T22:28:10.445-0400][9.039s][info][gc,phases   ] GC(14)   Pre Evacuate Collection Set: 0.17ms
[2026-09-29T22:28:10.445-0400][9.039s][info][gc,phases   ] GC(14)   Merge Heap Roots: 0.14ms
[2026-09-29T22:28:10.445-0400][9.039s][info][gc,phases   ] GC(14)   Evacuate Collection Set: 5.88ms
[2026-09-29T22:28:10.445-0400][9.039s][info][gc,phases   ] GC(14)   Post Evacuate Collection Set: 1.86ms
[2026-09-29T22:28:10.445-0400][9.039s][info][gc,phases   ] GC(14)   Other: 0.20ms
[2026-09-29T22:28:10.445-0400][9.039s][info][gc,heap     ] GC(14) Eden regions: 38->0(1)
[2026-09-29T22:28:10.445-0400][9.039s][info][gc,heap     ] GC(14) Survivor regions: 2->5(5)
[2026-09-29T22:28:10.445-0400][9.039s][info][gc,heap     ] GC(14) Old regions: 20->20
[2026-09-29T22:28:10.445-0400][9.039s][info][gc,heap     ] GC(14) Archive regions: 2->2
[2026-09-29T22:28:10.445-0400][9.039s][info][gc,heap     ] GC(14) Humongous regions: 5->2
[2026-09-29T22:28:10.445-0400][9.039s][info][gc,metaspace] GC(14) Metaspace: 44729K(46592K)->44729K(46592K) NonClass: 40010K(41152K)->40010K(41152K) Class: 4719K(5440K)->4719K(5440K)
[2026-09-29T22:28:10.445-0400][9.039s][info][gc          ] GC(14) Pause Young (Prepare Mixed) (G1 Evacuation Pause) 129M->55M(160M) 8.325ms
[2026-09-29T22:28:10.445-0400][9.039s][info][gc,cpu      ] GC(14) User=0.05s Sys=0.00s Real=0.01s
[2026-09-29T22:28:10.445-0400][9.039s][info][safepoint   ] Safepoint "G1CollectForAllocation", Time since last: 93116914 ns, Reaching safepoint: 10792 ns, Cleanup: 75265 ns, At safepoint: 8550414 ns, Total: 8636471 ns
[2026-09-29T22:28:10.465-0400][9.059s][info][gc,start    ] GC(15) Pause Young (Mixed) (G1 Evacuation Pause)
[2026-09-29T22:28:10.465-0400][9.059s][info][gc,task     ] GC(15) Using 6 workers of 8 for evacuation
[2026-09-29T22:28:10.471-0400][9.065s][info][gc,phases   ] GC(15)   Pre Evacuate Collection Set: 0.17ms
[2026-09-29T22:28:10.471-0400][9.065s][info][gc,phases   ] GC(15)   Merge Heap Roots: 0.11ms
[2026-09-29T22:28:10.471-0400][9.065s][info][gc,phases   ] GC(15)   Evacuate Collection Set: 5.50ms
[2026-09-29T22:28:10.471-0400][9.065s][info][gc,phases   ] GC(15)   Post Evacuate Collection Set: 0.75ms
[2026-09-29T22:28:10.471-0400][9.065s][info][gc,phases   ] GC(15)   Other: 0.12ms
[2026-09-29T22:28:10.471-0400][9.065s][info][gc,heap     ] GC(15) Eden regions: 1->0(32)
[2026-09-29T22:28:10.471-0400][9.065s][info][gc,heap     ] GC(15) Survivor regions: 5->1(1)
[2026-09-29T22:28:10.471-0400][9.065s][info][gc,heap     ] GC(15) Old regions: 20->25
[2026-09-29T22:28:10.471-0400][9.065s][info][gc,heap     ] GC(15) Archive regions: 2->2
[2026-09-29T22:28:10.471-0400][9.065s][info][gc,heap     ] GC(15) Humongous regions: 2->2
[2026-09-29T22:28:10.471-0400][9.065s][info][gc,metaspace] GC(15) Metaspace: 45142K(47104K)->45142K(47104K) NonClass: 40362K(41600K)->40362K(41600K) Class: 4779K(5504K)->4779K(5504K)
[2026-09-29T22:28:10.471-0400][9.065s][info][gc          ] GC(15) Pause Young (Mixed) (G1 Evacuation Pause) 57M->56M(160M) 6.717ms
[2026-09-29T22:28:10.472-0400][9.065s][info][gc,cpu      ] GC(15) User=0.02s Sys=0.01s Real=0.01s
[2026-09-29T22:28:10.472-0400][9.066s][info][safepoint   ] Safepoint "G1CollectForAllocation", Time since last: 19749852 ns, Reaching safepoint: 109684 ns, Cleanup: 9057 ns, At safepoint: 6887485 ns, Total: 7006226 ns
[2026-09-29T22:28:10.886-0400][9.480s][info][safepoint   ] Safepoint "ICBufferFull", Time since last: 414335951 ns, Reaching safepoint: 11251 ns, Cleanup: 287174 ns, At safepoint: 4375 ns, Total: 302800 ns
[2026-09-29T22:28:11.435-0400][10.029s][info][safepoint   ] Safepoint "ICBufferFull", Time since last: 548131823 ns, Reaching safepoint: 17228 ns, Cleanup: 323858 ns, At safepoint: 39655 ns, Total: 380741 ns
[2026-09-29T22:28:11.577-0400][10.171s][info][gc,start    ] GC(16) Pause Young (Concurrent Start) (G1 Evacuation Pause)
[2026-09-29T22:28:11.577-0400][10.171s][info][gc,task     ] GC(16) Using 6 workers of 8 for evacuation
[2026-09-29T22:28:11.586-0400][10.180s][info][gc,phases   ] GC(16)   Pre Evacuate Collection Set: 0.29ms
[2026-09-29T22:28:11.586-0400][10.180s][info][gc,phases   ] GC(16)   Merge Heap Roots: 0.19ms
[2026-09-29T22:28:11.586-0400][10.180s][info][gc,phases   ] GC(16)   Evacuate Collection Set: 5.63ms
[2026-09-29T22:28:11.586-0400][10.180s][info][gc,phases   ] GC(16)   Post Evacuate Collection Set: 3.38ms
[2026-09-29T22:28:11.586-0400][10.180s][info][gc,phases   ] GC(16)   Other: 0.21ms
[2026-09-29T22:28:11.586-0400][10.180s][info][gc,heap     ] GC(16) Eden regions: 32->0(30)
[2026-09-29T22:28:11.586-0400][10.180s][info][gc,heap     ] GC(16) Survivor regions: 1->4(5)
[2026-09-29T22:28:11.586-0400][10.180s][info][gc,heap     ] GC(16) Old regions: 25->25
[2026-09-29T22:28:11.586-0400][10.180s][info][gc,heap     ] GC(16) Archive regions: 2->2
[2026-09-29T22:28:11.586-0400][10.180s][info][gc,heap     ] GC(16) Humongous regions: 2->2
[2026-09-29T22:28:11.586-0400][10.180s][info][gc,metaspace] GC(16) Metaspace: 56266K(58560K)->56266K(58560K) NonClass: 50072K(51520K)->50072K(51520K) Class: 6194K(7040K)->6194K(7040K)
[2026-09-29T22:28:11.587-0400][10.180s][info][gc          ] GC(16) Pause Young (Concurrent Start) (G1 Evacuation Pause) 120M->61M(160M) 9.811ms
[2026-09-29T22:28:11.587-0400][10.181s][info][gc,cpu      ] GC(16) User=0.04s Sys=0.01s Real=0.01s
[2026-09-29T22:28:11.587-0400][10.181s][info][gc          ] GC(17) Concurrent Mark Cycle
[2026-09-29T22:28:11.587-0400][10.181s][info][gc,marking  ] GC(17) Concurrent Clear Claimed Marks
[2026-09-29T22:28:11.587-0400][10.181s][info][safepoint   ] Safepoint "G1CollectForAllocation", Time since last: 141859687 ns, Reaching safepoint: 11261 ns, Cleanup: 24622 ns, At safepoint: 10082427 ns, Total: 10118310 ns
[2026-09-29T22:28:11.587-0400][10.181s][info][gc,marking  ] GC(17) Concurrent Clear Claimed Marks 0.248ms
[2026-09-29T22:28:11.587-0400][10.181s][info][gc,marking  ] GC(17) Concurrent Scan Root Regions
[2026-09-29T22:28:11.593-0400][10.187s][info][gc,marking  ] GC(17) Concurrent Scan Root Regions 6.047ms
[2026-09-29T22:28:11.593-0400][10.187s][info][gc,marking  ] GC(17) Concurrent Mark
[2026-09-29T22:28:11.593-0400][10.187s][info][gc,marking  ] GC(17) Concurrent Mark From Roots
[2026-09-29T22:28:11.593-0400][10.187s][info][gc,task     ] GC(17) Using 2 workers of 2 for marking
[2026-09-29T22:28:11.658-0400][10.252s][info][gc,marking  ] GC(17) Concurrent Mark From Roots 64.509ms
[2026-09-29T22:28:11.658-0400][10.252s][info][gc,marking  ] GC(17) Concurrent Preclean
[2026-09-29T22:28:11.659-0400][10.252s][info][gc,marking  ] GC(17) Concurrent Preclean 0.791ms
[2026-09-29T22:28:11.659-0400][10.253s][info][gc,start    ] GC(17) Pause Remark
[2026-09-29T22:28:11.668-0400][10.262s][info][gc          ] GC(17) Pause Remark 64M->64M(160M) 9.017ms
[2026-09-29T22:28:11.668-0400][10.262s][info][gc,cpu      ] GC(17) User=0.05s Sys=0.01s Real=0.02s
[2026-09-29T22:28:11.668-0400][10.262s][info][safepoint   ] Safepoint "G1PauseRemark", Time since last: 71798506 ns, Reaching safepoint: 15110 ns, Cleanup: 21029 ns, At safepoint: 9340723 ns, Total: 9376862 ns
[2026-09-29T22:28:11.668-0400][10.262s][info][gc,marking  ] GC(17) Concurrent Mark 74.832ms
[2026-09-29T22:28:11.668-0400][10.262s][info][gc,marking  ] GC(17) Concurrent Rebuild Remembered Sets
[2026-09-29T22:28:11.704-0400][10.298s][info][gc,marking  ] GC(17) Concurrent Rebuild Remembered Sets 36.259ms
[2026-09-29T22:28:11.705-0400][10.299s][info][gc,start    ] GC(17) Pause Cleanup
[2026-09-29T22:28:11.705-0400][10.299s][info][gc          ] GC(17) Pause Cleanup 66M->66M(160M) 0.274ms
[2026-09-29T22:28:11.705-0400][10.299s][info][gc,cpu      ] GC(17) User=0.01s Sys=0.00s Real=0.00s
[2026-09-29T22:28:11.705-0400][10.299s][info][safepoint   ] Safepoint "G1PauseCleanup", Time since last: 36389429 ns, Reaching safepoint: 592871 ns, Cleanup: 28351 ns, At safepoint: 475666 ns, Total: 1096888 ns
[2026-09-29T22:28:11.710-0400][10.304s][info][gc,marking  ] GC(17) Concurrent Cleanup for Next Mark
[2026-09-29T22:28:11.710-0400][10.304s][info][gc,marking  ] GC(17) Concurrent Cleanup for Next Mark 0.396ms
[2026-09-29T22:28:11.710-0400][10.304s][info][gc          ] GC(17) Concurrent Mark Cycle 123.616ms
[2026-09-29T22:28:12.022-0400][10.616s][info][gc,start    ] GC(18) Pause Young (Normal) (G1 Evacuation Pause)
[2026-09-29T22:28:12.022-0400][10.616s][info][gc,task     ] GC(18) Using 6 workers of 8 for evacuation
[2026-09-29T22:28:12.030-0400][10.624s][info][gc,phases   ] GC(18)   Pre Evacuate Collection Set: 0.19ms
[2026-09-29T22:28:12.030-0400][10.624s][info][gc,phases   ] GC(18)   Merge Heap Roots: 0.11ms
[2026-09-29T22:28:12.030-0400][10.624s][info][gc,phases   ] GC(18)   Evacuate Collection Set: 4.49ms
[2026-09-29T22:28:12.030-0400][10.624s][info][gc,phases   ] GC(18)   Post Evacuate Collection Set: 2.92ms
[2026-09-29T22:28:12.030-0400][10.624s][info][gc,phases   ] GC(18)   Other: 0.15ms
[2026-09-29T22:28:12.030-0400][10.624s][info][gc,heap     ] GC(18) Eden regions: 30->0(27)
[2026-09-29T22:28:12.030-0400][10.624s][info][gc,heap     ] GC(18) Survivor regions: 4->4(5)
[2026-09-29T22:28:12.030-0400][10.624s][info][gc,heap     ] GC(18) Old regions: 25->28
[2026-09-29T22:28:12.030-0400][10.624s][info][gc,heap     ] GC(18) Archive regions: 2->2
[2026-09-29T22:28:12.030-0400][10.624s][info][gc,heap     ] GC(18) Humongous regions: 2->2
[2026-09-29T22:28:12.030-0400][10.624s][info][gc,metaspace] GC(18) Metaspace: 57977K(60352K)->57977K(60352K) NonClass: 51646K(53120K)->51646K(53120K) Class: 6330K(7232K)->6330K(7232K)
[2026-09-29T22:28:12.030-0400][10.624s][info][gc          ] GC(18) Pause Young (Normal) (G1 Evacuation Pause) 121M->68M(160M) 7.944ms
[2026-09-29T22:28:12.030-0400][10.624s][info][gc,cpu      ] GC(18) User=0.03s Sys=0.00s Real=0.01s
[2026-09-29T22:28:12.030-0400][10.624s][info][safepoint   ] Safepoint "G1CollectForAllocation", Time since last: 316773216 ns, Reaching safepoint: 10421 ns, Cleanup: 87126 ns, At safepoint: 8077771 ns, Total: 8175318 ns
[2026-09-29T22:28:12.405-0400][10.999s][info][gc,start    ] GC(19) Pause Young (Normal) (G1 Evacuation Pause)
[2026-09-29T22:28:12.405-0400][10.999s][info][gc,task     ] GC(19) Using 6 workers of 8 for evacuation
[2026-09-29T22:28:12.412-0400][11.005s][info][gc,phases   ] GC(19)   Pre Evacuate Collection Set: 0.20ms
[2026-09-29T22:28:12.412-0400][11.006s][info][gc,phases   ] GC(19)   Merge Heap Roots: 0.16ms
[2026-09-29T22:28:12.412-0400][11.006s][info][gc,phases   ] GC(19)   Evacuate Collection Set: 3.39ms
[2026-09-29T22:28:12.412-0400][11.006s][info][gc,phases   ] GC(19)   Post Evacuate Collection Set: 2.49ms
[2026-09-29T22:28:12.412-0400][11.006s][info][gc,phases   ] GC(19)   Other: 0.15ms
[2026-09-29T22:28:12.412-0400][11.006s][info][gc,heap     ] GC(19) Eden regions: 27->0(79)
[2026-09-29T22:28:12.412-0400][11.006s][info][gc,heap     ] GC(19) Survivor regions: 4->4(4)
[2026-09-29T22:28:12.412-0400][11.006s][info][gc,heap     ] GC(19) Old regions: 28->30
[2026-09-29T22:28:12.412-0400][11.006s][info][gc,heap     ] GC(19) Archive regions: 2->2
[2026-09-29T22:28:12.412-0400][11.006s][info][gc,heap     ] GC(19) Humongous regions: 2->2
[2026-09-29T22:28:12.412-0400][11.006s][info][gc,metaspace] GC(19) Metaspace: 58816K(61184K)->58816K(61184K) NonClass: 52383K(53888K)->52383K(53888K) Class: 6432K(7296K)->6432K(7296K)
[2026-09-29T22:28:12.412-0400][11.006s][info][gc          ] GC(19) Pause Young (Normal) (G1 Evacuation Pause) 122M->73M(320M) 6.460ms
[2026-09-29T22:28:12.412-0400][11.006s][info][gc,cpu      ] GC(19) User=0.02s Sys=0.00s Real=0.01s
[2026-09-29T22:28:12.412-0400][11.006s][info][safepoint   ] Safepoint "G1CollectForAllocation", Time since last: 374680985 ns, Reaching safepoint: 15768 ns, Cleanup: 92910 ns, At safepoint: 6668010 ns, Total: 6776688 ns
[2026-09-29T22:28:13.405-0400][11.999s][info][safepoint   ] Safepoint "ICBufferFull", Time since last: 992633932 ns, Reaching safepoint: 13445 ns, Cleanup: 382952 ns, At safepoint: 45592 ns, Total: 441989 ns
[2026-09-29T22:28:14.097-0400][12.691s][info][gc,start    ] GC(20) Pause Young (Normal) (G1 Evacuation Pause)
[2026-09-29T22:28:14.097-0400][12.691s][info][gc,task     ] GC(20) Using 7 workers of 8 for evacuation
[2026-09-29T22:28:14.110-0400][12.704s][info][gc,phases   ] GC(20)   Pre Evacuate Collection Set: 0.23ms
[2026-09-29T22:28:14.110-0400][12.704s][info][gc,phases   ] GC(20)   Merge Heap Roots: 0.15ms
[2026-09-29T22:28:14.110-0400][12.704s][info][gc,phases   ] GC(20)   Evacuate Collection Set: 8.43ms
[2026-09-29T22:28:14.110-0400][12.704s][info][gc,phases   ] GC(20)   Post Evacuate Collection Set: 4.28ms
[2026-09-29T22:28:14.110-0400][12.704s][info][gc,phases   ] GC(20)   Other: 0.19ms
[2026-09-29T22:28:14.110-0400][12.704s][info][gc,heap     ] GC(20) Eden regions: 79->0(76)
[2026-09-29T22:28:14.110-0400][12.704s][info][gc,heap     ] GC(20) Survivor regions: 4->9(11)
[2026-09-29T22:28:14.110-0400][12.704s][info][gc,heap     ] GC(20) Old regions: 30->30
[2026-09-29T22:28:14.110-0400][12.704s][info][gc,heap     ] GC(20) Archive regions: 2->2
[2026-09-29T22:28:14.110-0400][12.704s][info][gc,heap     ] GC(20) Humongous regions: 2->2
[2026-09-29T22:28:14.110-0400][12.704s][info][gc,metaspace] GC(20) Metaspace: 76313K(78720K)->76313K(78720K) NonClass: 67678K(69184K)->67678K(69184K) Class: 8635K(9536K)->8635K(9536K)
[2026-09-29T22:28:14.110-0400][12.704s][info][gc          ] GC(20) Pause Young (Normal) (G1 Evacuation Pause) 231M->82M(320M) 13.388ms
[2026-09-29T22:28:14.110-0400][12.704s][info][gc,cpu      ] GC(20) User=0.07s Sys=0.02s Real=0.02s
[2026-09-29T22:28:14.110-0400][12.704s][info][safepoint   ] Safepoint "G1CollectForAllocation", Time since last: 691875529 ns, Reaching safepoint: 10200 ns, Cleanup: 145205 ns, At safepoint: 13517312 ns, Total: 13672717 ns
[2026-09-29T22:28:14.607-0400][13.201s][info][gc,start    ] GC(21) Pause Young (Normal) (G1 Evacuation Pause)
[2026-09-29T22:28:14.607-0400][13.201s][info][gc,task     ] GC(21) Using 7 workers of 8 for evacuation
[2026-09-29T22:28:14.616-0400][13.210s][info][gc,phases   ] GC(21)   Pre Evacuate Collection Set: 0.19ms
[2026-09-29T22:28:14.616-0400][13.210s][info][gc,phases   ] GC(21)   Merge Heap Roots: 0.26ms
[2026-09-29T22:28:14.616-0400][13.210s][info][gc,phases   ] GC(21)   Evacuate Collection Set: 4.40ms
[2026-09-29T22:28:14.616-0400][13.210s][info][gc,phases   ] GC(21)   Post Evacuate Collection Set: 3.73ms
[2026-09-29T22:28:14.616-0400][13.210s][info][gc,phases   ] GC(21)   Other: 0.17ms
[2026-09-29T22:28:14.616-0400][13.210s][info][gc,heap     ] GC(21) Eden regions: 76->0(72)
[2026-09-29T22:28:14.616-0400][13.210s][info][gc,heap     ] GC(21) Survivor regions: 9->9(11)
[2026-09-29T22:28:14.616-0400][13.210s][info][gc,heap     ] GC(21) Old regions: 30->35
[2026-09-29T22:28:14.616-0400][13.210s][info][gc,heap     ] GC(21) Archive regions: 2->2
[2026-09-29T22:28:14.616-0400][13.210s][info][gc,heap     ] GC(21) Humongous regions: 2->2
[2026-09-29T22:28:14.616-0400][13.210s][info][gc,metaspace] GC(21) Metaspace: 77361K(79936K)->77361K(79936K) NonClass: 68547K(70144K)->68547K(70144K) Class: 8813K(9792K)->8813K(9792K)
[2026-09-29T22:28:14.616-0400][13.210s][info][gc          ] GC(21) Pause Young (Normal) (G1 Evacuation Pause) 234M->92M(320M) 8.818ms
[2026-09-29T22:28:14.616-0400][13.210s][info][gc,cpu      ] GC(21) User=0.05s Sys=0.00s Real=0.00s
[2026-09-29T22:28:14.616-0400][13.210s][info][safepoint   ] Safepoint "G1CollectForAllocation", Time since last: 496687087 ns, Reaching safepoint: 11013 ns, Cleanup: 135801 ns, At safepoint: 8918260 ns, Total: 9065074 ns
[2026-09-29T22:28:15.034-0400][13.628s][info][safepoint   ] Safepoint "ICBufferFull", Time since last: 417253119 ns, Reaching safepoint: 11289 ns, Cleanup: 260928 ns, At safepoint: 4323 ns, Total: 276540 ns
[2026-09-29T22:28:15.219-0400][13.813s][info][gc,start    ] GC(22) Pause Young (Normal) (G1 Evacuation Pause)
[2026-09-29T22:28:15.219-0400][13.813s][info][gc,task     ] GC(22) Using 7 workers of 8 for evacuation
[2026-09-29T22:28:15.224-0400][13.818s][info][gc,phases   ] GC(22)   Pre Evacuate Collection Set: 0.23ms
[2026-09-29T22:28:15.224-0400][13.818s][info][gc,phases   ] GC(22)   Merge Heap Roots: 0.15ms
[2026-09-29T22:28:15.224-0400][13.818s][info][gc,phases   ] GC(22)   Evacuate Collection Set: 2.49ms
[2026-09-29T22:28:15.224-0400][13.818s][info][gc,phases   ] GC(22)   Post Evacuate Collection Set: 1.52ms
[2026-09-29T22:28:15.224-0400][13.818s][info][gc,phases   ] GC(22)   Other: 0.14ms
[2026-09-29T22:28:15.224-0400][13.818s][info][gc,heap     ] GC(22) Eden regions: 72->0(79)
[2026-09-29T22:28:15.224-0400][13.818s][info][gc,heap     ] GC(22) Survivor regions: 9->3(11)
[2026-09-29T22:28:15.224-0400][13.818s][info][gc,heap     ] GC(22) Old regions: 35->36
[2026-09-29T22:28:15.224-0400][13.818s][info][gc,heap     ] GC(22) Archive regions: 2->2
[2026-09-29T22:28:15.224-0400][13.818s][info][gc,heap     ] GC(22) Humongous regions: 2->2
[2026-09-29T22:28:15.224-0400][13.818s][info][gc,metaspace] GC(22) Metaspace: 80639K(83328K)->80639K(83328K) NonClass: 71375K(72960K)->71375K(72960K) Class: 9263K(10368K)->9263K(10368K)
[2026-09-29T22:28:15.224-0400][13.818s][info][gc          ] GC(22) Pause Young (Normal) (G1 Evacuation Pause) 236M->82M(320M) 4.611ms
[2026-09-29T22:28:15.224-0400][13.818s][info][gc,cpu      ] GC(22) User=0.02s Sys=0.01s Real=0.00s
[2026-09-29T22:28:15.224-0400][13.818s][info][safepoint   ] Safepoint "G1CollectForAllocation", Time since last: 185251009 ns, Reaching safepoint: 16355 ns, Cleanup: 294307 ns, At safepoint: 4710233 ns, Total: 5020895 ns
[2026-09-29T22:28:15.523-0400][14.117s][info][safepoint   ] Safepoint "ICBufferFull", Time since last: 298664962 ns, Reaching safepoint: 13724 ns, Cleanup: 132248 ns, At safepoint: 26721 ns, Total: 172693 ns
[2026-09-29T22:28:15.792-0400][14.386s][info][safepoint   ] Safepoint "ICBufferFull", Time since last: 269307329 ns, Reaching safepoint: 125979 ns, Cleanup: 113589 ns, At safepoint: 57025 ns, Total: 296593 ns
[2026-09-29T22:28:15.966-0400][14.560s][info][safepoint   ] Safepoint "ICBufferFull", Time since last: 173588318 ns, Reaching safepoint: 115548 ns, Cleanup: 120458 ns, At safepoint: 110983 ns, Total: 346989 ns
[2026-09-29T22:28:16.213-0400][14.807s][info][safepoint   ] Safepoint "ICBufferFull", Time since last: 246256904 ns, Reaching safepoint: 125237 ns, Cleanup: 265790 ns, At safepoint: 35064 ns, Total: 426091 ns
[2026-09-29T22:28:16.213-0400][14.807s][info][safepoint   ] Safepoint "ICBufferFull", Time since last: 182707 ns, Reaching safepoint: 115679 ns, Cleanup: 4717 ns, At safepoint: 87541 ns, Total: 207937 ns
[2026-09-29T22:28:16.214-0400][14.808s][info][safepoint   ] Safepoint "ICBufferFull", Time since last: 122311 ns, Reaching safepoint: 107990 ns, Cleanup: 7267 ns, At safepoint: 126465 ns, Total: 241722 ns
[2026-09-29T22:28:16.214-0400][14.808s][info][safepoint   ] Safepoint "ICBufferFull", Time since last: 126894 ns, Reaching safepoint: 112766 ns, Cleanup: 3211 ns, At safepoint: 109799 ns, Total: 225776 ns
[2026-09-29T22:28:16.356-0400][14.950s][info][safepoint   ] Safepoint "ICBufferFull", Time since last: 141970433 ns, Reaching safepoint: 14454 ns, Cleanup: 110254 ns, At safepoint: 34924 ns, Total: 159632 ns
[2026-09-29T22:28:16.696-0400][15.290s][info][gc,start    ] GC(23) Pause Young (Normal) (G1 Evacuation Pause)
[2026-09-29T22:28:16.696-0400][15.290s][info][gc,task     ] GC(23) Using 7 workers of 8 for evacuation
[2026-09-29T22:28:16.702-0400][15.296s][info][gc,phases   ] GC(23)   Pre Evacuate Collection Set: 0.23ms
[2026-09-29T22:28:16.702-0400][15.296s][info][gc,phases   ] GC(23)   Merge Heap Roots: 0.17ms
[2026-09-29T22:28:16.702-0400][15.296s][info][gc,phases   ] GC(23)   Evacuate Collection Set: 3.24ms
[2026-09-29T22:28:16.702-0400][15.296s][info][gc,phases   ] GC(23)   Post Evacuate Collection Set: 1.99ms
[2026-09-29T22:28:16.702-0400][15.296s][info][gc,phases   ] GC(23)   Other: 0.18ms
[2026-09-29T22:28:16.702-0400][15.296s][info][gc,heap     ] GC(23) Eden regions: 79->0(83)
[2026-09-29T22:28:16.702-0400][15.296s][info][gc,heap     ] GC(23) Survivor regions: 3->3(11)
[2026-09-29T22:28:16.702-0400][15.296s][info][gc,heap     ] GC(23) Old regions: 36->36
[2026-09-29T22:28:16.702-0400][15.296s][info][gc,heap     ] GC(23) Archive regions: 2->2
[2026-09-29T22:28:16.702-0400][15.296s][info][gc,heap     ] GC(23) Humongous regions: 2->2
[2026-09-29T22:28:16.702-0400][15.296s][info][gc,metaspace] GC(23) Metaspace: 87844K(90752K)->87844K(90752K) NonClass: 77772K(79552K)->77772K(79552K) Class: 10072K(11200K)->10072K(11200K)
[2026-09-29T22:28:16.702-0400][15.296s][info][gc          ] GC(23) Pause Young (Normal) (G1 Evacuation Pause) 240M->82M(320M) 5.901ms
[2026-09-29T22:28:16.702-0400][15.296s][info][gc,cpu      ] GC(23) User=0.02s Sys=0.00s Real=0.01s
[2026-09-29T22:28:16.702-0400][15.296s][info][safepoint   ] Safepoint "G1CollectForAllocation", Time since last: 339848396 ns, Reaching safepoint: 14276 ns, Cleanup: 98337 ns, At safepoint: 6021812 ns, Total: 6134425 ns
[2026-09-29T22:28:17.716-0400][16.310s][info][safepoint   ] Safepoint "Cleanup", Time since last: 1013334887 ns, Reaching safepoint: 6565 ns, Cleanup: 333943 ns, At safepoint: 30861 ns, Total: 371369 ns
[2026-09-29T22:28:18.555-0400][17.149s][info][gc,start    ] GC(24) Pause Young (Concurrent Start) (Metadata GC Threshold)
[2026-09-29T22:28:18.555-0400][17.149s][info][gc,task     ] GC(24) Using 7 workers of 8 for evacuation
[2026-09-29T22:28:18.561-0400][17.155s][info][gc,phases   ] GC(24)   Pre Evacuate Collection Set: 0.43ms
[2026-09-29T22:28:18.561-0400][17.155s][info][gc,phases   ] GC(24)   Merge Heap Roots: 0.23ms
[2026-09-29T22:28:18.561-0400][17.155s][info][gc,phases   ] GC(24)   Evacuate Collection Set: 3.44ms
[2026-09-29T22:28:18.561-0400][17.155s][info][gc,phases   ] GC(24)   Post Evacuate Collection Set: 1.78ms
[2026-09-29T22:28:18.561-0400][17.155s][info][gc,phases   ] GC(24)   Other: 0.15ms
[2026-09-29T22:28:18.561-0400][17.155s][info][gc,heap     ] GC(24) Eden regions: 25->0(78)
[2026-09-29T22:28:18.561-0400][17.155s][info][gc,heap     ] GC(24) Survivor regions: 3->7(11)
[2026-09-29T22:28:18.561-0400][17.155s][info][gc,heap     ] GC(24) Old regions: 36->36
[2026-09-29T22:28:18.561-0400][17.155s][info][gc,heap     ] GC(24) Archive regions: 2->2
[2026-09-29T22:28:18.561-0400][17.155s][info][gc,heap     ] GC(24) Humongous regions: 2->2
[2026-09-29T22:28:18.561-0400][17.155s][info][gc,metaspace] GC(24) Metaspace: 95502K(98368K)->95502K(98368K) NonClass: 84587K(86336K)->84587K(86336K) Class: 10914K(12032K)->10914K(12032K)
[2026-09-29T22:28:18.561-0400][17.155s][info][gc          ] GC(24) Pause Young (Concurrent Start) (Metadata GC Threshold) 132M->89M(320M) 6.125ms
[2026-09-29T22:28:18.561-0400][17.155s][info][gc,cpu      ] GC(24) User=0.02s Sys=0.00s Real=0.01s
[2026-09-29T22:28:18.561-0400][17.155s][info][safepoint   ] Safepoint "CollectForMetadataAllocation", Time since last: 838773422 ns, Reaching safepoint: 46416 ns, Cleanup: 92159 ns, At safepoint: 6289091 ns, Total: 6427666 ns
[2026-09-29T22:28:18.561-0400][17.155s][info][gc          ] GC(25) Concurrent Mark Cycle
[2026-09-29T22:28:18.561-0400][17.155s][info][gc,marking  ] GC(25) Concurrent Clear Claimed Marks
[2026-09-29T22:28:18.561-0400][17.155s][info][gc,marking  ] GC(25) Concurrent Clear Claimed Marks 0.111ms
[2026-09-29T22:28:18.561-0400][17.155s][info][gc,marking  ] GC(25) Concurrent Scan Root Regions
[2026-09-29T22:28:18.566-0400][17.160s][info][gc,marking  ] GC(25) Concurrent Scan Root Regions 4.676ms
[2026-09-29T22:28:18.566-0400][17.160s][info][gc,marking  ] GC(25) Concurrent Mark
[2026-09-29T22:28:18.566-0400][17.160s][info][gc,marking  ] GC(25) Concurrent Mark From Roots
[2026-09-29T22:28:18.566-0400][17.160s][info][gc,task     ] GC(25) Using 2 workers of 2 for marking
[2026-09-29T22:28:18.600-0400][17.193s][info][safepoint   ] Safepoint "ICBufferFull", Time since last: 37881654 ns, Reaching safepoint: 235654 ns, Cleanup: 131310 ns, At safepoint: 109343 ns, Total: 476307 ns
[2026-09-29T22:28:18.618-0400][17.212s][info][safepoint   ] Safepoint "CollectForMetadataAllocation", Time since last: 17768979 ns, Reaching safepoint: 129225 ns, Cleanup: 126415 ns, At safepoint: 98235 ns, Total: 353875 ns
[2026-09-29T22:28:18.623-0400][17.217s][info][gc,marking  ] GC(25) Concurrent Mark From Roots 56.638ms
[2026-09-29T22:28:18.623-0400][17.217s][info][gc,marking  ] GC(25) Concurrent Preclean
[2026-09-29T22:28:18.624-0400][17.217s][info][gc,marking  ] GC(25) Concurrent Preclean 0.740ms
[2026-09-29T22:28:18.624-0400][17.218s][info][gc,start    ] GC(25) Pause Remark
[2026-09-29T22:28:18.629-0400][17.223s][info][gc          ] GC(25) Pause Remark 93M->93M(320M) 4.701ms
[2026-09-29T22:28:18.629-0400][17.223s][info][gc,cpu      ] GC(25) User=0.02s Sys=0.00s Real=0.01s
[2026-09-29T22:28:18.629-0400][17.223s][info][safepoint   ] Safepoint "G1PauseRemark", Time since last: 6317242 ns, Reaching safepoint: 153477 ns, Cleanup: 12327 ns, At safepoint: 4859357 ns, Total: 5025161 ns
[2026-09-29T22:28:18.629-0400][17.223s][info][gc,marking  ] GC(25) Concurrent Mark 63.053ms
[2026-09-29T22:28:18.629-0400][17.223s][info][gc,marking  ] GC(25) Concurrent Rebuild Remembered Sets
[2026-09-29T22:28:18.651-0400][17.245s][info][gc,marking  ] GC(25) Concurrent Rebuild Remembered Sets 21.442ms
[2026-09-29T22:28:18.651-0400][17.245s][info][gc,start    ] GC(25) Pause Cleanup
[2026-09-29T22:28:18.651-0400][17.245s][info][gc          ] GC(25) Pause Cleanup 93M->93M(320M) 0.241ms
[2026-09-29T22:28:18.651-0400][17.245s][info][gc,cpu      ] GC(25) User=0.00s Sys=0.00s Real=0.00s
[2026-09-29T22:28:18.651-0400][17.245s][info][safepoint   ] Safepoint "G1PauseCleanup", Time since last: 21756172 ns, Reaching safepoint: 204959 ns, Cleanup: 33429 ns, At safepoint: 344442 ns, Total: 582830 ns
[2026-09-29T22:28:18.651-0400][17.245s][info][gc,marking  ] GC(25) Concurrent Cleanup for Next Mark
[2026-09-29T22:28:18.653-0400][17.247s][info][gc,marking  ] GC(25) Concurrent Cleanup for Next Mark 1.676ms
[2026-09-29T22:28:18.653-0400][17.247s][info][gc          ] GC(25) Concurrent Mark Cycle 91.923ms
[2026-09-29T22:28:19.133-0400][17.727s][info][safepoint   ] Safepoint "ICBufferFull", Time since last: 481490892 ns, Reaching safepoint: 8035 ns, Cleanup: 179367 ns, At safepoint: 2634 ns, Total: 190036 ns
[2026-09-29T22:28:19.462-0400][18.056s][info][safepoint   ] Safepoint "ICBufferFull", Time since last: 329238075 ns, Reaching safepoint: 42737 ns, Cleanup: 104268 ns, At safepoint: 21775 ns, Total: 168780 ns
[2026-09-29T22:28:19.761-0400][18.355s][info][safepoint   ] Safepoint "ICBufferFull", Time since last: 298477167 ns, Reaching safepoint: 13989 ns, Cleanup: 94226 ns, At safepoint: 49108 ns, Total: 157323 ns
[2026-09-29T22:28:20.286-0400][18.879s][info][safepoint   ] Safepoint "ICBufferFull", Time since last: 524023062 ns, Reaching safepoint: 12324 ns, Cleanup: 342299 ns, At safepoint: 70265 ns, Total: 424888 ns
[2026-09-29T22:28:20.757-0400][19.351s][info][gc,start    ] GC(26) Pause Young (Prepare Mixed) (G1 Evacuation Pause)
[2026-09-29T22:28:20.757-0400][19.351s][info][gc,task     ] GC(26) Using 7 workers of 8 for evacuation
[2026-09-29T22:28:20.776-0400][19.370s][info][gc,phases   ] GC(26)   Pre Evacuate Collection Set: 0.16ms
[2026-09-29T22:28:20.776-0400][19.370s][info][gc,phases   ] GC(26)   Merge Heap Roots: 0.14ms
[2026-09-29T22:28:20.776-0400][19.370s][info][gc,phases   ] GC(26)   Evacuate Collection Set: 14.48ms
[2026-09-29T22:28:20.776-0400][19.370s][info][gc,phases   ] GC(26)   Post Evacuate Collection Set: 3.43ms
[2026-09-29T22:28:20.776-0400][19.370s][info][gc,phases   ] GC(26)   Other: 0.17ms
[2026-09-29T22:28:20.776-0400][19.370s][info][gc,heap     ] GC(26) Eden regions: 78->0(1)
[2026-09-29T22:28:20.776-0400][19.370s][info][gc,heap     ] GC(26) Survivor regions: 7->11(11)
[2026-09-29T22:28:20.776-0400][19.370s][info][gc,heap     ] GC(26) Old regions: 36->37
[2026-09-29T22:28:20.776-0400][19.370s][info][gc,heap     ] GC(26) Archive regions: 2->2
[2026-09-29T22:28:20.776-0400][19.370s][info][gc,heap     ] GC(26) Humongous regions: 2->2
[2026-09-29T22:28:20.776-0400][19.370s][info][gc,metaspace] GC(26) Metaspace: 112490K(115584K)->112490K(115584K) NonClass: 99231K(101056K)->99231K(101056K) Class: 13259K(14528K)->13259K(14528K)
[2026-09-29T22:28:20.776-0400][19.370s][info][gc          ] GC(26) Pause Young (Prepare Mixed) (G1 Evacuation Pause) 245M->99M(320M) 18.476ms
[2026-09-29T22:28:20.776-0400][19.370s][info][gc,cpu      ] GC(26) User=0.09s Sys=0.01s Real=0.02s
[2026-09-29T22:28:20.776-0400][19.370s][info][safepoint   ] Safepoint "G1CollectForAllocation", Time since last: 471250183 ns, Reaching safepoint: 130507 ns, Cleanup: 286356 ns, At safepoint: 18646349 ns, Total: 19063212 ns
[2026-09-29T22:28:20.820-0400][19.414s][info][gc,start    ] GC(27) Pause Young (Mixed) (G1 Evacuation Pause)
[2026-09-29T22:28:20.820-0400][19.414s][info][gc,task     ] GC(27) Using 7 workers of 8 for evacuation
[2026-09-29T22:28:20.827-0400][19.421s][info][gc,phases   ] GC(27)   Pre Evacuate Collection Set: 0.20ms
[2026-09-29T22:28:20.828-0400][19.421s][info][gc,phases   ] GC(27)   Merge Heap Roots: 0.14ms
[2026-09-29T22:28:20.828-0400][19.421s][info][gc,phases   ] GC(27)   Evacuate Collection Set: 5.88ms
[2026-09-29T22:28:20.828-0400][19.421s][info][gc,phases   ] GC(27)   Post Evacuate Collection Set: 1.34ms
[2026-09-29T22:28:20.828-0400][19.421s][info][gc,phases   ] GC(27)   Other: 0.20ms
[2026-09-29T22:28:20.828-0400][19.421s][info][gc,heap     ] GC(27) Eden regions: 1->0(76)
[2026-09-29T22:28:20.828-0400][19.421s][info][gc,heap     ] GC(27) Survivor regions: 11->2(2)
[2026-09-29T22:28:20.828-0400][19.421s][info][gc,heap     ] GC(27) Old regions: 37->43
[2026-09-29T22:28:20.828-0400][19.421s][info][gc,heap     ] GC(27) Archive regions: 2->2
[2026-09-29T22:28:20.828-0400][19.421s][info][gc,heap     ] GC(27) Humongous regions: 2->2
[2026-09-29T22:28:20.828-0400][19.421s][info][gc,metaspace] GC(27) Metaspace: 112717K(115776K)->112717K(115776K) NonClass: 99435K(101248K)->99435K(101248K) Class: 13281K(14528K)->13281K(14528K)
[2026-09-29T22:28:20.828-0400][19.422s][info][gc          ] GC(27) Pause Young (Mixed) (G1 Evacuation Pause) 101M->93M(320M) 7.821ms
[2026-09-29T22:28:20.828-0400][19.422s][info][gc,cpu      ] GC(27) User=0.04s Sys=0.01s Real=0.01s
[2026-09-29T22:28:20.828-0400][19.422s][info][safepoint   ] Safepoint "G1CollectForAllocation", Time since last: 43667968 ns, Reaching safepoint: 139557 ns, Cleanup: 65555 ns, At safepoint: 8016547 ns, Total: 8221659 ns
[2026-09-29T22:28:21.166-0400][19.760s][info][safepoint   ] Safepoint "ICBufferFull", Time since last: 337469873 ns, Reaching safepoint: 336851 ns, Cleanup: 295384 ns, At safepoint: 106148 ns, Total: 738383 ns
[2026-09-29T22:28:21.959-0400][20.553s][info][safepoint   ] Safepoint "ICBufferFull", Time since last: 792385348 ns, Reaching safepoint: 19691 ns, Cleanup: 370826 ns, At safepoint: 11638 ns, Total: 402155 ns
[2026-09-29T22:28:22.370-0400][20.964s][info][gc,start    ] GC(28) Pause Young (Concurrent Start) (G1 Evacuation Pause)
[2026-09-29T22:28:22.371-0400][20.964s][info][gc,task     ] GC(28) Using 7 workers of 8 for evacuation
[2026-09-29T22:28:22.380-0400][20.974s][info][gc,phases   ] GC(28)   Pre Evacuate Collection Set: 0.50ms
[2026-09-29T22:28:22.380-0400][20.974s][info][gc,phases   ] GC(28)   Merge Heap Roots: 0.31ms
[2026-09-29T22:28:22.380-0400][20.974s][info][gc,phases   ] GC(28)   Evacuate Collection Set: 6.69ms
[2026-09-29T22:28:22.380-0400][20.974s][info][gc,phases   ] GC(28)   Post Evacuate Collection Set: 2.17ms
[2026-09-29T22:28:22.380-0400][20.974s][info][gc,phases   ] GC(28)   Other: 0.30ms
[2026-09-29T22:28:22.380-0400][20.974s][info][gc,heap     ] GC(28) Eden regions: 76->0(76)
[2026-09-29T22:28:22.380-0400][20.974s][info][gc,heap     ] GC(28) Survivor regions: 2->4(10)
[2026-09-29T22:28:22.380-0400][20.974s][info][gc,heap     ] GC(28) Old regions: 43->43
[2026-09-29T22:28:22.380-0400][20.974s][info][gc,heap     ] GC(28) Archive regions: 2->2
[2026-09-29T22:28:22.380-0400][20.974s][info][gc,heap     ] GC(28) Humongous regions: 2->2
[2026-09-29T22:28:22.381-0400][20.974s][info][gc,metaspace] GC(28) Metaspace: 126067K(129408K)->126067K(129408K) NonClass: 111306K(113280K)->111306K(113280K) Class: 14760K(16128K)->14760K(16128K)
[2026-09-29T22:28:22.381-0400][20.974s][info][gc          ] GC(28) Pause Young (Concurrent Start) (G1 Evacuation Pause) 245M->97M(320M) 10.074ms
[2026-09-29T22:28:22.381-0400][20.974s][info][gc,cpu      ] GC(28) User=0.04s Sys=0.00s Real=0.01s
[2026-09-29T22:28:22.381-0400][20.975s][info][gc          ] GC(29) Concurrent Mark Cycle
[2026-09-29T22:28:22.381-0400][20.975s][info][gc,marking  ] GC(29) Concurrent Clear Claimed Marks
[2026-09-29T22:28:22.381-0400][20.975s][info][safepoint   ] Safepoint "G1CollectForAllocation", Time since last: 411104483 ns, Reaching safepoint: 33156 ns, Cleanup: 555953 ns, At safepoint: 10252182 ns, Total: 10841291 ns
[2026-09-29T22:28:22.381-0400][20.975s][info][gc,marking  ] GC(29) Concurrent Clear Claimed Marks 0.186ms
[2026-09-29T22:28:22.381-0400][20.975s][info][gc,marking  ] GC(29) Concurrent Scan Root Regions
[2026-09-29T22:28:22.389-0400][20.983s][info][gc,marking  ] GC(29) Concurrent Scan Root Regions 7.829ms
[2026-09-29T22:28:22.389-0400][20.983s][info][gc,marking  ] GC(29) Concurrent Mark
[2026-09-29T22:28:22.389-0400][20.983s][info][gc,marking  ] GC(29) Concurrent Mark From Roots
[2026-09-29T22:28:22.389-0400][20.983s][info][gc,task     ] GC(29) Using 2 workers of 2 for marking
[2026-09-29T22:28:22.480-0400][21.074s][info][gc,marking  ] GC(29) Concurrent Mark From Roots 91.710ms
[2026-09-29T22:28:22.481-0400][21.074s][info][gc,marking  ] GC(29) Concurrent Preclean
[2026-09-29T22:28:22.482-0400][21.076s][info][gc,marking  ] GC(29) Concurrent Preclean 1.194ms
[2026-09-29T22:28:22.485-0400][21.079s][info][gc,start    ] GC(29) Pause Remark
[2026-09-29T22:28:22.498-0400][21.092s][info][gc          ] GC(29) Pause Remark 99M->99M(320M) 12.964ms
[2026-09-29T22:28:22.498-0400][21.092s][info][gc,cpu      ] GC(29) User=0.08s Sys=0.00s Real=0.01s
[2026-09-29T22:28:22.498-0400][21.092s][info][safepoint   ] Safepoint "G1PauseRemark", Time since last: 101260201 ns, Reaching safepoint: 3280754 ns, Cleanup: 58576 ns, At safepoint: 13229368 ns, Total: 16568698 ns
[2026-09-29T22:28:22.499-0400][21.093s][info][gc,marking  ] GC(29) Concurrent Mark 109.869ms
[2026-09-29T22:28:22.499-0400][21.093s][info][gc,marking  ] GC(29) Concurrent Rebuild Remembered Sets
[2026-09-29T22:28:22.581-0400][21.175s][info][gc,marking  ] GC(29) Concurrent Rebuild Remembered Sets 82.331ms
[2026-09-29T22:28:22.627-0400][21.221s][info][gc,start    ] GC(29) Pause Cleanup
[2026-09-29T22:28:22.628-0400][21.222s][info][gc          ] GC(29) Pause Cleanup 101M->101M(320M) 0.441ms
[2026-09-29T22:28:22.628-0400][21.222s][info][gc,cpu      ] GC(29) User=0.00s Sys=0.00s Real=0.00s
[2026-09-29T22:28:22.628-0400][21.222s][info][safepoint   ] Safepoint "G1PauseCleanup", Time since last: 99651093 ns, Reaching safepoint: 29186082 ns, Cleanup: 59949 ns, At safepoint: 653509 ns, Total: 29899540 ns
[2026-09-29T22:28:22.629-0400][21.223s][info][gc,marking  ] GC(29) Concurrent Cleanup for Next Mark
[2026-09-29T22:28:22.632-0400][21.226s][info][gc,marking  ] GC(29) Concurrent Cleanup for Next Mark 2.710ms
[2026-09-29T22:28:22.632-0400][21.226s][info][gc          ] GC(29) Concurrent Mark Cycle 251.358ms
[2026-09-29T22:28:23.825-0400][22.419s][info][safepoint   ] Safepoint "RedefineClasses", Time since last: 1085131217 ns, Reaching safepoint: 14738 ns, Cleanup: 142243 ns, At safepoint: 111539515 ns, Total: 111696496 ns
[2026-09-29T22:28:23.864-0400][22.458s][info][safepoint   ] Safepoint "JFRCheckpoint", Time since last: 39291551 ns, Reaching safepoint: 17063 ns, Cleanup: 27826 ns, At safepoint: 46007 ns, Total: 90896 ns
[2026-09-29T22:28:23.871-0400][22.465s][info][safepoint   ] Safepoint "JFROldObject", Time since last: 6256886 ns, Reaching safepoint: 18718 ns, Cleanup: 52914 ns, At safepoint: 102769 ns, Total: 174401 ns
[2026-09-29T22:28:23.940-0400][22.534s][info][safepoint   ] Safepoint "RedefineClasses", Time since last: 2026135 ns, Reaching safepoint: 13830 ns, Cleanup: 5293 ns, At safepoint: 67595672 ns, Total: 67614795 ns
[2026-09-29T22:28:23.950-0400][22.544s][info][safepoint   ] Safepoint "ClassLoaderStatsOperation", Time since last: 5029830 ns, Reaching safepoint: 21655 ns, Cleanup: 8568 ns, At safepoint: 4211243 ns, Total: 4241466 ns
[2026-09-29T22:28:24.950-0400][23.544s][info][safepoint   ] Safepoint "Cleanup", Time since last: 1000242508 ns, Reaching safepoint: 12173 ns, Cleanup: 59584 ns, At safepoint: 3690 ns, Total: 75447 ns
[2026-09-29T22:28:25.951-0400][24.545s][info][safepoint   ] Safepoint "Cleanup", Time since last: 1000563010 ns, Reaching safepoint: 53160 ns, Cleanup: 162904 ns, At safepoint: 19822 ns, Total: 235886 ns
[2026-09-29T22:28:26.951-0400][25.545s][info][safepoint   ] Safepoint "Cleanup", Time since last: 1000525736 ns, Reaching safepoint: 62003 ns, Cleanup: 55598 ns, At safepoint: 10506 ns, Total: 128107 ns
[2026-09-29T22:28:27.952-0400][26.546s][info][safepoint   ] Safepoint "Cleanup", Time since last: 1000440719 ns, Reaching safepoint: 18803 ns, Cleanup: 35496 ns, At safepoint: 3469 ns, Total: 57768 ns
[2026-09-29T22:28:28.952-0400][27.546s][info][safepoint   ] Safepoint "Cleanup", Time since last: 1000306443 ns, Reaching safepoint: 43380 ns, Cleanup: 65567 ns, At safepoint: 72571 ns, Total: 181518 ns
[2026-09-29T22:28:29.953-0400][28.547s][info][safepoint   ] Safepoint "Cleanup", Time since last: 1000542425 ns, Reaching safepoint: 24437 ns, Cleanup: 59984 ns, At safepoint: 8430 ns, Total: 92851 ns
[2026-09-29T22:28:30.953-0400][29.547s][info][safepoint   ] Safepoint "Cleanup", Time since last: 1000335740 ns, Reaching safepoint: 30923 ns, Cleanup: 36582 ns, At safepoint: 6805 ns, Total: 74310 ns
[2026-09-29T22:28:31.954-0400][30.548s][info][safepoint   ] Safepoint "Cleanup", Time since last: 1000195406 ns, Reaching safepoint: 20916 ns, Cleanup: 91828 ns, At safepoint: 37011 ns, Total: 149755 ns
[2026-09-29T22:28:32.954-0400][31.548s][info][safepoint   ] Safepoint "Cleanup", Time since last: 1000291805 ns, Reaching safepoint: 19845 ns, Cleanup: 42994 ns, At safepoint: 4127 ns, Total: 66966 ns
[2026-09-29T22:28:33.877-0400][32.470s][info][safepoint   ] Safepoint "ClassLoaderStatsOperation", Time since last: 911168481 ns, Reaching safepoint: 3267103 ns, Cleanup: 12575 ns, At safepoint: 8006525 ns, Total: 11286203 ns
[2026-09-29T22:28:33.894-0400][32.488s][info][safepoint   ] Safepoint "JFRCheckpoint", Time since last: 2851321 ns, Reaching safepoint: 14735585 ns, Cleanup: 12405 ns, At safepoint: 169420 ns, Total: 14917410 ns
[2026-09-29T22:28:33.902-0400][32.496s][info][safepoint   ] Safepoint "JFROldObject", Time since last: 7620557 ns, Reaching safepoint: 14351 ns, Cleanup: 4415 ns, At safepoint: 107819 ns, Total: 126585 ns
[2026-09-29T22:28:34.902-0400][33.496s][info][safepoint   ] Safepoint "Cleanup", Time since last: 1000218794 ns, Reaching safepoint: 21559 ns, Cleanup: 18011 ns, At safepoint: 3751 ns, Total: 43321 ns
[2026-09-29T22:28:37.903-0400][36.497s][info][safepoint   ] Safepoint "Cleanup", Time since last: 3000445648 ns, Reaching safepoint: 25376 ns, Cleanup: 19245 ns, At safepoint: 5991 ns, Total: 50612 ns
[2026-09-29T22:28:38.803-0400][37.397s][info][safepoint   ] Safepoint "ICBufferFull", Time since last: 900234621 ns, Reaching safepoint: 18018 ns, Cleanup: 269943 ns, At safepoint: 31046 ns, Total: 319007 ns
[2026-09-29T22:28:39.694-0400][38.288s][info][safepoint   ] Safepoint "ICBufferFull", Time since last: 890265943 ns, Reaching safepoint: 236401 ns, Cleanup: 171928 ns, At safepoint: 68949 ns, Total: 477278 ns
[2026-09-29T22:28:40.143-0400][38.737s][info][gc,start    ] GC(30) Pause Young (Prepare Mixed) (G1 Evacuation Pause)
[2026-09-29T22:28:40.143-0400][38.737s][info][gc,task     ] GC(30) Using 8 workers of 8 for evacuation
[2026-09-29T22:28:40.158-0400][38.752s][info][gc,phases   ] GC(30)   Pre Evacuate Collection Set: 0.34ms
[2026-09-29T22:28:40.158-0400][38.752s][info][gc,phases   ] GC(30)   Merge Heap Roots: 0.21ms
[2026-09-29T22:28:40.158-0400][38.752s][info][gc,phases   ] GC(30)   Evacuate Collection Set: 12.08ms
[2026-09-29T22:28:40.158-0400][38.752s][info][gc,phases   ] GC(30)   Post Evacuate Collection Set: 2.33ms
[2026-09-29T22:28:40.158-0400][38.752s][info][gc,phases   ] GC(30)   Other: 0.27ms
[2026-09-29T22:28:40.158-0400][38.752s][info][gc,heap     ] GC(30) Eden regions: 76->0(2)
[2026-09-29T22:28:40.158-0400][38.752s][info][gc,heap     ] GC(30) Survivor regions: 4->6(10)
[2026-09-29T22:28:40.158-0400][38.752s][info][gc,heap     ] GC(30) Old regions: 43->43
[2026-09-29T22:28:40.158-0400][38.752s][info][gc,heap     ] GC(30) Archive regions: 2->2
[2026-09-29T22:28:40.158-0400][38.752s][info][gc,heap     ] GC(30) Humongous regions: 2->2
[2026-09-29T22:28:40.158-0400][38.752s][info][gc,metaspace] GC(30) Metaspace: 130726K(134080K)->130726K(134080K) NonClass: 115486K(117504K)->115486K(117504K) Class: 15239K(16576K)->15239K(16576K)
[2026-09-29T22:28:40.158-0400][38.752s][info][gc          ] GC(30) Pause Young (Prepare Mixed) (G1 Evacuation Pause) 249M->101M(320M) 15.291ms
[2026-09-29T22:28:40.158-0400][38.752s][info][gc,cpu      ] GC(30) User=0.09s Sys=0.00s Real=0.01s
[2026-09-29T22:28:40.159-0400][38.753s][info][safepoint   ] Safepoint "G1CollectForAllocation", Time since last: 448869467 ns, Reaching safepoint: 12451 ns, Cleanup: 106319 ns, At safepoint: 15568849 ns, Total: 15687619 ns
[2026-09-29T22:28:40.265-0400][38.858s][info][gc,heap,exit] Heap
[2026-09-29T22:28:40.265-0400][38.859s][info][gc,heap,exit]  garbage-first heap   total 327680K, used 107341K [0x0000000709400000, 0x0000000800000000)
[2026-09-29T22:28:40.265-0400][38.859s][info][gc,heap,exit]   region size 2048K, 8 young (16384K), 6 survivors (12288K)
[2026-09-29T22:28:40.265-0400][38.859s][info][gc,heap,exit]  Metaspace       used 130752K, committed 134080K, reserved 1179648K
[2026-09-29T22:28:40.265-0400][38.859s][info][gc,heap,exit]   class space    used 15242K, committed 16576K, reserved 1048576K
