[2026-09-29T22:29:27.554-0400][0.003s][info][gc] Using G1
[2026-09-29T22:29:27.556-0400][0.005s][info][gc,init] Version: 17.0.18+8-LTS (release)
[2026-09-29T22:29:27.557-0400][0.005s][info][gc,init] CPUs: 8 total, 8 available
[2026-09-29T22:29:27.557-0400][0.005s][info][gc,init] Memory: 15788M
[2026-09-29T22:29:27.557-0400][0.005s][info][gc,init] Large Page Support: Disabled
[2026-09-29T22:29:27.557-0400][0.005s][info][gc,init] NUMA Support: Disabled
[2026-09-29T22:29:27.557-0400][0.005s][info][gc,init] Compressed Oops: Enabled (Zero based)
[2026-09-29T22:29:27.557-0400][0.005s][info][gc,init] Heap Region Size: 8M
[2026-09-29T22:29:27.557-0400][0.005s][info][gc,init] Heap Min Capacity: 8M
[2026-09-29T22:29:27.557-0400][0.005s][info][gc,init] Heap Initial Capacity: 248M
[2026-09-29T22:29:27.557-0400][0.005s][info][gc,init] Heap Max Capacity: 9000M
[2026-09-29T22:29:27.557-0400][0.005s][info][gc,init] Pre-touch: Disabled
[2026-09-29T22:29:27.557-0400][0.005s][info][gc,init] Parallel Workers: 8
[2026-09-29T22:29:27.557-0400][0.005s][info][gc,init] Concurrent Workers: 2
[2026-09-29T22:29:27.557-0400][0.005s][info][gc,init] Concurrent Refinement Workers: 8
[2026-09-29T22:29:27.557-0400][0.005s][info][gc,init] Periodic GC: Enabled
[2026-09-29T22:29:27.557-0400][0.005s][info][gc,init] Periodic GC Interval: 10000ms
[2026-09-29T22:29:27.557-0400][0.005s][info][gc,init] G1 Time-Based Heap Sizing enabled (uncommit-only): evaluation_interval=60000ms, uncommit_delay=300000ms, min_regions_to_uncommit=10
[2026-09-29T22:29:27.578-0400][0.026s][info][gc,metaspace] CDS archive(s) mapped at: [0x000073bb2b000000-0x000073bb2bbc7000-0x000073bb2bbc7000), size 12349440, SharedBaseAddress: 0x000073bb2b000000, ArchiveRelocationMode: 1.
[2026-09-29T22:29:27.578-0400][0.026s][info][gc,metaspace] Compressed class space mapped at: 0x000073bb2c000000-0x000073bb6c000000, reserved size: 1073741824
[2026-09-29T22:29:27.578-0400][0.026s][info][gc,metaspace] Narrow klass base: 0x000073bb2b000000, Narrow klass shift: 0, Narrow klass range: 0x100000000
[2026-09-29T22:29:27.902-0400][0.351s][info][safepoint   ] Safepoint "ClassLoaderStatsOperation", Time since last: 317224559 ns, Reaching safepoint: 32532 ns, Cleanup: 34566 ns, At safepoint: 155821 ns, Total: 222919 ns
[2026-09-29T22:29:29.541-0400][1.989s][info][gc,heap,exit] Heap
[2026-09-29T22:29:29.541-0400][1.989s][info][gc,heap,exit]  garbage-first heap   total 270336K, used 12474K [0x00000005cd800000, 0x0000000800000000)
[2026-09-29T22:29:29.541-0400][1.989s][info][gc,heap,exit]   region size 8192K, 1 young (8192K), 0 survivors (0K)
[2026-09-29T22:29:29.541-0400][1.989s][info][gc,heap,exit]  Metaspace       used 1857K, committed 2048K, reserved 1114112K
[2026-09-29T22:29:29.541-0400][1.989s][info][gc,heap,exit]   class space    used 186K, committed 256K, reserved 1048576K
