[2026-09-29T22:28:48.095-0400][0.005s][info][gc] Using G1
[2026-09-29T22:28:48.105-0400][0.016s][info][gc,init] Version: 17.0.18+8-LTS (release)
[2026-09-29T22:28:48.105-0400][0.016s][info][gc,init] CPUs: 8 total, 8 available
[2026-09-29T22:28:48.105-0400][0.016s][info][gc,init] Memory: 15788M
[2026-09-29T22:28:48.105-0400][0.016s][info][gc,init] Large Page Support: Disabled
[2026-09-29T22:28:48.105-0400][0.016s][info][gc,init] NUMA Support: Disabled
[2026-09-29T22:28:48.105-0400][0.016s][info][gc,init] Compressed Oops: Enabled (Zero based)
[2026-09-29T22:28:48.105-0400][0.016s][info][gc,init] Heap Region Size: 8M
[2026-09-29T22:28:48.105-0400][0.016s][info][gc,init] Heap Min Capacity: 8M
[2026-09-29T22:28:48.105-0400][0.016s][info][gc,init] Heap Initial Capacity: 248M
[2026-09-29T22:28:48.105-0400][0.016s][info][gc,init] Heap Max Capacity: 9552M
[2026-09-29T22:28:48.105-0400][0.016s][info][gc,init] Pre-touch: Disabled
[2026-09-29T22:28:48.105-0400][0.016s][info][gc,init] Parallel Workers: 8
[2026-09-29T22:28:48.105-0400][0.016s][info][gc,init] Concurrent Workers: 2
[2026-09-29T22:28:48.105-0400][0.016s][info][gc,init] Concurrent Refinement Workers: 8
[2026-09-29T22:28:48.105-0400][0.016s][info][gc,init] Periodic GC: Enabled
[2026-09-29T22:28:48.105-0400][0.016s][info][gc,init] Periodic GC Interval: 10000ms
[2026-09-29T22:28:48.105-0400][0.016s][info][gc,init] G1 Time-Based Heap Sizing enabled (uncommit-only): evaluation_interval=60000ms, uncommit_delay=300000ms, min_regions_to_uncommit=10
[2026-09-29T22:28:48.115-0400][0.026s][info][gc,metaspace] CDS archive(s) mapped at: [0x0000721d47000000-0x0000721d47bc7000-0x0000721d47bc7000), size 12349440, SharedBaseAddress: 0x0000721d47000000, ArchiveRelocationMode: 1.
[2026-09-29T22:28:48.115-0400][0.026s][info][gc,metaspace] Compressed class space mapped at: 0x0000721d48000000-0x0000721d88000000, reserved size: 1073741824
[2026-09-29T22:28:48.116-0400][0.026s][info][gc,metaspace] Narrow klass base: 0x0000721d47000000, Narrow klass shift: 0, Narrow klass range: 0x100000000
[2026-09-29T22:28:48.886-0400][0.797s][info][safepoint   ] Safepoint "ClassLoaderStatsOperation", Time since last: 759139630 ns, Reaching safepoint: 7661 ns, Cleanup: 39603 ns, At safepoint: 165279 ns, Total: 212543 ns
[2026-09-29T22:28:53.444-0400][5.354s][info][safepoint   ] Safepoint "ClassLoaderStatsOperation", Time since last: 4556904270 ns, Reaching safepoint: 5836 ns, Cleanup: 6676 ns, At safepoint: 201067 ns, Total: 213579 ns
[2026-09-29T22:28:58.139-0400][10.050s][info][gc,start    ] GC(0) Pause Young (Concurrent Start) (G1 Periodic Collection)
[2026-09-29T22:28:58.150-0400][10.060s][info][gc,task     ] GC(0) Using 6 workers of 8 for evacuation
[2026-09-29T22:28:58.153-0400][10.064s][info][gc,phases   ] GC(0)   Pre Evacuate Collection Set: 0.13ms
[2026-09-29T22:28:58.153-0400][10.064s][info][gc,phases   ] GC(0)   Merge Heap Roots: 0.12ms
[2026-09-29T22:28:58.153-0400][10.064s][info][gc,phases   ] GC(0)   Evacuate Collection Set: 2.59ms
[2026-09-29T22:28:58.153-0400][10.064s][info][gc,phases   ] GC(0)   Post Evacuate Collection Set: 0.48ms
[2026-09-29T22:28:58.153-0400][10.064s][info][gc,phases   ] GC(0)   Other: 10.46ms
[2026-09-29T22:28:58.153-0400][10.064s][info][gc,heap     ] GC(0) Eden regions: 1->0(1)
[2026-09-29T22:28:58.153-0400][10.064s][info][gc,heap     ] GC(0) Survivor regions: 0->1(1)
[2026-09-29T22:28:58.153-0400][10.064s][info][gc,heap     ] GC(0) Old regions: 0->0
[2026-09-29T22:28:58.153-0400][10.064s][info][gc,heap     ] GC(0) Archive regions: 2->2
[2026-09-29T22:28:58.153-0400][10.064s][info][gc,heap     ] GC(0) Humongous regions: 0->0
[2026-09-29T22:28:58.153-0400][10.064s][info][gc,metaspace] GC(0) Metaspace: 1840K(1984K)->1840K(1984K) NonClass: 1655K(1728K)->1655K(1728K) Class: 185K(256K)->185K(256K)
[2026-09-29T22:28:58.153-0400][10.064s][info][gc          ] GC(0) Pause Young (Concurrent Start) (G1 Periodic Collection) 12M->8M(264M) 13.901ms
[2026-09-29T22:28:58.153-0400][10.064s][info][gc,cpu      ] GC(0) User=0.00s Sys=0.00s Real=0.01s
[2026-09-29T22:28:58.153-0400][10.064s][info][safepoint   ] Safepoint "G1TryInitiateConcMark", Time since last: 4695782650 ns, Reaching safepoint: 5721 ns, Cleanup: 6353 ns, At safepoint: 14001091 ns, Total: 14013165 ns
[2026-09-29T22:28:58.154-0400][10.065s][info][gc          ] GC(1) Concurrent Mark Cycle
[2026-09-29T22:28:58.154-0400][10.065s][info][gc,marking  ] GC(1) Concurrent Clear Claimed Marks
[2026-09-29T22:28:58.154-0400][10.065s][info][gc,marking  ] GC(1) Concurrent Clear Claimed Marks 0.014ms
[2026-09-29T22:28:58.154-0400][10.065s][info][gc,marking  ] GC(1) Concurrent Scan Root Regions
[2026-09-29T22:28:58.155-0400][10.066s][info][gc,marking  ] GC(1) Concurrent Scan Root Regions 0.902ms
[2026-09-29T22:28:58.155-0400][10.066s][info][gc,marking  ] GC(1) Concurrent Mark
[2026-09-29T22:28:58.155-0400][10.066s][info][gc,marking  ] GC(1) Concurrent Mark From Roots
[2026-09-29T22:28:58.159-0400][10.069s][info][gc,task     ] GC(1) Using 2 workers of 2 for marking
[2026-09-29T22:28:58.161-0400][10.071s][info][gc,marking  ] GC(1) Concurrent Mark From Roots 5.665ms
[2026-09-29T22:28:58.161-0400][10.071s][info][gc,marking  ] GC(1) Concurrent Preclean
[2026-09-29T22:28:58.161-0400][10.071s][info][gc,marking  ] GC(1) Concurrent Preclean 0.059ms
[2026-09-29T22:28:58.161-0400][10.072s][info][gc,start    ] GC(1) Pause Remark
[2026-09-29T22:28:58.165-0400][10.076s][info][gc,heap     ] GC(1) Heap shrink completed: uncommitted 27 regions (216MB), heap size now 48MB
[2026-09-29T22:28:58.165-0400][10.076s][info][gc          ] GC(1) Pause Remark 8M->8M(48M) 4.436ms
[2026-09-29T22:28:58.165-0400][10.076s][info][gc,cpu      ] GC(1) User=0.01s Sys=0.00s Real=0.00s
[2026-09-29T22:28:58.166-0400][10.076s][info][safepoint   ] Safepoint "G1PauseRemark", Time since last: 7683349 ns, Reaching safepoint: 4901 ns, Cleanup: 6353 ns, At safepoint: 4483919 ns, Total: 4495173 ns
[2026-09-29T22:28:58.166-0400][10.076s][info][gc,marking  ] GC(1) Concurrent Mark 10.336ms
[2026-09-29T22:28:58.166-0400][10.076s][info][gc,marking  ] GC(1) Concurrent Rebuild Remembered Sets
[2026-09-29T22:28:58.166-0400][10.076s][info][gc,marking  ] GC(1) Concurrent Rebuild Remembered Sets 0.005ms
[2026-09-29T22:28:58.166-0400][10.077s][info][gc,start    ] GC(1) Pause Cleanup
[2026-09-29T22:28:58.167-0400][10.077s][info][gc          ] GC(1) Pause Cleanup 8M->8M(48M) 0.045ms
[2026-09-29T22:28:58.167-0400][10.077s][info][gc,cpu      ] GC(1) User=0.00s Sys=0.00s Real=0.00s
[2026-09-29T22:28:58.167-0400][10.077s][info][safepoint   ] Safepoint "G1PauseCleanup", Time since last: 66769 ns, Reaching safepoint: 879281 ns, Cleanup: 9821 ns, At safepoint: 81146 ns, Total: 970248 ns
[2026-09-29T22:28:58.167-0400][10.077s][info][gc,marking  ] GC(1) Concurrent Cleanup for Next Mark
[2026-09-29T22:28:58.169-0400][10.080s][info][gc,marking  ] GC(1) Concurrent Cleanup for Next Mark 2.716ms
[2026-09-29T22:28:58.169-0400][10.080s][info][gc          ] GC(1) Concurrent Mark Cycle 15.168ms
[2026-09-29T22:28:58.353-0400][10.263s][info][safepoint   ] Safepoint "ClassLoaderStatsOperation", Time since last: 186111129 ns, Reaching safepoint: 5711 ns, Cleanup: 6910 ns, At safepoint: 193232 ns, Total: 205853 ns
[2026-09-29T22:29:03.351-0400][15.261s][info][safepoint   ] Safepoint "ClassLoaderStatsOperation", Time since last: 4997912586 ns, Reaching safepoint: 5848 ns, Cleanup: 6816 ns, At safepoint: 202918 ns, Total: 215582 ns
[2026-09-29T22:29:08.155-0400][20.065s][info][gc,start    ] GC(2) Pause Young (Concurrent Start) (G1 Periodic Collection)
[2026-09-29T22:29:08.155-0400][20.066s][info][gc,task     ] GC(2) Using 4 workers of 8 for evacuation
[2026-09-29T22:29:08.159-0400][20.070s][info][gc,phases   ] GC(2)   Pre Evacuate Collection Set: 0.06ms
[2026-09-29T22:29:08.159-0400][20.070s][info][gc,phases   ] GC(2)   Merge Heap Roots: 0.46ms
[2026-09-29T22:29:08.159-0400][20.070s][info][gc,phases   ] GC(2)   Evacuate Collection Set: 2.69ms
[2026-09-29T22:29:08.159-0400][20.070s][info][gc,phases   ] GC(2)   Post Evacuate Collection Set: 0.66ms
[2026-09-29T22:29:08.159-0400][20.070s][info][gc,phases   ] GC(2)   Other: 0.46ms
[2026-09-29T22:29:08.159-0400][20.070s][info][gc,heap     ] GC(2) Eden regions: 0->0(1)
[2026-09-29T22:29:08.159-0400][20.070s][info][gc,heap     ] GC(2) Survivor regions: 1->1(1)
[2026-09-29T22:29:08.159-0400][20.070s][info][gc,heap     ] GC(2) Old regions: 0->0
[2026-09-29T22:29:08.159-0400][20.070s][info][gc,heap     ] GC(2) Archive regions: 2->2
[2026-09-29T22:29:08.159-0400][20.070s][info][gc,heap     ] GC(2) Humongous regions: 0->0
[2026-09-29T22:29:08.159-0400][20.070s][info][gc,metaspace] GC(2) Metaspace: 1841K(1984K)->1841K(1984K) NonClass: 1655K(1728K)->1655K(1728K) Class: 185K(256K)->185K(256K)
[2026-09-29T22:29:08.159-0400][20.070s][info][gc          ] GC(2) Pause Young (Concurrent Start) (G1 Periodic Collection) 8M->8M(48M) 4.400ms
[2026-09-29T22:29:08.159-0400][20.070s][info][gc,cpu      ] GC(2) User=0.01s Sys=0.00s Real=0.01s
[2026-09-29T22:29:08.163-0400][20.073s][info][safepoint   ] Safepoint "G1TryInitiateConcMark", Time since last: 4803851433 ns, Reaching safepoint: 5193 ns, Cleanup: 7044 ns, At safepoint: 7706940 ns, Total: 7719177 ns
[2026-09-29T22:29:08.163-0400][20.073s][info][gc          ] GC(3) Concurrent Mark Cycle
[2026-09-29T22:29:08.163-0400][20.073s][info][gc,marking  ] GC(3) Concurrent Clear Claimed Marks
[2026-09-29T22:29:08.163-0400][20.073s][info][gc,marking  ] GC(3) Concurrent Clear Claimed Marks 0.039ms
[2026-09-29T22:29:08.163-0400][20.073s][info][gc,marking  ] GC(3) Concurrent Scan Root Regions
[2026-09-29T22:29:08.164-0400][20.075s][info][gc,marking  ] GC(3) Concurrent Scan Root Regions 1.252ms
[2026-09-29T22:29:08.164-0400][20.075s][info][gc,marking  ] GC(3) Concurrent Mark
[2026-09-29T22:29:08.164-0400][20.075s][info][gc,marking  ] GC(3) Concurrent Mark From Roots
[2026-09-29T22:29:08.164-0400][20.075s][info][gc,task     ] GC(3) Using 2 workers of 2 for marking
[2026-09-29T22:29:08.166-0400][20.076s][info][gc,marking  ] GC(3) Concurrent Mark From Roots 1.498ms
[2026-09-29T22:29:08.166-0400][20.076s][info][gc,marking  ] GC(3) Concurrent Preclean
[2026-09-29T22:29:08.166-0400][20.076s][info][gc,marking  ] GC(3) Concurrent Preclean 0.040ms
[2026-09-29T22:29:08.166-0400][20.076s][info][gc,start    ] GC(3) Pause Remark
[2026-09-29T22:29:08.167-0400][20.077s][info][gc          ] GC(3) Pause Remark 8M->8M(48M) 1.222ms
[2026-09-29T22:29:08.167-0400][20.077s][info][gc,cpu      ] GC(3) User=0.01s Sys=0.00s Real=0.00s
[2026-09-29T22:29:08.167-0400][20.077s][info][safepoint   ] Safepoint "G1PauseRemark", Time since last: 3110310 ns, Reaching safepoint: 4690 ns, Cleanup: 4083 ns, At safepoint: 1282416 ns, Total: 1291189 ns
[2026-09-29T22:29:08.167-0400][20.077s][info][gc,marking  ] GC(3) Concurrent Mark 2.917ms
[2026-09-29T22:29:08.167-0400][20.077s][info][gc,marking  ] GC(3) Concurrent Rebuild Remembered Sets
[2026-09-29T22:29:08.167-0400][20.077s][info][gc,marking  ] GC(3) Concurrent Rebuild Remembered Sets 0.005ms
[2026-09-29T22:29:08.167-0400][20.078s][info][gc,start    ] GC(3) Pause Cleanup
[2026-09-29T22:29:08.167-0400][20.078s][info][gc          ] GC(3) Pause Cleanup 8M->8M(48M) 0.009ms
[2026-09-29T22:29:08.167-0400][20.078s][info][gc,cpu      ] GC(3) User=0.00s Sys=0.00s Real=0.00s
[2026-09-29T22:29:08.167-0400][20.078s][info][safepoint   ] Safepoint "G1PauseCleanup", Time since last: 49119 ns, Reaching safepoint: 1855 ns, Cleanup: 3508 ns, At safepoint: 25072 ns, Total: 30435 ns
[2026-09-29T22:29:08.167-0400][20.078s][info][gc,marking  ] GC(3) Concurrent Cleanup for Next Mark
[2026-09-29T22:29:08.168-0400][20.078s][info][gc,marking  ] GC(3) Concurrent Cleanup for Next Mark 0.798ms
[2026-09-29T22:29:08.168-0400][20.078s][info][gc          ] GC(3) Concurrent Mark Cycle 5.242ms
[2026-09-29T22:29:08.243-0400][20.154s][info][safepoint   ] Safepoint "ClassLoaderStatsOperation", Time since last: 76155864 ns, Reaching safepoint: 6109 ns, Cleanup: 5879 ns, At safepoint: 201975 ns, Total: 213963 ns
[2026-09-29T22:29:10.663-0400][22.574s][info][gc,heap,exit] Heap
[2026-09-29T22:29:10.663-0400][22.574s][info][gc,heap,exit]  garbage-first heap   total 49152K, used 9046K [0x00000005ab000000, 0x0000000800000000)
[2026-09-29T22:29:10.663-0400][22.574s][info][gc,heap,exit]   region size 8192K, 2 young (16384K), 1 survivors (8192K)
[2026-09-29T22:29:10.663-0400][22.574s][info][gc,heap,exit]  Metaspace       used 1841K, committed 1984K, reserved 1114112K
[2026-09-29T22:29:10.663-0400][22.574s][info][gc,heap,exit]   class space    used 185K, committed 256K, reserved 1048576K
