[2026-09-29T22:28:48.101-0400][0.008s][info][gc] Using G1
[2026-09-29T22:28:48.104-0400][0.011s][info][gc,init] Version: 17.0.18+8-LTS (release)
[2026-09-29T22:28:48.104-0400][0.011s][info][gc,init] CPUs: 8 total, 8 available
[2026-09-29T22:28:48.104-0400][0.011s][info][gc,init] Memory: 15788M
[2026-09-29T22:28:48.104-0400][0.011s][info][gc,init] Large Page Support: Disabled
[2026-09-29T22:28:48.104-0400][0.011s][info][gc,init] NUMA Support: Disabled
[2026-09-29T22:28:48.104-0400][0.011s][info][gc,init] Compressed Oops: Enabled (Zero based)
[2026-09-29T22:28:48.104-0400][0.011s][info][gc,init] Heap Region Size: 8M
[2026-09-29T22:28:48.104-0400][0.011s][info][gc,init] Heap Min Capacity: 8M
[2026-09-29T22:28:48.104-0400][0.011s][info][gc,init] Heap Initial Capacity: 248M
[2026-09-29T22:28:48.104-0400][0.011s][info][gc,init] Heap Max Capacity: 9552M
[2026-09-29T22:28:48.104-0400][0.011s][info][gc,init] Pre-touch: Disabled
[2026-09-29T22:28:48.104-0400][0.011s][info][gc,init] Parallel Workers: 8
[2026-09-29T22:28:48.104-0400][0.011s][info][gc,init] Concurrent Workers: 2
[2026-09-29T22:28:48.104-0400][0.011s][info][gc,init] Concurrent Refinement Workers: 8
[2026-09-29T22:28:48.104-0400][0.011s][info][gc,init] Periodic GC: Enabled
[2026-09-29T22:28:48.104-0400][0.011s][info][gc,init] Periodic GC Interval: 10000ms
[2026-09-29T22:28:48.104-0400][0.011s][info][gc,init] G1 Time-Based Heap Sizing enabled (uncommit-only): evaluation_interval=60000ms, uncommit_delay=300000ms, min_regions_to_uncommit=10
[2026-09-29T22:28:48.118-0400][0.024s][info][gc,metaspace] CDS archive(s) mapped at: [0x00007a0ccb000000-0x00007a0ccbbc7000-0x00007a0ccbbc7000), size 12349440, SharedBaseAddress: 0x00007a0ccb000000, ArchiveRelocationMode: 1.
[2026-09-29T22:28:48.118-0400][0.024s][info][gc,metaspace] Compressed class space mapped at: 0x00007a0ccc000000-0x00007a0d0c000000, reserved size: 1073741824
[2026-09-29T22:28:48.118-0400][0.024s][info][gc,metaspace] Narrow klass base: 0x00007a0ccb000000, Narrow klass shift: 0, Narrow klass range: 0x100000000
[2026-09-29T22:28:48.904-0400][0.811s][info][safepoint   ] Safepoint "ClassLoaderStatsOperation", Time since last: 779470998 ns, Reaching safepoint: 99951 ns, Cleanup: 95733 ns, At safepoint: 359351 ns, Total: 555035 ns
[2026-09-29T22:28:49.283-0400][1.190s][info][gc,start    ] GC(0) Pause Young (Normal) (G1 Evacuation Pause)
[2026-09-29T22:28:49.288-0400][1.194s][info][gc,task     ] GC(0) Using 6 workers of 8 for evacuation
[2026-09-29T22:28:49.293-0400][1.200s][info][gc,phases   ] GC(0)   Pre Evacuate Collection Set: 0.33ms
[2026-09-29T22:28:49.293-0400][1.200s][info][gc,phases   ] GC(0)   Merge Heap Roots: 0.34ms
[2026-09-29T22:28:49.293-0400][1.200s][info][gc,phases   ] GC(0)   Evacuate Collection Set: 3.71ms
[2026-09-29T22:28:49.293-0400][1.200s][info][gc,phases   ] GC(0)   Post Evacuate Collection Set: 1.11ms
[2026-09-29T22:28:49.293-0400][1.200s][info][gc,phases   ] GC(0)   Other: 4.49ms
[2026-09-29T22:28:49.293-0400][1.200s][info][gc,heap     ] GC(0) Eden regions: 2->0(3)
[2026-09-29T22:28:49.293-0400][1.200s][info][gc,heap     ] GC(0) Survivor regions: 0->1(1)
[2026-09-29T22:28:49.293-0400][1.200s][info][gc,heap     ] GC(0) Old regions: 0->0
[2026-09-29T22:28:49.293-0400][1.200s][info][gc,heap     ] GC(0) Archive regions: 2->2
[2026-09-29T22:28:49.293-0400][1.200s][info][gc,heap     ] GC(0) Humongous regions: 0->0
[2026-09-29T22:28:49.293-0400][1.200s][info][gc,metaspace] GC(0) Metaspace: 5907K(6080K)->5907K(6080K) NonClass: 5294K(5376K)->5294K(5376K) Class: 613K(704K)->613K(704K)
[2026-09-29T22:28:49.293-0400][1.200s][info][gc          ] GC(0) Pause Young (Normal) (G1 Evacuation Pause) 23M->10M(264M) 10.101ms
[2026-09-29T22:28:49.293-0400][1.200s][info][gc,cpu      ] GC(0) User=0.01s Sys=0.01s Real=0.01s
[2026-09-29T22:28:49.293-0400][1.200s][info][safepoint   ] Safepoint "G1CollectForAllocation", Time since last: 378804595 ns, Reaching safepoint: 5668 ns, Cleanup: 270357 ns, At safepoint: 10237549 ns, Total: 10513574 ns
[2026-09-29T22:28:49.564-0400][1.470s][info][gc,start    ] GC(1) Pause Young (Normal) (G1 Evacuation Pause)
[2026-09-29T22:28:49.564-0400][1.470s][info][gc,task     ] GC(1) Using 6 workers of 8 for evacuation
[2026-09-29T22:28:49.567-0400][1.473s][info][gc,phases   ] GC(1)   Pre Evacuate Collection Set: 0.16ms
[2026-09-29T22:28:49.567-0400][1.473s][info][gc,phases   ] GC(1)   Merge Heap Roots: 0.13ms
[2026-09-29T22:28:49.567-0400][1.473s][info][gc,phases   ] GC(1)   Evacuate Collection Set: 2.04ms
[2026-09-29T22:28:49.567-0400][1.473s][info][gc,phases   ] GC(1)   Post Evacuate Collection Set: 0.68ms
[2026-09-29T22:28:49.567-0400][1.473s][info][gc,phases   ] GC(1)   Other: 0.12ms
[2026-09-29T22:28:49.567-0400][1.473s][info][gc,heap     ] GC(1) Eden regions: 3->0(16)
[2026-09-29T22:28:49.567-0400][1.473s][info][gc,heap     ] GC(1) Survivor regions: 1->1(1)
[2026-09-29T22:28:49.567-0400][1.473s][info][gc,heap     ] GC(1) Old regions: 0->0
[2026-09-29T22:28:49.567-0400][1.473s][info][gc,heap     ] GC(1) Archive regions: 2->2
[2026-09-29T22:28:49.567-0400][1.473s][info][gc,heap     ] GC(1) Humongous regions: 0->0
[2026-09-29T22:28:49.567-0400][1.473s][info][gc,metaspace] GC(1) Metaspace: 8061K(8320K)->8061K(8320K) NonClass: 7180K(7296K)->7180K(7296K) Class: 880K(1024K)->880K(1024K)
[2026-09-29T22:28:49.567-0400][1.473s][info][gc          ] GC(1) Pause Young (Normal) (G1 Evacuation Pause) 34M->11M(264M) 3.190ms
[2026-09-29T22:28:49.567-0400][1.473s][info][gc,cpu      ] GC(1) User=0.01s Sys=0.01s Real=0.00s
[2026-09-29T22:28:49.567-0400][1.473s][info][safepoint   ] Safepoint "G1CollectForAllocation", Time since last: 270023456 ns, Reaching safepoint: 11552 ns, Cleanup: 63703 ns, At safepoint: 3261116 ns, Total: 3336371 ns
[2026-09-29T22:28:49.886-0400][1.792s][info][safepoint   ] Safepoint "ICBufferFull", Time since last: 318460600 ns, Reaching safepoint: 102021 ns, Cleanup: 144386 ns, At safepoint: 26636 ns, Total: 273043 ns
[2026-09-29T22:28:50.101-0400][2.008s][info][safepoint   ] Safepoint "ICBufferFull", Time since last: 215217166 ns, Reaching safepoint: 113834 ns, Cleanup: 98137 ns, At safepoint: 74157 ns, Total: 286128 ns
[2026-09-29T22:28:50.359-0400][2.266s][info][safepoint   ] Safepoint "ICBufferFull", Time since last: 258006784 ns, Reaching safepoint: 7236 ns, Cleanup: 150676 ns, At safepoint: 34769 ns, Total: 192681 ns
[2026-09-29T22:28:50.359-0400][2.266s][info][safepoint   ] Safepoint "ICBufferFull", Time since last: 180552 ns, Reaching safepoint: 5697 ns, Cleanup: 3025 ns, At safepoint: 27997 ns, Total: 36719 ns
[2026-09-29T22:28:50.551-0400][2.458s][info][gc,start    ] GC(2) Pause Young (Normal) (G1 Evacuation Pause)
[2026-09-29T22:28:50.551-0400][2.458s][info][gc,task     ] GC(2) Using 6 workers of 8 for evacuation
[2026-09-29T22:28:50.560-0400][2.466s][info][gc,phases   ] GC(2)   Pre Evacuate Collection Set: 0.19ms
[2026-09-29T22:28:50.560-0400][2.466s][info][gc,phases   ] GC(2)   Merge Heap Roots: 0.13ms
[2026-09-29T22:28:50.560-0400][2.466s][info][gc,phases   ] GC(2)   Evacuate Collection Set: 6.04ms
[2026-09-29T22:28:50.560-0400][2.466s][info][gc,phases   ] GC(2)   Post Evacuate Collection Set: 1.76ms
[2026-09-29T22:28:50.560-0400][2.466s][info][gc,phases   ] GC(2)   Other: 0.13ms
[2026-09-29T22:28:50.560-0400][2.466s][info][gc,heap     ] GC(2) Eden regions: 16->0(16)
[2026-09-29T22:28:50.560-0400][2.466s][info][gc,heap     ] GC(2) Survivor regions: 1->2(3)
[2026-09-29T22:28:50.560-0400][2.466s][info][gc,heap     ] GC(2) Old regions: 0->0
[2026-09-29T22:28:50.560-0400][2.466s][info][gc,heap     ] GC(2) Archive regions: 2->2
[2026-09-29T22:28:50.560-0400][2.466s][info][gc,heap     ] GC(2) Humongous regions: 0->0
[2026-09-29T22:28:50.560-0400][2.466s][info][gc,metaspace] GC(2) Metaspace: 15891K(16256K)->15891K(16256K) NonClass: 14213K(14464K)->14213K(14464K) Class: 1678K(1792K)->1678K(1792K)
[2026-09-29T22:28:50.560-0400][2.466s][info][gc          ] GC(2) Pause Young (Normal) (G1 Evacuation Pause) 139M->19M(264M) 8.316ms
[2026-09-29T22:28:50.560-0400][2.466s][info][gc,cpu      ] GC(2) User=0.03s Sys=0.01s Real=0.01s
[2026-09-29T22:28:50.560-0400][2.466s][info][safepoint   ] Safepoint "G1CollectForAllocation", Time since last: 191848262 ns, Reaching safepoint: 7064 ns, Cleanup: 83543 ns, At safepoint: 8418688 ns, Total: 8509295 ns
[2026-09-29T22:28:50.922-0400][2.829s][info][safepoint   ] Safepoint "ICBufferFull", Time since last: 362331144 ns, Reaching safepoint: 9155 ns, Cleanup: 137833 ns, At safepoint: 82389 ns, Total: 229377 ns
[2026-09-29T22:28:51.276-0400][3.183s][info][gc,start    ] GC(3) Pause Young (Normal) (G1 Evacuation Pause)
[2026-09-29T22:28:51.276-0400][3.183s][info][gc,task     ] GC(3) Using 6 workers of 8 for evacuation
[2026-09-29T22:28:51.296-0400][3.202s][info][gc,phases   ] GC(3)   Pre Evacuate Collection Set: 0.12ms
[2026-09-29T22:28:51.296-0400][3.202s][info][gc,phases   ] GC(3)   Merge Heap Roots: 0.11ms
[2026-09-29T22:28:51.296-0400][3.202s][info][gc,phases   ] GC(3)   Evacuate Collection Set: 17.82ms
[2026-09-29T22:28:51.296-0400][3.202s][info][gc,phases   ] GC(3)   Post Evacuate Collection Set: 1.67ms
[2026-09-29T22:28:51.296-0400][3.202s][info][gc,phases   ] GC(3)   Other: 0.15ms
[2026-09-29T22:28:51.296-0400][3.203s][info][gc,heap     ] GC(3) Eden regions: 16->0(15)
[2026-09-29T22:28:51.296-0400][3.203s][info][gc,heap     ] GC(3) Survivor regions: 2->3(3)
[2026-09-29T22:28:51.296-0400][3.203s][info][gc,heap     ] GC(3) Old regions: 0->0
[2026-09-29T22:28:51.296-0400][3.203s][info][gc,heap     ] GC(3) Archive regions: 2->2
[2026-09-29T22:28:51.296-0400][3.203s][info][gc,heap     ] GC(3) Humongous regions: 0->0
[2026-09-29T22:28:51.296-0400][3.203s][info][gc,metaspace] GC(3) Metaspace: 16470K(16832K)->16470K(16832K) NonClass: 14759K(14976K)->14759K(14976K) Class: 1711K(1856K)->1711K(1856K)
[2026-09-29T22:28:51.296-0400][3.203s][info][gc          ] GC(3) Pause Young (Normal) (G1 Evacuation Pause) 147M->27M(264M) 19.978ms
[2026-09-29T22:28:51.296-0400][3.203s][info][gc,cpu      ] GC(3) User=0.09s Sys=0.02s Real=0.02s
[2026-09-29T22:28:51.296-0400][3.203s][info][safepoint   ] Safepoint "G1CollectForAllocation", Time since last: 353542067 ns, Reaching safepoint: 9116 ns, Cleanup: 52394 ns, At safepoint: 20080273 ns, Total: 20141783 ns
[2026-09-29T22:28:52.053-0400][3.960s][info][safepoint   ] Safepoint "ICBufferFull", Time since last: 756941284 ns, Reaching safepoint: 125964 ns, Cleanup: 117208 ns, At safepoint: 38669 ns, Total: 281841 ns
[2026-09-29T22:28:52.192-0400][4.099s][info][safepoint   ] Safepoint "ICBufferFull", Time since last: 138543914 ns, Reaching safepoint: 13744 ns, Cleanup: 102167 ns, At safepoint: 32346 ns, Total: 148257 ns
[2026-09-29T22:28:52.240-0400][4.147s][info][gc,start    ] GC(4) Pause Young (Normal) (G1 Evacuation Pause)
[2026-09-29T22:28:52.240-0400][4.147s][info][gc,task     ] GC(4) Using 6 workers of 8 for evacuation
[2026-09-29T22:28:52.267-0400][4.174s][info][gc,phases   ] GC(4)   Pre Evacuate Collection Set: 0.10ms
[2026-09-29T22:28:52.267-0400][4.174s][info][gc,phases   ] GC(4)   Merge Heap Roots: 0.05ms
[2026-09-29T22:28:52.267-0400][4.174s][info][gc,phases   ] GC(4)   Evacuate Collection Set: 25.15ms
[2026-09-29T22:28:52.267-0400][4.174s][info][gc,phases   ] GC(4)   Post Evacuate Collection Set: 1.22ms
[2026-09-29T22:28:52.267-0400][4.174s][info][gc,phases   ] GC(4)   Other: 0.17ms
[2026-09-29T22:28:52.267-0400][4.174s][info][gc,heap     ] GC(4) Eden regions: 15->0(16)
[2026-09-29T22:28:52.267-0400][4.174s][info][gc,heap     ] GC(4) Survivor regions: 3->2(3)
[2026-09-29T22:28:52.267-0400][4.174s][info][gc,heap     ] GC(4) Old regions: 0->2
[2026-09-29T22:28:52.267-0400][4.174s][info][gc,heap     ] GC(4) Archive regions: 2->2
[2026-09-29T22:28:52.267-0400][4.174s][info][gc,heap     ] GC(4) Humongous regions: 0->0
[2026-09-29T22:28:52.267-0400][4.174s][info][gc,metaspace] GC(4) Metaspace: 16895K(17280K)->16895K(17280K) NonClass: 15177K(15424K)->15177K(15424K) Class: 1718K(1856K)->1718K(1856K)
[2026-09-29T22:28:52.267-0400][4.174s][info][gc          ] GC(4) Pause Young (Normal) (G1 Evacuation Pause) 147M->34M(264M) 26.742ms
[2026-09-29T22:28:52.267-0400][4.174s][info][gc,cpu      ] GC(4) User=0.10s Sys=0.03s Real=0.03s
[2026-09-29T22:28:52.267-0400][4.174s][info][safepoint   ] Safepoint "G1CollectForAllocation", Time since last: 48343214 ns, Reaching safepoint: 11900 ns, Cleanup: 46809 ns, At safepoint: 26951787 ns, Total: 27010496 ns
[2026-09-29T22:28:52.623-0400][4.530s][info][gc,start    ] GC(5) Pause Young (Normal) (G1 Evacuation Pause)
[2026-09-29T22:28:52.623-0400][4.530s][info][gc,task     ] GC(5) Using 6 workers of 8 for evacuation
[2026-09-29T22:28:52.633-0400][4.540s][info][gc,phases   ] GC(5)   Pre Evacuate Collection Set: 0.16ms
[2026-09-29T22:28:52.634-0400][4.540s][info][gc,phases   ] GC(5)   Merge Heap Roots: 0.20ms
[2026-09-29T22:28:52.634-0400][4.540s][info][gc,phases   ] GC(5)   Evacuate Collection Set: 8.59ms
[2026-09-29T22:28:52.634-0400][4.540s][info][gc,phases   ] GC(5)   Post Evacuate Collection Set: 0.98ms
[2026-09-29T22:28:52.634-0400][4.540s][info][gc,phases   ] GC(5)   Other: 0.15ms
[2026-09-29T22:28:52.634-0400][4.540s][info][gc,heap     ] GC(5) Eden regions: 16->0(16)
[2026-09-29T22:28:52.634-0400][4.540s][info][gc,heap     ] GC(5) Survivor regions: 2->2(3)
[2026-09-29T22:28:52.634-0400][4.540s][info][gc,heap     ] GC(5) Old regions: 2->3
[2026-09-29T22:28:52.634-0400][4.540s][info][gc,heap     ] GC(5) Archive regions: 2->2
[2026-09-29T22:28:52.634-0400][4.540s][info][gc,heap     ] GC(5) Humongous regions: 0->0
[2026-09-29T22:28:52.634-0400][4.540s][info][gc,metaspace] GC(5) Metaspace: 16971K(17280K)->16971K(17280K) NonClass: 15253K(15424K)->15253K(15424K) Class: 1718K(1856K)->1718K(1856K)
[2026-09-29T22:28:52.634-0400][4.540s][info][gc          ] GC(5) Pause Young (Normal) (G1 Evacuation Pause) 162M->35M(264M) 10.167ms
[2026-09-29T22:28:52.634-0400][4.540s][info][gc,cpu      ] GC(5) User=0.05s Sys=0.02s Real=0.01s
[2026-09-29T22:28:52.634-0400][4.540s][info][safepoint   ] Safepoint "G1CollectForAllocation", Time since last: 355950210 ns, Reaching safepoint: 13672 ns, Cleanup: 102881 ns, At safepoint: 10262819 ns, Total: 10379372 ns
[2026-09-29T22:28:53.006-0400][4.913s][info][gc,start    ] GC(6) Pause Young (Normal) (G1 Evacuation Pause)
[2026-09-29T22:28:53.006-0400][4.913s][info][gc,task     ] GC(6) Using 6 workers of 8 for evacuation
[2026-09-29T22:28:53.014-0400][4.921s][info][gc,phases   ] GC(6)   Pre Evacuate Collection Set: 0.17ms
[2026-09-29T22:28:53.014-0400][4.921s][info][gc,phases   ] GC(6)   Merge Heap Roots: 0.11ms
[2026-09-29T22:28:53.014-0400][4.921s][info][gc,phases   ] GC(6)   Evacuate Collection Set: 6.58ms
[2026-09-29T22:28:53.014-0400][4.921s][info][gc,phases   ] GC(6)   Post Evacuate Collection Set: 0.94ms
[2026-09-29T22:28:53.014-0400][4.921s][info][gc,phases   ] GC(6)   Other: 0.18ms
[2026-09-29T22:28:53.014-0400][4.921s][info][gc,heap     ] GC(6) Eden regions: 16->0(22)
[2026-09-29T22:28:53.014-0400][4.921s][info][gc,heap     ] GC(6) Survivor regions: 2->2(3)
[2026-09-29T22:28:53.014-0400][4.921s][info][gc,heap     ] GC(6) Old regions: 3->3
[2026-09-29T22:28:53.014-0400][4.921s][info][gc,heap     ] GC(6) Archive regions: 2->2
[2026-09-29T22:28:53.014-0400][4.921s][info][gc,heap     ] GC(6) Humongous regions: 0->0
[2026-09-29T22:28:53.014-0400][4.921s][info][gc,metaspace] GC(6) Metaspace: 16999K(17408K)->16999K(17408K) NonClass: 15280K(15552K)->15280K(15552K) Class: 1719K(1856K)->1719K(1856K)
[2026-09-29T22:28:53.014-0400][4.921s][info][gc          ] GC(6) Pause Young (Normal) (G1 Evacuation Pause) 163M->39M(320M) 8.044ms
[2026-09-29T22:28:53.014-0400][4.921s][info][gc,cpu      ] GC(6) User=0.05s Sys=0.00s Real=0.01s
[2026-09-29T22:28:53.014-0400][4.921s][info][safepoint   ] Safepoint "G1CollectForAllocation", Time since last: 372456302 ns, Reaching safepoint: 14455 ns, Cleanup: 52965 ns, At safepoint: 8176018 ns, Total: 8243438 ns
[2026-09-29T22:28:53.395-0400][5.301s][info][safepoint   ] Safepoint "ClassLoaderStatsOperation", Time since last: 379748386 ns, Reaching safepoint: 135402 ns, Cleanup: 51783 ns, At safepoint: 623570 ns, Total: 810755 ns
[2026-09-29T22:28:53.589-0400][5.496s][info][safepoint   ] Safepoint "ICBufferFull", Time since last: 194114286 ns, Reaching safepoint: 135191 ns, Cleanup: 161430 ns, At safepoint: 48701 ns, Total: 345322 ns
[2026-09-29T22:28:53.590-0400][5.497s][info][safepoint   ] Safepoint "ICBufferFull", Time since last: 983059 ns, Reaching safepoint: 9722 ns, Cleanup: 12758 ns, At safepoint: 39862 ns, Total: 62342 ns
[2026-09-29T22:28:53.822-0400][5.728s][info][gc,start    ] GC(7) Pause Young (Normal) (G1 Evacuation Pause)
[2026-09-29T22:28:53.822-0400][5.729s][info][gc,task     ] GC(7) Using 7 workers of 8 for evacuation
[2026-09-29T22:28:53.829-0400][5.736s][info][gc,phases   ] GC(7)   Pre Evacuate Collection Set: 0.21ms
[2026-09-29T22:28:53.830-0400][5.736s][info][gc,phases   ] GC(7)   Merge Heap Roots: 0.15ms
[2026-09-29T22:28:53.830-0400][5.736s][info][gc,phases   ] GC(7)   Evacuate Collection Set: 5.65ms
[2026-09-29T22:28:53.830-0400][5.736s][info][gc,phases   ] GC(7)   Post Evacuate Collection Set: 1.11ms
[2026-09-29T22:28:53.830-0400][5.736s][info][gc,phases   ] GC(7)   Other: 0.19ms
[2026-09-29T22:28:53.830-0400][5.736s][info][gc,heap     ] GC(7) Eden regions: 22->0(23)
[2026-09-29T22:28:53.830-0400][5.736s][info][gc,heap     ] GC(7) Survivor regions: 2->1(3)
[2026-09-29T22:28:53.830-0400][5.736s][info][gc,heap     ] GC(7) Old regions: 3->4
[2026-09-29T22:28:53.830-0400][5.736s][info][gc,heap     ] GC(7) Archive regions: 2->2
[2026-09-29T22:28:53.830-0400][5.736s][info][gc,heap     ] GC(7) Humongous regions: 0->0
[2026-09-29T22:28:53.830-0400][5.736s][info][gc,metaspace] GC(7) Metaspace: 17030K(17408K)->17030K(17408K) NonClass: 15310K(15552K)->15310K(15552K) Class: 1719K(1856K)->1719K(1856K)
[2026-09-29T22:28:53.830-0400][5.736s][info][gc          ] GC(7) Pause Young (Normal) (G1 Evacuation Pause) 215M->37M(320M) 7.800ms
[2026-09-29T22:28:53.830-0400][5.736s][info][gc,cpu      ] GC(7) User=0.04s Sys=0.01s Real=0.01s
[2026-09-29T22:28:53.830-0400][5.736s][info][safepoint   ] Safepoint "G1CollectForAllocation", Time since last: 231294834 ns, Reaching safepoint: 8928 ns, Cleanup: 128589 ns, At safepoint: 7984866 ns, Total: 8122383 ns
[2026-09-29T22:28:54.481-0400][6.387s][info][safepoint   ] Safepoint "ICBufferFull", Time since last: 650818842 ns, Reaching safepoint: 10061 ns, Cleanup: 139839 ns, At safepoint: 55129 ns, Total: 205029 ns
[2026-09-29T22:28:54.649-0400][6.556s][info][safepoint   ] Safepoint "ICBufferFull", Time since last: 168451974 ns, Reaching safepoint: 11323 ns, Cleanup: 133665 ns, At safepoint: 5119 ns, Total: 150107 ns
[2026-09-29T22:28:54.874-0400][6.781s][info][safepoint   ] Safepoint "ICBufferFull", Time since last: 224368272 ns, Reaching safepoint: 8670 ns, Cleanup: 145437 ns, At safepoint: 68455 ns, Total: 222562 ns
[2026-09-29T22:28:54.874-0400][6.781s][info][safepoint   ] Safepoint "ICBufferFull", Time since last: 186071 ns, Reaching safepoint: 114402 ns, Cleanup: 4550 ns, At safepoint: 69461 ns, Total: 188413 ns
[2026-09-29T22:28:54.992-0400][6.898s][info][gc,start    ] GC(8) Pause Young (Concurrent Start) (Metadata GC Threshold)
[2026-09-29T22:28:54.992-0400][6.898s][info][gc,task     ] GC(8) Using 7 workers of 8 for evacuation
[2026-09-29T22:28:55.001-0400][6.907s][info][gc,phases   ] GC(8)   Pre Evacuate Collection Set: 0.27ms
[2026-09-29T22:28:55.001-0400][6.907s][info][gc,phases   ] GC(8)   Merge Heap Roots: 0.23ms
[2026-09-29T22:28:55.001-0400][6.907s][info][gc,phases   ] GC(8)   Evacuate Collection Set: 7.54ms
[2026-09-29T22:28:55.001-0400][6.907s][info][gc,phases   ] GC(8)   Post Evacuate Collection Set: 1.06ms
[2026-09-29T22:28:55.001-0400][6.907s][info][gc,phases   ] GC(8)   Other: 0.24ms
[2026-09-29T22:28:55.001-0400][6.907s][info][gc,heap     ] GC(8) Eden regions: 13->0(22)
[2026-09-29T22:28:55.001-0400][6.907s][info][gc,heap     ] GC(8) Survivor regions: 1->2(3)
[2026-09-29T22:28:55.001-0400][6.907s][info][gc,heap     ] GC(8) Old regions: 4->4
[2026-09-29T22:28:55.001-0400][6.907s][info][gc,heap     ] GC(8) Archive regions: 2->2
[2026-09-29T22:28:55.001-0400][6.907s][info][gc,heap     ] GC(8) Humongous regions: 0->0
[2026-09-29T22:28:55.001-0400][6.907s][info][gc,metaspace] GC(8) Metaspace: 20972K(21504K)->20972K(21504K) NonClass: 18906K(19200K)->18906K(19200K) Class: 2065K(2304K)->2065K(2304K)
[2026-09-29T22:28:55.001-0400][6.908s][info][gc          ] GC(8) Pause Young (Concurrent Start) (Metadata GC Threshold) 140M->43M(320M) 9.438ms
[2026-09-29T22:28:55.001-0400][6.908s][info][gc,cpu      ] GC(8) User=0.04s Sys=0.01s Real=0.01s
[2026-09-29T22:28:55.001-0400][6.908s][info][gc          ] GC(9) Concurrent Mark Cycle
[2026-09-29T22:28:55.001-0400][6.908s][info][gc,marking  ] GC(9) Concurrent Clear Claimed Marks
[2026-09-29T22:28:55.001-0400][6.908s][info][gc,marking  ] GC(9) Concurrent Clear Claimed Marks 0.034ms
[2026-09-29T22:28:55.001-0400][6.908s][info][gc,marking  ] GC(9) Concurrent Scan Root Regions
[2026-09-29T22:28:55.001-0400][6.908s][info][safepoint   ] Safepoint "CollectForMetadataAllocation", Time since last: 116861880 ns, Reaching safepoint: 124993 ns, Cleanup: 65718 ns, At safepoint: 9741138 ns, Total: 9931849 ns
[2026-09-29T22:28:55.006-0400][6.913s][info][safepoint   ] Safepoint "CollectForMetadataAllocation", Time since last: 891847 ns, Reaching safepoint: 3772740 ns, Cleanup: 9580 ns, At safepoint: 142671 ns, Total: 3924991 ns
[2026-09-29T22:28:55.008-0400][6.914s][info][safepoint   ] Safepoint "CollectForMetadataAllocation", Time since last: 1583180 ns, Reaching safepoint: 134197 ns, Cleanup: 15522 ns, At safepoint: 139791 ns, Total: 289510 ns
[2026-09-29T22:28:55.009-0400][6.915s][info][gc,marking  ] GC(9) Concurrent Scan Root Regions 7.701ms
[2026-09-29T22:28:55.009-0400][6.915s][info][gc,marking  ] GC(9) Concurrent Mark
[2026-09-29T22:28:55.009-0400][6.915s][info][gc,marking  ] GC(9) Concurrent Mark From Roots
[2026-09-29T22:28:55.009-0400][6.915s][info][gc,task     ] GC(9) Using 2 workers of 2 for marking
[2026-09-29T22:28:55.042-0400][6.948s][info][safepoint   ] Safepoint "CollectForMetadataAllocation", Time since last: 33152267 ns, Reaching safepoint: 174827 ns, Cleanup: 88949 ns, At safepoint: 218837 ns, Total: 482613 ns
[2026-09-29T22:28:55.065-0400][6.971s][info][gc,marking  ] GC(9) Concurrent Mark From Roots 55.789ms
[2026-09-29T22:28:55.065-0400][6.971s][info][gc,marking  ] GC(9) Concurrent Preclean
[2026-09-29T22:28:55.065-0400][6.971s][info][gc,marking  ] GC(9) Concurrent Preclean 0.098ms
[2026-09-29T22:28:55.065-0400][6.972s][info][gc,start    ] GC(9) Pause Remark
[2026-09-29T22:28:55.070-0400][6.977s][info][gc,heap     ] GC(9) Heap shrink completed: uncommitted 20 regions (160MB), heap size now 160MB
[2026-09-29T22:28:55.070-0400][6.977s][info][gc          ] GC(9) Pause Remark 53M->53M(160M) 5.396ms
[2026-09-29T22:28:55.070-0400][6.977s][info][gc,cpu      ] GC(9) User=0.02s Sys=0.00s Real=0.01s
[2026-09-29T22:28:55.071-0400][6.977s][info][safepoint   ] Safepoint "G1PauseRemark", Time since last: 23272181 ns, Reaching safepoint: 123355 ns, Cleanup: 17491 ns, At safepoint: 5575936 ns, Total: 5716782 ns
[2026-09-29T22:28:55.071-0400][6.977s][info][gc,marking  ] GC(9) Concurrent Mark 61.920ms
[2026-09-29T22:28:55.071-0400][6.977s][info][gc,marking  ] GC(9) Concurrent Rebuild Remembered Sets
[2026-09-29T22:28:55.084-0400][6.991s][info][gc,marking  ] GC(9) Concurrent Rebuild Remembered Sets 13.167ms
[2026-09-29T22:28:55.084-0400][6.991s][info][gc,start    ] GC(9) Pause Cleanup
[2026-09-29T22:28:55.084-0400][6.991s][info][gc          ] GC(9) Pause Cleanup 54M->54M(160M) 0.218ms
[2026-09-29T22:28:55.084-0400][6.991s][info][gc,cpu      ] GC(9) User=0.00s Sys=0.00s Real=0.00s
[2026-09-29T22:28:55.085-0400][6.991s][info][safepoint   ] Safepoint "G1PauseCleanup", Time since last: 13530939 ns, Reaching safepoint: 145515 ns, Cleanup: 13604 ns, At safepoint: 377705 ns, Total: 536824 ns
[2026-09-29T22:28:55.085-0400][6.991s][info][gc,marking  ] GC(9) Concurrent Cleanup for Next Mark
[2026-09-29T22:28:55.087-0400][6.994s][info][gc,marking  ] GC(9) Concurrent Cleanup for Next Mark 2.674ms
[2026-09-29T22:28:55.087-0400][6.994s][info][gc          ] GC(9) Concurrent Mark Cycle 86.322ms
[2026-09-29T22:28:55.431-0400][7.338s][info][safepoint   ] Safepoint "ICBufferFull", Time since last: 346520578 ns, Reaching safepoint: 154374 ns, Cleanup: 136745 ns, At safepoint: 86962 ns, Total: 378081 ns
[2026-09-29T22:28:55.432-0400][7.339s][info][safepoint   ] Safepoint "ICBufferFull", Time since last: 404195 ns, Reaching safepoint: 213821 ns, Cleanup: 6274 ns, At safepoint: 25897 ns, Total: 245992 ns
[2026-09-29T22:28:56.486-0400][8.392s][info][safepoint   ] Safepoint "Cleanup", Time since last: 1053058558 ns, Reaching safepoint: 250265 ns, Cleanup: 61840 ns, At safepoint: 31293 ns, Total: 343398 ns
[2026-09-29T22:28:56.564-0400][8.470s][info][gc,start    ] GC(10) Pause Young (Prepare Mixed) (G1 Evacuation Pause)
[2026-09-29T22:28:56.564-0400][8.470s][info][gc,task     ] GC(10) Using 6 workers of 8 for evacuation
[2026-09-29T22:28:56.574-0400][8.480s][info][gc,phases   ] GC(10)   Pre Evacuate Collection Set: 0.32ms
[2026-09-29T22:28:56.574-0400][8.480s][info][gc,phases   ] GC(10)   Merge Heap Roots: 0.15ms
[2026-09-29T22:28:56.574-0400][8.480s][info][gc,phases   ] GC(10)   Evacuate Collection Set: 8.07ms
[2026-09-29T22:28:56.574-0400][8.480s][info][gc,phases   ] GC(10)   Post Evacuate Collection Set: 1.17ms
[2026-09-29T22:28:56.574-0400][8.480s][info][gc,phases   ] GC(10)   Other: 0.15ms
[2026-09-29T22:28:56.574-0400][8.480s][info][gc,heap     ] GC(10) Eden regions: 10->0(1)
[2026-09-29T22:28:56.574-0400][8.480s][info][gc,heap     ] GC(10) Survivor regions: 2->2(2)
[2026-09-29T22:28:56.574-0400][8.480s][info][gc,heap     ] GC(10) Old regions: 4->5
[2026-09-29T22:28:56.574-0400][8.480s][info][gc,heap     ] GC(10) Archive regions: 2->2
[2026-09-29T22:28:56.574-0400][8.480s][info][gc,heap     ] GC(10) Humongous regions: 0->0
[2026-09-29T22:28:56.574-0400][8.480s][info][gc,metaspace] GC(10) Metaspace: 29064K(30336K)->29064K(30336K) NonClass: 26109K(26880K)->26109K(26880K) Class: 2954K(3456K)->2954K(3456K)
[2026-09-29T22:28:56.574-0400][8.480s][info][gc          ] GC(10) Pause Young (Prepare Mixed) (G1 Evacuation Pause) 123M->49M(168M) 9.927ms
[2026-09-29T22:28:56.574-0400][8.480s][info][gc,cpu      ] GC(10) User=0.04s Sys=0.01s Real=0.01s
[2026-09-29T22:28:56.574-0400][8.480s][info][safepoint   ] Safepoint "G1CollectForAllocation", Time since last: 77948292 ns, Reaching safepoint: 127384 ns, Cleanup: 33093 ns, At safepoint: 10095543 ns, Total: 10256020 ns
[2026-09-29T22:28:56.706-0400][8.613s][info][gc,start    ] GC(11) Pause Young (Mixed) (G1 Evacuation Pause)
[2026-09-29T22:28:56.706-0400][8.613s][info][gc,task     ] GC(11) Using 6 workers of 8 for evacuation
[2026-09-29T22:28:56.716-0400][8.623s][info][gc,phases   ] GC(11)   Pre Evacuate Collection Set: 0.16ms
[2026-09-29T22:28:56.716-0400][8.623s][info][gc,phases   ] GC(11)   Merge Heap Roots: 0.12ms
[2026-09-29T22:28:56.716-0400][8.623s][info][gc,phases   ] GC(11)   Evacuate Collection Set: 8.75ms
[2026-09-29T22:28:56.716-0400][8.623s][info][gc,phases   ] GC(11)   Post Evacuate Collection Set: 1.00ms
[2026-09-29T22:28:56.716-0400][8.623s][info][gc,phases   ] GC(11)   Other: 0.17ms
[2026-09-29T22:28:56.716-0400][8.623s][info][gc,heap     ] GC(11) Eden regions: 1->0(7)
[2026-09-29T22:28:56.716-0400][8.623s][info][gc,heap     ] GC(11) Survivor regions: 2->1(1)
[2026-09-29T22:28:56.716-0400][8.623s][info][gc,heap     ] GC(11) Old regions: 5->6
[2026-09-29T22:28:56.716-0400][8.623s][info][gc,heap     ] GC(11) Archive regions: 2->2
[2026-09-29T22:28:56.717-0400][8.623s][info][gc,heap     ] GC(11) Humongous regions: 0->0
[2026-09-29T22:28:56.717-0400][8.623s][info][gc,metaspace] GC(11) Metaspace: 30428K(31808K)->30428K(31808K) NonClass: 27327K(28160K)->27327K(28160K) Class: 3101K(3648K)->3101K(3648K)
[2026-09-29T22:28:56.717-0400][8.623s][info][gc          ] GC(11) Pause Young (Mixed) (G1 Evacuation Pause) 57M->50M(168M) 10.261ms
[2026-09-29T22:28:56.717-0400][8.623s][info][gc,cpu      ] GC(11) User=0.05s Sys=0.00s Real=0.01s
[2026-09-29T22:28:56.717-0400][8.623s][info][safepoint   ] Safepoint "G1CollectForAllocation", Time since last: 132282817 ns, Reaching safepoint: 129915 ns, Cleanup: 57842 ns, At safepoint: 10442965 ns, Total: 10630722 ns
[2026-09-29T22:28:57.122-0400][9.029s][info][safepoint   ] Safepoint "ICBufferFull", Time since last: 405149714 ns, Reaching safepoint: 10181 ns, Cleanup: 151435 ns, At safepoint: 77627 ns, Total: 239243 ns
[2026-09-29T22:28:57.422-0400][9.329s][info][gc,start    ] GC(12) Pause Young (Concurrent Start) (Metadata GC Threshold)
[2026-09-29T22:28:57.422-0400][9.329s][info][gc,task     ] GC(12) Using 6 workers of 8 for evacuation
[2026-09-29T22:28:57.429-0400][9.335s][info][gc,phases   ] GC(12)   Pre Evacuate Collection Set: 0.17ms
[2026-09-29T22:28:57.429-0400][9.335s][info][gc,phases   ] GC(12)   Merge Heap Roots: 0.15ms
[2026-09-29T22:28:57.429-0400][9.335s][info][gc,phases   ] GC(12)   Evacuate Collection Set: 5.12ms
[2026-09-29T22:28:57.429-0400][9.335s][info][gc,phases   ] GC(12)   Post Evacuate Collection Set: 0.78ms
[2026-09-29T22:28:57.429-0400][9.335s][info][gc,phases   ] GC(12)   Other: 0.15ms
[2026-09-29T22:28:57.429-0400][9.335s][info][gc,heap     ] GC(12) Eden regions: 4->0(7)
[2026-09-29T22:28:57.429-0400][9.335s][info][gc,heap     ] GC(12) Survivor regions: 1->1(1)
[2026-09-29T22:28:57.429-0400][9.335s][info][gc,heap     ] GC(12) Old regions: 6->6
[2026-09-29T22:28:57.429-0400][9.335s][info][gc,heap     ] GC(12) Archive regions: 2->2
[2026-09-29T22:28:57.429-0400][9.335s][info][gc,heap     ] GC(12) Humongous regions: 0->0
[2026-09-29T22:28:57.429-0400][9.335s][info][gc,metaspace] GC(12) Metaspace: 35510K(36928K)->35510K(36928K) NonClass: 31833K(32704K)->31833K(32704K) Class: 3676K(4224K)->3676K(4224K)
[2026-09-29T22:28:57.429-0400][9.335s][info][gc          ] GC(12) Pause Young (Concurrent Start) (Metadata GC Threshold) 80M->52M(168M) 6.432ms
[2026-09-29T22:28:57.429-0400][9.335s][info][gc,cpu      ] GC(12) User=0.01s Sys=0.00s Real=0.01s
[2026-09-29T22:28:57.429-0400][9.335s][info][gc          ] GC(13) Concurrent Mark Cycle
[2026-09-29T22:28:57.429-0400][9.335s][info][gc,marking  ] GC(13) Concurrent Clear Claimed Marks
[2026-09-29T22:28:57.429-0400][9.335s][info][gc,marking  ] GC(13) Concurrent Clear Claimed Marks 0.063ms
[2026-09-29T22:28:57.429-0400][9.335s][info][gc,marking  ] GC(13) Concurrent Scan Root Regions
[2026-09-29T22:28:57.429-0400][9.335s][info][safepoint   ] Safepoint "CollectForMetadataAllocation", Time since last: 300020174 ns, Reaching safepoint: 9479 ns, Cleanup: 72651 ns, At safepoint: 6728245 ns, Total: 6810375 ns
[2026-09-29T22:28:57.432-0400][9.339s][info][gc,marking  ] GC(13) Concurrent Scan Root Regions 3.574ms
[2026-09-29T22:28:57.432-0400][9.339s][info][gc,marking  ] GC(13) Concurrent Mark
[2026-09-29T22:28:57.432-0400][9.339s][info][gc,marking  ] GC(13) Concurrent Mark From Roots
[2026-09-29T22:28:57.432-0400][9.339s][info][gc,task     ] GC(13) Using 2 workers of 2 for marking
[2026-09-29T22:28:57.452-0400][9.358s][info][safepoint   ] Safepoint "CollectForMetadataAllocation", Time since last: 22372728 ns, Reaching safepoint: 189030 ns, Cleanup: 24053 ns, At safepoint: 338623 ns, Total: 551706 ns
[2026-09-29T22:28:57.485-0400][9.392s][info][gc,marking  ] GC(13) Concurrent Mark From Roots 52.959ms
[2026-09-29T22:28:57.485-0400][9.392s][info][gc,marking  ] GC(13) Concurrent Preclean
[2026-09-29T22:28:57.486-0400][9.392s][info][gc,marking  ] GC(13) Concurrent Preclean 0.137ms
[2026-09-29T22:28:57.486-0400][9.393s][info][gc,start    ] GC(13) Pause Remark
[2026-09-29T22:28:57.491-0400][9.397s][info][gc,heap     ] GC(13) Heap shrink completed: uncommitted 1 regions (8MB), heap size now 160MB
[2026-09-29T22:28:57.491-0400][9.398s][info][gc          ] GC(13) Pause Remark 53M->53M(160M) 4.693ms
[2026-09-29T22:28:57.491-0400][9.398s][info][gc,cpu      ] GC(13) User=0.01s Sys=0.00s Real=0.01s
[2026-09-29T22:28:57.491-0400][9.398s][info][safepoint   ] Safepoint "G1PauseRemark", Time since last: 33877048 ns, Reaching safepoint: 334780 ns, Cleanup: 182408 ns, At safepoint: 4819783 ns, Total: 5336971 ns
[2026-09-29T22:28:57.491-0400][9.398s][info][gc,marking  ] GC(13) Concurrent Mark 58.687ms
[2026-09-29T22:28:57.491-0400][9.398s][info][gc,marking  ] GC(13) Concurrent Rebuild Remembered Sets
[2026-09-29T22:28:57.503-0400][9.410s][info][safepoint   ] Safepoint "CollectForMetadataAllocation", Time since last: 5243784 ns, Reaching safepoint: 759577 ns, Cleanup: 17477 ns, At safepoint: 6192015 ns, Total: 6969069 ns
[2026-09-29T22:28:57.521-0400][9.428s][info][gc,marking  ] GC(13) Concurrent Rebuild Remembered Sets 29.895ms
[2026-09-29T22:28:57.527-0400][9.433s][info][gc,start    ] GC(13) Pause Cleanup
[2026-09-29T22:28:57.527-0400][9.433s][info][gc          ] GC(13) Pause Cleanup 61M->61M(160M) 0.189ms
[2026-09-29T22:28:57.527-0400][9.433s][info][gc,cpu      ] GC(13) User=0.00s Sys=0.00s Real=0.00s
[2026-09-29T22:28:57.527-0400][9.433s][info][safepoint   ] Safepoint "G1PauseCleanup", Time since last: 17885865 ns, Reaching safepoint: 5393017 ns, Cleanup: 11014 ns, At safepoint: 271478 ns, Total: 5675509 ns
[2026-09-29T22:28:57.527-0400][9.434s][info][gc,marking  ] GC(13) Concurrent Cleanup for Next Mark
[2026-09-29T22:28:57.529-0400][9.436s][info][gc,marking  ] GC(13) Concurrent Cleanup for Next Mark 1.876ms
[2026-09-29T22:28:57.529-0400][9.436s][info][gc          ] GC(13) Concurrent Mark Cycle 100.634ms
[2026-09-29T22:28:58.038-0400][9.944s][info][safepoint   ] Safepoint "ICBufferFull", Time since last: 510806484 ns, Reaching safepoint: 12943 ns, Cleanup: 102127 ns, At safepoint: 3335 ns, Total: 118405 ns
[2026-09-29T22:28:58.361-0400][10.268s][info][safepoint   ] Safepoint "ClassLoaderStatsOperation", Time since last: 321567898 ns, Reaching safepoint: 14334 ns, Cleanup: 67230 ns, At safepoint: 2001301 ns, Total: 2082865 ns
[2026-09-29T22:28:58.885-0400][10.791s][info][gc,start    ] GC(14) Pause Young (Prepare Mixed) (G1 Evacuation Pause)
[2026-09-29T22:28:58.885-0400][10.791s][info][gc,task     ] GC(14) Using 6 workers of 8 for evacuation
[2026-09-29T22:28:58.893-0400][10.800s][info][gc,phases   ] GC(14)   Pre Evacuate Collection Set: 0.21ms
[2026-09-29T22:28:58.893-0400][10.800s][info][gc,phases   ] GC(14)   Merge Heap Roots: 0.22ms
[2026-09-29T22:28:58.894-0400][10.800s][info][gc,phases   ] GC(14)   Evacuate Collection Set: 6.03ms
[2026-09-29T22:28:58.894-0400][10.800s][info][gc,phases   ] GC(14)   Post Evacuate Collection Set: 2.05ms
[2026-09-29T22:28:58.894-0400][10.800s][info][gc,phases   ] GC(14)   Other: 0.22ms
[2026-09-29T22:28:58.894-0400][10.800s][info][gc,heap     ] GC(14) Eden regions: 7->0(1)
[2026-09-29T22:28:58.894-0400][10.800s][info][gc,heap     ] GC(14) Survivor regions: 1->1(1)
[2026-09-29T22:28:58.894-0400][10.800s][info][gc,heap     ] GC(14) Old regions: 6->7
[2026-09-29T22:28:58.894-0400][10.800s][info][gc,heap     ] GC(14) Archive regions: 2->2
[2026-09-29T22:28:58.894-0400][10.800s][info][gc,heap     ] GC(14) Humongous regions: 1->0
[2026-09-29T22:28:58.894-0400][10.800s][info][gc,metaspace] GC(14) Metaspace: 42528K(44224K)->42528K(44224K) NonClass: 38069K(39168K)->38069K(39168K) Class: 4458K(5056K)->4458K(5056K)
[2026-09-29T22:28:58.894-0400][10.800s][info][gc          ] GC(14) Pause Young (Prepare Mixed) (G1 Evacuation Pause) 116M->61M(160M) 8.815ms
[2026-09-29T22:28:58.894-0400][10.800s][info][gc,cpu      ] GC(14) User=0.05s Sys=0.01s Real=0.01s
[2026-09-29T22:28:58.894-0400][10.800s][info][safepoint   ] Safepoint "G1CollectForAllocation", Time since last: 523098886 ns, Reaching safepoint: 141747 ns, Cleanup: 101999 ns, At safepoint: 8997915 ns, Total: 9241661 ns
[2026-09-29T22:28:58.978-0400][10.885s][info][gc,start    ] GC(15) Pause Young (Mixed) (G1 Evacuation Pause)
[2026-09-29T22:28:58.978-0400][10.885s][info][gc,task     ] GC(15) Using 6 workers of 8 for evacuation
[2026-09-29T22:28:58.990-0400][10.897s][info][gc,phases   ] GC(15)   Pre Evacuate Collection Set: 0.79ms
[2026-09-29T22:28:58.990-0400][10.897s][info][gc,phases   ] GC(15)   Merge Heap Roots: 0.19ms
[2026-09-29T22:28:58.990-0400][10.897s][info][gc,phases   ] GC(15)   Evacuate Collection Set: 8.77ms
[2026-09-29T22:28:58.990-0400][10.897s][info][gc,phases   ] GC(15)   Post Evacuate Collection Set: 2.38ms
[2026-09-29T22:28:58.990-0400][10.897s][info][gc,phases   ] GC(15)   Other: 0.20ms
[2026-09-29T22:28:58.990-0400][10.897s][info][gc,heap     ] GC(15) Eden regions: 1->0(5)
[2026-09-29T22:28:58.990-0400][10.897s][info][gc,heap     ] GC(15) Survivor regions: 1->1(1)
[2026-09-29T22:28:58.990-0400][10.897s][info][gc,heap     ] GC(15) Old regions: 7->7
[2026-09-29T22:28:58.990-0400][10.897s][info][gc,heap     ] GC(15) Archive regions: 2->2
[2026-09-29T22:28:58.991-0400][10.897s][info][gc,heap     ] GC(15) Humongous regions: 0->0
[2026-09-29T22:28:58.991-0400][10.897s][info][gc,metaspace] GC(15) Metaspace: 43017K(44800K)->43017K(44800K) NonClass: 38497K(39616K)->38497K(39616K) Class: 4519K(5184K)->4519K(5184K)
[2026-09-29T22:28:58.991-0400][10.897s][info][gc          ] GC(15) Pause Young (Mixed) (G1 Evacuation Pause) 69M->62M(160M) 12.452ms
[2026-09-29T22:28:58.991-0400][10.897s][info][gc,cpu      ] GC(15) User=0.05s Sys=0.00s Real=0.02s
[2026-09-29T22:28:58.991-0400][10.897s][info][safepoint   ] Safepoint "G1CollectForAllocation", Time since last: 83879526 ns, Reaching safepoint: 414164 ns, Cleanup: 30597 ns, At safepoint: 12562495 ns, Total: 13007256 ns
[2026-09-29T22:28:59.456-0400][11.363s][info][safepoint   ] Safepoint "ICBufferFull", Time since last: 465261779 ns, Reaching safepoint: 14373 ns, Cleanup: 314793 ns, At safepoint: 44728 ns, Total: 373894 ns
[2026-09-29T22:28:59.660-0400][11.567s][info][gc,start    ] GC(16) Pause Young (Concurrent Start) (G1 Evacuation Pause)
[2026-09-29T22:28:59.660-0400][11.567s][info][gc,task     ] GC(16) Using 6 workers of 8 for evacuation
[2026-09-29T22:28:59.665-0400][11.572s][info][gc,phases   ] GC(16)   Pre Evacuate Collection Set: 0.27ms
[2026-09-29T22:28:59.665-0400][11.572s][info][gc,phases   ] GC(16)   Merge Heap Roots: 0.13ms
[2026-09-29T22:28:59.665-0400][11.572s][info][gc,phases   ] GC(16)   Evacuate Collection Set: 2.94ms
[2026-09-29T22:28:59.665-0400][11.572s][info][gc,phases   ] GC(16)   Post Evacuate Collection Set: 1.53ms
[2026-09-29T22:28:59.665-0400][11.572s][info][gc,phases   ] GC(16)   Other: 0.16ms
[2026-09-29T22:28:59.665-0400][11.572s][info][gc,heap     ] GC(16) Eden regions: 5->0(15)
[2026-09-29T22:28:59.665-0400][11.572s][info][gc,heap     ] GC(16) Survivor regions: 1->1(1)
[2026-09-29T22:28:59.665-0400][11.572s][info][gc,heap     ] GC(16) Old regions: 7->7
[2026-09-29T22:28:59.665-0400][11.572s][info][gc,heap     ] GC(16) Archive regions: 2->2
[2026-09-29T22:28:59.665-0400][11.572s][info][gc,heap     ] GC(16) Humongous regions: 0->0
[2026-09-29T22:28:59.665-0400][11.572s][info][gc,metaspace] GC(16) Metaspace: 50934K(52928K)->50934K(52928K) NonClass: 45341K(46592K)->45341K(46592K) Class: 5593K(6336K)->5593K(6336K)
[2026-09-29T22:28:59.665-0400][11.572s][info][gc          ] GC(16) Pause Young (Concurrent Start) (G1 Evacuation Pause) 102M->65M(264M) 5.097ms
[2026-09-29T22:28:59.665-0400][11.572s][info][gc,cpu      ] GC(16) User=0.02s Sys=0.01s Real=0.00s
[2026-09-29T22:28:59.665-0400][11.572s][info][safepoint   ] Safepoint "G1CollectForAllocation", Time since last: 203928745 ns, Reaching safepoint: 9262 ns, Cleanup: 58425 ns, At safepoint: 5243661 ns, Total: 5311348 ns
[2026-09-29T22:28:59.665-0400][11.572s][info][gc          ] GC(17) Concurrent Mark Cycle
[2026-09-29T22:28:59.666-0400][11.572s][info][gc,marking  ] GC(17) Concurrent Clear Claimed Marks
[2026-09-29T22:28:59.666-0400][11.572s][info][gc,marking  ] GC(17) Concurrent Clear Claimed Marks 0.091ms
[2026-09-29T22:28:59.666-0400][11.572s][info][gc,marking  ] GC(17) Concurrent Scan Root Regions
[2026-09-29T22:28:59.670-0400][11.576s][info][gc,marking  ] GC(17) Concurrent Scan Root Regions 4.311ms
[2026-09-29T22:28:59.670-0400][11.577s][info][gc,marking  ] GC(17) Concurrent Mark
[2026-09-29T22:28:59.670-0400][11.577s][info][gc,marking  ] GC(17) Concurrent Mark From Roots
[2026-09-29T22:28:59.670-0400][11.577s][info][gc,task     ] GC(17) Using 2 workers of 2 for marking
[2026-09-29T22:28:59.732-0400][11.638s][info][gc,marking  ] GC(17) Concurrent Mark From Roots 61.534ms
[2026-09-29T22:28:59.732-0400][11.638s][info][gc,marking  ] GC(17) Concurrent Preclean
[2026-09-29T22:28:59.732-0400][11.639s][info][gc,marking  ] GC(17) Concurrent Preclean 0.517ms
[2026-09-29T22:28:59.732-0400][11.639s][info][gc,start    ] GC(17) Pause Remark
[2026-09-29T22:28:59.740-0400][11.647s][info][gc,heap     ] GC(17) Heap shrink completed: uncommitted 11 regions (88MB), heap size now 176MB
[2026-09-29T22:28:59.740-0400][11.647s][info][gc          ] GC(17) Pause Remark 70M->70M(176M) 7.759ms
[2026-09-29T22:28:59.740-0400][11.647s][info][gc,cpu      ] GC(17) User=0.05s Sys=0.00s Real=0.01s
[2026-09-29T22:28:59.740-0400][11.647s][info][safepoint   ] Safepoint "G1PauseRemark", Time since last: 66746688 ns, Reaching safepoint: 124736 ns, Cleanup: 20546 ns, At safepoint: 7908787 ns, Total: 8054069 ns
[2026-09-29T22:28:59.740-0400][11.647s][info][gc,marking  ] GC(17) Concurrent Mark 70.401ms
[2026-09-29T22:28:59.740-0400][11.647s][info][gc,marking  ] GC(17) Concurrent Rebuild Remembered Sets
[2026-09-29T22:28:59.764-0400][11.671s][info][gc,marking  ] GC(17) Concurrent Rebuild Remembered Sets 23.567ms
[2026-09-29T22:28:59.764-0400][11.671s][info][gc,start    ] GC(17) Pause Cleanup
[2026-09-29T22:28:59.764-0400][11.671s][info][gc          ] GC(17) Pause Cleanup 71M->71M(176M) 0.172ms
[2026-09-29T22:28:59.764-0400][11.671s][info][gc,cpu      ] GC(17) User=0.00s Sys=0.00s Real=0.00s
[2026-09-29T22:28:59.764-0400][11.671s][info][safepoint   ] Safepoint "G1PauseCleanup", Time since last: 23810621 ns, Reaching safepoint: 103431 ns, Cleanup: 12289 ns, At safepoint: 264151 ns, Total: 379871 ns
[2026-09-29T22:28:59.765-0400][11.671s][info][gc,marking  ] GC(17) Concurrent Cleanup for Next Mark
[2026-09-29T22:28:59.765-0400][11.672s][info][gc,marking  ] GC(17) Concurrent Cleanup for Next Mark 0.425ms
[2026-09-29T22:28:59.765-0400][11.672s][info][gc          ] GC(17) Concurrent Mark Cycle 99.490ms
[2026-09-29T22:29:00.506-0400][12.413s][info][safepoint   ] Safepoint "ICBufferFull", Time since last: 741212204 ns, Reaching safepoint: 14482 ns, Cleanup: 177146 ns, At safepoint: 83498 ns, Total: 275126 ns
[2026-09-29T22:29:00.814-0400][12.720s][info][gc,start    ] GC(18) Pause Young (Normal) (G1 Evacuation Pause)
[2026-09-29T22:29:00.814-0400][12.720s][info][gc,task     ] GC(18) Using 6 workers of 8 for evacuation
[2026-09-29T22:29:00.831-0400][12.738s][info][gc,phases   ] GC(18)   Pre Evacuate Collection Set: 0.29ms
[2026-09-29T22:29:00.831-0400][12.738s][info][gc,phases   ] GC(18)   Merge Heap Roots: 0.20ms
[2026-09-29T22:29:00.831-0400][12.738s][info][gc,phases   ] GC(18)   Evacuate Collection Set: 11.67ms
[2026-09-29T22:29:00.831-0400][12.738s][info][gc,phases   ] GC(18)   Post Evacuate Collection Set: 5.42ms
[2026-09-29T22:29:00.831-0400][12.738s][info][gc,phases   ] GC(18)   Other: 0.20ms
[2026-09-29T22:29:00.831-0400][12.738s][info][gc,heap     ] GC(18) Eden regions: 12->0(7)
[2026-09-29T22:29:00.831-0400][12.738s][info][gc,heap     ] GC(18) Survivor regions: 1->2(2)
[2026-09-29T22:29:00.831-0400][12.738s][info][gc,heap     ] GC(18) Old regions: 7->7
[2026-09-29T22:29:00.831-0400][12.738s][info][gc,heap     ] GC(18) Archive regions: 2->2
[2026-09-29T22:29:00.831-0400][12.738s][info][gc,heap     ] GC(18) Humongous regions: 0->0
[2026-09-29T22:29:00.831-0400][12.738s][info][gc,metaspace] GC(18) Metaspace: 57960K(60160K)->57960K(60160K) NonClass: 51626K(52992K)->51626K(52992K) Class: 6333K(7168K)->6333K(7168K)
[2026-09-29T22:29:00.831-0400][12.738s][info][gc          ] GC(18) Pause Young (Normal) (G1 Evacuation Pause) 161M->75M(192M) 17.839ms
[2026-09-29T22:29:00.831-0400][12.738s][info][gc,cpu      ] GC(18) User=0.09s Sys=0.02s Real=0.02s
[2026-09-29T22:29:00.831-0400][12.738s][info][safepoint   ] Safepoint "G1CollectForAllocation", Time since last: 307480333 ns, Reaching safepoint: 16066 ns, Cleanup: 60291 ns, At safepoint: 17979825 ns, Total: 18056182 ns
[2026-09-29T22:29:01.098-0400][13.004s][info][gc,start    ] GC(19) Pause Young (Normal) (G1 Evacuation Pause)
[2026-09-29T22:29:01.098-0400][13.005s][info][gc,task     ] GC(19) Using 6 workers of 8 for evacuation
[2026-09-29T22:29:01.106-0400][13.012s][info][gc,phases   ] GC(19)   Pre Evacuate Collection Set: 0.23ms
[2026-09-29T22:29:01.106-0400][13.012s][info][gc,phases   ] GC(19)   Merge Heap Roots: 0.20ms
[2026-09-29T22:29:01.106-0400][13.012s][info][gc,phases   ] GC(19)   Evacuate Collection Set: 5.36ms
[2026-09-29T22:29:01.106-0400][13.012s][info][gc,phases   ] GC(19)   Post Evacuate Collection Set: 1.99ms
[2026-09-29T22:29:01.106-0400][13.012s][info][gc,phases   ] GC(19)   Other: 0.17ms
[2026-09-29T22:29:01.106-0400][13.012s][info][gc,heap     ] GC(19) Eden regions: 7->0(5)
[2026-09-29T22:29:01.106-0400][13.012s][info][gc,heap     ] GC(19) Survivor regions: 2->2(2)
[2026-09-29T22:29:01.106-0400][13.012s][info][gc,heap     ] GC(19) Old regions: 7->9
[2026-09-29T22:29:01.106-0400][13.012s][info][gc,heap     ] GC(19) Archive regions: 2->2
[2026-09-29T22:29:01.106-0400][13.012s][info][gc,heap     ] GC(19) Humongous regions: 0->0
[2026-09-29T22:29:01.106-0400][13.012s][info][gc,metaspace] GC(19) Metaspace: 58786K(61120K)->58786K(61120K) NonClass: 52351K(53824K)->52351K(53824K) Class: 6435K(7296K)->6435K(7296K)
[2026-09-29T22:29:01.106-0400][13.012s][info][gc          ] GC(19) Pause Young (Normal) (G1 Evacuation Pause) 131M->81M(192M) 8.021ms
[2026-09-29T22:29:01.106-0400][13.013s][info][gc,cpu      ] GC(19) User=0.05s Sys=0.00s Real=0.01s
[2026-09-29T22:29:01.106-0400][13.013s][info][safepoint   ] Safepoint "G1CollectForAllocation", Time since last: 266179153 ns, Reaching safepoint: 13643 ns, Cleanup: 157021 ns, At safepoint: 8189329 ns, Total: 8359993 ns
[2026-09-29T22:29:01.595-0400][13.501s][info][safepoint   ] Safepoint "ICBufferFull", Time since last: 488423988 ns, Reaching safepoint: 20191 ns, Cleanup: 177136 ns, At safepoint: 6891 ns, Total: 204218 ns
[2026-09-29T22:29:01.759-0400][13.666s][info][gc,start    ] GC(20) Pause Young (Concurrent Start) (G1 Evacuation Pause)
[2026-09-29T22:29:01.759-0400][13.666s][info][gc,task     ] GC(20) Using 6 workers of 8 for evacuation
[2026-09-29T22:29:01.765-0400][13.671s][info][gc,phases   ] GC(20)   Pre Evacuate Collection Set: 0.26ms
[2026-09-29T22:29:01.765-0400][13.671s][info][gc,phases   ] GC(20)   Merge Heap Roots: 0.13ms
[2026-09-29T22:29:01.765-0400][13.671s][info][gc,phases   ] GC(20)   Evacuate Collection Set: 3.60ms
[2026-09-29T22:29:01.765-0400][13.671s][info][gc,phases   ] GC(20)   Post Evacuate Collection Set: 1.23ms
[2026-09-29T22:29:01.765-0400][13.671s][info][gc,phases   ] GC(20)   Other: 0.16ms
[2026-09-29T22:29:01.765-0400][13.671s][info][gc,heap     ] GC(20) Eden regions: 5->0(6)
[2026-09-29T22:29:01.765-0400][13.671s][info][gc,heap     ] GC(20) Survivor regions: 2->1(1)
[2026-09-29T22:29:01.765-0400][13.671s][info][gc,heap     ] GC(20) Old regions: 9->9
[2026-09-29T22:29:01.765-0400][13.671s][info][gc,heap     ] GC(20) Archive regions: 2->2
[2026-09-29T22:29:01.765-0400][13.671s][info][gc,heap     ] GC(20) Humongous regions: 0->0
[2026-09-29T22:29:01.765-0400][13.671s][info][gc,metaspace] GC(20) Metaspace: 67665K(70080K)->67665K(70080K) NonClass: 60193K(61696K)->60193K(61696K) Class: 7472K(8384K)->7472K(8384K)
[2026-09-29T22:29:01.765-0400][13.671s][info][gc          ] GC(20) Pause Young (Concurrent Start) (G1 Evacuation Pause) 121M->80M(192M) 5.441ms
[2026-09-29T22:29:01.765-0400][13.671s][info][gc,cpu      ] GC(20) User=0.02s Sys=0.01s Real=0.00s
[2026-09-29T22:29:01.765-0400][13.671s][info][gc          ] GC(21) Concurrent Mark Cycle
[2026-09-29T22:29:01.765-0400][13.671s][info][gc,marking  ] GC(21) Concurrent Clear Claimed Marks
[2026-09-29T22:29:01.765-0400][13.672s][info][safepoint   ] Safepoint "G1CollectForAllocation", Time since last: 164601810 ns, Reaching safepoint: 15344 ns, Cleanup: 53339 ns, At safepoint: 5605518 ns, Total: 5674201 ns
[2026-09-29T22:29:01.765-0400][13.672s][info][gc,marking  ] GC(21) Concurrent Clear Claimed Marks 0.101ms
[2026-09-29T22:29:01.765-0400][13.672s][info][gc,marking  ] GC(21) Concurrent Scan Root Regions
[2026-09-29T22:29:01.769-0400][13.676s][info][gc,marking  ] GC(21) Concurrent Scan Root Regions 4.363ms
[2026-09-29T22:29:01.769-0400][13.676s][info][gc,marking  ] GC(21) Concurrent Mark
[2026-09-29T22:29:01.769-0400][13.676s][info][gc,marking  ] GC(21) Concurrent Mark From Roots
[2026-09-29T22:29:01.769-0400][13.676s][info][gc,task     ] GC(21) Using 2 workers of 2 for marking
[2026-09-29T22:29:01.826-0400][13.733s][info][gc,marking  ] GC(21) Concurrent Mark From Roots 56.760ms
[2026-09-29T22:29:01.826-0400][13.733s][info][gc,marking  ] GC(21) Concurrent Preclean
[2026-09-29T22:29:01.827-0400][13.733s][info][gc,marking  ] GC(21) Concurrent Preclean 0.360ms
[2026-09-29T22:29:01.827-0400][13.733s][info][gc,start    ] GC(21) Pause Remark
[2026-09-29T22:29:01.831-0400][13.738s][info][gc          ] GC(21) Pause Remark 83M->83M(192M) 4.445ms
[2026-09-29T22:29:01.831-0400][13.738s][info][gc,cpu      ] GC(21) User=0.03s Sys=0.00s Real=0.01s
[2026-09-29T22:29:01.831-0400][13.738s][info][safepoint   ] Safepoint "G1PauseRemark", Time since last: 61792241 ns, Reaching safepoint: 127754 ns, Cleanup: 17765 ns, At safepoint: 4604989 ns, Total: 4750508 ns
[2026-09-29T22:29:01.832-0400][13.738s][info][gc,marking  ] GC(21) Concurrent Mark 62.111ms
[2026-09-29T22:29:01.832-0400][13.738s][info][gc,marking  ] GC(21) Concurrent Rebuild Remembered Sets
[2026-09-29T22:29:01.856-0400][13.762s][info][gc,marking  ] GC(21) Concurrent Rebuild Remembered Sets 24.052ms
[2026-09-29T22:29:01.856-0400][13.763s][info][gc,start    ] GC(21) Pause Cleanup
[2026-09-29T22:29:01.856-0400][13.763s][info][gc          ] GC(21) Pause Cleanup 84M->84M(192M) 0.220ms
[2026-09-29T22:29:01.856-0400][13.763s][info][gc,cpu      ] GC(21) User=0.00s Sys=0.00s Real=0.00s
[2026-09-29T22:29:01.856-0400][13.763s][info][safepoint   ] Safepoint "G1PauseCleanup", Time since last: 24270848 ns, Reaching safepoint: 207100 ns, Cleanup: 112990 ns, At safepoint: 303558 ns, Total: 623648 ns
[2026-09-29T22:29:01.856-0400][13.763s][info][gc,marking  ] GC(21) Concurrent Cleanup for Next Mark
[2026-09-29T22:29:01.857-0400][13.764s][info][gc,marking  ] GC(21) Concurrent Cleanup for Next Mark 0.570ms
[2026-09-29T22:29:01.857-0400][13.764s][info][gc          ] GC(21) Concurrent Mark Cycle 92.123ms
[2026-09-29T22:29:02.156-0400][14.063s][info][gc,start    ] GC(22) Pause Young (Prepare Mixed) (G1 Evacuation Pause)
[2026-09-29T22:29:02.156-0400][14.063s][info][gc,task     ] GC(22) Using 6 workers of 8 for evacuation
[2026-09-29T22:29:02.162-0400][14.069s][info][gc,phases   ] GC(22)   Pre Evacuate Collection Set: 0.43ms
[2026-09-29T22:29:02.162-0400][14.069s][info][gc,phases   ] GC(22)   Merge Heap Roots: 0.12ms
[2026-09-29T22:29:02.162-0400][14.069s][info][gc,phases   ] GC(22)   Evacuate Collection Set: 3.87ms
[2026-09-29T22:29:02.162-0400][14.069s][info][gc,phases   ] GC(22)   Post Evacuate Collection Set: 1.18ms
[2026-09-29T22:29:02.162-0400][14.069s][info][gc,phases   ] GC(22)   Other: 0.18ms
[2026-09-29T22:29:02.162-0400][14.069s][info][gc,heap     ] GC(22) Eden regions: 6->0(1)
[2026-09-29T22:29:02.162-0400][14.069s][info][gc,heap     ] GC(22) Survivor regions: 1->1(1)
[2026-09-29T22:29:02.162-0400][14.069s][info][gc,heap     ] GC(22) Old regions: 9->9
[2026-09-29T22:29:02.162-0400][14.069s][info][gc,heap     ] GC(22) Archive regions: 2->2
[2026-09-29T22:29:02.162-0400][14.069s][info][gc,heap     ] GC(22) Humongous regions: 0->0
[2026-09-29T22:29:02.162-0400][14.069s][info][gc,metaspace] GC(22) Metaspace: 73634K(76032K)->73634K(76032K) NonClass: 65321K(66816K)->65321K(66816K) Class: 8312K(9216K)->8312K(9216K)
[2026-09-29T22:29:02.162-0400][14.069s][info][gc          ] GC(22) Pause Young (Prepare Mixed) (G1 Evacuation Pause) 128M->80M(192M) 5.860ms
[2026-09-29T22:29:02.162-0400][14.069s][info][gc,cpu      ] GC(22) User=0.03s Sys=0.00s Real=0.01s
[2026-09-29T22:29:02.162-0400][14.069s][info][safepoint   ] Safepoint "G1CollectForAllocation", Time since last: 299812967 ns, Reaching safepoint: 13127 ns, Cleanup: 71345 ns, At safepoint: 6001758 ns, Total: 6086230 ns
[2026-09-29T22:29:02.325-0400][14.231s][info][gc,start    ] GC(23) Pause Young (Mixed) (G1 Evacuation Pause)
[2026-09-29T22:29:02.325-0400][14.231s][info][gc,task     ] GC(23) Using 6 workers of 8 for evacuation
[2026-09-29T22:29:02.330-0400][14.236s][info][gc,phases   ] GC(23)   Pre Evacuate Collection Set: 0.23ms
[2026-09-29T22:29:02.330-0400][14.236s][info][gc,phases   ] GC(23)   Merge Heap Roots: 0.14ms
[2026-09-29T22:29:02.330-0400][14.236s][info][gc,phases   ] GC(23)   Evacuate Collection Set: 3.26ms
[2026-09-29T22:29:02.330-0400][14.236s][info][gc,phases   ] GC(23)   Post Evacuate Collection Set: 1.29ms
[2026-09-29T22:29:02.330-0400][14.236s][info][gc,phases   ] GC(23)   Other: 0.17ms
[2026-09-29T22:29:02.330-0400][14.236s][info][gc,heap     ] GC(23) Eden regions: 1->0(6)
[2026-09-29T22:29:02.330-0400][14.236s][info][gc,heap     ] GC(23) Survivor regions: 1->1(1)
[2026-09-29T22:29:02.330-0400][14.236s][info][gc,heap     ] GC(23) Old regions: 9->9
[2026-09-29T22:29:02.330-0400][14.236s][info][gc,heap     ] GC(23) Archive regions: 2->2
[2026-09-29T22:29:02.330-0400][14.236s][info][gc,heap     ] GC(23) Humongous regions: 0->0
[2026-09-29T22:29:02.330-0400][14.236s][info][gc,metaspace] GC(23) Metaspace: 76036K(78464K)->76036K(78464K) NonClass: 67433K(68992K)->67433K(68992K) Class: 8603K(9472K)->8603K(9472K)
[2026-09-29T22:29:02.330-0400][14.236s][info][gc          ] GC(23) Pause Young (Mixed) (G1 Evacuation Pause) 88M->78M(192M) 5.212ms
[2026-09-29T22:29:02.330-0400][14.236s][info][gc,cpu      ] GC(23) User=0.03s Sys=0.00s Real=0.01s
[2026-09-29T22:29:02.330-0400][14.237s][info][safepoint   ] Safepoint "G1CollectForAllocation", Time since last: 162152227 ns, Reaching safepoint: 13191 ns, Cleanup: 94002 ns, At safepoint: 5396039 ns, Total: 5503232 ns
[2026-09-29T22:29:02.566-0400][14.472s][info][gc,start    ] GC(24) Pause Young (Concurrent Start) (G1 Evacuation Pause)
[2026-09-29T22:29:02.566-0400][14.472s][info][gc,task     ] GC(24) Using 6 workers of 8 for evacuation
[2026-09-29T22:29:02.571-0400][14.478s][info][gc,phases   ] GC(24)   Pre Evacuate Collection Set: 0.33ms
[2026-09-29T22:29:02.571-0400][14.478s][info][gc,phases   ] GC(24)   Merge Heap Roots: 0.18ms
[2026-09-29T22:29:02.571-0400][14.478s][info][gc,phases   ] GC(24)   Evacuate Collection Set: 2.83ms
[2026-09-29T22:29:02.571-0400][14.478s][info][gc,phases   ] GC(24)   Post Evacuate Collection Set: 2.00ms
[2026-09-29T22:29:02.571-0400][14.478s][info][gc,phases   ] GC(24)   Other: 0.19ms
[2026-09-29T22:29:02.571-0400][14.478s][info][gc,heap     ] GC(24) Eden regions: 6->0(10)
[2026-09-29T22:29:02.571-0400][14.478s][info][gc,heap     ] GC(24) Survivor regions: 1->1(1)
[2026-09-29T22:29:02.571-0400][14.478s][info][gc,heap     ] GC(24) Old regions: 9->9
[2026-09-29T22:29:02.571-0400][14.478s][info][gc,heap     ] GC(24) Archive regions: 2->2
[2026-09-29T22:29:02.571-0400][14.478s][info][gc,heap     ] GC(24) Humongous regions: 0->0
[2026-09-29T22:29:02.571-0400][14.478s][info][gc,metaspace] GC(24) Metaspace: 76251K(78656K)->76251K(78656K) NonClass: 67614K(69120K)->67614K(69120K) Class: 8636K(9536K)->8636K(9536K)
[2026-09-29T22:29:02.571-0400][14.478s][info][gc          ] GC(24) Pause Young (Concurrent Start) (G1 Evacuation Pause) 126M->85M(232M) 5.580ms
[2026-09-29T22:29:02.571-0400][14.478s][info][gc,cpu      ] GC(24) User=0.02s Sys=0.00s Real=0.01s
[2026-09-29T22:29:02.571-0400][14.478s][info][safepoint   ] Safepoint "G1CollectForAllocation", Time since last: 235388671 ns, Reaching safepoint: 16407 ns, Cleanup: 142597 ns, At safepoint: 5746175 ns, Total: 5905179 ns
[2026-09-29T22:29:02.571-0400][14.478s][info][gc          ] GC(25) Concurrent Mark Cycle
[2026-09-29T22:29:02.571-0400][14.478s][info][gc,marking  ] GC(25) Concurrent Clear Claimed Marks
[2026-09-29T22:29:02.571-0400][14.478s][info][gc,marking  ] GC(25) Concurrent Clear Claimed Marks 0.107ms
[2026-09-29T22:29:02.571-0400][14.478s][info][gc,marking  ] GC(25) Concurrent Scan Root Regions
[2026-09-29T22:29:02.575-0400][14.481s][info][gc,marking  ] GC(25) Concurrent Scan Root Regions 3.178ms
[2026-09-29T22:29:02.575-0400][14.481s][info][gc,marking  ] GC(25) Concurrent Mark
[2026-09-29T22:29:02.575-0400][14.481s][info][gc,marking  ] GC(25) Concurrent Mark From Roots
[2026-09-29T22:29:02.575-0400][14.481s][info][gc,task     ] GC(25) Using 2 workers of 2 for marking
[2026-09-29T22:29:02.640-0400][14.547s][info][gc,marking  ] GC(25) Concurrent Mark From Roots 65.415ms
[2026-09-29T22:29:02.640-0400][14.547s][info][gc,marking  ] GC(25) Concurrent Preclean
[2026-09-29T22:29:02.641-0400][14.547s][info][gc,marking  ] GC(25) Concurrent Preclean 0.502ms
[2026-09-29T22:29:02.641-0400][14.547s][info][gc,start    ] GC(25) Pause Remark
[2026-09-29T22:29:02.646-0400][14.552s][info][gc,heap     ] GC(25) Heap shrink completed: uncommitted 1 regions (8MB), heap size now 224MB
[2026-09-29T22:29:02.646-0400][14.552s][info][gc          ] GC(25) Pause Remark 99M->99M(224M) 4.702ms
[2026-09-29T22:29:02.646-0400][14.552s][info][gc,cpu      ] GC(25) User=0.03s Sys=0.00s Real=0.00s
[2026-09-29T22:29:02.646-0400][14.552s][info][safepoint   ] Safepoint "G1PauseRemark", Time since last: 69489769 ns, Reaching safepoint: 134221 ns, Cleanup: 19780 ns, At safepoint: 4831882 ns, Total: 4985883 ns
[2026-09-29T22:29:02.646-0400][14.552s][info][gc,marking  ] GC(25) Concurrent Mark 71.182ms
[2026-09-29T22:29:02.646-0400][14.552s][info][gc,marking  ] GC(25) Concurrent Rebuild Remembered Sets
[2026-09-29T22:29:02.673-0400][14.580s][info][gc,marking  ] GC(25) Concurrent Rebuild Remembered Sets 27.445ms
[2026-09-29T22:29:02.674-0400][14.580s][info][gc,start    ] GC(25) Pause Cleanup
[2026-09-29T22:29:02.674-0400][14.580s][info][gc          ] GC(25) Pause Cleanup 103M->103M(224M) 0.191ms
[2026-09-29T22:29:02.674-0400][14.580s][info][gc,cpu      ] GC(25) User=0.00s Sys=0.00s Real=0.00s
[2026-09-29T22:29:02.674-0400][14.580s][info][safepoint   ] Safepoint "G1PauseCleanup", Time since last: 27668538 ns, Reaching safepoint: 117253 ns, Cleanup: 5141 ns, At safepoint: 287334 ns, Total: 409728 ns
[2026-09-29T22:29:02.674-0400][14.580s][info][gc,marking  ] GC(25) Concurrent Cleanup for Next Mark
[2026-09-29T22:29:02.674-0400][14.581s][info][gc,marking  ] GC(25) Concurrent Cleanup for Next Mark 0.497ms
[2026-09-29T22:29:02.674-0400][14.581s][info][gc          ] GC(25) Concurrent Mark Cycle 103.137ms
[2026-09-29T22:29:02.876-0400][14.783s][info][gc,start    ] GC(26) Pause Young (Normal) (G1 Evacuation Pause)
[2026-09-29T22:29:02.877-0400][14.783s][info][gc,task     ] GC(26) Using 6 workers of 8 for evacuation
[2026-09-29T22:29:02.885-0400][14.792s][info][gc,phases   ] GC(26)   Pre Evacuate Collection Set: 0.16ms
[2026-09-29T22:29:02.885-0400][14.792s][info][gc,phases   ] GC(26)   Merge Heap Roots: 0.17ms
[2026-09-29T22:29:02.885-0400][14.792s][info][gc,phases   ] GC(26)   Evacuate Collection Set: 4.24ms
[2026-09-29T22:29:02.885-0400][14.792s][info][gc,phases   ] GC(26)   Post Evacuate Collection Set: 4.04ms
[2026-09-29T22:29:02.885-0400][14.792s][info][gc,phases   ] GC(26)   Other: 0.25ms
[2026-09-29T22:29:02.885-0400][14.792s][info][gc,heap     ] GC(26) Eden regions: 10->0(7)
[2026-09-29T22:29:02.885-0400][14.792s][info][gc,heap     ] GC(26) Survivor regions: 1->2(2)
[2026-09-29T22:29:02.885-0400][14.792s][info][gc,heap     ] GC(26) Old regions: 9->10
[2026-09-29T22:29:02.885-0400][14.792s][info][gc,heap     ] GC(26) Archive regions: 2->2
[2026-09-29T22:29:02.885-0400][14.792s][info][gc,heap     ] GC(26) Humongous regions: 0->0
[2026-09-29T22:29:02.885-0400][14.792s][info][gc,metaspace] GC(26) Metaspace: 76261K(78656K)->76261K(78656K) NonClass: 67624K(69120K)->67624K(69120K) Class: 8636K(9536K)->8636K(9536K)
[2026-09-29T22:29:02.885-0400][14.792s][info][gc          ] GC(26) Pause Young (Normal) (G1 Evacuation Pause) 165M->95M(224M) 8.896ms
[2026-09-29T22:29:02.885-0400][14.792s][info][gc,cpu      ] GC(26) User=0.05s Sys=0.00s Real=0.01s
[2026-09-29T22:29:02.885-0400][14.792s][info][safepoint   ] Safepoint "G1CollectForAllocation", Time since last: 202517120 ns, Reaching safepoint: 24518 ns, Cleanup: 63823 ns, At safepoint: 9027699 ns, Total: 9116040 ns
[2026-09-29T22:29:03.179-0400][15.086s][info][gc,start    ] GC(27) Pause Young (Normal) (G1 Evacuation Pause)
[2026-09-29T22:29:03.179-0400][15.086s][info][gc,task     ] GC(27) Using 6 workers of 8 for evacuation
[2026-09-29T22:29:03.188-0400][15.094s][info][gc,phases   ] GC(27)   Pre Evacuate Collection Set: 0.09ms
[2026-09-29T22:29:03.188-0400][15.094s][info][gc,phases   ] GC(27)   Merge Heap Roots: 0.08ms
[2026-09-29T22:29:03.188-0400][15.094s][info][gc,phases   ] GC(27)   Evacuate Collection Set: 5.86ms
[2026-09-29T22:29:03.188-0400][15.094s][info][gc,phases   ] GC(27)   Post Evacuate Collection Set: 2.06ms
[2026-09-29T22:29:03.188-0400][15.094s][info][gc,phases   ] GC(27)   Other: 0.20ms
[2026-09-29T22:29:03.188-0400][15.094s][info][gc,heap     ] GC(27) Eden regions: 7->0(8)
[2026-09-29T22:29:03.188-0400][15.094s][info][gc,heap     ] GC(27) Survivor regions: 2->1(2)
[2026-09-29T22:29:03.188-0400][15.094s][info][gc,heap     ] GC(27) Old regions: 10->10
[2026-09-29T22:29:03.188-0400][15.094s][info][gc,heap     ] GC(27) Archive regions: 2->2
[2026-09-29T22:29:03.188-0400][15.094s][info][gc,heap     ] GC(27) Humongous regions: 0->0
[2026-09-29T22:29:03.188-0400][15.094s][info][gc,metaspace] GC(27) Metaspace: 77169K(79616K)->77169K(79616K) NonClass: 68372K(69888K)->68372K(69888K) Class: 8796K(9728K)->8796K(9728K)
[2026-09-29T22:29:03.188-0400][15.094s][info][gc          ] GC(27) Pause Young (Normal) (G1 Evacuation Pause) 151M->89M(224M) 8.389ms
[2026-09-29T22:29:03.188-0400][15.094s][info][gc,cpu      ] GC(27) User=0.03s Sys=0.00s Real=0.01s
[2026-09-29T22:29:03.188-0400][15.094s][info][safepoint   ] Safepoint "G1CollectForAllocation", Time since last: 293795909 ns, Reaching safepoint: 15760 ns, Cleanup: 54820 ns, At safepoint: 8567943 ns, Total: 8638523 ns
[2026-09-29T22:29:03.357-0400][15.264s][info][safepoint   ] Safepoint "ClassLoaderStatsOperation", Time since last: 166870498 ns, Reaching safepoint: 145049 ns, Cleanup: 35748 ns, At safepoint: 2456202 ns, Total: 2636999 ns
[2026-09-29T22:29:03.366-0400][15.272s][info][gc,start    ] GC(28) Pause Young (Normal) (G1 Evacuation Pause)
[2026-09-29T22:29:03.366-0400][15.272s][info][gc,task     ] GC(28) Using 6 workers of 8 for evacuation
[2026-09-29T22:29:03.370-0400][15.276s][info][gc,phases   ] GC(28)   Pre Evacuate Collection Set: 0.58ms
[2026-09-29T22:29:03.370-0400][15.276s][info][gc,phases   ] GC(28)   Merge Heap Roots: 0.09ms
[2026-09-29T22:29:03.370-0400][15.276s][info][gc,phases   ] GC(28)   Evacuate Collection Set: 2.19ms
[2026-09-29T22:29:03.370-0400][15.276s][info][gc,phases   ] GC(28)   Post Evacuate Collection Set: 0.80ms
[2026-09-29T22:29:03.370-0400][15.276s][info][gc,phases   ] GC(28)   Other: 0.17ms
[2026-09-29T22:29:03.370-0400][15.276s][info][gc,heap     ] GC(28) Eden regions: 8->0(9)
[2026-09-29T22:29:03.370-0400][15.276s][info][gc,heap     ] GC(28) Survivor regions: 1->1(2)
[2026-09-29T22:29:03.370-0400][15.276s][info][gc,heap     ] GC(28) Old regions: 10->10
[2026-09-29T22:29:03.370-0400][15.276s][info][gc,heap     ] GC(28) Archive regions: 2->2
[2026-09-29T22:29:03.370-0400][15.276s][info][gc,heap     ] GC(28) Humongous regions: 0->0
[2026-09-29T22:29:03.370-0400][15.276s][info][gc,metaspace] GC(28) Metaspace: 77315K(79744K)->77315K(79744K) NonClass: 68498K(70016K)->68498K(70016K) Class: 8817K(9728K)->8817K(9728K)
[2026-09-29T22:29:03.370-0400][15.276s][info][gc          ] GC(28) Pause Young (Normal) (G1 Evacuation Pause) 153M->85M(224M) 3.936ms
[2026-09-29T22:29:03.370-0400][15.276s][info][gc,cpu      ] GC(28) User=0.01s Sys=0.00s Real=0.01s
[2026-09-29T22:29:03.370-0400][15.276s][info][safepoint   ] Safepoint "G1CollectForAllocation", Time since last: 8392961 ns, Reaching safepoint: 14176 ns, Cleanup: 5359 ns, At safepoint: 4075140 ns, Total: 4094675 ns
[2026-09-29T22:29:03.763-0400][15.669s][info][gc,start    ] GC(29) Pause Young (Normal) (G1 Evacuation Pause)
[2026-09-29T22:29:03.763-0400][15.669s][info][gc,task     ] GC(29) Using 6 workers of 8 for evacuation
[2026-09-29T22:29:03.767-0400][15.674s][info][gc,phases   ] GC(29)   Pre Evacuate Collection Set: 0.18ms
[2026-09-29T22:29:03.767-0400][15.674s][info][gc,phases   ] GC(29)   Merge Heap Roots: 0.13ms
[2026-09-29T22:29:03.767-0400][15.674s][info][gc,phases   ] GC(29)   Evacuate Collection Set: 2.33ms
[2026-09-29T22:29:03.767-0400][15.674s][info][gc,phases   ] GC(29)   Post Evacuate Collection Set: 1.74ms
[2026-09-29T22:29:03.767-0400][15.674s][info][gc,phases   ] GC(29)   Other: 0.16ms
[2026-09-29T22:29:03.767-0400][15.674s][info][gc,heap     ] GC(29) Eden regions: 9->0(9)
[2026-09-29T22:29:03.767-0400][15.674s][info][gc,heap     ] GC(29) Survivor regions: 1->1(2)
[2026-09-29T22:29:03.767-0400][15.674s][info][gc,heap     ] GC(29) Old regions: 10->10
[2026-09-29T22:29:03.767-0400][15.674s][info][gc,heap     ] GC(29) Archive regions: 2->2
[2026-09-29T22:29:03.767-0400][15.674s][info][gc,heap     ] GC(29) Humongous regions: 0->0
[2026-09-29T22:29:03.767-0400][15.674s][info][gc,metaspace] GC(29) Metaspace: 78552K(80960K)->78552K(80960K) NonClass: 69601K(71104K)->69601K(71104K) Class: 8951K(9856K)->8951K(9856K)
[2026-09-29T22:29:03.767-0400][15.674s][info][gc          ] GC(29) Pause Young (Normal) (G1 Evacuation Pause) 157M->88M(224M) 4.802ms
[2026-09-29T22:29:03.767-0400][15.674s][info][gc,cpu      ] GC(29) User=0.04s Sys=0.00s Real=0.01s
[2026-09-29T22:29:03.767-0400][15.674s][info][safepoint   ] Safepoint "G1CollectForAllocation", Time since last: 392321601 ns, Reaching safepoint: 19005 ns, Cleanup: 282815 ns, At safepoint: 5017245 ns, Total: 5319065 ns
[2026-09-29T22:29:04.219-0400][16.126s][info][safepoint   ] Safepoint "ICBufferFull", Time since last: 451159092 ns, Reaching safepoint: 18258 ns, Cleanup: 291438 ns, At safepoint: 65881 ns, Total: 375577 ns
[2026-09-29T22:29:04.220-0400][16.126s][info][safepoint   ] Safepoint "ICBufferFull", Time since last: 510137 ns, Reaching safepoint: 120198 ns, Cleanup: 7549 ns, At safepoint: 57434 ns, Total: 185181 ns
[2026-09-29T22:29:04.360-0400][16.267s][info][gc,start    ] GC(30) Pause Young (Normal) (G1 Evacuation Pause)
[2026-09-29T22:29:04.360-0400][16.267s][info][gc,task     ] GC(30) Using 6 workers of 8 for evacuation
[2026-09-29T22:29:04.367-0400][16.274s][info][gc,phases   ] GC(30)   Pre Evacuate Collection Set: 0.20ms
[2026-09-29T22:29:04.367-0400][16.274s][info][gc,phases   ] GC(30)   Merge Heap Roots: 0.13ms
[2026-09-29T22:29:04.367-0400][16.274s][info][gc,phases   ] GC(30)   Evacuate Collection Set: 4.55ms
[2026-09-29T22:29:04.367-0400][16.274s][info][gc,phases   ] GC(30)   Post Evacuate Collection Set: 2.16ms
[2026-09-29T22:29:04.367-0400][16.274s][info][gc,phases   ] GC(30)   Other: 0.18ms
[2026-09-29T22:29:04.367-0400][16.274s][info][gc,heap     ] GC(30) Eden regions: 9->0(14)
[2026-09-29T22:29:04.367-0400][16.274s][info][gc,heap     ] GC(30) Survivor regions: 1->1(2)
[2026-09-29T22:29:04.367-0400][16.274s][info][gc,heap     ] GC(30) Old regions: 10->10
[2026-09-29T22:29:04.367-0400][16.274s][info][gc,heap     ] GC(30) Archive regions: 2->2
[2026-09-29T22:29:04.367-0400][16.274s][info][gc,heap     ] GC(30) Humongous regions: 0->0
[2026-09-29T22:29:04.367-0400][16.274s][info][gc,metaspace] GC(30) Metaspace: 83080K(85632K)->83080K(85632K) NonClass: 73473K(75008K)->73473K(75008K) Class: 9606K(10624K)->9606K(10624K)
[2026-09-29T22:29:04.367-0400][16.274s][info][gc          ] GC(30) Pause Young (Normal) (G1 Evacuation Pause) 160M->89M(272M) 7.278ms
[2026-09-29T22:29:04.367-0400][16.274s][info][gc,cpu      ] GC(30) User=0.04s Sys=0.00s Real=0.01s
[2026-09-29T22:29:04.368-0400][16.274s][info][safepoint   ] Safepoint "G1CollectForAllocation", Time since last: 140246248 ns, Reaching safepoint: 15414 ns, Cleanup: 83021 ns, At safepoint: 7565406 ns, Total: 7663841 ns
[2026-09-29T22:29:04.754-0400][16.660s][info][safepoint   ] Safepoint "ICBufferFull", Time since last: 385835045 ns, Reaching safepoint: 13214 ns, Cleanup: 109442 ns, At safepoint: 63919 ns, Total: 186575 ns
[2026-09-29T22:29:04.870-0400][16.776s][info][safepoint   ] Safepoint "ICBufferFull", Time since last: 115376476 ns, Reaching safepoint: 175007 ns, Cleanup: 234217 ns, At safepoint: 124210 ns, Total: 533434 ns
[2026-09-29T22:29:05.089-0400][16.995s][info][safepoint   ] Safepoint "ICBufferFull", Time since last: 218999042 ns, Reaching safepoint: 11205 ns, Cleanup: 112407 ns, At safepoint: 32484 ns, Total: 156096 ns
[2026-09-29T22:29:05.221-0400][17.128s][info][safepoint   ] Safepoint "ICBufferFull", Time since last: 132607793 ns, Reaching safepoint: 15528 ns, Cleanup: 110669 ns, At safepoint: 49150 ns, Total: 175347 ns
[2026-09-29T22:29:05.308-0400][17.215s][info][gc,start    ] GC(31) Pause Young (Normal) (G1 Evacuation Pause)
[2026-09-29T22:29:05.308-0400][17.215s][info][gc,task     ] GC(31) Using 6 workers of 8 for evacuation
[2026-09-29T22:29:05.314-0400][17.221s][info][gc,phases   ] GC(31)   Pre Evacuate Collection Set: 0.20ms
[2026-09-29T22:29:05.314-0400][17.221s][info][gc,phases   ] GC(31)   Merge Heap Roots: 0.16ms
[2026-09-29T22:29:05.314-0400][17.221s][info][gc,phases   ] GC(31)   Evacuate Collection Set: 3.80ms
[2026-09-29T22:29:05.314-0400][17.221s][info][gc,phases   ] GC(31)   Post Evacuate Collection Set: 1.70ms
[2026-09-29T22:29:05.314-0400][17.221s][info][gc,phases   ] GC(31)   Other: 0.21ms
[2026-09-29T22:29:05.314-0400][17.221s][info][gc,heap     ] GC(31) Eden regions: 14->0(14)
[2026-09-29T22:29:05.314-0400][17.221s][info][gc,heap     ] GC(31) Survivor regions: 1->1(2)
[2026-09-29T22:29:05.314-0400][17.221s][info][gc,heap     ] GC(31) Old regions: 10->10
[2026-09-29T22:29:05.314-0400][17.221s][info][gc,heap     ] GC(31) Archive regions: 2->2
[2026-09-29T22:29:05.314-0400][17.221s][info][gc,heap     ] GC(31) Humongous regions: 0->0
[2026-09-29T22:29:05.314-0400][17.221s][info][gc,metaspace] GC(31) Metaspace: 86379K(89152K)->86379K(89152K) NonClass: 76444K(78080K)->76444K(78080K) Class: 9935K(11072K)->9935K(11072K)
[2026-09-29T22:29:05.314-0400][17.221s][info][gc          ] GC(31) Pause Young (Normal) (G1 Evacuation Pause) 201M->90M(272M) 6.143ms
[2026-09-29T22:29:05.314-0400][17.221s][info][gc,cpu      ] GC(31) User=0.03s Sys=0.00s Real=0.00s
[2026-09-29T22:29:05.314-0400][17.221s][info][safepoint   ] Safepoint "G1CollectForAllocation", Time since last: 86628087 ns, Reaching safepoint: 15714 ns, Cleanup: 29144 ns, At safepoint: 6282830 ns, Total: 6327688 ns
[2026-09-29T22:29:06.026-0400][17.933s][info][safepoint   ] Safepoint "ICBufferFull", Time since last: 711007405 ns, Reaching safepoint: 10537 ns, Cleanup: 416152 ns, At safepoint: 55810 ns, Total: 482499 ns
[2026-09-29T22:29:07.092-0400][18.998s][info][safepoint   ] Safepoint "ICBufferFull", Time since last: 1065747199 ns, Reaching safepoint: 44120 ns, Cleanup: 84405 ns, At safepoint: 25756 ns, Total: 154281 ns
[2026-09-29T22:29:07.397-0400][19.304s][info][safepoint   ] Safepoint "ICBufferFull", Time since last: 305278264 ns, Reaching safepoint: 9987 ns, Cleanup: 129121 ns, At safepoint: 35322 ns, Total: 174430 ns
[2026-09-29T22:29:07.869-0400][19.776s][info][safepoint   ] Safepoint "ICBufferFull", Time since last: 471793157 ns, Reaching safepoint: 10831 ns, Cleanup: 151641 ns, At safepoint: 58492 ns, Total: 220964 ns
[2026-09-29T22:29:08.179-0400][20.086s][info][safepoint   ] Safepoint "ICBufferFull", Time since last: 309547184 ns, Reaching safepoint: 13610 ns, Cleanup: 147357 ns, At safepoint: 30972 ns, Total: 191939 ns
[2026-09-29T22:29:08.270-0400][20.177s][info][safepoint   ] Safepoint "ClassLoaderStatsOperation", Time since last: 86213986 ns, Reaching safepoint: 129728 ns, Cleanup: 58631 ns, At safepoint: 4926649 ns, Total: 5115008 ns
[2026-09-29T22:29:08.459-0400][20.365s][info][gc,start    ] GC(32) Pause Young (Normal) (G1 Evacuation Pause)
[2026-09-29T22:29:08.459-0400][20.365s][info][gc,task     ] GC(32) Using 6 workers of 8 for evacuation
[2026-09-29T22:29:08.469-0400][20.375s][info][gc,phases   ] GC(32)   Pre Evacuate Collection Set: 0.22ms
[2026-09-29T22:29:08.469-0400][20.375s][info][gc,phases   ] GC(32)   Merge Heap Roots: 0.27ms
[2026-09-29T22:29:08.469-0400][20.375s][info][gc,phases   ] GC(32)   Evacuate Collection Set: 6.64ms
[2026-09-29T22:29:08.469-0400][20.375s][info][gc,phases   ] GC(32)   Post Evacuate Collection Set: 2.71ms
[2026-09-29T22:29:08.469-0400][20.375s][info][gc,phases   ] GC(32)   Other: 0.18ms
[2026-09-29T22:29:08.469-0400][20.375s][info][gc,heap     ] GC(32) Eden regions: 14->0(11)
[2026-09-29T22:29:08.469-0400][20.375s][info][gc,heap     ] GC(32) Survivor regions: 1->2(2)
[2026-09-29T22:29:08.469-0400][20.375s][info][gc,heap     ] GC(32) Old regions: 10->11
[2026-09-29T22:29:08.469-0400][20.375s][info][gc,heap     ] GC(32) Archive regions: 2->2
[2026-09-29T22:29:08.469-0400][20.375s][info][gc,heap     ] GC(32) Humongous regions: 0->0
[2026-09-29T22:29:08.469-0400][20.375s][info][gc,metaspace] GC(32) Metaspace: 102900K(105728K)->102900K(105728K) NonClass: 91122K(92800K)->91122K(92800K) Class: 11778K(12928K)->11778K(12928K)
[2026-09-29T22:29:08.469-0400][20.375s][info][gc          ] GC(32) Pause Young (Normal) (G1 Evacuation Pause) 202M->102M(272M) 10.051ms
[2026-09-29T22:29:08.469-0400][20.375s][info][gc,cpu      ] GC(32) User=0.04s Sys=0.01s Real=0.02s
[2026-09-29T22:29:08.469-0400][20.375s][info][safepoint   ] Safepoint "G1CollectForAllocation", Time since last: 188214493 ns, Reaching safepoint: 15724 ns, Cleanup: 72682 ns, At safepoint: 10200489 ns, Total: 10288895 ns
[2026-09-29T22:29:08.709-0400][20.616s][info][safepoint   ] Safepoint "ICBufferFull", Time since last: 239861012 ns, Reaching safepoint: 130174 ns, Cleanup: 115973 ns, At safepoint: 29548 ns, Total: 275695 ns
[2026-09-29T22:29:08.767-0400][20.674s][info][safepoint   ] Safepoint "ICBufferFull", Time since last: 57759619 ns, Reaching safepoint: 16406 ns, Cleanup: 138006 ns, At safepoint: 50999 ns, Total: 205411 ns
[2026-09-29T22:29:09.726-0400][21.633s][info][gc,start    ] GC(33) Pause Young (Normal) (G1 Evacuation Pause)
[2026-09-29T22:29:09.726-0400][21.633s][info][gc,task     ] GC(33) Using 6 workers of 8 for evacuation
[2026-09-29T22:29:09.738-0400][21.644s][info][gc,phases   ] GC(33)   Pre Evacuate Collection Set: 0.18ms
[2026-09-29T22:29:09.738-0400][21.644s][info][gc,phases   ] GC(33)   Merge Heap Roots: 0.15ms
[2026-09-29T22:29:09.738-0400][21.644s][info][gc,phases   ] GC(33)   Evacuate Collection Set: 8.96ms
[2026-09-29T22:29:09.738-0400][21.644s][info][gc,phases   ] GC(33)   Post Evacuate Collection Set: 2.44ms
[2026-09-29T22:29:09.738-0400][21.644s][info][gc,phases   ] GC(33)   Other: 0.15ms
[2026-09-29T22:29:09.738-0400][21.644s][info][gc,heap     ] GC(33) Eden regions: 11->0(11)
[2026-09-29T22:29:09.738-0400][21.644s][info][gc,heap     ] GC(33) Survivor regions: 2->2(2)
[2026-09-29T22:29:09.738-0400][21.644s][info][gc,heap     ] GC(33) Old regions: 11->12
[2026-09-29T22:29:09.738-0400][21.644s][info][gc,heap     ] GC(33) Archive regions: 2->2
[2026-09-29T22:29:09.738-0400][21.644s][info][gc,heap     ] GC(33) Humongous regions: 0->0
[2026-09-29T22:29:09.738-0400][21.644s][info][gc,metaspace] GC(33) Metaspace: 111263K(114304K)->111263K(114304K) NonClass: 98140K(99968K)->98140K(99968K) Class: 13123K(14336K)->13123K(14336K)
[2026-09-29T22:29:09.738-0400][21.644s][info][gc          ] GC(33) Pause Young (Normal) (G1 Evacuation Pause) 190M->107M(272M) 11.958ms
[2026-09-29T22:29:09.738-0400][21.645s][info][gc,cpu      ] GC(33) User=0.06s Sys=0.00s Real=0.01s
[2026-09-29T22:29:09.738-0400][21.645s][info][safepoint   ] Safepoint "G1CollectForAllocation", Time since last: 958418459 ns, Reaching safepoint: 19169 ns, Cleanup: 493306 ns, At safepoint: 12068945 ns, Total: 12581420 ns
[2026-09-29T22:29:10.009-0400][21.915s][info][safepoint   ] Safepoint "ICBufferFull", Time since last: 270512874 ns, Reaching safepoint: 103860 ns, Cleanup: 142979 ns, At safepoint: 29219 ns, Total: 276058 ns
[2026-09-29T22:29:10.348-0400][22.255s][info][gc,start    ] GC(34) Pause Young (Normal) (G1 Evacuation Pause)
[2026-09-29T22:29:10.348-0400][22.255s][info][gc,task     ] GC(34) Using 6 workers of 8 for evacuation
[2026-09-29T22:29:10.354-0400][22.261s][info][gc,phases   ] GC(34)   Pre Evacuate Collection Set: 0.12ms
[2026-09-29T22:29:10.354-0400][22.261s][info][gc,phases   ] GC(34)   Merge Heap Roots: 0.18ms
[2026-09-29T22:29:10.354-0400][22.261s][info][gc,phases   ] GC(34)   Evacuate Collection Set: 4.13ms
[2026-09-29T22:29:10.354-0400][22.261s][info][gc,phases   ] GC(34)   Post Evacuate Collection Set: 1.58ms
[2026-09-29T22:29:10.354-0400][22.261s][info][gc,phases   ] GC(34)   Other: 0.18ms
[2026-09-29T22:29:10.354-0400][22.261s][info][gc,heap     ] GC(34) Eden regions: 11->0(12)
[2026-09-29T22:29:10.354-0400][22.261s][info][gc,heap     ] GC(34) Survivor regions: 2->1(2)
[2026-09-29T22:29:10.354-0400][22.261s][info][gc,heap     ] GC(34) Old regions: 12->12
[2026-09-29T22:29:10.354-0400][22.261s][info][gc,heap     ] GC(34) Archive regions: 2->2
[2026-09-29T22:29:10.354-0400][22.261s][info][gc,heap     ] GC(34) Humongous regions: 0->0
[2026-09-29T22:29:10.354-0400][22.261s][info][gc,metaspace] GC(34) Metaspace: 117200K(120192K)->117200K(120192K) NonClass: 103367K(105088K)->103367K(105088K) Class: 13833K(15104K)->13833K(15104K)
[2026-09-29T22:29:10.354-0400][22.261s][info][gc          ] GC(34) Pause Young (Normal) (G1 Evacuation Pause) 195M->105M(272M) 6.404ms
[2026-09-29T22:29:10.354-0400][22.261s][info][gc,cpu      ] GC(34) User=0.03s Sys=0.00s Real=0.00s
[2026-09-29T22:29:10.354-0400][22.261s][info][safepoint   ] Safepoint "G1CollectForAllocation", Time since last: 338771788 ns, Reaching safepoint: 14114 ns, Cleanup: 363787 ns, At safepoint: 6543695 ns, Total: 6921596 ns
[2026-09-29T22:29:11.203-0400][23.109s][info][safepoint   ] Safepoint "ICBufferFull", Time since last: 847618771 ns, Reaching safepoint: 11130 ns, Cleanup: 482374 ns, At safepoint: 11939 ns, Total: 505443 ns
[2026-09-29T22:29:12.115-0400][24.022s][info][gc,start    ] GC(35) Pause Young (Concurrent Start) (Metadata GC Threshold)
[2026-09-29T22:29:12.115-0400][24.022s][info][gc,task     ] GC(35) Using 6 workers of 8 for evacuation
[2026-09-29T22:29:12.129-0400][24.035s][info][gc,phases   ] GC(35)   Pre Evacuate Collection Set: 0.32ms
[2026-09-29T22:29:12.129-0400][24.036s][info][gc,phases   ] GC(35)   Merge Heap Roots: 0.14ms
[2026-09-29T22:29:12.129-0400][24.036s][info][gc,phases   ] GC(35)   Evacuate Collection Set: 10.45ms
[2026-09-29T22:29:12.129-0400][24.036s][info][gc,phases   ] GC(35)   Post Evacuate Collection Set: 2.69ms
[2026-09-29T22:29:12.129-0400][24.036s][info][gc,phases   ] GC(35)   Other: 0.23ms
[2026-09-29T22:29:12.129-0400][24.036s][info][gc,heap     ] GC(35) Eden regions: 12->0(11)
[2026-09-29T22:29:12.129-0400][24.036s][info][gc,heap     ] GC(35) Survivor regions: 1->2(2)
[2026-09-29T22:29:12.129-0400][24.036s][info][gc,heap     ] GC(35) Old regions: 12->12
[2026-09-29T22:29:12.129-0400][24.036s][info][gc,heap     ] GC(35) Archive regions: 2->2
[2026-09-29T22:29:12.129-0400][24.036s][info][gc,heap     ] GC(35) Humongous regions: 0->0
[2026-09-29T22:29:12.129-0400][24.036s][info][gc,metaspace] GC(35) Metaspace: 128036K(131136K)->128036K(131136K) NonClass: 113042K(114880K)->113042K(114880K) Class: 14993K(16256K)->14993K(16256K)
[2026-09-29T22:29:12.129-0400][24.036s][info][gc          ] GC(35) Pause Young (Concurrent Start) (Metadata GC Threshold) 194M->109M(272M) 13.890ms
[2026-09-29T22:29:12.129-0400][24.036s][info][gc,cpu      ] GC(35) User=0.06s Sys=0.00s Real=0.02s
[2026-09-29T22:29:12.129-0400][24.036s][info][gc          ] GC(36) Concurrent Mark Cycle
[2026-09-29T22:29:12.129-0400][24.036s][info][gc,marking  ] GC(36) Concurrent Clear Claimed Marks
[2026-09-29T22:29:12.129-0400][24.036s][info][gc,marking  ] GC(36) Concurrent Clear Claimed Marks 0.195ms
[2026-09-29T22:29:12.129-0400][24.036s][info][gc,marking  ] GC(36) Concurrent Scan Root Regions
[2026-09-29T22:29:12.129-0400][24.036s][info][safepoint   ] Safepoint "CollectForMetadataAllocation", Time since last: 912344946 ns, Reaching safepoint: 17987 ns, Cleanup: 128165 ns, At safepoint: 14382947 ns, Total: 14529099 ns
[2026-09-29T22:29:12.139-0400][24.045s][info][gc,marking  ] GC(36) Concurrent Scan Root Regions 9.200ms
[2026-09-29T22:29:12.139-0400][24.045s][info][gc,marking  ] GC(36) Concurrent Mark
[2026-09-29T22:29:12.139-0400][24.045s][info][gc,marking  ] GC(36) Concurrent Mark From Roots
[2026-09-29T22:29:12.139-0400][24.045s][info][gc,task     ] GC(36) Using 2 workers of 2 for marking
[2026-09-29T22:29:12.197-0400][24.104s][info][safepoint   ] Safepoint "CollectForMetadataAllocation", Time since last: 66926181 ns, Reaching safepoint: 122175 ns, Cleanup: 78248 ns, At safepoint: 408259 ns, Total: 608682 ns
[2026-09-29T22:29:12.223-0400][24.130s][info][gc,marking  ] GC(36) Concurrent Mark From Roots 84.429ms
[2026-09-29T22:29:12.223-0400][24.130s][info][gc,marking  ] GC(36) Concurrent Preclean
[2026-09-29T22:29:12.224-0400][24.130s][info][gc,marking  ] GC(36) Concurrent Preclean 0.600ms
[2026-09-29T22:29:12.224-0400][24.131s][info][gc,start    ] GC(36) Pause Remark
[2026-09-29T22:29:12.242-0400][24.149s][info][gc          ] GC(36) Pause Remark 115M->115M(272M) 18.102ms
[2026-09-29T22:29:12.242-0400][24.149s][info][gc,cpu      ] GC(36) User=0.11s Sys=0.01s Real=0.02s
[2026-09-29T22:29:12.242-0400][24.149s][info][safepoint   ] Safepoint "G1PauseRemark", Time since last: 26851115 ns, Reaching safepoint: 20138 ns, Cleanup: 35318 ns, At safepoint: 18359698 ns, Total: 18415154 ns
[2026-09-29T22:29:12.242-0400][24.149s][info][gc,marking  ] GC(36) Concurrent Mark 103.710ms
[2026-09-29T22:29:12.242-0400][24.149s][info][gc,marking  ] GC(36) Concurrent Rebuild Remembered Sets
[2026-09-29T22:29:12.358-0400][24.265s][info][safepoint   ] Safepoint "RedefineClasses", Time since last: 18523616 ns, Reaching safepoint: 11614454 ns, Cleanup: 30864 ns, At safepoint: 85611617 ns, Total: 97256935 ns
[2026-09-29T22:29:12.392-0400][24.299s][info][gc,marking  ] GC(36) Concurrent Rebuild Remembered Sets 149.837ms
[2026-09-29T22:29:12.408-0400][24.315s][info][gc,start    ] GC(36) Pause Cleanup
[2026-09-29T22:29:12.409-0400][24.315s][info][gc          ] GC(36) Pause Cleanup 118M->118M(272M) 0.412ms
[2026-09-29T22:29:12.409-0400][24.315s][info][gc,cpu      ] GC(36) User=0.00s Sys=0.00s Real=0.00s
[2026-09-29T22:29:12.409-0400][24.316s][info][safepoint   ] Safepoint "G1PauseCleanup", Time since last: 34437097 ns, Reaching safepoint: 15678720 ns, Cleanup: 34887 ns, At safepoint: 757280 ns, Total: 16470887 ns
[2026-09-29T22:29:12.410-0400][24.316s][info][gc,marking  ] GC(36) Concurrent Cleanup for Next Mark
[2026-09-29T22:29:12.412-0400][24.318s][info][gc,marking  ] GC(36) Concurrent Cleanup for Next Mark 2.103ms
[2026-09-29T22:29:12.412-0400][24.318s][info][gc          ] GC(36) Concurrent Mark Cycle 282.625ms
[2026-09-29T22:29:12.432-0400][24.339s][info][safepoint   ] Safepoint "JFRCheckpoint", Time since last: 16527844 ns, Reaching safepoint: 6670366 ns, Cleanup: 32906 ns, At safepoint: 153712 ns, Total: 6856984 ns
[2026-09-29T22:29:12.455-0400][24.362s][info][safepoint   ] Safepoint "JFROldObject", Time since last: 6836216 ns, Reaching safepoint: 15743006 ns, Cleanup: 108722 ns, At safepoint: 190026 ns, Total: 16041754 ns
[2026-09-29T22:29:12.523-0400][24.430s][info][safepoint   ] Safepoint "RedefineClasses", Time since last: 2307538 ns, Reaching safepoint: 16502377 ns, Cleanup: 13197 ns, At safepoint: 49158301 ns, Total: 65673875 ns
[2026-09-29T22:29:12.542-0400][24.449s][info][safepoint   ] Safepoint "ClassLoaderStatsOperation", Time since last: 4719063 ns, Reaching safepoint: 11017805 ns, Cleanup: 12925 ns, At safepoint: 3057539 ns, Total: 14088269 ns
[2026-09-29T22:29:13.242-0400][25.149s][info][safepoint   ] Safepoint "ClassLoaderStatsOperation", Time since last: 696199238 ns, Reaching safepoint: 23041 ns, Cleanup: 45043 ns, At safepoint: 4090386 ns, Total: 4158470 ns
[2026-09-29T22:29:14.243-0400][26.149s][info][safepoint   ] Safepoint "Cleanup", Time since last: 1000129065 ns, Reaching safepoint: 19959 ns, Cleanup: 39529 ns, At safepoint: 3822 ns, Total: 63310 ns
[2026-09-29T22:29:15.243-0400][27.149s][info][safepoint   ] Safepoint "Cleanup", Time since last: 1000146517 ns, Reaching safepoint: 18841 ns, Cleanup: 32169 ns, At safepoint: 4583 ns, Total: 55593 ns
[2026-09-29T22:29:16.243-0400][28.150s][info][safepoint   ] Safepoint "Cleanup", Time since last: 1000222384 ns, Reaching safepoint: 30628 ns, Cleanup: 64068 ns, At safepoint: 13534 ns, Total: 108230 ns
[2026-09-29T22:29:17.244-0400][29.150s][info][safepoint   ] Safepoint "Cleanup", Time since last: 1000418116 ns, Reaching safepoint: 26661 ns, Cleanup: 38058 ns, At safepoint: 5972 ns, Total: 70691 ns
[2026-09-29T22:29:18.244-0400][30.150s][info][safepoint   ] Safepoint "Cleanup", Time since last: 1000174047 ns, Reaching safepoint: 22605 ns, Cleanup: 26021 ns, At safepoint: 62705 ns, Total: 111331 ns
[2026-09-29T22:29:18.409-0400][30.315s][info][safepoint   ] Safepoint "ClassLoaderStatsOperation", Time since last: 161682937 ns, Reaching safepoint: 20874 ns, Cleanup: 26962 ns, At safepoint: 3310542 ns, Total: 3358378 ns
[2026-09-29T22:29:19.409-0400][31.316s][info][safepoint   ] Safepoint "Cleanup", Time since last: 1000217010 ns, Reaching safepoint: 12693 ns, Cleanup: 37213 ns, At safepoint: 49292 ns, Total: 99198 ns
[2026-09-29T22:29:20.409-0400][32.316s][info][safepoint   ] Safepoint "Cleanup", Time since last: 1000232511 ns, Reaching safepoint: 8992 ns, Cleanup: 30697 ns, At safepoint: 3313 ns, Total: 43002 ns
[2026-09-29T22:29:22.437-0400][34.344s][info][safepoint   ] Safepoint "ClassLoaderStatsOperation", Time since last: 2024508636 ns, Reaching safepoint: 15887 ns, Cleanup: 7025 ns, At safepoint: 3373554 ns, Total: 3396466 ns
[2026-09-29T22:29:22.440-0400][34.347s][info][safepoint   ] Safepoint "JFRCheckpoint", Time since last: 2920903 ns, Reaching safepoint: 14011 ns, Cleanup: 7726 ns, At safepoint: 51296 ns, Total: 73033 ns
[2026-09-29T22:29:22.446-0400][34.353s][info][safepoint   ] Safepoint "JFROldObject", Time since last: 5354506 ns, Reaching safepoint: 44695 ns, Cleanup: 4158 ns, At safepoint: 137466 ns, Total: 186319 ns
[2026-09-29T22:29:23.215-0400][35.121s][info][safepoint   ] Safepoint "ClassLoaderStatsOperation", Time since last: 765878303 ns, Reaching safepoint: 15636 ns, Cleanup: 13875 ns, At safepoint: 3076660 ns, Total: 3106171 ns
[2026-09-29T22:29:24.215-0400][36.122s][info][safepoint   ] Safepoint "Cleanup", Time since last: 1000205048 ns, Reaching safepoint: 18693 ns, Cleanup: 25808 ns, At safepoint: 3602 ns, Total: 48103 ns
[2026-09-29T22:29:25.215-0400][37.122s][info][safepoint   ] Safepoint "Cleanup", Time since last: 1000198208 ns, Reaching safepoint: 75133 ns, Cleanup: 21913 ns, At safepoint: 5141 ns, Total: 102187 ns
[2026-09-29T22:29:28.144-0400][40.051s][info][gc,start    ] GC(37) Pause Young (Prepare Mixed) (G1 Periodic Collection)
[2026-09-29T22:29:28.144-0400][40.051s][info][gc,task     ] GC(37) Using 8 workers of 8 for evacuation
[2026-09-29T22:29:28.152-0400][40.059s][info][gc,phases   ] GC(37)   Pre Evacuate Collection Set: 0.24ms
[2026-09-29T22:29:28.152-0400][40.059s][info][gc,phases   ] GC(37)   Merge Heap Roots: 0.36ms
[2026-09-29T22:29:28.152-0400][40.059s][info][gc,phases   ] GC(37)   Evacuate Collection Set: 5.37ms
[2026-09-29T22:29:28.152-0400][40.059s][info][gc,phases   ] GC(37)   Post Evacuate Collection Set: 1.90ms
[2026-09-29T22:29:28.152-0400][40.059s][info][gc,phases   ] GC(37)   Other: 0.24ms
[2026-09-29T22:29:28.152-0400][40.059s][info][gc,heap     ] GC(37) Eden regions: 8->0(12)
[2026-09-29T22:29:28.152-0400][40.059s][info][gc,heap     ] GC(37) Survivor regions: 2->1(2)
[2026-09-29T22:29:28.152-0400][40.059s][info][gc,heap     ] GC(37) Old regions: 12->13
[2026-09-29T22:29:28.152-0400][40.059s][info][gc,heap     ] GC(37) Archive regions: 2->2
[2026-09-29T22:29:28.152-0400][40.059s][info][gc,heap     ] GC(37) Humongous regions: 0->0
[2026-09-29T22:29:28.152-0400][40.059s][info][gc,metaspace] GC(37) Metaspace: 129855K(133056K)->129855K(133056K) NonClass: 114719K(116608K)->114719K(116608K) Class: 15136K(16448K)->15136K(16448K)
[2026-09-29T22:29:28.152-0400][40.059s][info][gc          ] GC(37) Pause Young (Prepare Mixed) (G1 Periodic Collection) 168M->110M(272M) 8.155ms
[2026-09-29T22:29:28.152-0400][40.059s][info][gc,cpu      ] GC(37) User=0.04s Sys=0.00s Real=0.01s
[2026-09-29T22:29:28.152-0400][40.059s][info][safepoint   ] Safepoint "G1TryInitiateConcMark", Time since last: 2928408045 ns, Reaching safepoint: 16133 ns, Cleanup: 122186 ns, At safepoint: 8380114 ns, Total: 8518433 ns
[2026-09-29T22:29:28.220-0400][40.127s][info][safepoint   ] Safepoint "ClassLoaderStatsOperation", Time since last: 63505275 ns, Reaching safepoint: 17135 ns, Cleanup: 6643 ns, At safepoint: 4217699 ns, Total: 4241477 ns
[2026-09-29T22:29:28.739-0400][40.645s][info][safepoint   ] Safepoint "ICBufferFull", Time since last: 518546214 ns, Reaching safepoint: 19054 ns, Cleanup: 112349 ns, At safepoint: 3459 ns, Total: 134862 ns
[2026-09-29T22:29:28.927-0400][40.834s][info][safepoint   ] Safepoint "ICBufferFull", Time since last: 188440395 ns, Reaching safepoint: 12176 ns, Cleanup: 185889 ns, At safepoint: 40693 ns, Total: 238758 ns
[2026-09-29T22:29:29.012-0400][40.918s][info][gc,heap,exit] Heap
[2026-09-29T22:29:29.012-0400][40.918s][info][gc,heap,exit]  garbage-first heap   total 278528K, used 202861K [0x00000005ab000000, 0x0000000800000000)
[2026-09-29T22:29:29.012-0400][40.918s][info][gc,heap,exit]   region size 8192K, 12 young (98304K), 1 survivors (8192K)
[2026-09-29T22:29:29.012-0400][40.918s][info][gc,heap,exit]  Metaspace       used 130730K, committed 134016K, reserved 1179648K
[2026-09-29T22:29:29.012-0400][40.918s][info][gc,heap,exit]   class space    used 15247K, committed 16576K, reserved 1048576K
