[2026-09-29T20:23:08.713-0400][0.007s][info][gc] Using G1
[2026-09-29T20:23:08.719-0400][0.012s][info][gc,init] Version: 17.0.18+8-LTS (release)
[2026-09-29T20:23:08.719-0400][0.012s][info][gc,init] CPUs: 8 total, 8 available
[2026-09-29T20:23:08.719-0400][0.012s][info][gc,init] Memory: 15788M
[2026-09-29T20:23:08.719-0400][0.012s][info][gc,init] Large Page Support: Disabled
[2026-09-29T20:23:08.719-0400][0.012s][info][gc,init] NUMA Support: Disabled
[2026-09-29T20:23:08.719-0400][0.012s][info][gc,init] Compressed Oops: Enabled (Zero based)
[2026-09-29T20:23:08.719-0400][0.012s][info][gc,init] Heap Region Size: 2M
[2026-09-29T20:23:08.719-0400][0.012s][info][gc,init] Heap Min Capacity: 8M
[2026-09-29T20:23:08.719-0400][0.012s][info][gc,init] Heap Initial Capacity: 248M
[2026-09-29T20:23:08.719-0400][0.012s][info][gc,init] Heap Max Capacity: 3948M
[2026-09-29T20:23:08.719-0400][0.012s][info][gc,init] Pre-touch: Disabled
[2026-09-29T20:23:08.719-0400][0.013s][info][gc,init] Parallel Workers: 8
[2026-09-29T20:23:08.719-0400][0.013s][info][gc,init] Concurrent Workers: 2
[2026-09-29T20:23:08.719-0400][0.013s][info][gc,init] Concurrent Refinement Workers: 8
[2026-09-29T20:23:08.719-0400][0.013s][info][gc,init] Periodic GC: Disabled
[2026-09-29T20:23:08.734-0400][0.028s][info][gc,metaspace] CDS archive(s) mapped at: [0x000072aacb000000-0x000072aacbbc7000-0x000072aacbbc7000), size 12349440, SharedBaseAddress: 0x000072aacb000000, ArchiveRelocationMode: 1.
[2026-09-29T20:23:08.734-0400][0.028s][info][gc,metaspace] Compressed class space mapped at: 0x000072aacc000000-0x000072ab0c000000, reserved size: 1073741824
[2026-09-29T20:23:08.734-0400][0.028s][info][gc,metaspace] Narrow klass base: 0x000072aacb000000, Narrow klass shift: 0, Narrow klass range: 0x100000000
[2026-09-29T20:23:09.807-0400][1.101s][info][safepoint   ] Safepoint "Cleanup", Time since last: 1055352309 ns, Reaching safepoint: 4385 ns, Cleanup: 114115 ns, At safepoint: 36351 ns, Total: 154851 ns
[2026-09-29T20:23:10.464-0400][1.758s][info][gc,start    ] GC(0) Pause Young (Normal) (G1 Evacuation Pause)
[2026-09-29T20:23:10.466-0400][1.760s][info][gc,task     ] GC(0) Using 6 workers of 8 for evacuation
[2026-09-29T20:23:10.480-0400][1.774s][info][gc,phases   ] GC(0)   Pre Evacuate Collection Set: 0.28ms
[2026-09-29T20:23:10.480-0400][1.774s][info][gc,phases   ] GC(0)   Merge Heap Roots: 4.15ms
[2026-09-29T20:23:10.480-0400][1.774s][info][gc,phases   ] GC(0)   Evacuate Collection Set: 7.62ms
[2026-09-29T20:23:10.480-0400][1.774s][info][gc,phases   ] GC(0)   Post Evacuate Collection Set: 1.63ms
[2026-09-29T20:23:10.480-0400][1.774s][info][gc,phases   ] GC(0)   Other: 1.91ms
[2026-09-29T20:23:10.480-0400][1.774s][info][gc,heap     ] GC(0) Eden regions: 11->0(18)
[2026-09-29T20:23:10.480-0400][1.774s][info][gc,heap     ] GC(0) Survivor regions: 0->2(2)
[2026-09-29T20:23:10.480-0400][1.774s][info][gc,heap     ] GC(0) Old regions: 0->0
[2026-09-29T20:23:10.480-0400][1.774s][info][gc,heap     ] GC(0) Archive regions: 2->2
[2026-09-29T20:23:10.480-0400][1.774s][info][gc,heap     ] GC(0) Humongous regions: 0->0
[2026-09-29T20:23:10.480-0400][1.774s][info][gc,metaspace] GC(0) Metaspace: 7875K(8192K)->7875K(8192K) NonClass: 7004K(7168K)->7004K(7168K) Class: 870K(1024K)->870K(1024K)
[2026-09-29T20:23:10.480-0400][1.774s][info][gc          ] GC(0) Pause Young (Normal) (G1 Evacuation Pause) 23M->5M(252M) 15.778ms
[2026-09-29T20:23:10.480-0400][1.774s][info][gc,cpu      ] GC(0) User=0.02s Sys=0.02s Real=0.02s
[2026-09-29T20:23:10.480-0400][1.774s][info][safepoint   ] Safepoint "G1CollectForAllocation", Time since last: 656761744 ns, Reaching safepoint: 6539 ns, Cleanup: 398668 ns, At safepoint: 15992596 ns, Total: 16397803 ns
[2026-09-29T20:23:10.906-0400][2.200s][info][gc,start    ] GC(1) Pause Young (Normal) (G1 Evacuation Pause)
[2026-09-29T20:23:10.906-0400][2.200s][info][gc,task     ] GC(1) Using 6 workers of 8 for evacuation
[2026-09-29T20:23:10.915-0400][2.209s][info][gc,phases   ] GC(1)   Pre Evacuate Collection Set: 1.09ms
[2026-09-29T20:23:10.915-0400][2.209s][info][gc,phases   ] GC(1)   Merge Heap Roots: 0.76ms
[2026-09-29T20:23:10.915-0400][2.209s][info][gc,phases   ] GC(1)   Evacuate Collection Set: 5.71ms
[2026-09-29T20:23:10.915-0400][2.209s][info][gc,phases   ] GC(1)   Post Evacuate Collection Set: 0.92ms
[2026-09-29T20:23:10.915-0400][2.209s][info][gc,phases   ] GC(1)   Other: 0.45ms
[2026-09-29T20:23:10.915-0400][2.209s][info][gc,heap     ] GC(1) Eden regions: 18->0(73)
[2026-09-29T20:23:10.915-0400][2.209s][info][gc,heap     ] GC(1) Survivor regions: 2->1(3)
[2026-09-29T20:23:10.915-0400][2.209s][info][gc,heap     ] GC(1) Old regions: 0->2
[2026-09-29T20:23:10.915-0400][2.209s][info][gc,heap     ] GC(1) Archive regions: 2->2
[2026-09-29T20:23:10.915-0400][2.209s][info][gc,heap     ] GC(1) Humongous regions: 0->0
[2026-09-29T20:23:10.915-0400][2.209s][info][gc,metaspace] GC(1) Metaspace: 8133K(8384K)->8133K(8384K) NonClass: 7252K(7360K)->7252K(7360K) Class: 881K(1024K)->881K(1024K)
[2026-09-29T20:23:10.915-0400][2.209s][info][gc          ] GC(1) Pause Young (Normal) (G1 Evacuation Pause) 41M->5M(252M) 9.089ms
[2026-09-29T20:23:10.915-0400][2.209s][info][gc,cpu      ] GC(1) User=0.03s Sys=0.01s Real=0.01s
[2026-09-29T20:23:10.915-0400][2.209s][info][safepoint   ] Safepoint "G1CollectForAllocation", Time since last: 425491880 ns, Reaching safepoint: 7462 ns, Cleanup: 43911 ns, At safepoint: 9207505 ns, Total: 9258878 ns
[2026-09-29T20:23:11.368-0400][2.662s][info][safepoint   ] Safepoint "ICBufferFull", Time since last: 452812006 ns, Reaching safepoint: 162439 ns, Cleanup: 272458 ns, At safepoint: 45935 ns, Total: 480832 ns
[2026-09-29T20:23:11.879-0400][3.172s][info][safepoint   ] Safepoint "ICBufferFull", Time since last: 509957185 ns, Reaching safepoint: 7645 ns, Cleanup: 194553 ns, At safepoint: 103206 ns, Total: 305404 ns
[2026-09-29T20:23:12.402-0400][3.696s][info][safepoint   ] Safepoint "ICBufferFull", Time since last: 523008783 ns, Reaching safepoint: 7884 ns, Cleanup: 173849 ns, At safepoint: 38241 ns, Total: 219974 ns
[2026-09-29T20:23:12.949-0400][4.243s][info][safepoint   ] Safepoint "ICBufferFull", Time since last: 546621291 ns, Reaching safepoint: 10695 ns, Cleanup: 209061 ns, At safepoint: 40629 ns, Total: 260385 ns
[2026-09-29T20:23:13.179-0400][4.473s][info][gc,start    ] GC(2) Pause Young (Normal) (G1 Evacuation Pause)
[2026-09-29T20:23:13.179-0400][4.473s][info][gc,task     ] GC(2) Using 6 workers of 8 for evacuation
[2026-09-29T20:23:13.206-0400][4.499s][info][gc,phases   ] GC(2)   Pre Evacuate Collection Set: 0.18ms
[2026-09-29T20:23:13.206-0400][4.500s][info][gc,phases   ] GC(2)   Merge Heap Roots: 0.14ms
[2026-09-29T20:23:13.206-0400][4.500s][info][gc,phases   ] GC(2)   Evacuate Collection Set: 23.10ms
[2026-09-29T20:23:13.206-0400][4.500s][info][gc,phases   ] GC(2)   Post Evacuate Collection Set: 2.70ms
[2026-09-29T20:23:13.206-0400][4.500s][info][gc,phases   ] GC(2)   Other: 0.27ms
[2026-09-29T20:23:13.206-0400][4.500s][info][gc,heap     ] GC(2) Eden regions: 73->0(68)
[2026-09-29T20:23:13.206-0400][4.500s][info][gc,heap     ] GC(2) Survivor regions: 1->6(10)
[2026-09-29T20:23:13.206-0400][4.500s][info][gc,heap     ] GC(2) Old regions: 2->2
[2026-09-29T20:23:13.206-0400][4.500s][info][gc,heap     ] GC(2) Archive regions: 2->2
[2026-09-29T20:23:13.206-0400][4.500s][info][gc,heap     ] GC(2) Humongous regions: 0->0
[2026-09-29T20:23:13.206-0400][4.500s][info][gc,metaspace] GC(2) Metaspace: 16140K(16512K)->16140K(16512K) NonClass: 14445K(14656K)->14445K(14656K) Class: 1695K(1856K)->1695K(1856K)
[2026-09-29T20:23:13.206-0400][4.500s][info][gc          ] GC(2) Pause Young (Normal) (G1 Evacuation Pause) 151M->15M(252M) 26.503ms
[2026-09-29T20:23:13.206-0400][4.500s][info][gc,cpu      ] GC(2) User=0.13s Sys=0.02s Real=0.03s
[2026-09-29T20:23:13.206-0400][4.500s][info][safepoint   ] Safepoint "G1CollectForAllocation", Time since last: 230420517 ns, Reaching safepoint: 20416 ns, Cleanup: 28392 ns, At safepoint: 26641620 ns, Total: 26690428 ns
[2026-09-29T20:23:14.774-0400][6.068s][info][safepoint   ] Safepoint "Cleanup", Time since last: 1567696126 ns, Reaching safepoint: 133260 ns, Cleanup: 85787 ns, At safepoint: 54961 ns, Total: 274008 ns
[2026-09-29T20:23:15.346-0400][6.639s][info][gc,start    ] GC(3) Pause Young (Normal) (G1 Evacuation Pause)
[2026-09-29T20:23:15.346-0400][6.640s][info][gc,task     ] GC(3) Using 6 workers of 8 for evacuation
[2026-09-29T20:23:15.364-0400][6.658s][info][gc,phases   ] GC(3)   Pre Evacuate Collection Set: 0.19ms
[2026-09-29T20:23:15.364-0400][6.658s][info][gc,phases   ] GC(3)   Merge Heap Roots: 0.59ms
[2026-09-29T20:23:15.364-0400][6.658s][info][gc,phases   ] GC(3)   Evacuate Collection Set: 15.70ms
[2026-09-29T20:23:15.364-0400][6.658s][info][gc,phases   ] GC(3)   Post Evacuate Collection Set: 1.41ms
[2026-09-29T20:23:15.364-0400][6.658s][info][gc,phases   ] GC(3)   Other: 0.28ms
[2026-09-29T20:23:15.364-0400][6.658s][info][gc,heap     ] GC(3) Eden regions: 68->0(69)
[2026-09-29T20:23:15.364-0400][6.658s][info][gc,heap     ] GC(3) Survivor regions: 6->5(10)
[2026-09-29T20:23:15.364-0400][6.658s][info][gc,heap     ] GC(3) Old regions: 2->7
[2026-09-29T20:23:15.364-0400][6.658s][info][gc,heap     ] GC(3) Archive regions: 2->2
[2026-09-29T20:23:15.364-0400][6.658s][info][gc,heap     ] GC(3) Humongous regions: 0->0
[2026-09-29T20:23:15.364-0400][6.658s][info][gc,metaspace] GC(3) Metaspace: 16614K(16960K)->16614K(16960K) NonClass: 14902K(15104K)->14902K(15104K) Class: 1712K(1856K)->1712K(1856K)
[2026-09-29T20:23:15.364-0400][6.658s][info][gc          ] GC(3) Pause Young (Normal) (G1 Evacuation Pause) 151M->25M(252M) 18.536ms
[2026-09-29T20:23:15.364-0400][6.658s][info][gc,cpu      ] GC(3) User=0.08s Sys=0.02s Real=0.02s
[2026-09-29T20:23:15.364-0400][6.658s][info][safepoint   ] Safepoint "G1CollectForAllocation", Time since last: 571600035 ns, Reaching safepoint: 134555 ns, Cleanup: 28352 ns, At safepoint: 18805855 ns, Total: 18968762 ns
[2026-09-29T20:23:16.365-0400][7.659s][info][safepoint   ] Safepoint "Cleanup", Time since last: 1000328742 ns, Reaching safepoint: 133591 ns, Cleanup: 264141 ns, At safepoint: 44826 ns, Total: 442558 ns
[2026-09-29T20:23:16.751-0400][8.044s][info][safepoint   ] Safepoint "ICBufferFull", Time since last: 385145098 ns, Reaching safepoint: 12383 ns, Cleanup: 177701 ns, At safepoint: 66071 ns, Total: 256155 ns
[2026-09-29T20:23:17.288-0400][8.582s][info][gc,start    ] GC(4) Pause Young (Normal) (G1 Evacuation Pause)
[2026-09-29T20:23:17.288-0400][8.582s][info][gc,task     ] GC(4) Using 6 workers of 8 for evacuation
[2026-09-29T20:23:17.297-0400][8.591s][info][gc,phases   ] GC(4)   Pre Evacuate Collection Set: 0.23ms
[2026-09-29T20:23:17.297-0400][8.591s][info][gc,phases   ] GC(4)   Merge Heap Roots: 0.19ms
[2026-09-29T20:23:17.297-0400][8.591s][info][gc,phases   ] GC(4)   Evacuate Collection Set: 6.35ms
[2026-09-29T20:23:17.297-0400][8.591s][info][gc,phases   ] GC(4)   Post Evacuate Collection Set: 1.81ms
[2026-09-29T20:23:17.297-0400][8.591s][info][gc,phases   ] GC(4)   Other: 0.32ms
[2026-09-29T20:23:17.297-0400][8.591s][info][gc,heap     ] GC(4) Eden regions: 69->0(67)
[2026-09-29T20:23:17.297-0400][8.591s][info][gc,heap     ] GC(4) Survivor regions: 5->7(10)
[2026-09-29T20:23:17.297-0400][8.591s][info][gc,heap     ] GC(4) Old regions: 7->7
[2026-09-29T20:23:17.297-0400][8.591s][info][gc,heap     ] GC(4) Archive regions: 2->2
[2026-09-29T20:23:17.297-0400][8.591s][info][gc,heap     ] GC(4) Humongous regions: 0->0
[2026-09-29T20:23:17.297-0400][8.591s][info][gc,metaspace] GC(4) Metaspace: 16930K(17280K)->16930K(17280K) NonClass: 15211K(15424K)->15211K(15424K) Class: 1718K(1856K)->1718K(1856K)
[2026-09-29T20:23:17.297-0400][8.591s][info][gc          ] GC(4) Pause Young (Normal) (G1 Evacuation Pause) 163M->28M(252M) 8.883ms
[2026-09-29T20:23:17.297-0400][8.591s][info][gc,cpu      ] GC(4) User=0.03s Sys=0.01s Real=0.01s
[2026-09-29T20:23:17.297-0400][8.591s][info][safepoint   ] Safepoint "G1CollectForAllocation", Time since last: 537098689 ns, Reaching safepoint: 12291 ns, Cleanup: 108071 ns, At safepoint: 9186197 ns, Total: 9306559 ns
[2026-09-29T20:23:17.832-0400][9.126s][info][gc,start    ] GC(5) Pause Young (Normal) (G1 Evacuation Pause)
[2026-09-29T20:23:17.832-0400][9.126s][info][gc,task     ] GC(5) Using 6 workers of 8 for evacuation
[2026-09-29T20:23:17.852-0400][9.146s][info][gc,phases   ] GC(5)   Pre Evacuate Collection Set: 0.26ms
[2026-09-29T20:23:17.853-0400][9.146s][info][gc,phases   ] GC(5)   Merge Heap Roots: 0.23ms
[2026-09-29T20:23:17.853-0400][9.146s][info][gc,phases   ] GC(5)   Evacuate Collection Set: 18.89ms
[2026-09-29T20:23:17.853-0400][9.146s][info][gc,phases   ] GC(5)   Post Evacuate Collection Set: 1.16ms
[2026-09-29T20:23:17.853-0400][9.146s][info][gc,phases   ] GC(5)   Other: 0.33ms
[2026-09-29T20:23:17.853-0400][9.146s][info][gc,heap     ] GC(5) Eden regions: 67->0(69)
[2026-09-29T20:23:17.853-0400][9.146s][info][gc,heap     ] GC(5) Survivor regions: 7->5(10)
[2026-09-29T20:23:17.853-0400][9.146s][info][gc,heap     ] GC(5) Old regions: 7->11
[2026-09-29T20:23:17.853-0400][9.146s][info][gc,heap     ] GC(5) Archive regions: 2->2
[2026-09-29T20:23:17.853-0400][9.146s][info][gc,heap     ] GC(5) Humongous regions: 0->0
[2026-09-29T20:23:17.853-0400][9.147s][info][gc,metaspace] GC(5) Metaspace: 16976K(17344K)->16976K(17344K) NonClass: 15257K(15488K)->15257K(15488K) Class: 1719K(1856K)->1719K(1856K)
[2026-09-29T20:23:17.853-0400][9.147s][info][gc          ] GC(5) Pause Young (Normal) (G1 Evacuation Pause) 162M->32M(252M) 20.998ms
[2026-09-29T20:23:17.853-0400][9.147s][info][gc,cpu      ] GC(5) User=0.13s Sys=0.02s Real=0.03s
[2026-09-29T20:23:17.853-0400][9.147s][info][safepoint   ] Safepoint "G1CollectForAllocation", Time since last: 534479831 ns, Reaching safepoint: 12347 ns, Cleanup: 164241 ns, At safepoint: 21205836 ns, Total: 21382424 ns
[2026-09-29T20:23:18.528-0400][9.822s][info][gc,start    ] GC(6) Pause Young (Normal) (G1 Evacuation Pause)
[2026-09-29T20:23:18.528-0400][9.822s][info][gc,task     ] GC(6) Using 6 workers of 8 for evacuation
[2026-09-29T20:23:18.534-0400][9.828s][info][gc,phases   ] GC(6)   Pre Evacuate Collection Set: 0.25ms
[2026-09-29T20:23:18.534-0400][9.828s][info][gc,phases   ] GC(6)   Merge Heap Roots: 0.19ms
[2026-09-29T20:23:18.534-0400][9.828s][info][gc,phases   ] GC(6)   Evacuate Collection Set: 4.38ms
[2026-09-29T20:23:18.534-0400][9.828s][info][gc,phases   ] GC(6)   Post Evacuate Collection Set: 0.90ms
[2026-09-29T20:23:18.534-0400][9.828s][info][gc,phases   ] GC(6)   Other: 0.23ms
[2026-09-29T20:23:18.534-0400][9.828s][info][gc,heap     ] GC(6) Eden regions: 69->0(69)
[2026-09-29T20:23:18.534-0400][9.828s][info][gc,heap     ] GC(6) Survivor regions: 5->5(10)
[2026-09-29T20:23:18.534-0400][9.828s][info][gc,heap     ] GC(6) Old regions: 11->11
[2026-09-29T20:23:18.534-0400][9.828s][info][gc,heap     ] GC(6) Archive regions: 2->2
[2026-09-29T20:23:18.534-0400][9.828s][info][gc,heap     ] GC(6) Humongous regions: 0->0
[2026-09-29T20:23:18.534-0400][9.828s][info][gc,metaspace] GC(6) Metaspace: 16995K(17344K)->16995K(17344K) NonClass: 15275K(15488K)->15275K(15488K) Class: 1720K(1856K)->1720K(1856K)
[2026-09-29T20:23:18.534-0400][9.828s][info][gc          ] GC(6) Pause Young (Normal) (G1 Evacuation Pause) 170M->31M(252M) 6.095ms
[2026-09-29T20:23:18.534-0400][9.828s][info][gc,cpu      ] GC(6) User=0.03s Sys=0.00s Real=0.01s
[2026-09-29T20:23:18.534-0400][9.828s][info][safepoint   ] Safepoint "G1CollectForAllocation", Time since last: 674809955 ns, Reaching safepoint: 14611 ns, Cleanup: 134726 ns, At safepoint: 6268846 ns, Total: 6418183 ns
[2026-09-29T20:23:19.034-0400][10.327s][info][safepoint   ] Safepoint "ICBufferFull", Time since last: 499225683 ns, Reaching safepoint: 115543 ns, Cleanup: 141571 ns, At safepoint: 64204 ns, Total: 321318 ns
[2026-09-29T20:23:19.052-0400][10.346s][info][safepoint   ] Safepoint "ICBufferFull", Time since last: 17824465 ns, Reaching safepoint: 154099 ns, Cleanup: 152471 ns, At safepoint: 140280 ns, Total: 446850 ns
[2026-09-29T20:23:19.173-0400][10.467s][info][gc,start    ] GC(7) Pause Young (Normal) (G1 Evacuation Pause)
[2026-09-29T20:23:19.173-0400][10.467s][info][gc,task     ] GC(7) Using 6 workers of 8 for evacuation
[2026-09-29T20:23:19.183-0400][10.477s][info][gc,phases   ] GC(7)   Pre Evacuate Collection Set: 0.27ms
[2026-09-29T20:23:19.183-0400][10.477s][info][gc,phases   ] GC(7)   Merge Heap Roots: 0.11ms
[2026-09-29T20:23:19.183-0400][10.477s][info][gc,phases   ] GC(7)   Evacuate Collection Set: 6.87ms
[2026-09-29T20:23:19.183-0400][10.477s][info][gc,phases   ] GC(7)   Post Evacuate Collection Set: 2.09ms
[2026-09-29T20:23:19.183-0400][10.477s][info][gc,phases   ] GC(7)   Other: 0.33ms
[2026-09-29T20:23:19.183-0400][10.477s][info][gc,heap     ] GC(7) Eden regions: 69->0(70)
[2026-09-29T20:23:19.183-0400][10.477s][info][gc,heap     ] GC(7) Survivor regions: 5->4(10)
[2026-09-29T20:23:19.183-0400][10.477s][info][gc,heap     ] GC(7) Old regions: 11->11
[2026-09-29T20:23:19.183-0400][10.477s][info][gc,heap     ] GC(7) Archive regions: 2->2
[2026-09-29T20:23:19.183-0400][10.477s][info][gc,heap     ] GC(7) Humongous regions: 0->0
[2026-09-29T20:23:19.183-0400][10.477s][info][gc,metaspace] GC(7) Metaspace: 17154K(17472K)->17154K(17472K) NonClass: 15434K(15616K)->15434K(15616K) Class: 1720K(1856K)->1720K(1856K)
[2026-09-29T20:23:19.183-0400][10.477s][info][gc          ] GC(7) Pause Young (Normal) (G1 Evacuation Pause) 169M->28M(252M) 9.947ms
[2026-09-29T20:23:19.183-0400][10.477s][info][gc,cpu      ] GC(7) User=0.04s Sys=0.00s Real=0.01s
[2026-09-29T20:23:19.183-0400][10.477s][info][safepoint   ] Safepoint "G1CollectForAllocation", Time since last: 121004140 ns, Reaching safepoint: 236111 ns, Cleanup: 71531 ns, At safepoint: 10166557 ns, Total: 10474199 ns
[2026-09-29T20:23:19.827-0400][11.121s][info][safepoint   ] Safepoint "ICBufferFull", Time since last: 643371418 ns, Reaching safepoint: 11957 ns, Cleanup: 158691 ns, At safepoint: 59079 ns, Total: 229727 ns
[2026-09-29T20:23:20.060-0400][11.354s][info][safepoint   ] Safepoint "ICBufferFull", Time since last: 233022146 ns, Reaching safepoint: 11977 ns, Cleanup: 201317 ns, At safepoint: 6506 ns, Total: 219800 ns
[2026-09-29T20:23:20.663-0400][11.956s][info][safepoint   ] Safepoint "ICBufferFull", Time since last: 601573159 ns, Reaching safepoint: 427086 ns, Cleanup: 207455 ns, At safepoint: 163712 ns, Total: 798253 ns
[2026-09-29T20:23:20.698-0400][11.992s][info][safepoint   ] Safepoint "CollectForMetadataAllocation", Time since last: 33861882 ns, Reaching safepoint: 9644 ns, Cleanup: 43557 ns, At safepoint: 1551816 ns, Total: 1605017 ns
[2026-09-29T20:23:20.699-0400][11.993s][info][safepoint   ] Safepoint "CollectForMetadataAllocation", Time since last: 368569 ns, Reaching safepoint: 141023 ns, Cleanup: 7138 ns, At safepoint: 138012 ns, Total: 286173 ns
[2026-09-29T20:23:20.700-0400][11.993s][info][gc,start    ] GC(8) Pause Young (Concurrent Start) (GCLocker Initiated GC)
[2026-09-29T20:23:20.700-0400][11.993s][info][gc,task     ] GC(8) Using 6 workers of 8 for evacuation
[2026-09-29T20:23:20.716-0400][12.010s][info][gc,phases   ] GC(8)   Pre Evacuate Collection Set: 0.33ms
[2026-09-29T20:23:20.716-0400][12.010s][info][gc,phases   ] GC(8)   Merge Heap Roots: 0.22ms
[2026-09-29T20:23:20.716-0400][12.010s][info][gc,phases   ] GC(8)   Evacuate Collection Set: 12.96ms
[2026-09-29T20:23:20.716-0400][12.010s][info][gc,phases   ] GC(8)   Post Evacuate Collection Set: 2.59ms
[2026-09-29T20:23:20.716-0400][12.010s][info][gc,phases   ] GC(8)   Other: 0.51ms
[2026-09-29T20:23:20.716-0400][12.010s][info][gc,heap     ] GC(8) Eden regions: 38->0(85)
[2026-09-29T20:23:20.716-0400][12.010s][info][gc,heap     ] GC(8) Survivor regions: 4->6(10)
[2026-09-29T20:23:20.716-0400][12.010s][info][gc,heap     ] GC(8) Old regions: 11->11
[2026-09-29T20:23:20.716-0400][12.010s][info][gc,heap     ] GC(8) Archive regions: 2->2
[2026-09-29T20:23:20.716-0400][12.010s][info][gc,heap     ] GC(8) Humongous regions: 0->0
[2026-09-29T20:23:20.716-0400][12.010s][info][gc,metaspace] GC(8) Metaspace: 20894K(21568K)->20894K(21568K) NonClass: 18846K(19264K)->18846K(19264K) Class: 2047K(2304K)->2047K(2304K)
[2026-09-29T20:23:20.716-0400][12.010s][info][gc          ] GC(8) Pause Young (Concurrent Start) (GCLocker Initiated GC) 103M->33M(304M) 16.734ms
[2026-09-29T20:23:20.716-0400][12.010s][info][gc,cpu      ] GC(8) User=0.10s Sys=0.02s Real=0.02s
[2026-09-29T20:23:20.716-0400][12.010s][info][gc          ] GC(9) Concurrent Mark Cycle
[2026-09-29T20:23:20.717-0400][12.010s][info][gc,marking  ] GC(9) Concurrent Clear Claimed Marks
[2026-09-29T20:23:20.717-0400][12.010s][info][safepoint   ] Safepoint "G1CollectForAllocation", Time since last: 665292 ns, Reaching safepoint: 158979 ns, Cleanup: 10471 ns, At safepoint: 16999776 ns, Total: 17169226 ns
[2026-09-29T20:23:20.717-0400][12.010s][info][gc,marking  ] GC(9) Concurrent Clear Claimed Marks 0.043ms
[2026-09-29T20:23:20.717-0400][12.010s][info][gc,marking  ] GC(9) Concurrent Scan Root Regions
[2026-09-29T20:23:20.732-0400][12.025s][info][gc,marking  ] GC(9) Concurrent Scan Root Regions 15.003ms
[2026-09-29T20:23:20.732-0400][12.025s][info][gc,marking  ] GC(9) Concurrent Mark
[2026-09-29T20:23:20.732-0400][12.026s][info][gc,marking  ] GC(9) Concurrent Mark From Roots
[2026-09-29T20:23:20.732-0400][12.026s][info][gc,task     ] GC(9) Using 2 workers of 2 for marking
[2026-09-29T20:23:20.797-0400][12.091s][info][gc,marking  ] GC(9) Concurrent Mark From Roots 65.561ms
[2026-09-29T20:23:20.797-0400][12.091s][info][gc,marking  ] GC(9) Concurrent Preclean
[2026-09-29T20:23:20.797-0400][12.091s][info][gc,marking  ] GC(9) Concurrent Preclean 0.113ms
[2026-09-29T20:23:20.808-0400][12.102s][info][gc,start    ] GC(9) Pause Remark
[2026-09-29T20:23:20.815-0400][12.109s][info][gc,heap     ] GC(9) Heap shrink completed: uncommitted 75 regions (150MB), heap size now 154MB
[2026-09-29T20:23:20.815-0400][12.109s][info][gc          ] GC(9) Pause Remark 40M->40M(154M) 7.546ms
[2026-09-29T20:23:20.815-0400][12.109s][info][gc,cpu      ] GC(9) User=0.04s Sys=0.00s Real=0.01s
[2026-09-29T20:23:20.822-0400][12.116s][info][safepoint   ] Safepoint "G1PauseRemark", Time since last: 82787170 ns, Reaching safepoint: 8401818 ns, Cleanup: 69531 ns, At safepoint: 13979167 ns, Total: 22450516 ns
[2026-09-29T20:23:20.822-0400][12.116s][info][gc,marking  ] GC(9) Concurrent Mark 90.210ms
[2026-09-29T20:23:20.822-0400][12.116s][info][gc,marking  ] GC(9) Concurrent Rebuild Remembered Sets
[2026-09-29T20:23:20.836-0400][12.130s][info][gc,marking  ] GC(9) Concurrent Rebuild Remembered Sets 14.444ms
[2026-09-29T20:23:20.915-0400][12.209s][info][gc,start    ] GC(9) Pause Cleanup
[2026-09-29T20:23:20.915-0400][12.209s][info][gc          ] GC(9) Pause Cleanup 41M->41M(154M) 0.366ms
[2026-09-29T20:23:20.915-0400][12.209s][info][gc,cpu      ] GC(9) User=0.00s Sys=0.00s Real=0.00s
[2026-09-29T20:23:20.916-0400][12.209s][info][safepoint   ] Safepoint "G1PauseCleanup", Time since last: 14637093 ns, Reaching safepoint: 78414893 ns, Cleanup: 14904 ns, At safepoint: 689284 ns, Total: 79119081 ns
[2026-09-29T20:23:20.916-0400][12.209s][info][gc,marking  ] GC(9) Concurrent Cleanup for Next Mark
[2026-09-29T20:23:20.917-0400][12.211s][info][gc,marking  ] GC(9) Concurrent Cleanup for Next Mark 1.845ms
[2026-09-29T20:23:20.917-0400][12.211s][info][gc          ] GC(9) Concurrent Mark Cycle 201.024ms
[2026-09-29T20:23:21.696-0400][12.989s][info][safepoint   ] Safepoint "ICBufferFull", Time since last: 779893012 ns, Reaching safepoint: 9893 ns, Cleanup: 132210 ns, At safepoint: 3558 ns, Total: 145661 ns
[2026-09-29T20:23:21.696-0400][12.990s][info][safepoint   ] Safepoint "ICBufferFull", Time since last: 527671 ns, Reaching safepoint: 118202 ns, Cleanup: 10904 ns, At safepoint: 14510 ns, Total: 143616 ns
[2026-09-29T20:23:21.697-0400][12.991s][info][safepoint   ] Safepoint "ICBufferFull", Time since last: 466023 ns, Reaching safepoint: 254676 ns, Cleanup: 6445 ns, At safepoint: 83163 ns, Total: 344284 ns
[2026-09-29T20:23:21.890-0400][13.184s][info][safepoint   ] Safepoint "ICBufferFull", Time since last: 192923668 ns, Reaching safepoint: 10889 ns, Cleanup: 113677 ns, At safepoint: 105339 ns, Total: 229905 ns
[2026-09-29T20:23:21.891-0400][13.185s][info][safepoint   ] Safepoint "ICBufferFull", Time since last: 198930 ns, Reaching safepoint: 132236 ns, Cleanup: 10569 ns, At safepoint: 141023 ns, Total: 283828 ns
[2026-09-29T20:23:22.575-0400][13.869s][info][gc,start    ] GC(10) Pause Young (Prepare Mixed) (G1 Evacuation Pause)
[2026-09-29T20:23:22.575-0400][13.869s][info][gc,task     ] GC(10) Using 6 workers of 8 for evacuation
[2026-09-29T20:23:22.590-0400][13.883s][info][gc,phases   ] GC(10)   Pre Evacuate Collection Set: 0.51ms
[2026-09-29T20:23:22.590-0400][13.883s][info][gc,phases   ] GC(10)   Merge Heap Roots: 0.27ms
[2026-09-29T20:23:22.590-0400][13.883s][info][gc,phases   ] GC(10)   Evacuate Collection Set: 12.63ms
[2026-09-29T20:23:22.590-0400][13.883s][info][gc,phases   ] GC(10)   Post Evacuate Collection Set: 1.06ms
[2026-09-29T20:23:22.590-0400][13.884s][info][gc,phases   ] GC(10)   Other: 0.15ms
[2026-09-29T20:23:22.590-0400][13.884s][info][gc,heap     ] GC(10) Eden regions: 40->0(1)
[2026-09-29T20:23:22.590-0400][13.884s][info][gc,heap     ] GC(10) Survivor regions: 6->5(6)
[2026-09-29T20:23:22.590-0400][13.884s][info][gc,heap     ] GC(10) Old regions: 11->16
[2026-09-29T20:23:22.590-0400][13.884s][info][gc,heap     ] GC(10) Archive regions: 2->2
[2026-09-29T20:23:22.590-0400][13.884s][info][gc,heap     ] GC(10) Humongous regions: 0->0
[2026-09-29T20:23:22.590-0400][13.884s][info][gc,metaspace] GC(10) Metaspace: 28894K(30144K)->28894K(30144K) NonClass: 25955K(26688K)->25955K(26688K) Class: 2938K(3456K)->2938K(3456K)
[2026-09-29T20:23:22.590-0400][13.884s][info][gc          ] GC(10) Pause Young (Prepare Mixed) (G1 Evacuation Pause) 113M->41M(154M) 14.691ms
[2026-09-29T20:23:22.590-0400][13.884s][info][gc,cpu      ] GC(10) User=0.05s Sys=0.02s Real=0.01s
[2026-09-29T20:23:22.590-0400][13.884s][info][safepoint   ] Safepoint "G1CollectForAllocation", Time since last: 684238950 ns, Reaching safepoint: 7782 ns, Cleanup: 34640 ns, At safepoint: 14788489 ns, Total: 14830911 ns
[2026-09-29T20:23:22.636-0400][13.929s][info][gc,start    ] GC(11) Pause Young (Mixed) (G1 Evacuation Pause)
[2026-09-29T20:23:22.636-0400][13.930s][info][gc,task     ] GC(11) Using 6 workers of 8 for evacuation
[2026-09-29T20:23:22.646-0400][13.940s][info][gc,phases   ] GC(11)   Pre Evacuate Collection Set: 0.40ms
[2026-09-29T20:23:22.646-0400][13.940s][info][gc,phases   ] GC(11)   Merge Heap Roots: 0.17ms
[2026-09-29T20:23:22.646-0400][13.940s][info][gc,phases   ] GC(11)   Evacuate Collection Set: 8.60ms
[2026-09-29T20:23:22.646-0400][13.940s][info][gc,phases   ] GC(11)   Post Evacuate Collection Set: 0.79ms
[2026-09-29T20:23:22.646-0400][13.940s][info][gc,phases   ] GC(11)   Other: 0.19ms
[2026-09-29T20:23:22.646-0400][13.940s][info][gc,heap     ] GC(11) Eden regions: 1->0(37)
[2026-09-29T20:23:22.646-0400][13.940s][info][gc,heap     ] GC(11) Survivor regions: 5->1(1)
[2026-09-29T20:23:22.646-0400][13.940s][info][gc,heap     ] GC(11) Old regions: 16->20
[2026-09-29T20:23:22.646-0400][13.940s][info][gc,heap     ] GC(11) Archive regions: 2->2
[2026-09-29T20:23:22.646-0400][13.940s][info][gc,heap     ] GC(11) Humongous regions: 0->0
[2026-09-29T20:23:22.646-0400][13.940s][info][gc,metaspace] GC(11) Metaspace: 29425K(30656K)->29425K(30656K) NonClass: 26426K(27200K)->26426K(27200K) Class: 2998K(3456K)->2998K(3456K)
[2026-09-29T20:23:22.646-0400][13.940s][info][gc          ] GC(11) Pause Young (Mixed) (G1 Evacuation Pause) 43M->41M(154M) 10.306ms
[2026-09-29T20:23:22.646-0400][13.940s][info][gc,cpu      ] GC(11) User=0.04s Sys=0.00s Real=0.01s
[2026-09-29T20:23:22.646-0400][13.940s][info][safepoint   ] Safepoint "G1CollectForAllocation", Time since last: 45812274 ns, Reaching safepoint: 10521 ns, Cleanup: 22860 ns, At safepoint: 10478869 ns, Total: 10512250 ns
[2026-09-29T20:23:23.193-0400][14.486s][info][safepoint   ] Safepoint "ICBufferFull", Time since last: 546382602 ns, Reaching safepoint: 11062 ns, Cleanup: 145293 ns, At safepoint: 3865 ns, Total: 160220 ns
[2026-09-29T20:23:23.305-0400][14.598s][info][safepoint   ] Safepoint "ICBufferFull", Time since last: 111696220 ns, Reaching safepoint: 13804 ns, Cleanup: 258776 ns, At safepoint: 42063 ns, Total: 314643 ns
[2026-09-29T20:23:23.951-0400][15.245s][info][gc,start    ] GC(12) Pause Young (Concurrent Start) (Metadata GC Threshold)
[2026-09-29T20:23:23.951-0400][15.245s][info][gc,task     ] GC(12) Using 6 workers of 8 for evacuation
[2026-09-29T20:23:23.962-0400][15.256s][info][gc,phases   ] GC(12)   Pre Evacuate Collection Set: 0.21ms
[2026-09-29T20:23:23.962-0400][15.256s][info][gc,phases   ] GC(12)   Merge Heap Roots: 0.17ms
[2026-09-29T20:23:23.962-0400][15.256s][info][gc,phases   ] GC(12)   Evacuate Collection Set: 8.62ms
[2026-09-29T20:23:23.962-0400][15.256s][info][gc,phases   ] GC(12)   Post Evacuate Collection Set: 1.72ms
[2026-09-29T20:23:23.962-0400][15.256s][info][gc,phases   ] GC(12)   Other: 0.24ms
[2026-09-29T20:23:23.962-0400][15.256s][info][gc,heap     ] GC(12) Eden regions: 18->0(33)
[2026-09-29T20:23:23.962-0400][15.256s][info][gc,heap     ] GC(12) Survivor regions: 1->2(5)
[2026-09-29T20:23:23.962-0400][15.256s][info][gc,heap     ] GC(12) Old regions: 20->20
[2026-09-29T20:23:23.962-0400][15.256s][info][gc,heap     ] GC(12) Archive regions: 2->2
[2026-09-29T20:23:23.962-0400][15.256s][info][gc,heap     ] GC(12) Humongous regions: 0->0
[2026-09-29T20:23:23.962-0400][15.256s][info][gc,metaspace] GC(12) Metaspace: 35055K(36416K)->35055K(36416K) NonClass: 31430K(32320K)->31430K(32320K) Class: 3624K(4096K)->3624K(4096K)
[2026-09-29T20:23:23.962-0400][15.256s][info][gc          ] GC(12) Pause Young (Concurrent Start) (Metadata GC Threshold) 76M->43M(154M) 11.077ms
[2026-09-29T20:23:23.962-0400][15.256s][info][gc,cpu      ] GC(12) User=0.04s Sys=0.00s Real=0.02s
[2026-09-29T20:23:23.963-0400][15.256s][info][gc          ] GC(13) Concurrent Mark Cycle
[2026-09-29T20:23:23.963-0400][15.256s][info][gc,marking  ] GC(13) Concurrent Clear Claimed Marks
[2026-09-29T20:23:23.963-0400][15.256s][info][gc,marking  ] GC(13) Concurrent Clear Claimed Marks 0.069ms
[2026-09-29T20:23:23.963-0400][15.256s][info][gc,marking  ] GC(13) Concurrent Scan Root Regions
[2026-09-29T20:23:23.967-0400][15.261s][info][safepoint   ] Safepoint "CollectForMetadataAllocation", Time since last: 646610795 ns, Reaching safepoint: 9422 ns, Cleanup: 110178 ns, At safepoint: 15289945 ns, Total: 15409545 ns
[2026-09-29T20:23:23.967-0400][15.261s][info][gc,marking  ] GC(13) Concurrent Scan Root Regions 4.206ms
[2026-09-29T20:23:23.967-0400][15.261s][info][gc,marking  ] GC(13) Concurrent Mark
[2026-09-29T20:23:23.967-0400][15.261s][info][gc,marking  ] GC(13) Concurrent Mark From Roots
[2026-09-29T20:23:23.967-0400][15.261s][info][gc,task     ] GC(13) Using 2 workers of 2 for marking
[2026-09-29T20:23:24.026-0400][15.320s][info][safepoint   ] Safepoint "CollectForMetadataAllocation", Time since last: 59058719 ns, Reaching safepoint: 60009 ns, Cleanup: 23417 ns, At safepoint: 105422 ns, Total: 188848 ns
[2026-09-29T20:23:24.057-0400][15.351s][info][gc,marking  ] GC(13) Concurrent Mark From Roots 90.153ms
[2026-09-29T20:23:24.057-0400][15.351s][info][gc,marking  ] GC(13) Concurrent Preclean
[2026-09-29T20:23:24.057-0400][15.351s][info][gc,marking  ] GC(13) Concurrent Preclean 0.160ms
[2026-09-29T20:23:24.057-0400][15.351s][info][gc,start    ] GC(13) Pause Remark
[2026-09-29T20:23:24.076-0400][15.370s][info][gc          ] GC(13) Pause Remark 45M->45M(154M) 18.473ms
[2026-09-29T20:23:24.076-0400][15.370s][info][gc,cpu      ] GC(13) User=0.06s Sys=0.01s Real=0.02s
[2026-09-29T20:23:24.076-0400][15.370s][info][safepoint   ] Safepoint "G1PauseRemark", Time since last: 31445262 ns, Reaching safepoint: 91663 ns, Cleanup: 6137 ns, At safepoint: 18614763 ns, Total: 18712563 ns
[2026-09-29T20:23:24.076-0400][15.370s][info][gc,marking  ] GC(13) Concurrent Mark 109.232ms
[2026-09-29T20:23:24.076-0400][15.370s][info][gc,marking  ] GC(13) Concurrent Rebuild Remembered Sets
[2026-09-29T20:23:24.120-0400][15.414s][info][gc,marking  ] GC(13) Concurrent Rebuild Remembered Sets 44.325ms
[2026-09-29T20:23:24.121-0400][15.415s][info][gc,start    ] GC(13) Pause Cleanup
[2026-09-29T20:23:24.121-0400][15.415s][info][gc          ] GC(13) Pause Cleanup 46M->46M(154M) 0.213ms
[2026-09-29T20:23:24.121-0400][15.415s][info][gc,cpu      ] GC(13) User=0.00s Sys=0.00s Real=0.00s
[2026-09-29T20:23:24.122-0400][15.416s][info][safepoint   ] Safepoint "G1PauseCleanup", Time since last: 44444233 ns, Reaching safepoint: 442071 ns, Cleanup: 19072 ns, At safepoint: 1533793 ns, Total: 1994936 ns
[2026-09-29T20:23:24.125-0400][15.419s][info][gc,marking  ] GC(13) Concurrent Cleanup for Next Mark
[2026-09-29T20:23:24.132-0400][15.426s][info][gc,marking  ] GC(13) Concurrent Cleanup for Next Mark 6.546ms
[2026-09-29T20:23:24.132-0400][15.426s][info][gc          ] GC(13) Concurrent Mark Cycle 169.411ms
[2026-09-29T20:23:25.444-0400][16.738s][info][safepoint   ] Safepoint "Cleanup", Time since last: 1321415904 ns, Reaching safepoint: 31086 ns, Cleanup: 346779 ns, At safepoint: 13816 ns, Total: 391681 ns
[2026-09-29T20:23:26.537-0400][17.831s][info][safepoint   ] Safepoint "ICBufferFull", Time since last: 1092568449 ns, Reaching safepoint: 185117 ns, Cleanup: 345411 ns, At safepoint: 53944 ns, Total: 584472 ns
[2026-09-29T20:23:26.971-0400][18.265s][info][gc,start    ] GC(14) Pause Young (Concurrent Start) (G1 Evacuation Pause)
[2026-09-29T20:23:26.972-0400][18.265s][info][gc,task     ] GC(14) Using 6 workers of 8 for evacuation
[2026-09-29T20:23:26.993-0400][18.287s][info][gc,phases   ] GC(14)   Pre Evacuate Collection Set: 0.36ms
[2026-09-29T20:23:26.994-0400][18.287s][info][gc,phases   ] GC(14)   Merge Heap Roots: 0.16ms
[2026-09-29T20:23:26.994-0400][18.287s][info][gc,phases   ] GC(14)   Evacuate Collection Set: 16.55ms
[2026-09-29T20:23:26.994-0400][18.287s][info][gc,phases   ] GC(14)   Post Evacuate Collection Set: 4.68ms
[2026-09-29T20:23:26.994-0400][18.287s][info][gc,phases   ] GC(14)   Other: 0.26ms
[2026-09-29T20:23:26.994-0400][18.287s][info][gc,heap     ] GC(14) Eden regions: 33->0(28)
[2026-09-29T20:23:26.994-0400][18.287s][info][gc,heap     ] GC(14) Survivor regions: 2->5(5)
[2026-09-29T20:23:26.994-0400][18.287s][info][gc,heap     ] GC(14) Old regions: 20->21
[2026-09-29T20:23:26.994-0400][18.287s][info][gc,heap     ] GC(14) Archive regions: 2->2
[2026-09-29T20:23:26.994-0400][18.287s][info][gc,heap     ] GC(14) Humongous regions: 5->2
[2026-09-29T20:23:26.994-0400][18.287s][info][gc,metaspace] GC(14) Metaspace: 43037K(44800K)->43037K(44800K) NonClass: 38508K(39552K)->38508K(39552K) Class: 4529K(5248K)->4529K(5248K)
[2026-09-29T20:23:26.994-0400][18.287s][info][gc          ] GC(14) Pause Young (Concurrent Start) (G1 Evacuation Pause) 119M->56M(154M) 22.099ms
[2026-09-29T20:23:26.994-0400][18.287s][info][gc,cpu      ] GC(14) User=0.13s Sys=0.00s Real=0.03s
[2026-09-29T20:23:26.994-0400][18.288s][info][gc          ] GC(15) Concurrent Mark Cycle
[2026-09-29T20:23:26.994-0400][18.288s][info][gc,marking  ] GC(15) Concurrent Clear Claimed Marks
[2026-09-29T20:23:26.994-0400][18.288s][info][safepoint   ] Safepoint "G1CollectForAllocation", Time since last: 433677845 ns, Reaching safepoint: 247137 ns, Cleanup: 81842 ns, At safepoint: 22365124 ns, Total: 22694103 ns
[2026-09-29T20:23:26.994-0400][18.288s][info][gc,marking  ] GC(15) Concurrent Clear Claimed Marks 0.214ms
[2026-09-29T20:23:26.994-0400][18.288s][info][gc,marking  ] GC(15) Concurrent Scan Root Regions
[2026-09-29T20:23:27.005-0400][18.299s][info][gc,marking  ] GC(15) Concurrent Scan Root Regions 11.492ms
[2026-09-29T20:23:27.006-0400][18.299s][info][gc,marking  ] GC(15) Concurrent Mark
[2026-09-29T20:23:27.006-0400][18.299s][info][gc,marking  ] GC(15) Concurrent Mark From Roots
[2026-09-29T20:23:27.006-0400][18.299s][info][gc,task     ] GC(15) Using 2 workers of 2 for marking
[2026-09-29T20:23:27.078-0400][18.372s][info][gc,marking  ] GC(15) Concurrent Mark From Roots 72.705ms
[2026-09-29T20:23:27.078-0400][18.372s][info][gc,marking  ] GC(15) Concurrent Preclean
[2026-09-29T20:23:27.079-0400][18.372s][info][gc,marking  ] GC(15) Concurrent Preclean 0.195ms
[2026-09-29T20:23:27.079-0400][18.373s][info][gc,start    ] GC(15) Pause Remark
[2026-09-29T20:23:27.087-0400][18.381s][info][gc          ] GC(15) Pause Remark 63M->63M(154M) 7.682ms
[2026-09-29T20:23:27.087-0400][18.381s][info][gc,cpu      ] GC(15) User=0.03s Sys=0.01s Real=0.01s
[2026-09-29T20:23:27.087-0400][18.381s][info][safepoint   ] Safepoint "G1PauseRemark", Time since last: 84815738 ns, Reaching safepoint: 300107 ns, Cleanup: 43180 ns, At safepoint: 7961916 ns, Total: 8305203 ns
[2026-09-29T20:23:27.087-0400][18.381s][info][gc,marking  ] GC(15) Concurrent Mark 81.490ms
[2026-09-29T20:23:27.087-0400][18.381s][info][gc,marking  ] GC(15) Concurrent Rebuild Remembered Sets
[2026-09-29T20:23:27.139-0400][18.433s][info][gc,marking  ] GC(15) Concurrent Rebuild Remembered Sets 52.417ms
[2026-09-29T20:23:27.144-0400][18.438s][info][gc,start    ] GC(15) Pause Cleanup
[2026-09-29T20:23:27.144-0400][18.438s][info][gc          ] GC(15) Pause Cleanup 66M->66M(154M) 0.412ms
[2026-09-29T20:23:27.145-0400][18.438s][info][gc,cpu      ] GC(15) User=0.00s Sys=0.00s Real=0.00s
[2026-09-29T20:23:27.145-0400][18.439s][info][safepoint   ] Safepoint "G1PauseCleanup", Time since last: 52619048 ns, Reaching safepoint: 4480664 ns, Cleanup: 14532 ns, At safepoint: 739806 ns, Total: 5235002 ns
[2026-09-29T20:23:27.145-0400][18.439s][info][gc,marking  ] GC(15) Concurrent Cleanup for Next Mark
[2026-09-29T20:23:27.145-0400][18.439s][info][gc,marking  ] GC(15) Concurrent Cleanup for Next Mark 0.388ms
[2026-09-29T20:23:27.145-0400][18.439s][info][gc          ] GC(15) Concurrent Mark Cycle 151.566ms
[2026-09-29T20:23:28.187-0400][19.481s][info][safepoint   ] Safepoint "ICBufferFull", Time since last: 1041519515 ns, Reaching safepoint: 14303 ns, Cleanup: 478020 ns, At safepoint: 10485 ns, Total: 502808 ns
[2026-09-29T20:23:28.467-0400][19.761s][info][gc,start    ] GC(16) Pause Young (Normal) (G1 Evacuation Pause)
[2026-09-29T20:23:28.467-0400][19.761s][info][gc,task     ] GC(16) Using 6 workers of 8 for evacuation
[2026-09-29T20:23:28.486-0400][19.780s][info][gc,phases   ] GC(16)   Pre Evacuate Collection Set: 0.30ms
[2026-09-29T20:23:28.486-0400][19.780s][info][gc,phases   ] GC(16)   Merge Heap Roots: 0.17ms
[2026-09-29T20:23:28.486-0400][19.780s][info][gc,phases   ] GC(16)   Evacuate Collection Set: 12.92ms
[2026-09-29T20:23:28.486-0400][19.780s][info][gc,phases   ] GC(16)   Post Evacuate Collection Set: 5.47ms
[2026-09-29T20:23:28.486-0400][19.780s][info][gc,phases   ] GC(16)   Other: 0.22ms
[2026-09-29T20:23:28.486-0400][19.780s][info][gc,heap     ] GC(16) Eden regions: 28->0(27)
[2026-09-29T20:23:28.486-0400][19.780s][info][gc,heap     ] GC(16) Survivor regions: 5->3(5)
[2026-09-29T20:23:28.486-0400][19.780s][info][gc,heap     ] GC(16) Old regions: 21->25
[2026-09-29T20:23:28.486-0400][19.780s][info][gc,heap     ] GC(16) Archive regions: 2->2
[2026-09-29T20:23:28.486-0400][19.780s][info][gc,heap     ] GC(16) Humongous regions: 2->2
[2026-09-29T20:23:28.486-0400][19.780s][info][gc,metaspace] GC(16) Metaspace: 53466K(55552K)->53466K(55552K) NonClass: 47598K(48896K)->47598K(48896K) Class: 5868K(6656K)->5868K(6656K)
[2026-09-29T20:23:28.486-0400][19.780s][info][gc          ] GC(16) Pause Young (Normal) (G1 Evacuation Pause) 112M->59M(154M) 19.223ms
[2026-09-29T20:23:28.486-0400][19.780s][info][gc,cpu      ] GC(16) User=0.09s Sys=0.02s Real=0.02s
[2026-09-29T20:23:28.486-0400][19.780s][info][safepoint   ] Safepoint "G1CollectForAllocation", Time since last: 279748533 ns, Reaching safepoint: 14293 ns, Cleanup: 34490 ns, At safepoint: 19453476 ns, Total: 19502259 ns
[2026-09-29T20:23:29.464-0400][20.758s][info][safepoint   ] Safepoint "ICBufferFull", Time since last: 977282785 ns, Reaching safepoint: 604332 ns, Cleanup: 201630 ns, At safepoint: 88911 ns, Total: 894873 ns
[2026-09-29T20:23:29.716-0400][21.010s][info][gc,start    ] GC(17) Pause Young (Normal) (G1 Evacuation Pause)
[2026-09-29T20:23:29.722-0400][21.016s][info][gc,task     ] GC(17) Using 6 workers of 8 for evacuation
[2026-09-29T20:23:29.734-0400][21.028s][info][gc,phases   ] GC(17)   Pre Evacuate Collection Set: 0.32ms
[2026-09-29T20:23:29.734-0400][21.028s][info][gc,phases   ] GC(17)   Merge Heap Roots: 0.16ms
[2026-09-29T20:23:29.734-0400][21.028s][info][gc,phases   ] GC(17)   Evacuate Collection Set: 6.84ms
[2026-09-29T20:23:29.734-0400][21.028s][info][gc,phases   ] GC(17)   Post Evacuate Collection Set: 4.92ms
[2026-09-29T20:23:29.734-0400][21.028s][info][gc,phases   ] GC(17)   Other: 5.77ms
[2026-09-29T20:23:29.734-0400][21.028s][info][gc,heap     ] GC(17) Eden regions: 27->0(26)
[2026-09-29T20:23:29.734-0400][21.028s][info][gc,heap     ] GC(17) Survivor regions: 3->3(4)
[2026-09-29T20:23:29.734-0400][21.028s][info][gc,heap     ] GC(17) Old regions: 25->27
[2026-09-29T20:23:29.734-0400][21.028s][info][gc,heap     ] GC(17) Archive regions: 2->2
[2026-09-29T20:23:29.734-0400][21.028s][info][gc,heap     ] GC(17) Humongous regions: 2->2
[2026-09-29T20:23:29.735-0400][21.028s][info][gc,metaspace] GC(17) Metaspace: 57792K(60032K)->57792K(60032K) NonClass: 51457K(52800K)->51457K(52800K) Class: 6335K(7232K)->6335K(7232K)
[2026-09-29T20:23:29.736-0400][21.030s][info][gc          ] GC(17) Pause Young (Normal) (G1 Evacuation Pause) 113M->64M(154M) 18.290ms
[2026-09-29T20:23:29.737-0400][21.030s][info][gc,cpu      ] GC(17) User=0.08s Sys=0.00s Real=0.02s
[2026-09-29T20:23:29.737-0400][21.031s][info][safepoint   ] Safepoint "G1CollectForAllocation", Time since last: 252005484 ns, Reaching safepoint: 16745 ns, Cleanup: 55807 ns, At safepoint: 20924277 ns, Total: 20996829 ns
[2026-09-29T20:23:30.438-0400][21.732s][info][gc,start    ] GC(18) Pause Young (Normal) (G1 Evacuation Pause)
[2026-09-29T20:23:30.438-0400][21.732s][info][gc,task     ] GC(18) Using 6 workers of 8 for evacuation
[2026-09-29T20:23:30.468-0400][21.762s][info][gc,phases   ] GC(18)   Pre Evacuate Collection Set: 0.27ms
[2026-09-29T20:23:30.468-0400][21.762s][info][gc,phases   ] GC(18)   Merge Heap Roots: 0.13ms
[2026-09-29T20:23:30.468-0400][21.762s][info][gc,phases   ] GC(18)   Evacuate Collection Set: 17.62ms
[2026-09-29T20:23:30.468-0400][21.762s][info][gc,phases   ] GC(18)   Post Evacuate Collection Set: 11.99ms
[2026-09-29T20:23:30.468-0400][21.762s][info][gc,phases   ] GC(18)   Other: 0.24ms
[2026-09-29T20:23:30.468-0400][21.762s][info][gc,heap     ] GC(18) Eden regions: 26->0(23)
[2026-09-29T20:23:30.468-0400][21.762s][info][gc,heap     ] GC(18) Survivor regions: 3->4(4)
[2026-09-29T20:23:30.468-0400][21.762s][info][gc,heap     ] GC(18) Old regions: 27->30
[2026-09-29T20:23:30.468-0400][21.762s][info][gc,heap     ] GC(18) Archive regions: 2->2
[2026-09-29T20:23:30.468-0400][21.762s][info][gc,heap     ] GC(18) Humongous regions: 2->2
[2026-09-29T20:23:30.468-0400][21.762s][info][gc,metaspace] GC(18) Metaspace: 57915K(60096K)->57915K(60096K) NonClass: 51580K(52864K)->51580K(52864K) Class: 6335K(7232K)->6335K(7232K)
[2026-09-29T20:23:30.468-0400][21.762s][info][gc          ] GC(18) Pause Young (Normal) (G1 Evacuation Pause) 116M->72M(154M) 30.365ms
[2026-09-29T20:23:30.468-0400][21.762s][info][gc,cpu      ] GC(18) User=0.11s Sys=0.01s Real=0.05s
[2026-09-29T20:23:30.468-0400][21.762s][info][safepoint   ] Safepoint "G1CollectForAllocation", Time since last: 697025377 ns, Reaching safepoint: 3475078 ns, Cleanup: 54785 ns, At safepoint: 30594786 ns, Total: 34124649 ns
[2026-09-29T20:23:31.182-0400][22.476s][info][gc,start    ] GC(19) Pause Young (Normal) (G1 Evacuation Pause)
[2026-09-29T20:23:31.182-0400][22.476s][info][gc,task     ] GC(19) Using 6 workers of 8 for evacuation
[2026-09-29T20:23:31.188-0400][22.482s][info][gc,phases   ] GC(19)   Pre Evacuate Collection Set: 0.24ms
[2026-09-29T20:23:31.188-0400][22.482s][info][gc,phases   ] GC(19)   Merge Heap Roots: 0.09ms
[2026-09-29T20:23:31.188-0400][22.482s][info][gc,phases   ] GC(19)   Evacuate Collection Set: 3.35ms
[2026-09-29T20:23:31.188-0400][22.482s][info][gc,phases   ] GC(19)   Post Evacuate Collection Set: 2.42ms
[2026-09-29T20:23:31.188-0400][22.482s][info][gc,phases   ] GC(19)   Other: 0.16ms
[2026-09-29T20:23:31.188-0400][22.482s][info][gc,heap     ] GC(19) Eden regions: 23->0(22)
[2026-09-29T20:23:31.188-0400][22.482s][info][gc,heap     ] GC(19) Survivor regions: 4->4(4)
[2026-09-29T20:23:31.188-0400][22.482s][info][gc,heap     ] GC(19) Old regions: 30->31
[2026-09-29T20:23:31.188-0400][22.482s][info][gc,heap     ] GC(19) Archive regions: 2->2
[2026-09-29T20:23:31.188-0400][22.482s][info][gc,heap     ] GC(19) Humongous regions: 2->2
[2026-09-29T20:23:31.188-0400][22.482s][info][gc,metaspace] GC(19) Metaspace: 59684K(62016K)->59684K(62016K) NonClass: 53147K(54592K)->53147K(54592K) Class: 6536K(7424K)->6536K(7424K)
[2026-09-29T20:23:31.188-0400][22.482s][info][gc          ] GC(19) Pause Young (Normal) (G1 Evacuation Pause) 118M->73M(154M) 6.331ms
[2026-09-29T20:23:31.188-0400][22.482s][info][gc,cpu      ] GC(19) User=0.04s Sys=0.00s Real=0.00s
[2026-09-29T20:23:31.188-0400][22.482s][info][safepoint   ] Safepoint "G1CollectForAllocation", Time since last: 713347581 ns, Reaching safepoint: 17096 ns, Cleanup: 112012 ns, At safepoint: 6501236 ns, Total: 6630344 ns
[2026-09-29T20:23:32.755-0400][24.049s][info][gc,start    ] GC(20) Pause Young (Concurrent Start) (G1 Evacuation Pause)
[2026-09-29T20:23:32.755-0400][24.049s][info][gc,task     ] GC(20) Using 6 workers of 8 for evacuation
[2026-09-29T20:23:32.761-0400][24.055s][info][gc,phases   ] GC(20)   Pre Evacuate Collection Set: 0.31ms
[2026-09-29T20:23:32.761-0400][24.055s][info][gc,phases   ] GC(20)   Merge Heap Roots: 0.13ms
[2026-09-29T20:23:32.761-0400][24.055s][info][gc,phases   ] GC(20)   Evacuate Collection Set: 3.80ms
[2026-09-29T20:23:32.761-0400][24.055s][info][gc,phases   ] GC(20)   Post Evacuate Collection Set: 1.69ms
[2026-09-29T20:23:32.761-0400][24.055s][info][gc,phases   ] GC(20)   Other: 0.21ms
[2026-09-29T20:23:32.761-0400][24.055s][info][gc,heap     ] GC(20) Eden regions: 22->0(23)
[2026-09-29T20:23:32.761-0400][24.055s][info][gc,heap     ] GC(20) Survivor regions: 4->2(4)
[2026-09-29T20:23:32.761-0400][24.055s][info][gc,heap     ] GC(20) Old regions: 31->32
[2026-09-29T20:23:32.761-0400][24.055s][info][gc,heap     ] GC(20) Archive regions: 2->2
[2026-09-29T20:23:32.761-0400][24.055s][info][gc,heap     ] GC(20) Humongous regions: 2->2
[2026-09-29T20:23:32.761-0400][24.055s][info][gc,metaspace] GC(20) Metaspace: 71677K(74112K)->71677K(74112K) NonClass: 63677K(65152K)->63677K(65152K) Class: 7999K(8960K)->7999K(8960K)
[2026-09-29T20:23:32.761-0400][24.055s][info][gc          ] GC(20) Pause Young (Concurrent Start) (G1 Evacuation Pause) 117M->73M(154M) 6.227ms
[2026-09-29T20:23:32.761-0400][24.055s][info][gc,cpu      ] GC(20) User=0.03s Sys=0.01s Real=0.01s
[2026-09-29T20:23:32.761-0400][24.055s][info][gc          ] GC(21) Concurrent Mark Cycle
[2026-09-29T20:23:32.761-0400][24.055s][info][gc,marking  ] GC(21) Concurrent Clear Claimed Marks
[2026-09-29T20:23:32.761-0400][24.055s][info][safepoint   ] Safepoint "G1CollectForAllocation", Time since last: 1566079800 ns, Reaching safepoint: 13331 ns, Cleanup: 346106 ns, At safepoint: 6414681 ns, Total: 6774118 ns
[2026-09-29T20:23:32.761-0400][24.055s][info][gc,marking  ] GC(21) Concurrent Clear Claimed Marks 0.101ms
[2026-09-29T20:23:32.761-0400][24.055s][info][gc,marking  ] GC(21) Concurrent Scan Root Regions
[2026-09-29T20:23:32.773-0400][24.067s][info][gc,marking  ] GC(21) Concurrent Scan Root Regions 11.623ms
[2026-09-29T20:23:32.773-0400][24.067s][info][gc,marking  ] GC(21) Concurrent Mark
[2026-09-29T20:23:32.773-0400][24.067s][info][gc,marking  ] GC(21) Concurrent Mark From Roots
[2026-09-29T20:23:32.773-0400][24.067s][info][gc,task     ] GC(21) Using 2 workers of 2 for marking
[2026-09-29T20:23:32.954-0400][24.248s][info][gc,marking  ] GC(21) Concurrent Mark From Roots 181.054ms
[2026-09-29T20:23:32.954-0400][24.248s][info][gc,marking  ] GC(21) Concurrent Preclean
[2026-09-29T20:23:32.957-0400][24.250s][info][gc,marking  ] GC(21) Concurrent Preclean 2.416ms
[2026-09-29T20:23:32.958-0400][24.251s][info][gc,start    ] GC(21) Pause Remark
[2026-09-29T20:23:33.016-0400][24.309s][info][gc          ] GC(21) Pause Remark 76M->76M(154M) 57.996ms
[2026-09-29T20:23:33.016-0400][24.310s][info][gc,cpu      ] GC(21) User=0.19s Sys=0.02s Real=0.06s
[2026-09-29T20:23:33.020-0400][24.314s][info][safepoint   ] Safepoint "G1PauseRemark", Time since last: 195838470 ns, Reaching safepoint: 472132 ns, Cleanup: 25466 ns, At safepoint: 62440017 ns, Total: 62937615 ns
[2026-09-29T20:23:33.021-0400][24.314s][info][gc,marking  ] GC(21) Concurrent Mark 247.523ms
[2026-09-29T20:23:33.021-0400][24.314s][info][gc,marking  ] GC(21) Concurrent Rebuild Remembered Sets
[2026-09-29T20:23:33.088-0400][24.382s][info][gc,marking  ] GC(21) Concurrent Rebuild Remembered Sets 67.305ms
[2026-09-29T20:23:33.090-0400][24.384s][info][gc,start    ] GC(21) Pause Cleanup
[2026-09-29T20:23:33.090-0400][24.384s][info][gc          ] GC(21) Pause Cleanup 77M->77M(154M) 0.271ms
[2026-09-29T20:23:33.090-0400][24.384s][info][gc,cpu      ] GC(21) User=0.00s Sys=0.00s Real=0.00s
[2026-09-29T20:23:33.091-0400][24.384s][info][safepoint   ] Safepoint "G1PauseCleanup", Time since last: 69827662 ns, Reaching safepoint: 248638 ns, Cleanup: 15773 ns, At safepoint: 423809 ns, Total: 688220 ns
[2026-09-29T20:23:33.091-0400][24.385s][info][gc,marking  ] GC(21) Concurrent Cleanup for Next Mark
[2026-09-29T20:23:33.091-0400][24.385s][info][gc,marking  ] GC(21) Concurrent Cleanup for Next Mark 0.255ms
[2026-09-29T20:23:33.091-0400][24.385s][info][gc          ] GC(21) Concurrent Mark Cycle 329.934ms
[2026-09-29T20:23:33.619-0400][24.913s][info][gc,start    ] GC(22) Pause Young (Prepare Mixed) (G1 Evacuation Pause)
[2026-09-29T20:23:33.619-0400][24.913s][info][gc,task     ] GC(22) Using 6 workers of 8 for evacuation
[2026-09-29T20:23:33.625-0400][24.918s][info][gc,phases   ] GC(22)   Pre Evacuate Collection Set: 0.20ms
[2026-09-29T20:23:33.625-0400][24.918s][info][gc,phases   ] GC(22)   Merge Heap Roots: 0.20ms
[2026-09-29T20:23:33.625-0400][24.918s][info][gc,phases   ] GC(22)   Evacuate Collection Set: 2.88ms
[2026-09-29T20:23:33.625-0400][24.918s][info][gc,phases   ] GC(22)   Post Evacuate Collection Set: 1.72ms
[2026-09-29T20:23:33.625-0400][24.918s][info][gc,phases   ] GC(22)   Other: 0.17ms
[2026-09-29T20:23:33.625-0400][24.919s][info][gc,heap     ] GC(22) Eden regions: 23->0(1)
[2026-09-29T20:23:33.625-0400][24.919s][info][gc,heap     ] GC(22) Survivor regions: 2->3(4)
[2026-09-29T20:23:33.625-0400][24.919s][info][gc,heap     ] GC(22) Old regions: 32->32
[2026-09-29T20:23:33.625-0400][24.919s][info][gc,heap     ] GC(22) Archive regions: 2->2
[2026-09-29T20:23:33.625-0400][24.919s][info][gc,heap     ] GC(22) Humongous regions: 2->2
[2026-09-29T20:23:33.625-0400][24.919s][info][gc,metaspace] GC(22) Metaspace: 76058K(78528K)->76058K(78528K) NonClass: 67450K(68928K)->67450K(68928K) Class: 8608K(9600K)->8608K(9600K)
[2026-09-29T20:23:33.625-0400][24.919s][info][gc          ] GC(22) Pause Young (Prepare Mixed) (G1 Evacuation Pause) 119M->75M(154M) 5.240ms
[2026-09-29T20:23:33.625-0400][24.919s][info][gc,cpu      ] GC(22) User=0.02s Sys=0.01s Real=0.01s
[2026-09-29T20:23:33.625-0400][24.919s][info][safepoint   ] Safepoint "G1CollectForAllocation", Time since last: 528650892 ns, Reaching safepoint: 126256 ns, Cleanup: 97483 ns, At safepoint: 5389026 ns, Total: 5612765 ns
[2026-09-29T20:23:33.633-0400][24.927s][info][gc,start    ] GC(23) Pause Young (Mixed) (G1 Evacuation Pause)
[2026-09-29T20:23:33.633-0400][24.927s][info][gc,task     ] GC(23) Using 6 workers of 8 for evacuation
[2026-09-29T20:23:33.637-0400][24.931s][info][gc,phases   ] GC(23)   Pre Evacuate Collection Set: 0.19ms
[2026-09-29T20:23:33.637-0400][24.931s][info][gc,phases   ] GC(23)   Merge Heap Roots: 0.16ms
[2026-09-29T20:23:33.637-0400][24.931s][info][gc,phases   ] GC(23)   Evacuate Collection Set: 3.07ms
[2026-09-29T20:23:33.637-0400][24.931s][info][gc,phases   ] GC(23)   Post Evacuate Collection Set: 0.70ms
[2026-09-29T20:23:33.637-0400][24.931s][info][gc,phases   ] GC(23)   Other: 0.17ms
[2026-09-29T20:23:33.637-0400][24.931s][info][gc,heap     ] GC(23) Eden regions: 1->0(23)
[2026-09-29T20:23:33.637-0400][24.931s][info][gc,heap     ] GC(23) Survivor regions: 3->1(1)
[2026-09-29T20:23:33.637-0400][24.931s][info][gc,heap     ] GC(23) Old regions: 32->34
[2026-09-29T20:23:33.637-0400][24.931s][info][gc,heap     ] GC(23) Archive regions: 2->2
[2026-09-29T20:23:33.637-0400][24.931s][info][gc,heap     ] GC(23) Humongous regions: 2->2
[2026-09-29T20:23:33.637-0400][24.931s][info][gc,metaspace] GC(23) Metaspace: 76058K(78528K)->76058K(78528K) NonClass: 67450K(68928K)->67450K(68928K) Class: 8608K(9600K)->8608K(9600K)
[2026-09-29T20:23:33.637-0400][24.931s][info][gc          ] GC(23) Pause Young (Mixed) (G1 Evacuation Pause) 77M->74M(154M) 4.386ms
[2026-09-29T20:23:33.637-0400][24.931s][info][gc,cpu      ] GC(23) User=0.02s Sys=0.00s Real=0.00s
[2026-09-29T20:23:33.637-0400][24.931s][info][safepoint   ] Safepoint "G1CollectForAllocation", Time since last: 7813466 ns, Reaching safepoint: 12818 ns, Cleanup: 14554 ns, At safepoint: 4572077 ns, Total: 4599449 ns
[2026-09-29T20:23:33.964-0400][25.258s][info][gc,start    ] GC(24) Pause Young (Concurrent Start) (G1 Evacuation Pause)
[2026-09-29T20:23:33.964-0400][25.258s][info][gc,task     ] GC(24) Using 6 workers of 8 for evacuation
[2026-09-29T20:23:33.970-0400][25.264s][info][gc,phases   ] GC(24)   Pre Evacuate Collection Set: 0.28ms
[2026-09-29T20:23:33.970-0400][25.264s][info][gc,phases   ] GC(24)   Merge Heap Roots: 0.20ms
[2026-09-29T20:23:33.970-0400][25.264s][info][gc,phases   ] GC(24)   Evacuate Collection Set: 1.86ms
[2026-09-29T20:23:33.970-0400][25.264s][info][gc,phases   ] GC(24)   Post Evacuate Collection Set: 3.00ms
[2026-09-29T20:23:33.970-0400][25.264s][info][gc,phases   ] GC(24)   Other: 0.19ms
[2026-09-29T20:23:33.970-0400][25.264s][info][gc,heap     ] GC(24) Eden regions: 23->0(77)
[2026-09-29T20:23:33.970-0400][25.264s][info][gc,heap     ] GC(24) Survivor regions: 1->3(3)
[2026-09-29T20:23:33.970-0400][25.264s][info][gc,heap     ] GC(24) Old regions: 34->35
[2026-09-29T20:23:33.970-0400][25.264s][info][gc,heap     ] GC(24) Archive regions: 2->2
[2026-09-29T20:23:33.970-0400][25.264s][info][gc,heap     ] GC(24) Humongous regions: 2->2
[2026-09-29T20:23:33.970-0400][25.264s][info][gc,metaspace] GC(24) Metaspace: 76266K(78720K)->76266K(78720K) NonClass: 67624K(69120K)->67624K(69120K) Class: 8641K(9600K)->8641K(9600K)
[2026-09-29T20:23:33.970-0400][25.264s][info][gc          ] GC(24) Pause Young (Concurrent Start) (G1 Evacuation Pause) 120M->81M(326M) 5.615ms
[2026-09-29T20:23:33.970-0400][25.264s][info][gc,cpu      ] GC(24) User=0.02s Sys=0.00s Real=0.00s
[2026-09-29T20:23:33.970-0400][25.264s][info][gc          ] GC(25) Concurrent Mark Cycle
[2026-09-29T20:23:33.970-0400][25.264s][info][gc,marking  ] GC(25) Concurrent Clear Claimed Marks
[2026-09-29T20:23:33.970-0400][25.264s][info][safepoint   ] Safepoint "G1CollectForAllocation", Time since last: 327057426 ns, Reaching safepoint: 10040 ns, Cleanup: 80819 ns, At safepoint: 5854510 ns, Total: 5945369 ns
[2026-09-29T20:23:33.970-0400][25.264s][info][gc,marking  ] GC(25) Concurrent Clear Claimed Marks 0.112ms
[2026-09-29T20:23:33.970-0400][25.264s][info][gc,marking  ] GC(25) Concurrent Scan Root Regions
[2026-09-29T20:23:33.972-0400][25.266s][info][gc,marking  ] GC(25) Concurrent Scan Root Regions 1.494ms
[2026-09-29T20:23:33.972-0400][25.266s][info][gc,marking  ] GC(25) Concurrent Mark
[2026-09-29T20:23:33.972-0400][25.266s][info][gc,marking  ] GC(25) Concurrent Mark From Roots
[2026-09-29T20:23:33.972-0400][25.266s][info][gc,task     ] GC(25) Using 2 workers of 2 for marking
[2026-09-29T20:23:34.065-0400][25.359s][info][gc,marking  ] GC(25) Concurrent Mark From Roots 93.203ms
[2026-09-29T20:23:34.065-0400][25.359s][info][gc,marking  ] GC(25) Concurrent Preclean
[2026-09-29T20:23:34.066-0400][25.360s][info][gc,marking  ] GC(25) Concurrent Preclean 0.998ms
[2026-09-29T20:23:34.067-0400][25.361s][info][gc,start    ] GC(25) Pause Remark
[2026-09-29T20:23:34.076-0400][25.370s][info][gc,heap     ] GC(25) Heap shrink completed: uncommitted 6 regions (12MB), heap size now 314MB
[2026-09-29T20:23:34.077-0400][25.370s][info][gc          ] GC(25) Pause Remark 91M->91M(314M) 9.931ms
[2026-09-29T20:23:34.077-0400][25.371s][info][gc,cpu      ] GC(25) User=0.06s Sys=0.01s Real=0.01s
[2026-09-29T20:23:34.077-0400][25.371s][info][safepoint   ] Safepoint "G1PauseRemark", Time since last: 96279560 ns, Reaching safepoint: 131986 ns, Cleanup: 24889 ns, At safepoint: 10065942 ns, Total: 10222817 ns
[2026-09-29T20:23:34.078-0400][25.371s][info][gc,marking  ] GC(25) Concurrent Mark 105.773ms
[2026-09-29T20:23:34.078-0400][25.372s][info][gc,marking  ] GC(25) Concurrent Rebuild Remembered Sets
[2026-09-29T20:23:34.131-0400][25.425s][info][gc,marking  ] GC(25) Concurrent Rebuild Remembered Sets 53.610ms
[2026-09-29T20:23:34.132-0400][25.425s][info][gc,start    ] GC(25) Pause Cleanup
[2026-09-29T20:23:34.132-0400][25.426s][info][gc          ] GC(25) Pause Cleanup 99M->99M(314M) 0.222ms
[2026-09-29T20:23:34.132-0400][25.426s][info][gc,cpu      ] GC(25) User=0.00s Sys=0.00s Real=0.00s
[2026-09-29T20:23:34.132-0400][25.426s][info][safepoint   ] Safepoint "G1PauseCleanup", Time since last: 54672039 ns, Reaching safepoint: 113979 ns, Cleanup: 5414 ns, At safepoint: 403962 ns, Total: 523355 ns
[2026-09-29T20:23:34.132-0400][25.426s][info][gc,marking  ] GC(25) Concurrent Cleanup for Next Mark
[2026-09-29T20:23:34.134-0400][25.428s][info][gc,marking  ] GC(25) Concurrent Cleanup for Next Mark 2.192ms
[2026-09-29T20:23:34.134-0400][25.428s][info][gc          ] GC(25) Concurrent Mark Cycle 164.101ms
[2026-09-29T20:23:35.133-0400][26.426s][info][safepoint   ] Safepoint "Cleanup", Time since last: 1000311606 ns, Reaching safepoint: 281511 ns, Cleanup: 105412 ns, At safepoint: 19326 ns, Total: 406249 ns
[2026-09-29T20:23:35.245-0400][26.539s][info][gc,start    ] GC(26) Pause Young (Prepare Mixed) (G1 Evacuation Pause)
[2026-09-29T20:23:35.245-0400][26.539s][info][gc,task     ] GC(26) Using 7 workers of 8 for evacuation
[2026-09-29T20:23:35.260-0400][26.554s][info][gc,phases   ] GC(26)   Pre Evacuate Collection Set: 0.21ms
[2026-09-29T20:23:35.260-0400][26.554s][info][gc,phases   ] GC(26)   Merge Heap Roots: 0.15ms
[2026-09-29T20:23:35.260-0400][26.554s][info][gc,phases   ] GC(26)   Evacuate Collection Set: 5.77ms
[2026-09-29T20:23:35.260-0400][26.554s][info][gc,phases   ] GC(26)   Post Evacuate Collection Set: 8.73ms
[2026-09-29T20:23:35.260-0400][26.554s][info][gc,phases   ] GC(26)   Other: 0.22ms
[2026-09-29T20:23:35.260-0400][26.554s][info][gc,heap     ] GC(26) Eden regions: 77->0(1)
[2026-09-29T20:23:35.260-0400][26.554s][info][gc,heap     ] GC(26) Survivor regions: 3->10(10)
[2026-09-29T20:23:35.260-0400][26.554s][info][gc,heap     ] GC(26) Old regions: 35->35
[2026-09-29T20:23:35.260-0400][26.554s][info][gc,heap     ] GC(26) Archive regions: 2->2
[2026-09-29T20:23:35.260-0400][26.554s][info][gc,heap     ] GC(26) Humongous regions: 2->2
[2026-09-29T20:23:35.260-0400][26.554s][info][gc,metaspace] GC(26) Metaspace: 77313K(79808K)->77313K(79808K) NonClass: 68493K(69952K)->68493K(69952K) Class: 8820K(9856K)->8820K(9856K)
[2026-09-29T20:23:35.260-0400][26.554s][info][gc          ] GC(26) Pause Young (Prepare Mixed) (G1 Evacuation Pause) 235M->93M(314M) 15.171ms
[2026-09-29T20:23:35.261-0400][26.554s][info][gc,cpu      ] GC(26) User=0.06s Sys=0.03s Real=0.02s
[2026-09-29T20:23:35.261-0400][26.554s][info][safepoint   ] Safepoint "G1CollectForAllocation", Time since last: 112604278 ns, Reaching safepoint: 17854 ns, Cleanup: 47260 ns, At safepoint: 15312580 ns, Total: 15377694 ns
[2026-09-29T20:23:35.268-0400][26.562s][info][gc,start    ] GC(27) Pause Young (Mixed) (G1 Evacuation Pause)
[2026-09-29T20:23:35.268-0400][26.562s][info][gc,task     ] GC(27) Using 7 workers of 8 for evacuation
[2026-09-29T20:23:35.275-0400][26.568s][info][gc,phases   ] GC(27)   Pre Evacuate Collection Set: 0.34ms
[2026-09-29T20:23:35.275-0400][26.569s][info][gc,phases   ] GC(27)   Merge Heap Roots: 0.19ms
[2026-09-29T20:23:35.275-0400][26.569s][info][gc,phases   ] GC(27)   Evacuate Collection Set: 5.40ms
[2026-09-29T20:23:35.275-0400][26.569s][info][gc,phases   ] GC(27)   Post Evacuate Collection Set: 0.88ms
[2026-09-29T20:23:35.275-0400][26.569s][info][gc,phases   ] GC(27)   Other: 0.17ms
[2026-09-29T20:23:35.275-0400][26.569s][info][gc,heap     ] GC(27) Eden regions: 1->0(74)
[2026-09-29T20:23:35.275-0400][26.569s][info][gc,heap     ] GC(27) Survivor regions: 10->1(2)
[2026-09-29T20:23:35.275-0400][26.569s][info][gc,heap     ] GC(27) Old regions: 35->36
[2026-09-29T20:23:35.275-0400][26.569s][info][gc,heap     ] GC(27) Archive regions: 2->2
[2026-09-29T20:23:35.275-0400][26.569s][info][gc,heap     ] GC(27) Humongous regions: 2->2
[2026-09-29T20:23:35.275-0400][26.569s][info][gc,metaspace] GC(27) Metaspace: 77313K(79808K)->77313K(79808K) NonClass: 68493K(69952K)->68493K(69952K) Class: 8820K(9856K)->8820K(9856K)
[2026-09-29T20:23:35.275-0400][26.569s][info][gc          ] GC(27) Pause Young (Mixed) (G1 Evacuation Pause) 95M->78M(314M) 7.086ms
[2026-09-29T20:23:35.275-0400][26.569s][info][gc,cpu      ] GC(27) User=0.04s Sys=0.01s Real=0.01s
[2026-09-29T20:23:35.275-0400][26.569s][info][safepoint   ] Safepoint "G1CollectForAllocation", Time since last: 7021348 ns, Reaching safepoint: 15511 ns, Cleanup: 5743 ns, At safepoint: 7178605 ns, Total: 7199859 ns
[2026-09-29T20:23:36.420-0400][27.714s][info][safepoint   ] Safepoint "ICBufferFull", Time since last: 1144912710 ns, Reaching safepoint: 15151 ns, Cleanup: 331833 ns, At safepoint: 66557 ns, Total: 413541 ns
[2026-09-29T20:23:36.647-0400][27.941s][info][gc,start    ] GC(28) Pause Young (Normal) (G1 Evacuation Pause)
[2026-09-29T20:23:36.647-0400][27.941s][info][gc,task     ] GC(28) Using 7 workers of 8 for evacuation
[2026-09-29T20:23:36.661-0400][27.955s][info][gc,phases   ] GC(28)   Pre Evacuate Collection Set: 0.31ms
[2026-09-29T20:23:36.661-0400][27.955s][info][gc,phases   ] GC(28)   Merge Heap Roots: 0.25ms
[2026-09-29T20:23:36.661-0400][27.955s][info][gc,phases   ] GC(28)   Evacuate Collection Set: 9.43ms
[2026-09-29T20:23:36.661-0400][27.955s][info][gc,phases   ] GC(28)   Post Evacuate Collection Set: 3.82ms
[2026-09-29T20:23:36.661-0400][27.955s][info][gc,phases   ] GC(28)   Other: 0.26ms
[2026-09-29T20:23:36.661-0400][27.955s][info][gc,heap     ] GC(28) Eden regions: 74->0(76)
[2026-09-29T20:23:36.661-0400][27.955s][info][gc,heap     ] GC(28) Survivor regions: 1->2(10)
[2026-09-29T20:23:36.661-0400][27.955s][info][gc,heap     ] GC(28) Old regions: 36->36
[2026-09-29T20:23:36.661-0400][27.955s][info][gc,heap     ] GC(28) Archive regions: 2->2
[2026-09-29T20:23:36.661-0400][27.955s][info][gc,heap     ] GC(28) Humongous regions: 2->2
[2026-09-29T20:23:36.661-0400][27.955s][info][gc,metaspace] GC(28) Metaspace: 80440K(83072K)->80440K(83072K) NonClass: 71192K(72768K)->71192K(72768K) Class: 9248K(10304K)->9248K(10304K)
[2026-09-29T20:23:36.661-0400][27.955s][info][gc          ] GC(28) Pause Young (Normal) (G1 Evacuation Pause) 226M->80M(314M) 14.167ms
[2026-09-29T20:23:36.661-0400][27.955s][info][gc,cpu      ] GC(28) User=0.07s Sys=0.02s Real=0.02s
[2026-09-29T20:23:36.661-0400][27.955s][info][safepoint   ] Safepoint "G1CollectForAllocation", Time since last: 225846909 ns, Reaching safepoint: 231602 ns, Cleanup: 452451 ns, At safepoint: 14406705 ns, Total: 15090758 ns
[2026-09-29T20:23:37.036-0400][28.330s][info][safepoint   ] Safepoint "ICBufferFull", Time since last: 374860831 ns, Reaching safepoint: 10309 ns, Cleanup: 146874 ns, At safepoint: 23899 ns, Total: 181082 ns
[2026-09-29T20:23:37.729-0400][29.023s][info][safepoint   ] Safepoint "ICBufferFull", Time since last: 692573100 ns, Reaching safepoint: 16822 ns, Cleanup: 142954 ns, At safepoint: 51056 ns, Total: 210832 ns
[2026-09-29T20:23:38.446-0400][29.740s][info][safepoint   ] Safepoint "ICBufferFull", Time since last: 716702173 ns, Reaching safepoint: 154329 ns, Cleanup: 139434 ns, At safepoint: 164173 ns, Total: 457936 ns
[2026-09-29T20:23:38.448-0400][29.741s][info][safepoint   ] Safepoint "ICBufferFull", Time since last: 1294459 ns, Reaching safepoint: 133045 ns, Cleanup: 13036 ns, At safepoint: 124128 ns, Total: 270209 ns
[2026-09-29T20:23:38.952-0400][30.246s][info][safepoint   ] Safepoint "ICBufferFull", Time since last: 504173317 ns, Reaching safepoint: 367318 ns, Cleanup: 138149 ns, At safepoint: 68452 ns, Total: 573919 ns
[2026-09-29T20:23:38.957-0400][30.250s][info][safepoint   ] Safepoint "ICBufferFull", Time since last: 600209 ns, Reaching safepoint: 3402579 ns, Cleanup: 25623 ns, At safepoint: 99533 ns, Total: 3527735 ns
[2026-09-29T20:23:39.463-0400][30.757s][info][safepoint   ] Safepoint "ICBufferFull", Time since last: 506568858 ns, Reaching safepoint: 14835 ns, Cleanup: 161596 ns, At safepoint: 31320 ns, Total: 207751 ns
[2026-09-29T20:23:39.912-0400][31.206s][info][gc,start    ] GC(29) Pause Young (Normal) (G1 Evacuation Pause)
[2026-09-29T20:23:39.912-0400][31.206s][info][gc,task     ] GC(29) Using 7 workers of 8 for evacuation
[2026-09-29T20:23:39.920-0400][31.213s][info][gc,phases   ] GC(29)   Pre Evacuate Collection Set: 0.36ms
[2026-09-29T20:23:39.920-0400][31.214s][info][gc,phases   ] GC(29)   Merge Heap Roots: 0.25ms
[2026-09-29T20:23:39.920-0400][31.214s][info][gc,phases   ] GC(29)   Evacuate Collection Set: 4.50ms
[2026-09-29T20:23:39.920-0400][31.214s][info][gc,phases   ] GC(29)   Post Evacuate Collection Set: 2.65ms
[2026-09-29T20:23:39.920-0400][31.214s][info][gc,phases   ] GC(29)   Other: 0.26ms
[2026-09-29T20:23:39.920-0400][31.214s][info][gc,heap     ] GC(29) Eden regions: 76->0(79)
[2026-09-29T20:23:39.920-0400][31.214s][info][gc,heap     ] GC(29) Survivor regions: 2->3(10)
[2026-09-29T20:23:39.920-0400][31.214s][info][gc,heap     ] GC(29) Old regions: 36->36
[2026-09-29T20:23:39.920-0400][31.214s][info][gc,heap     ] GC(29) Archive regions: 2->2
[2026-09-29T20:23:39.920-0400][31.214s][info][gc,heap     ] GC(29) Humongous regions: 2->2
[2026-09-29T20:23:39.920-0400][31.214s][info][gc,metaspace] GC(29) Metaspace: 86356K(89088K)->86356K(89088K) NonClass: 76422K(78080K)->76422K(78080K) Class: 9934K(11008K)->9934K(11008K)
[2026-09-29T20:23:39.920-0400][31.214s][info][gc          ] GC(29) Pause Young (Normal) (G1 Evacuation Pause) 232M->82M(314M) 8.115ms
[2026-09-29T20:23:39.920-0400][31.214s][info][gc,cpu      ] GC(29) User=0.03s Sys=0.00s Real=0.01s
[2026-09-29T20:23:39.920-0400][31.214s][info][safepoint   ] Safepoint "G1CollectForAllocation", Time since last: 448165806 ns, Reaching safepoint: 23063 ns, Cleanup: 129616 ns, At safepoint: 8236042 ns, Total: 8388721 ns
[2026-09-29T20:23:40.568-0400][31.862s][info][safepoint   ] Safepoint "ICBufferFull", Time since last: 645512498 ns, Reaching safepoint: 2180703 ns, Cleanup: 185360 ns, At safepoint: 102129 ns, Total: 2468192 ns
[2026-09-29T20:23:41.303-0400][32.597s][info][safepoint   ] Safepoint "ICBufferFull", Time since last: 735119474 ns, Reaching safepoint: 16411 ns, Cleanup: 133326 ns, At safepoint: 11552 ns, Total: 161289 ns
[2026-09-29T20:23:42.490-0400][33.784s][info][safepoint   ] Safepoint "Cleanup", Time since last: 1186069831 ns, Reaching safepoint: 15431 ns, Cleanup: 703066 ns, At safepoint: 75672 ns, Total: 794169 ns
[2026-09-29T20:23:43.844-0400][35.138s][info][safepoint   ] Safepoint "ICBufferFull", Time since last: 1353678145 ns, Reaching safepoint: 14509 ns, Cleanup: 133051 ns, At safepoint: 6318 ns, Total: 153878 ns
[2026-09-29T20:23:44.815-0400][36.109s][info][safepoint   ] Safepoint "ICBufferFull", Time since last: 971161482 ns, Reaching safepoint: 15919 ns, Cleanup: 182241 ns, At safepoint: 7559 ns, Total: 205719 ns
[2026-09-29T20:23:45.864-0400][37.158s][info][safepoint   ] Safepoint "Cleanup", Time since last: 1048881536 ns, Reaching safepoint: 6427 ns, Cleanup: 96570 ns, At safepoint: 34377 ns, Total: 137374 ns
[2026-09-29T20:23:46.812-0400][38.106s][info][safepoint   ] Safepoint "ICBufferFull", Time since last: 947315450 ns, Reaching safepoint: 19060 ns, Cleanup: 215258 ns, At safepoint: 9398 ns, Total: 243716 ns
[2026-09-29T20:23:47.812-0400][39.106s][info][safepoint   ] Safepoint "Cleanup", Time since last: 1000282097 ns, Reaching safepoint: 18459 ns, Cleanup: 201229 ns, At safepoint: 34449 ns, Total: 254137 ns
[2026-09-29T20:23:48.728-0400][40.022s][info][safepoint   ] Safepoint "ICBufferFull", Time since last: 915384125 ns, Reaching safepoint: 17544 ns, Cleanup: 269645 ns, At safepoint: 45610 ns, Total: 332799 ns
[2026-09-29T20:23:49.013-0400][40.306s][info][safepoint   ] Safepoint "ICBufferFull", Time since last: 284184331 ns, Reaching safepoint: 60362 ns, Cleanup: 227461 ns, At safepoint: 62800 ns, Total: 350623 ns
[2026-09-29T20:23:49.244-0400][40.538s][info][gc,start    ] GC(30) Pause Young (Normal) (G1 Evacuation Pause)
[2026-09-29T20:23:49.244-0400][40.538s][info][gc,task     ] GC(30) Using 7 workers of 8 for evacuation
[2026-09-29T20:23:49.326-0400][40.620s][info][gc,phases   ] GC(30)   Pre Evacuate Collection Set: 0.57ms
[2026-09-29T20:23:49.326-0400][40.620s][info][gc,phases   ] GC(30)   Merge Heap Roots: 0.44ms
[2026-09-29T20:23:49.326-0400][40.620s][info][gc,phases   ] GC(30)   Evacuate Collection Set: 49.70ms
[2026-09-29T20:23:49.326-0400][40.620s][info][gc,phases   ] GC(30)   Post Evacuate Collection Set: 30.59ms
[2026-09-29T20:23:49.326-0400][40.620s][info][gc,phases   ] GC(30)   Other: 0.33ms
[2026-09-29T20:23:49.326-0400][40.620s][info][gc,heap     ] GC(30) Eden regions: 79->0(71)
[2026-09-29T20:23:49.326-0400][40.620s][info][gc,heap     ] GC(30) Survivor regions: 3->11(11)
[2026-09-29T20:23:49.326-0400][40.620s][info][gc,heap     ] GC(30) Old regions: 36->36
[2026-09-29T20:23:49.326-0400][40.620s][info][gc,heap     ] GC(30) Archive regions: 2->2
[2026-09-29T20:23:49.326-0400][40.620s][info][gc,heap     ] GC(30) Humongous regions: 2->2
[2026-09-29T20:23:49.326-0400][40.620s][info][gc,metaspace] GC(30) Metaspace: 104458K(107328K)->104458K(107328K) NonClass: 92537K(94272K)->92537K(94272K) Class: 11920K(13056K)->11920K(13056K)
[2026-09-29T20:23:49.326-0400][40.620s][info][gc          ] GC(30) Pause Young (Normal) (G1 Evacuation Pause) 240M->97M(314M) 81.858ms
[2026-09-29T20:23:49.326-0400][40.620s][info][gc,cpu      ] GC(30) User=0.23s Sys=0.18s Real=0.08s
[2026-09-29T20:23:49.326-0400][40.620s][info][safepoint   ] Safepoint "G1CollectForAllocation", Time since last: 231442992 ns, Reaching safepoint: 16216 ns, Cleanup: 111642 ns, At safepoint: 82130265 ns, Total: 82258123 ns
[2026-09-29T20:23:50.621-0400][41.915s][info][safepoint   ] Safepoint "Cleanup", Time since last: 1294320779 ns, Reaching safepoint: 228395 ns, Cleanup: 393141 ns, At safepoint: 70253 ns, Total: 691789 ns
[2026-09-29T20:23:52.316-0400][43.610s][info][safepoint   ] Safepoint "Cleanup", Time since last: 1694124090 ns, Reaching safepoint: 409774 ns, Cleanup: 334353 ns, At safepoint: 11981 ns, Total: 756108 ns
[2026-09-29T20:23:53.296-0400][44.590s][info][gc,start    ] GC(31) Pause Young (Normal) (G1 Evacuation Pause)
[2026-09-29T20:23:53.296-0400][44.590s][info][gc,task     ] GC(31) Using 7 workers of 8 for evacuation
[2026-09-29T20:23:53.363-0400][44.657s][info][gc,phases   ] GC(31)   Pre Evacuate Collection Set: 0.25ms
[2026-09-29T20:23:53.363-0400][44.657s][info][gc,phases   ] GC(31)   Merge Heap Roots: 0.18ms
[2026-09-29T20:23:53.363-0400][44.657s][info][gc,phases   ] GC(31)   Evacuate Collection Set: 43.21ms
[2026-09-29T20:23:53.363-0400][44.657s][info][gc,phases   ] GC(31)   Post Evacuate Collection Set: 23.43ms
[2026-09-29T20:23:53.363-0400][44.657s][info][gc,phases   ] GC(31)   Other: 0.22ms
[2026-09-29T20:23:53.363-0400][44.657s][info][gc,heap     ] GC(31) Eden regions: 71->0(71)
[2026-09-29T20:23:53.363-0400][44.657s][info][gc,heap     ] GC(31) Survivor regions: 11->5(11)
[2026-09-29T20:23:53.363-0400][44.657s][info][gc,heap     ] GC(31) Old regions: 36->43
[2026-09-29T20:23:53.363-0400][44.657s][info][gc,heap     ] GC(31) Archive regions: 2->2
[2026-09-29T20:23:53.363-0400][44.657s][info][gc,heap     ] GC(31) Humongous regions: 2->2
[2026-09-29T20:23:53.364-0400][44.657s][info][gc,metaspace] GC(31) Metaspace: 116513K(119488K)->116513K(119488K) NonClass: 102778K(104512K)->102778K(104512K) Class: 13735K(14976K)->13735K(14976K)
[2026-09-29T20:23:53.364-0400][44.657s][info][gc          ] GC(31) Pause Young (Normal) (G1 Evacuation Pause) 239M->100M(314M) 67.407ms
[2026-09-29T20:23:53.364-0400][44.657s][info][gc,cpu      ] GC(31) User=0.34s Sys=0.04s Real=0.07s
[2026-09-29T20:23:53.364-0400][44.658s][info][safepoint   ] Safepoint "G1CollectForAllocation", Time since last: 979443165 ns, Reaching safepoint: 98755 ns, Cleanup: 420289 ns, At safepoint: 67614736 ns, Total: 68133780 ns
[2026-09-29T20:23:53.736-0400][45.030s][info][safepoint   ] Safepoint "ICBufferFull", Time since last: 369058581 ns, Reaching safepoint: 3244708 ns, Cleanup: 213770 ns, At safepoint: 81025 ns, Total: 3539503 ns
[2026-09-29T20:23:54.931-0400][46.225s][info][safepoint   ] Safepoint "Cleanup", Time since last: 1194556231 ns, Reaching safepoint: 8809 ns, Cleanup: 354599 ns, At safepoint: 66741 ns, Total: 430149 ns
[2026-09-29T20:23:56.682-0400][47.976s][info][safepoint   ] Safepoint "Cleanup", Time since last: 1733744654 ns, Reaching safepoint: 244219 ns, Cleanup: 403549 ns, At safepoint: 16423005 ns, Total: 17070773 ns
[2026-09-29T20:23:57.377-0400][48.671s][info][gc,start    ] GC(32) Pause Young (Concurrent Start) (Metadata GC Threshold)
[2026-09-29T20:23:57.377-0400][48.671s][info][gc,task     ] GC(32) Using 7 workers of 8 for evacuation
[2026-09-29T20:23:57.385-0400][48.679s][info][gc,phases   ] GC(32)   Pre Evacuate Collection Set: 0.38ms
[2026-09-29T20:23:57.385-0400][48.679s][info][gc,phases   ] GC(32)   Merge Heap Roots: 0.15ms
[2026-09-29T20:23:57.385-0400][48.679s][info][gc,phases   ] GC(32)   Evacuate Collection Set: 5.57ms
[2026-09-29T20:23:57.385-0400][48.679s][info][gc,phases   ] GC(32)   Post Evacuate Collection Set: 2.13ms
[2026-09-29T20:23:57.385-0400][48.679s][info][gc,phases   ] GC(32)   Other: 0.25ms
[2026-09-29T20:23:57.385-0400][48.679s][info][gc,heap     ] GC(32) Eden regions: 59->0(72)
[2026-09-29T20:23:57.385-0400][48.679s][info][gc,heap     ] GC(32) Survivor regions: 5->6(10)
[2026-09-29T20:23:57.386-0400][48.679s][info][gc,heap     ] GC(32) Old regions: 43->43
[2026-09-29T20:23:57.386-0400][48.679s][info][gc,heap     ] GC(32) Archive regions: 2->2
[2026-09-29T20:23:57.386-0400][48.679s][info][gc,heap     ] GC(32) Humongous regions: 2->2
[2026-09-29T20:23:57.386-0400][48.679s][info][gc,metaspace] GC(32) Metaspace: 127873K(131200K)->127873K(131200K) NonClass: 112916K(114880K)->112916K(114880K) Class: 14956K(16320K)->14956K(16320K)
[2026-09-29T20:23:57.386-0400][48.679s][info][gc          ] GC(32) Pause Young (Concurrent Start) (Metadata GC Threshold) 218M->101M(314M) 8.643ms
[2026-09-29T20:23:57.386-0400][48.679s][info][gc,cpu      ] GC(32) User=0.04s Sys=0.01s Real=0.01s
[2026-09-29T20:23:57.386-0400][48.680s][info][gc          ] GC(33) Concurrent Mark Cycle
[2026-09-29T20:23:57.386-0400][48.680s][info][gc,marking  ] GC(33) Concurrent Clear Claimed Marks
[2026-09-29T20:23:57.386-0400][48.680s][info][safepoint   ] Safepoint "CollectForMetadataAllocation", Time since last: 694592130 ns, Reaching safepoint: 126879 ns, Cleanup: 48392 ns, At safepoint: 8925728 ns, Total: 9100999 ns
[2026-09-29T20:23:57.386-0400][48.680s][info][gc,marking  ] GC(33) Concurrent Clear Claimed Marks 0.163ms
[2026-09-29T20:23:57.386-0400][48.680s][info][gc,marking  ] GC(33) Concurrent Scan Root Regions
[2026-09-29T20:23:57.394-0400][48.688s][info][gc,marking  ] GC(33) Concurrent Scan Root Regions 7.972ms
[2026-09-29T20:23:57.394-0400][48.688s][info][gc,marking  ] GC(33) Concurrent Mark
[2026-09-29T20:23:57.394-0400][48.688s][info][gc,marking  ] GC(33) Concurrent Mark From Roots
[2026-09-29T20:23:57.394-0400][48.688s][info][gc,task     ] GC(33) Using 2 workers of 2 for marking
[2026-09-29T20:23:57.515-0400][48.809s][info][gc,marking  ] GC(33) Concurrent Mark From Roots 120.849ms
[2026-09-29T20:23:57.515-0400][48.809s][info][gc,marking  ] GC(33) Concurrent Preclean
[2026-09-29T20:23:57.516-0400][48.810s][info][gc,marking  ] GC(33) Concurrent Preclean 1.098ms
[2026-09-29T20:23:57.516-0400][48.810s][info][gc,start    ] GC(33) Pause Remark
[2026-09-29T20:23:57.542-0400][48.836s][info][gc          ] GC(33) Pause Remark 104M->102M(314M) 26.075ms
[2026-09-29T20:23:57.543-0400][48.836s][info][gc,cpu      ] GC(33) User=0.12s Sys=0.01s Real=0.03s
[2026-09-29T20:23:57.543-0400][48.837s][info][safepoint   ] Safepoint "G1PauseRemark", Time since last: 130308771 ns, Reaching safepoint: 239601 ns, Cleanup: 37216 ns, At safepoint: 26360166 ns, Total: 26636983 ns
[2026-09-29T20:23:57.543-0400][48.837s][info][gc,marking  ] GC(33) Concurrent Mark 148.945ms
[2026-09-29T20:23:57.543-0400][48.837s][info][gc,marking  ] GC(33) Concurrent Rebuild Remembered Sets
[2026-09-29T20:23:57.632-0400][48.926s][info][gc,marking  ] GC(33) Concurrent Rebuild Remembered Sets 88.725ms
[2026-09-29T20:23:57.646-0400][48.940s][info][gc,start    ] GC(33) Pause Cleanup
[2026-09-29T20:23:57.647-0400][48.941s][info][gc          ] GC(33) Pause Cleanup 104M->104M(314M) 0.237ms
[2026-09-29T20:23:57.647-0400][48.941s][info][gc,cpu      ] GC(33) User=0.00s Sys=0.00s Real=0.00s
[2026-09-29T20:23:57.647-0400][48.941s][info][safepoint   ] Safepoint "G1PauseCleanup", Time since last: 89005873 ns, Reaching safepoint: 14611560 ns, Cleanup: 39061 ns, At safepoint: 467054 ns, Total: 15117675 ns
[2026-09-29T20:23:57.649-0400][48.943s][info][gc,marking  ] GC(33) Concurrent Cleanup for Next Mark
[2026-09-29T20:23:57.656-0400][48.949s][info][gc,marking  ] GC(33) Concurrent Cleanup for Next Mark 6.481ms
[2026-09-29T20:23:57.656-0400][48.950s][info][gc          ] GC(33) Concurrent Mark Cycle 269.964ms
[2026-09-29T20:23:58.004-0400][49.298s][info][safepoint   ] Safepoint "RedefineClasses", Time since last: 200751266 ns, Reaching safepoint: 6748500 ns, Cleanup: 90496 ns, At safepoint: 149949111 ns, Total: 156788107 ns
[2026-09-29T20:23:58.073-0400][49.367s][info][safepoint   ] Safepoint "JFRCheckpoint", Time since last: 68569675 ns, Reaching safepoint: 18660 ns, Cleanup: 66930 ns, At safepoint: 69548 ns, Total: 155138 ns
[2026-09-29T20:23:58.080-0400][49.374s][info][safepoint   ] Safepoint "JFROldObject", Time since last: 6995545 ns, Reaching safepoint: 20226 ns, Cleanup: 8399 ns, At safepoint: 66923 ns, Total: 95548 ns
[2026-09-29T20:23:58.259-0400][49.553s][info][safepoint   ] Safepoint "RedefineClasses", Time since last: 7062205 ns, Reaching safepoint: 21383 ns, Cleanup: 8047 ns, At safepoint: 171873659 ns, Total: 171903089 ns
[2026-09-29T20:23:58.273-0400][49.567s][info][safepoint   ] Safepoint "ClassLoaderStatsOperation", Time since last: 5949256 ns, Reaching safepoint: 21021 ns, Cleanup: 7684 ns, At safepoint: 7967118 ns, Total: 7995823 ns
[2026-09-29T20:24:00.048-0400][51.342s][info][safepoint   ] Safepoint "Cleanup", Time since last: 1774500440 ns, Reaching safepoint: 9759 ns, Cleanup: 119224 ns, At safepoint: 36605 ns, Total: 165588 ns
[2026-09-29T20:24:00.423-0400][51.717s][info][safepoint   ] Safepoint "ICBufferFull", Time since last: 374874195 ns, Reaching safepoint: 23240 ns, Cleanup: 136479 ns, At safepoint: 36146 ns, Total: 195865 ns
[2026-09-29T20:24:00.818-0400][52.111s][info][safepoint   ] Safepoint "ICBufferFull", Time since last: 394540749 ns, Reaching safepoint: 19436 ns, Cleanup: 131415 ns, At safepoint: 7299 ns, Total: 158150 ns
[2026-09-29T20:24:01.253-0400][52.547s][info][safepoint   ] Safepoint "ICBufferFull", Time since last: 434618441 ns, Reaching safepoint: 20026 ns, Cleanup: 713981 ns, At safepoint: 22832 ns, Total: 756839 ns
[2026-09-29T20:24:02.071-0400][53.365s][info][safepoint   ] Safepoint "ICBufferFull", Time since last: 812427063 ns, Reaching safepoint: 4833343 ns, Cleanup: 606811 ns, At safepoint: 162862 ns, Total: 5603016 ns
[2026-09-29T20:24:03.071-0400][54.365s][info][safepoint   ] Safepoint "Cleanup", Time since last: 1000228794 ns, Reaching safepoint: 29718 ns, Cleanup: 183720 ns, At safepoint: 18274 ns, Total: 231712 ns
[2026-09-29T20:24:04.072-0400][55.366s][info][safepoint   ] Safepoint "Cleanup", Time since last: 1000292331 ns, Reaching safepoint: 81067 ns, Cleanup: 187090 ns, At safepoint: 13395 ns, Total: 281552 ns
[2026-09-29T20:24:05.072-0400][56.366s][info][safepoint   ] Safepoint "Cleanup", Time since last: 1000240396 ns, Reaching safepoint: 19296 ns, Cleanup: 36742 ns, At safepoint: 4659 ns, Total: 60697 ns
[2026-09-29T20:24:06.073-0400][57.366s][info][safepoint   ] Safepoint "Cleanup", Time since last: 1000177486 ns, Reaching safepoint: 22974 ns, Cleanup: 22240 ns, At safepoint: 4824 ns, Total: 50038 ns
[2026-09-29T20:24:08.078-0400][59.372s][info][safepoint   ] Safepoint "ClassLoaderStatsOperation", Time since last: 2001830930 ns, Reaching safepoint: 15633 ns, Cleanup: 12727 ns, At safepoint: 4072263 ns, Total: 4100623 ns
[2026-09-29T20:24:08.084-0400][59.378s][info][safepoint   ] Safepoint "JFRCheckpoint", Time since last: 5274642 ns, Reaching safepoint: 22550 ns, Cleanup: 8562 ns, At safepoint: 145979 ns, Total: 177091 ns
[2026-09-29T20:24:08.095-0400][59.389s][info][safepoint   ] Safepoint "JFROldObject", Time since last: 10989497 ns, Reaching safepoint: 14910 ns, Cleanup: 4673 ns, At safepoint: 140775 ns, Total: 160358 ns
[2026-09-29T20:24:09.729-0400][61.023s][info][safepoint   ] Safepoint "Cleanup", Time since last: 1634022302 ns, Reaching safepoint: 21956 ns, Cleanup: 112107 ns, At safepoint: 8358 ns, Total: 142421 ns
[2026-09-29T20:24:10.730-0400][62.024s][info][safepoint   ] Safepoint "Cleanup", Time since last: 1000363211 ns, Reaching safepoint: 27644 ns, Cleanup: 15126 ns, At safepoint: 3794 ns, Total: 46564 ns
[2026-09-29T20:24:11.730-0400][63.024s][info][safepoint   ] Safepoint "Cleanup", Time since last: 1000290113 ns, Reaching safepoint: 21479 ns, Cleanup: 44571 ns, At safepoint: 4413 ns, Total: 70463 ns
[2026-09-29T20:24:12.730-0400][64.024s][info][safepoint   ] Safepoint "Cleanup", Time since last: 1000235777 ns, Reaching safepoint: 22413 ns, Cleanup: 44204 ns, At safepoint: 125958 ns, Total: 192575 ns
[2026-09-29T20:24:13.603-0400][64.897s][info][gc,start    ] GC(34) Pause Young (Prepare Mixed) (G1 Evacuation Pause)
[2026-09-29T20:24:13.603-0400][64.897s][info][gc,task     ] GC(34) Using 8 workers of 8 for evacuation
[2026-09-29T20:24:13.611-0400][64.905s][info][gc,phases   ] GC(34)   Pre Evacuate Collection Set: 0.31ms
[2026-09-29T20:24:13.611-0400][64.905s][info][gc,phases   ] GC(34)   Merge Heap Roots: 0.20ms
[2026-09-29T20:24:13.611-0400][64.905s][info][gc,phases   ] GC(34)   Evacuate Collection Set: 5.34ms
[2026-09-29T20:24:13.611-0400][64.905s][info][gc,phases   ] GC(34)   Post Evacuate Collection Set: 2.23ms
[2026-09-29T20:24:13.611-0400][64.905s][info][gc,phases   ] GC(34)   Other: 0.18ms
[2026-09-29T20:24:13.611-0400][64.905s][info][gc,heap     ] GC(34) Eden regions: 72->0(1)
[2026-09-29T20:24:13.611-0400][64.905s][info][gc,heap     ] GC(34) Survivor regions: 6->7(10)
[2026-09-29T20:24:13.611-0400][64.905s][info][gc,heap     ] GC(34) Old regions: 42->42
[2026-09-29T20:24:13.611-0400][64.905s][info][gc,heap     ] GC(34) Archive regions: 2->2
[2026-09-29T20:24:13.611-0400][64.905s][info][gc,heap     ] GC(34) Humongous regions: 2->2
[2026-09-29T20:24:13.611-0400][64.905s][info][gc,metaspace] GC(34) Metaspace: 134322K(137856K)->134322K(137856K) NonClass: 118674K(120768K)->118674K(120768K) Class: 15648K(17088K)->15648K(17088K)
[2026-09-29T20:24:13.611-0400][64.905s][info][gc          ] GC(34) Pause Young (Prepare Mixed) (G1 Evacuation Pause) 243M->103M(314M) 8.328ms
[2026-09-29T20:24:13.611-0400][64.905s][info][gc,cpu      ] GC(34) User=0.04s Sys=0.00s Real=0.00s
[2026-09-29T20:24:13.611-0400][64.905s][info][safepoint   ] Safepoint "G1CollectForAllocation", Time since last: 872231386 ns, Reaching safepoint: 18108 ns, Cleanup: 126286 ns, At safepoint: 8516741 ns, Total: 8661135 ns
[2026-09-29T20:24:13.618-0400][64.912s][info][gc,start    ] GC(35) Pause Young (Mixed) (G1 Evacuation Pause)
[2026-09-29T20:24:13.618-0400][64.912s][info][gc,task     ] GC(35) Using 8 workers of 8 for evacuation
[2026-09-29T20:24:13.628-0400][64.922s][info][gc,phases   ] GC(35)   Pre Evacuate Collection Set: 0.23ms
[2026-09-29T20:24:13.628-0400][64.922s][info][gc,phases   ] GC(35)   Merge Heap Roots: 0.21ms
[2026-09-29T20:24:13.628-0400][64.922s][info][gc,phases   ] GC(35)   Evacuate Collection Set: 9.10ms
[2026-09-29T20:24:13.628-0400][64.922s][info][gc,phases   ] GC(35)   Post Evacuate Collection Set: 0.95ms
[2026-09-29T20:24:13.628-0400][64.922s][info][gc,phases   ] GC(35)   Other: 0.16ms
[2026-09-29T20:24:13.628-0400][64.922s][info][gc,heap     ] GC(35) Eden regions: 1->0(74)
[2026-09-29T20:24:13.628-0400][64.922s][info][gc,heap     ] GC(35) Survivor regions: 7->1(1)
[2026-09-29T20:24:13.628-0400][64.922s][info][gc,heap     ] GC(35) Old regions: 42->47
[2026-09-29T20:24:13.628-0400][64.922s][info][gc,heap     ] GC(35) Archive regions: 2->2
[2026-09-29T20:24:13.628-0400][64.922s][info][gc,heap     ] GC(35) Humongous regions: 2->2
[2026-09-29T20:24:13.628-0400][64.922s][info][gc,metaspace] GC(35) Metaspace: 134325K(137856K)->134325K(137856K) NonClass: 118677K(120768K)->118677K(120768K) Class: 15648K(17088K)->15648K(17088K)
[2026-09-29T20:24:13.628-0400][64.922s][info][gc          ] GC(35) Pause Young (Mixed) (G1 Evacuation Pause) 105M->100M(314M) 10.710ms
[2026-09-29T20:24:13.628-0400][64.922s][info][gc,cpu      ] GC(35) User=0.07s Sys=0.01s Real=0.01s
[2026-09-29T20:24:13.629-0400][64.922s][info][safepoint   ] Safepoint "G1CollectForAllocation", Time since last: 6358542 ns, Reaching safepoint: 13507 ns, Cleanup: 9810 ns, At safepoint: 10845565 ns, Total: 10868882 ns
[2026-09-29T20:24:14.140-0400][65.434s][info][safepoint   ] Safepoint "ICBufferFull", Time since last: 510962074 ns, Reaching safepoint: 176977 ns, Cleanup: 265331 ns, At safepoint: 152315 ns, Total: 594623 ns
[2026-09-29T20:24:14.375-0400][65.669s][info][gc,heap,exit] Heap
[2026-09-29T20:24:14.375-0400][65.669s][info][gc,heap,exit]  garbage-first heap   total 321536K, used 156955K [0x0000000709400000, 0x0000000800000000)
[2026-09-29T20:24:14.375-0400][65.669s][info][gc,heap,exit]   region size 2048K, 28 young (57344K), 1 survivors (2048K)
[2026-09-29T20:24:14.375-0400][65.669s][info][gc,heap,exit]  Metaspace       used 134707K, committed 138176K, reserved 1179648K
[2026-09-29T20:24:14.375-0400][65.669s][info][gc,heap,exit]   class space    used 15672K, committed 17088K, reserved 1048576K
