[2026-09-29T20:23:08.724-0400][0.005s][info][gc] Using G1
[2026-09-29T20:23:08.728-0400][0.009s][info][gc,init] Version: 17.0.18+8-LTS (release)
[2026-09-29T20:23:08.728-0400][0.009s][info][gc,init] CPUs: 8 total, 8 available
[2026-09-29T20:23:08.728-0400][0.009s][info][gc,init] Memory: 15788M
[2026-09-29T20:23:08.728-0400][0.009s][info][gc,init] Large Page Support: Disabled
[2026-09-29T20:23:08.728-0400][0.009s][info][gc,init] NUMA Support: Disabled
[2026-09-29T20:23:08.728-0400][0.009s][info][gc,init] Compressed Oops: Enabled (Zero based)
[2026-09-29T20:23:08.728-0400][0.009s][info][gc,init] Heap Region Size: 2M
[2026-09-29T20:23:08.728-0400][0.009s][info][gc,init] Heap Min Capacity: 8M
[2026-09-29T20:23:08.728-0400][0.009s][info][gc,init] Heap Initial Capacity: 248M
[2026-09-29T20:23:08.728-0400][0.009s][info][gc,init] Heap Max Capacity: 3948M
[2026-09-29T20:23:08.728-0400][0.009s][info][gc,init] Pre-touch: Disabled
[2026-09-29T20:23:08.728-0400][0.009s][info][gc,init] Parallel Workers: 8
[2026-09-29T20:23:08.728-0400][0.009s][info][gc,init] Concurrent Workers: 2
[2026-09-29T20:23:08.728-0400][0.009s][info][gc,init] Concurrent Refinement Workers: 8
[2026-09-29T20:23:08.728-0400][0.009s][info][gc,init] Periodic GC: Disabled
[2026-09-29T20:23:08.743-0400][0.024s][info][gc,metaspace] CDS archive(s) mapped at: [0x00007f1cbb000000-0x00007f1cbbbc7000-0x00007f1cbbbc7000), size 12349440, SharedBaseAddress: 0x00007f1cbb000000, ArchiveRelocationMode: 1.
[2026-09-29T20:23:08.743-0400][0.024s][info][gc,metaspace] Compressed class space mapped at: 0x00007f1cbc000000-0x00007f1cfc000000, reserved size: 1073741824
[2026-09-29T20:23:08.743-0400][0.024s][info][gc,metaspace] Narrow klass base: 0x00007f1cbb000000, Narrow klass shift: 0, Narrow klass range: 0x100000000
[2026-09-29T20:23:09.780-0400][1.061s][info][safepoint   ] Safepoint "Cleanup", Time since last: 1000175655 ns, Reaching safepoint: 12473368 ns, Cleanup: 52202 ns, At safepoint: 139261 ns, Total: 12664831 ns
[2026-09-29T20:23:54.410-0400][45.692s][info][gc,heap,exit] Heap
[2026-09-29T20:23:54.411-0400][45.692s][info][gc,heap,exit]  garbage-first heap   total 258048K, used 6068K [0x0000000709400000, 0x0000000800000000)
[2026-09-29T20:23:54.411-0400][45.692s][info][gc,heap,exit]   region size 2048K, 2 young (4096K), 0 survivors (0K)
[2026-09-29T20:23:54.411-0400][45.692s][info][gc,heap,exit]  Metaspace       used 1846K, committed 1984K, reserved 1114112K
[2026-09-29T20:23:54.411-0400][45.692s][info][gc,heap,exit]   class space    used 185K, committed 256K, reserved 1048576K
