[2026-09-29T22:33:21.061-0400][0.003s][info][gc] Using G1
[2026-09-29T22:33:21.063-0400][0.005s][info][gc,init] Version: 17.0.18+8-LTS (release)
[2026-09-29T22:33:21.063-0400][0.005s][info][gc,init] CPUs: 8 total, 8 available
[2026-09-29T22:33:21.063-0400][0.005s][info][gc,init] Memory: 15788M
[2026-09-29T22:33:21.063-0400][0.005s][info][gc,init] Large Page Support: Disabled
[2026-09-29T22:33:21.063-0400][0.005s][info][gc,init] NUMA Support: Disabled
[2026-09-29T22:33:21.063-0400][0.005s][info][gc,init] Compressed Oops: Enabled (Zero based)
[2026-09-29T22:33:21.063-0400][0.005s][info][gc,init] Heap Region Size: 2M
[2026-09-29T22:33:21.063-0400][0.005s][info][gc,init] Heap Min Capacity: 8M
[2026-09-29T22:33:21.063-0400][0.005s][info][gc,init] Heap Initial Capacity: 248M
[2026-09-29T22:33:21.063-0400][0.005s][info][gc,init] Heap Max Capacity: 3948M
[2026-09-29T22:33:21.063-0400][0.005s][info][gc,init] Pre-touch: Disabled
[2026-09-29T22:33:21.063-0400][0.005s][info][gc,init] Parallel Workers: 8
[2026-09-29T22:33:21.063-0400][0.005s][info][gc,init] Concurrent Workers: 2
[2026-09-29T22:33:21.063-0400][0.005s][info][gc,init] Concurrent Refinement Workers: 8
[2026-09-29T22:33:21.063-0400][0.005s][info][gc,init] Periodic GC: Disabled
[2026-09-29T22:33:21.071-0400][0.013s][info][gc,metaspace] CDS archive(s) mapped at: [0x000070bfcf000000-0x000070bfcfbc7000-0x000070bfcfbc7000), size 12349440, SharedBaseAddress: 0x000070bfcf000000, ArchiveRelocationMode: 1.
[2026-09-29T22:33:21.071-0400][0.013s][info][gc,metaspace] Compressed class space mapped at: 0x000070bfd0000000-0x000070c010000000, reserved size: 1073741824
[2026-09-29T22:33:21.071-0400][0.013s][info][gc,metaspace] Narrow klass base: 0x000070bfcf000000, Narrow klass shift: 0, Narrow klass range: 0x100000000
[2026-09-29T22:33:21.408-0400][0.350s][info][safepoint   ] Safepoint "ClassLoaderStatsOperation", Time since last: 331417297 ns, Reaching safepoint: 30584 ns, Cleanup: 36416 ns, At safepoint: 176968 ns, Total: 243968 ns
[2026-09-29T22:33:23.010-0400][1.952s][info][gc,heap,exit] Heap
[2026-09-29T22:33:23.010-0400][1.952s][info][gc,heap,exit]  garbage-first heap   total 258048K, used 6985K [0x0000000709400000, 0x0000000800000000)
[2026-09-29T22:33:23.010-0400][1.952s][info][gc,heap,exit]   region size 2048K, 3 young (6144K), 0 survivors (0K)
[2026-09-29T22:33:23.010-0400][1.952s][info][gc,heap,exit]  Metaspace       used 1854K, committed 2048K, reserved 1114112K
[2026-09-29T22:33:23.010-0400][1.952s][info][gc,heap,exit]   class space    used 186K, committed 256K, reserved 1048576K
