[2026-09-29T22:32:38.230-0400][0.004s][info][gc] Using G1
[2026-09-29T22:32:38.235-0400][0.010s][info][gc,init] Version: 17.0.18+8-LTS (release)
[2026-09-29T22:32:38.235-0400][0.010s][info][gc,init] CPUs: 8 total, 8 available
[2026-09-29T22:32:38.235-0400][0.010s][info][gc,init] Memory: 15788M
[2026-09-29T22:32:38.235-0400][0.010s][info][gc,init] Large Page Support: Disabled
[2026-09-29T22:32:38.235-0400][0.010s][info][gc,init] NUMA Support: Disabled
[2026-09-29T22:32:38.235-0400][0.010s][info][gc,init] Compressed Oops: Enabled (Zero based)
[2026-09-29T22:32:38.235-0400][0.010s][info][gc,init] Heap Region Size: 2M
[2026-09-29T22:32:38.235-0400][0.010s][info][gc,init] Heap Min Capacity: 8M
[2026-09-29T22:32:38.235-0400][0.010s][info][gc,init] Heap Initial Capacity: 248M
[2026-09-29T22:32:38.235-0400][0.010s][info][gc,init] Heap Max Capacity: 3948M
[2026-09-29T22:32:38.235-0400][0.010s][info][gc,init] Pre-touch: Disabled
[2026-09-29T22:32:38.235-0400][0.010s][info][gc,init] Parallel Workers: 8
[2026-09-29T22:32:38.235-0400][0.010s][info][gc,init] Concurrent Workers: 2
[2026-09-29T22:32:38.235-0400][0.010s][info][gc,init] Concurrent Refinement Workers: 8
[2026-09-29T22:32:38.235-0400][0.010s][info][gc,init] Periodic GC: Disabled
[2026-09-29T22:32:38.243-0400][0.018s][info][gc,metaspace] CDS archive(s) mapped at: [0x0000725607000000-0x0000725607bc7000-0x0000725607bc7000), size 12349440, SharedBaseAddress: 0x0000725607000000, ArchiveRelocationMode: 1.
[2026-09-29T22:32:38.243-0400][0.018s][info][gc,metaspace] Compressed class space mapped at: 0x0000725608000000-0x0000725648000000, reserved size: 1073741824
[2026-09-29T22:32:38.243-0400][0.018s][info][gc,metaspace] Narrow klass base: 0x0000725607000000, Narrow klass shift: 0, Narrow klass range: 0x100000000
[2026-09-29T22:32:38.713-0400][0.488s][info][safepoint   ] Safepoint "ClassLoaderStatsOperation", Time since last: 464117086 ns, Reaching safepoint: 5516 ns, Cleanup: 36506 ns, At safepoint: 177692 ns, Total: 219714 ns
[2026-09-29T22:32:44.132-0400][5.907s][info][safepoint   ] Safepoint "ClassLoaderStatsOperation", Time since last: 5418705916 ns, Reaching safepoint: 6203 ns, Cleanup: 6499 ns, At safepoint: 292122 ns, Total: 304824 ns
[2026-09-29T22:33:05.105-0400][26.880s][info][gc,heap,exit] Heap
[2026-09-29T22:33:05.105-0400][26.880s][info][gc,heap,exit]  garbage-first heap   total 258048K, used 6084K [0x0000000709400000, 0x0000000800000000)
[2026-09-29T22:33:05.105-0400][26.880s][info][gc,heap,exit]   region size 2048K, 3 young (6144K), 0 survivors (0K)
[2026-09-29T22:33:05.105-0400][26.880s][info][gc,heap,exit]  Metaspace       used 1834K, committed 1984K, reserved 1114112K
[2026-09-29T22:33:05.105-0400][26.880s][info][gc,heap,exit]   class space    used 185K, committed 256K, reserved 1048576K
