[2026-09-29T20:25:12.549-0400][0.006s][info][gc] Using G1
[2026-09-29T20:25:12.584-0400][0.041s][info][gc,init] Version: 17.0.18+8-LTS (release)
[2026-09-29T20:25:12.585-0400][0.041s][info][gc,init] CPUs: 8 total, 8 available
[2026-09-29T20:25:12.585-0400][0.041s][info][gc,init] Memory: 15788M
[2026-09-29T20:25:12.585-0400][0.041s][info][gc,init] Large Page Support: Disabled
[2026-09-29T20:25:12.585-0400][0.041s][info][gc,init] NUMA Support: Disabled
[2026-09-29T20:25:12.585-0400][0.041s][info][gc,init] Compressed Oops: Enabled (Zero based)
[2026-09-29T20:25:12.585-0400][0.041s][info][gc,init] Heap Region Size: 2M
[2026-09-29T20:25:12.585-0400][0.042s][info][gc,init] Heap Min Capacity: 8M
[2026-09-29T20:25:12.585-0400][0.042s][info][gc,init] Heap Initial Capacity: 248M
[2026-09-29T20:25:12.585-0400][0.042s][info][gc,init] Heap Max Capacity: 3948M
[2026-09-29T20:25:12.585-0400][0.042s][info][gc,init] Pre-touch: Disabled
[2026-09-29T20:25:12.585-0400][0.042s][info][gc,init] Parallel Workers: 8
[2026-09-29T20:25:12.585-0400][0.042s][info][gc,init] Concurrent Workers: 2
[2026-09-29T20:25:12.585-0400][0.042s][info][gc,init] Concurrent Refinement Workers: 8
[2026-09-29T20:25:12.585-0400][0.042s][info][gc,init] Periodic GC: Disabled
[2026-09-29T20:25:12.622-0400][0.079s][info][gc,metaspace] CDS archive(s) mapped at: [0x000075de67000000-0x000075de67bc7000-0x000075de67bc7000), size 12349440, SharedBaseAddress: 0x000075de67000000, ArchiveRelocationMode: 1.
[2026-09-29T20:25:12.622-0400][0.079s][info][gc,metaspace] Compressed class space mapped at: 0x000075de68000000-0x000075dea8000000, reserved size: 1073741824
[2026-09-29T20:25:12.622-0400][0.079s][info][gc,metaspace] Narrow klass base: 0x000075de67000000, Narrow klass shift: 0, Narrow klass range: 0x100000000
[2026-09-29T20:25:13.387-0400][0.844s][info][safepoint   ] Safepoint "ICBufferFull", Time since last: 754131790 ns, Reaching safepoint: 8856 ns, Cleanup: 484569 ns, At safepoint: 51445 ns, Total: 544870 ns
[2026-09-29T20:25:13.499-0400][0.956s][info][gc,start    ] GC(0) Pause Young (Normal) (G1 Evacuation Pause)
[2026-09-29T20:25:13.500-0400][0.957s][info][gc,task     ] GC(0) Using 6 workers of 8 for evacuation
[2026-09-29T20:25:13.505-0400][0.962s][info][gc,phases   ] GC(0)   Pre Evacuate Collection Set: 0.24ms
[2026-09-29T20:25:13.505-0400][0.962s][info][gc,phases   ] GC(0)   Merge Heap Roots: 0.22ms
[2026-09-29T20:25:13.505-0400][0.962s][info][gc,phases   ] GC(0)   Evacuate Collection Set: 3.31ms
[2026-09-29T20:25:13.505-0400][0.962s][info][gc,phases   ] GC(0)   Post Evacuate Collection Set: 1.21ms
[2026-09-29T20:25:13.505-0400][0.962s][info][gc,phases   ] GC(0)   Other: 1.54ms
[2026-09-29T20:25:13.505-0400][0.962s][info][gc,heap     ] GC(0) Eden regions: 11->0(18)
[2026-09-29T20:25:13.505-0400][0.962s][info][gc,heap     ] GC(0) Survivor regions: 0->2(2)
[2026-09-29T20:25:13.505-0400][0.962s][info][gc,heap     ] GC(0) Old regions: 0->0
[2026-09-29T20:25:13.505-0400][0.962s][info][gc,heap     ] GC(0) Archive regions: 2->2
[2026-09-29T20:25:13.505-0400][0.962s][info][gc,heap     ] GC(0) Humongous regions: 0->0
[2026-09-29T20:25:13.505-0400][0.962s][info][gc,metaspace] GC(0) Metaspace: 7872K(8128K)->7872K(8128K) NonClass: 7001K(7104K)->7001K(7104K) Class: 870K(1024K)->870K(1024K)
[2026-09-29T20:25:13.505-0400][0.962s][info][gc          ] GC(0) Pause Young (Normal) (G1 Evacuation Pause) 23M->5M(252M) 6.584ms
[2026-09-29T20:25:13.505-0400][0.962s][info][gc,cpu      ] GC(0) User=0.01s Sys=0.01s Real=0.01s
[2026-09-29T20:25:13.505-0400][0.962s][info][safepoint   ] Safepoint "G1CollectForAllocation", Time since last: 111423711 ns, Reaching safepoint: 5131 ns, Cleanup: 30452 ns, At safepoint: 6705855 ns, Total: 6741438 ns
[2026-09-29T20:25:13.861-0400][1.318s][info][gc,start    ] GC(1) Pause Young (Normal) (G1 Evacuation Pause)
[2026-09-29T20:25:13.861-0400][1.318s][info][gc,task     ] GC(1) Using 6 workers of 8 for evacuation
[2026-09-29T20:25:13.871-0400][1.328s][info][gc,phases   ] GC(1)   Pre Evacuate Collection Set: 0.43ms
[2026-09-29T20:25:13.871-0400][1.328s][info][gc,phases   ] GC(1)   Merge Heap Roots: 0.23ms
[2026-09-29T20:25:13.871-0400][1.328s][info][gc,phases   ] GC(1)   Evacuate Collection Set: 7.79ms
[2026-09-29T20:25:13.871-0400][1.328s][info][gc,phases   ] GC(1)   Post Evacuate Collection Set: 0.96ms
[2026-09-29T20:25:13.871-0400][1.328s][info][gc,phases   ] GC(1)   Other: 0.19ms
[2026-09-29T20:25:13.871-0400][1.328s][info][gc,heap     ] GC(1) Eden regions: 18->0(73)
[2026-09-29T20:25:13.871-0400][1.328s][info][gc,heap     ] GC(1) Survivor regions: 2->1(3)
[2026-09-29T20:25:13.871-0400][1.328s][info][gc,heap     ] GC(1) Old regions: 0->2
[2026-09-29T20:25:13.871-0400][1.328s][info][gc,heap     ] GC(1) Archive regions: 2->2
[2026-09-29T20:25:13.871-0400][1.328s][info][gc,heap     ] GC(1) Humongous regions: 0->0
[2026-09-29T20:25:13.871-0400][1.328s][info][gc,metaspace] GC(1) Metaspace: 8039K(8320K)->8039K(8320K) NonClass: 7167K(7296K)->7167K(7296K) Class: 872K(1024K)->872K(1024K)
[2026-09-29T20:25:13.871-0400][1.328s][info][gc          ] GC(1) Pause Young (Normal) (G1 Evacuation Pause) 41M->6M(252M) 9.742ms
[2026-09-29T20:25:13.871-0400][1.328s][info][gc,cpu      ] GC(1) User=0.03s Sys=0.01s Real=0.00s
[2026-09-29T20:25:13.871-0400][1.328s][info][safepoint   ] Safepoint "G1CollectForAllocation", Time since last: 355648443 ns, Reaching safepoint: 6648 ns, Cleanup: 36691 ns, At safepoint: 9908969 ns, Total: 9952308 ns
[2026-09-29T20:25:14.460-0400][1.917s][info][safepoint   ] Safepoint "ICBufferFull", Time since last: 587368367 ns, Reaching safepoint: 900928 ns, Cleanup: 240960 ns, At safepoint: 81007 ns, Total: 1222895 ns
[2026-09-29T20:25:15.014-0400][2.471s][info][safepoint   ] Safepoint "ICBufferFull", Time since last: 554151390 ns, Reaching safepoint: 14735 ns, Cleanup: 201260 ns, At safepoint: 61290 ns, Total: 277285 ns
[2026-09-29T20:25:15.417-0400][2.874s][info][safepoint   ] Safepoint "ICBufferFull", Time since last: 403277630 ns, Reaching safepoint: 14036 ns, Cleanup: 97095 ns, At safepoint: 1955 ns, Total: 113086 ns
[2026-09-29T20:25:15.734-0400][3.191s][info][safepoint   ] Safepoint "ICBufferFull", Time since last: 316648355 ns, Reaching safepoint: 9287 ns, Cleanup: 191348 ns, At safepoint: 33916 ns, Total: 234551 ns
[2026-09-29T20:25:15.818-0400][3.274s][info][gc,start    ] GC(2) Pause Young (Normal) (G1 Evacuation Pause)
[2026-09-29T20:25:15.818-0400][3.274s][info][gc,task     ] GC(2) Using 6 workers of 8 for evacuation
[2026-09-29T20:25:15.830-0400][3.287s][info][gc,phases   ] GC(2)   Pre Evacuate Collection Set: 0.20ms
[2026-09-29T20:25:15.830-0400][3.287s][info][gc,phases   ] GC(2)   Merge Heap Roots: 0.18ms
[2026-09-29T20:25:15.830-0400][3.287s][info][gc,phases   ] GC(2)   Evacuate Collection Set: 10.37ms
[2026-09-29T20:25:15.830-0400][3.287s][info][gc,phases   ] GC(2)   Post Evacuate Collection Set: 1.73ms
[2026-09-29T20:25:15.830-0400][3.287s][info][gc,phases   ] GC(2)   Other: 0.16ms
[2026-09-29T20:25:15.830-0400][3.287s][info][gc,heap     ] GC(2) Eden regions: 73->0(68)
[2026-09-29T20:25:15.830-0400][3.287s][info][gc,heap     ] GC(2) Survivor regions: 1->6(10)
[2026-09-29T20:25:15.830-0400][3.287s][info][gc,heap     ] GC(2) Old regions: 2->2
[2026-09-29T20:25:15.830-0400][3.287s][info][gc,heap     ] GC(2) Archive regions: 2->2
[2026-09-29T20:25:15.830-0400][3.287s][info][gc,heap     ] GC(2) Humongous regions: 0->0
[2026-09-29T20:25:15.830-0400][3.287s][info][gc,metaspace] GC(2) Metaspace: 16173K(16576K)->16173K(16576K) NonClass: 14478K(14720K)->14478K(14720K) Class: 1695K(1856K)->1695K(1856K)
[2026-09-29T20:25:15.830-0400][3.287s][info][gc          ] GC(2) Pause Young (Normal) (G1 Evacuation Pause) 152M->15M(252M) 12.712ms
[2026-09-29T20:25:15.830-0400][3.287s][info][gc,cpu      ] GC(2) User=0.06s Sys=0.02s Real=0.01s
[2026-09-29T20:25:15.830-0400][3.287s][info][safepoint   ] Safepoint "G1CollectForAllocation", Time since last: 83129451 ns, Reaching safepoint: 9281 ns, Cleanup: 27958 ns, At safepoint: 12838466 ns, Total: 12875705 ns
[2026-09-29T20:25:17.055-0400][4.512s][info][gc,start    ] GC(3) Pause Young (Normal) (G1 Evacuation Pause)
[2026-09-29T20:25:17.055-0400][4.512s][info][gc,task     ] GC(3) Using 6 workers of 8 for evacuation
[2026-09-29T20:25:17.074-0400][4.531s][info][gc,phases   ] GC(3)   Pre Evacuate Collection Set: 0.26ms
[2026-09-29T20:25:17.074-0400][4.531s][info][gc,phases   ] GC(3)   Merge Heap Roots: 0.19ms
[2026-09-29T20:25:17.074-0400][4.531s][info][gc,phases   ] GC(3)   Evacuate Collection Set: 17.09ms
[2026-09-29T20:25:17.074-0400][4.531s][info][gc,phases   ] GC(3)   Post Evacuate Collection Set: 1.18ms
[2026-09-29T20:25:17.074-0400][4.531s][info][gc,phases   ] GC(3)   Other: 0.25ms
[2026-09-29T20:25:17.074-0400][4.531s][info][gc,heap     ] GC(3) Eden regions: 68->0(68)
[2026-09-29T20:25:17.074-0400][4.531s][info][gc,heap     ] GC(3) Survivor regions: 6->6(10)
[2026-09-29T20:25:17.074-0400][4.531s][info][gc,heap     ] GC(3) Old regions: 2->7
[2026-09-29T20:25:17.074-0400][4.531s][info][gc,heap     ] GC(3) Archive regions: 2->2
[2026-09-29T20:25:17.074-0400][4.531s][info][gc,heap     ] GC(3) Humongous regions: 0->0
[2026-09-29T20:25:17.074-0400][4.531s][info][gc,metaspace] GC(3) Metaspace: 16634K(17024K)->16634K(17024K) NonClass: 14922K(15168K)->14922K(15168K) Class: 1712K(1856K)->1712K(1856K)
[2026-09-29T20:25:17.074-0400][4.531s][info][gc          ] GC(3) Pause Young (Normal) (G1 Evacuation Pause) 151M->25M(252M) 19.114ms
[2026-09-29T20:25:17.074-0400][4.531s][info][gc,cpu      ] GC(3) User=0.10s Sys=0.03s Real=0.02s
[2026-09-29T20:25:17.074-0400][4.531s][info][safepoint   ] Safepoint "G1CollectForAllocation", Time since last: 1224303053 ns, Reaching safepoint: 13166 ns, Cleanup: 110605 ns, At safepoint: 19248443 ns, Total: 19372214 ns
[2026-09-29T20:25:17.462-0400][4.919s][info][safepoint   ] Safepoint "ICBufferFull", Time since last: 387751288 ns, Reaching safepoint: 10988 ns, Cleanup: 119801 ns, At safepoint: 82332 ns, Total: 213121 ns
[2026-09-29T20:25:17.596-0400][5.053s][info][safepoint   ] Safepoint "ICBufferFull", Time since last: 134214870 ns, Reaching safepoint: 9063 ns, Cleanup: 145139 ns, At safepoint: 2590 ns, Total: 156792 ns
[2026-09-29T20:25:17.862-0400][5.318s][info][gc,start    ] GC(4) Pause Young (Normal) (G1 Evacuation Pause)
[2026-09-29T20:25:17.862-0400][5.319s][info][gc,task     ] GC(4) Using 6 workers of 8 for evacuation
[2026-09-29T20:25:17.869-0400][5.326s][info][gc,phases   ] GC(4)   Pre Evacuate Collection Set: 0.26ms
[2026-09-29T20:25:17.869-0400][5.326s][info][gc,phases   ] GC(4)   Merge Heap Roots: 0.24ms
[2026-09-29T20:25:17.869-0400][5.326s][info][gc,phases   ] GC(4)   Evacuate Collection Set: 5.83ms
[2026-09-29T20:25:17.869-0400][5.326s][info][gc,phases   ] GC(4)   Post Evacuate Collection Set: 0.91ms
[2026-09-29T20:25:17.869-0400][5.326s][info][gc,phases   ] GC(4)   Other: 0.22ms
[2026-09-29T20:25:17.869-0400][5.326s][info][gc,heap     ] GC(4) Eden regions: 68->0(67)
[2026-09-29T20:25:17.869-0400][5.326s][info][gc,heap     ] GC(4) Survivor regions: 6->7(10)
[2026-09-29T20:25:17.869-0400][5.326s][info][gc,heap     ] GC(4) Old regions: 7->7
[2026-09-29T20:25:17.869-0400][5.326s][info][gc,heap     ] GC(4) Archive regions: 2->2
[2026-09-29T20:25:17.869-0400][5.326s][info][gc,heap     ] GC(4) Humongous regions: 0->0
[2026-09-29T20:25:17.869-0400][5.326s][info][gc,metaspace] GC(4) Metaspace: 17007K(17344K)->17007K(17344K) NonClass: 15288K(15488K)->15288K(15488K) Class: 1718K(1856K)->1718K(1856K)
[2026-09-29T20:25:17.869-0400][5.326s][info][gc          ] GC(4) Pause Young (Normal) (G1 Evacuation Pause) 161M->28M(252M) 7.524ms
[2026-09-29T20:25:17.869-0400][5.326s][info][gc,cpu      ] GC(4) User=0.04s Sys=0.00s Real=0.00s
[2026-09-29T20:25:17.869-0400][5.326s][info][safepoint   ] Safepoint "G1CollectForAllocation", Time since last: 264683087 ns, Reaching safepoint: 336812 ns, Cleanup: 179925 ns, At safepoint: 7743608 ns, Total: 8260345 ns
[2026-09-29T20:25:18.252-0400][5.709s][info][gc,start    ] GC(5) Pause Young (Normal) (G1 Evacuation Pause)
[2026-09-29T20:25:18.252-0400][5.709s][info][gc,task     ] GC(5) Using 6 workers of 8 for evacuation
[2026-09-29T20:25:18.261-0400][5.717s][info][gc,phases   ] GC(5)   Pre Evacuate Collection Set: 0.19ms
[2026-09-29T20:25:18.261-0400][5.718s][info][gc,phases   ] GC(5)   Merge Heap Roots: 0.19ms
[2026-09-29T20:25:18.261-0400][5.718s][info][gc,phases   ] GC(5)   Evacuate Collection Set: 6.88ms
[2026-09-29T20:25:18.261-0400][5.718s][info][gc,phases   ] GC(5)   Post Evacuate Collection Set: 1.08ms
[2026-09-29T20:25:18.261-0400][5.718s][info][gc,phases   ] GC(5)   Other: 0.21ms
[2026-09-29T20:25:18.261-0400][5.718s][info][gc,heap     ] GC(5) Eden regions: 67->0(69)
[2026-09-29T20:25:18.261-0400][5.718s][info][gc,heap     ] GC(5) Survivor regions: 7->5(10)
[2026-09-29T20:25:18.261-0400][5.718s][info][gc,heap     ] GC(5) Old regions: 7->11
[2026-09-29T20:25:18.261-0400][5.718s][info][gc,heap     ] GC(5) Archive regions: 2->2
[2026-09-29T20:25:18.261-0400][5.718s][info][gc,heap     ] GC(5) Humongous regions: 0->0
[2026-09-29T20:25:18.261-0400][5.718s][info][gc,metaspace] GC(5) Metaspace: 17056K(17408K)->17056K(17408K) NonClass: 15336K(15552K)->15336K(15552K) Class: 1719K(1856K)->1719K(1856K)
[2026-09-29T20:25:18.261-0400][5.718s][info][gc          ] GC(5) Pause Young (Normal) (G1 Evacuation Pause) 162M->32M(252M) 8.797ms
[2026-09-29T20:25:18.261-0400][5.718s][info][gc,cpu      ] GC(5) User=0.03s Sys=0.02s Real=0.01s
[2026-09-29T20:25:18.261-0400][5.718s][info][safepoint   ] Safepoint "G1CollectForAllocation", Time since last: 382594615 ns, Reaching safepoint: 12783 ns, Cleanup: 138150 ns, At safepoint: 8991244 ns, Total: 9142177 ns
[2026-09-29T20:25:18.518-0400][5.975s][info][safepoint   ] Safepoint "ICBufferFull", Time since last: 256667893 ns, Reaching safepoint: 10413 ns, Cleanup: 133134 ns, At safepoint: 102372 ns, Total: 245919 ns
[2026-09-29T20:25:18.622-0400][6.079s][info][gc,start    ] GC(6) Pause Young (Normal) (G1 Evacuation Pause)
[2026-09-29T20:25:18.622-0400][6.079s][info][gc,task     ] GC(6) Using 6 workers of 8 for evacuation
[2026-09-29T20:25:18.628-0400][6.085s][info][gc,phases   ] GC(6)   Pre Evacuate Collection Set: 0.24ms
[2026-09-29T20:25:18.628-0400][6.085s][info][gc,phases   ] GC(6)   Merge Heap Roots: 0.19ms
[2026-09-29T20:25:18.628-0400][6.085s][info][gc,phases   ] GC(6)   Evacuate Collection Set: 4.59ms
[2026-09-29T20:25:18.628-0400][6.085s][info][gc,phases   ] GC(6)   Post Evacuate Collection Set: 1.15ms
[2026-09-29T20:25:18.628-0400][6.085s][info][gc,phases   ] GC(6)   Other: 0.15ms
[2026-09-29T20:25:18.628-0400][6.085s][info][gc,heap     ] GC(6) Eden regions: 69->0(70)
[2026-09-29T20:25:18.628-0400][6.085s][info][gc,heap     ] GC(6) Survivor regions: 5->4(10)
[2026-09-29T20:25:18.628-0400][6.085s][info][gc,heap     ] GC(6) Old regions: 11->11
[2026-09-29T20:25:18.628-0400][6.085s][info][gc,heap     ] GC(6) Archive regions: 2->2
[2026-09-29T20:25:18.628-0400][6.085s][info][gc,heap     ] GC(6) Humongous regions: 0->0
[2026-09-29T20:25:18.628-0400][6.085s][info][gc,metaspace] GC(6) Metaspace: 17073K(17408K)->17073K(17408K) NonClass: 15353K(15552K)->15353K(15552K) Class: 1720K(1856K)->1720K(1856K)
[2026-09-29T20:25:18.628-0400][6.085s][info][gc          ] GC(6) Pause Young (Normal) (G1 Evacuation Pause) 170M->29M(252M) 6.395ms
[2026-09-29T20:25:18.628-0400][6.085s][info][gc,cpu      ] GC(6) User=0.04s Sys=0.00s Real=0.00s
[2026-09-29T20:25:18.628-0400][6.085s][info][safepoint   ] Safepoint "G1CollectForAllocation", Time since last: 103737927 ns, Reaching safepoint: 16576 ns, Cleanup: 87293 ns, At safepoint: 6529399 ns, Total: 6633268 ns
[2026-09-29T20:25:18.967-0400][6.424s][info][safepoint   ] Safepoint "ICBufferFull", Time since last: 338217475 ns, Reaching safepoint: 9678 ns, Cleanup: 162077 ns, At safepoint: 74726 ns, Total: 246481 ns
[2026-09-29T20:25:19.201-0400][6.658s][info][gc,start    ] GC(7) Pause Young (Normal) (G1 Evacuation Pause)
[2026-09-29T20:25:19.201-0400][6.658s][info][gc,task     ] GC(7) Using 6 workers of 8 for evacuation
[2026-09-29T20:25:19.208-0400][6.665s][info][gc,phases   ] GC(7)   Pre Evacuate Collection Set: 0.24ms
[2026-09-29T20:25:19.208-0400][6.665s][info][gc,phases   ] GC(7)   Merge Heap Roots: 0.18ms
[2026-09-29T20:25:19.208-0400][6.665s][info][gc,phases   ] GC(7)   Evacuate Collection Set: 4.36ms
[2026-09-29T20:25:19.208-0400][6.665s][info][gc,phases   ] GC(7)   Post Evacuate Collection Set: 1.69ms
[2026-09-29T20:25:19.208-0400][6.665s][info][gc,phases   ] GC(7)   Other: 0.15ms
[2026-09-29T20:25:19.208-0400][6.665s][info][gc,heap     ] GC(7) Eden regions: 70->0(86)
[2026-09-29T20:25:19.208-0400][6.665s][info][gc,heap     ] GC(7) Survivor regions: 4->5(10)
[2026-09-29T20:25:19.208-0400][6.665s][info][gc,heap     ] GC(7) Old regions: 11->11
[2026-09-29T20:25:19.208-0400][6.665s][info][gc,heap     ] GC(7) Archive regions: 2->2
[2026-09-29T20:25:19.208-0400][6.665s][info][gc,heap     ] GC(7) Humongous regions: 0->0
[2026-09-29T20:25:19.208-0400][6.665s][info][gc,metaspace] GC(7) Metaspace: 17251K(17600K)->17251K(17600K) NonClass: 15530K(15744K)->15530K(15744K) Class: 1720K(1856K)->1720K(1856K)
[2026-09-29T20:25:19.208-0400][6.665s][info][gc          ] GC(7) Pause Young (Normal) (G1 Evacuation Pause) 169M->31M(304M) 6.710ms
[2026-09-29T20:25:19.208-0400][6.665s][info][gc,cpu      ] GC(7) User=0.04s Sys=0.00s Real=0.00s
[2026-09-29T20:25:19.208-0400][6.665s][info][safepoint   ] Safepoint "G1CollectForAllocation", Time since last: 234168661 ns, Reaching safepoint: 15339 ns, Cleanup: 53035 ns, At safepoint: 6893436 ns, Total: 6961810 ns
[2026-09-29T20:25:20.079-0400][7.535s][info][safepoint   ] Safepoint "ICBufferFull", Time since last: 870200288 ns, Reaching safepoint: 24472 ns, Cleanup: 264110 ns, At safepoint: 98435 ns, Total: 387017 ns
[2026-09-29T20:25:20.516-0400][7.973s][info][safepoint   ] Safepoint "ICBufferFull", Time since last: 437393030 ns, Reaching safepoint: 13197 ns, Cleanup: 176633 ns, At safepoint: 8683 ns, Total: 198513 ns
[2026-09-29T20:25:20.791-0400][8.248s][info][safepoint   ] Safepoint "ICBufferFull", Time since last: 274719323 ns, Reaching safepoint: 134452 ns, Cleanup: 174261 ns, At safepoint: 185554 ns, Total: 494267 ns
[2026-09-29T20:25:20.930-0400][8.387s][info][gc,start    ] GC(8) Pause Young (Concurrent Start) (Metadata GC Threshold)
[2026-09-29T20:25:20.930-0400][8.387s][info][gc,task     ] GC(8) Using 7 workers of 8 for evacuation
[2026-09-29T20:25:20.938-0400][8.395s][info][gc,phases   ] GC(8)   Pre Evacuate Collection Set: 0.42ms
[2026-09-29T20:25:20.939-0400][8.395s][info][gc,phases   ] GC(8)   Merge Heap Roots: 0.17ms
[2026-09-29T20:25:20.939-0400][8.395s][info][gc,phases   ] GC(8)   Evacuate Collection Set: 6.39ms
[2026-09-29T20:25:20.939-0400][8.395s][info][gc,phases   ] GC(8)   Post Evacuate Collection Set: 0.99ms
[2026-09-29T20:25:20.939-0400][8.395s][info][gc,phases   ] GC(8)   Other: 0.52ms
[2026-09-29T20:25:20.939-0400][8.395s][info][gc,heap     ] GC(8) Eden regions: 32->0(84)
[2026-09-29T20:25:20.939-0400][8.395s][info][gc,heap     ] GC(8) Survivor regions: 5->7(12)
[2026-09-29T20:25:20.939-0400][8.395s][info][gc,heap     ] GC(8) Old regions: 11->11
[2026-09-29T20:25:20.939-0400][8.395s][info][gc,heap     ] GC(8) Archive regions: 2->2
[2026-09-29T20:25:20.939-0400][8.395s][info][gc,heap     ] GC(8) Humongous regions: 0->0
[2026-09-29T20:25:20.939-0400][8.395s][info][gc,metaspace] GC(8) Metaspace: 20890K(21504K)->20890K(21504K) NonClass: 18838K(19200K)->18838K(19200K) Class: 2052K(2304K)->2052K(2304K)
[2026-09-29T20:25:20.939-0400][8.395s][info][gc          ] GC(8) Pause Young (Concurrent Start) (Metadata GC Threshold) 95M->34M(304M) 8.560ms
[2026-09-29T20:25:20.939-0400][8.396s][info][gc,cpu      ] GC(8) User=0.04s Sys=0.01s Real=0.01s
[2026-09-29T20:25:20.939-0400][8.396s][info][gc          ] GC(9) Concurrent Mark Cycle
[2026-09-29T20:25:20.939-0400][8.396s][info][gc,marking  ] GC(9) Concurrent Clear Claimed Marks
[2026-09-29T20:25:20.939-0400][8.396s][info][gc,marking  ] GC(9) Concurrent Clear Claimed Marks 0.038ms
[2026-09-29T20:25:20.939-0400][8.396s][info][gc,marking  ] GC(9) Concurrent Scan Root Regions
[2026-09-29T20:25:20.939-0400][8.396s][info][safepoint   ] Safepoint "CollectForMetadataAllocation", Time since last: 137608128 ns, Reaching safepoint: 976639 ns, Cleanup: 102488 ns, At safepoint: 8870201 ns, Total: 9949328 ns
[2026-09-29T20:25:20.953-0400][8.410s][info][gc,marking  ] GC(9) Concurrent Scan Root Regions 14.229ms
[2026-09-29T20:25:20.953-0400][8.410s][info][gc,marking  ] GC(9) Concurrent Mark
[2026-09-29T20:25:20.953-0400][8.410s][info][gc,marking  ] GC(9) Concurrent Mark From Roots
[2026-09-29T20:25:20.953-0400][8.410s][info][gc,task     ] GC(9) Using 2 workers of 2 for marking
[2026-09-29T20:25:20.998-0400][8.454s][info][gc,marking  ] GC(9) Concurrent Mark From Roots 44.439ms
[2026-09-29T20:25:20.998-0400][8.454s][info][gc,marking  ] GC(9) Concurrent Preclean
[2026-09-29T20:25:20.998-0400][8.455s][info][gc,marking  ] GC(9) Concurrent Preclean 0.126ms
[2026-09-29T20:25:20.999-0400][8.456s][info][gc,start    ] GC(9) Pause Remark
[2026-09-29T20:25:21.005-0400][8.462s][info][gc,heap     ] GC(9) Heap shrink completed: uncommitted 75 regions (150MB), heap size now 154MB
[2026-09-29T20:25:21.005-0400][8.462s][info][gc          ] GC(9) Pause Remark 39M->39M(154M) 6.620ms
[2026-09-29T20:25:21.005-0400][8.462s][info][gc,cpu      ] GC(9) User=0.03s Sys=0.00s Real=0.01s
[2026-09-29T20:25:21.010-0400][8.467s][info][safepoint   ] Safepoint "G1PauseRemark", Time since last: 58917361 ns, Reaching safepoint: 770568 ns, Cleanup: 74844 ns, At safepoint: 11570431 ns, Total: 12415843 ns
[2026-09-29T20:25:21.012-0400][8.469s][info][gc,marking  ] GC(9) Concurrent Mark 59.048ms
[2026-09-29T20:25:21.012-0400][8.469s][info][gc,marking  ] GC(9) Concurrent Rebuild Remembered Sets
[2026-09-29T20:25:21.036-0400][8.493s][info][gc,marking  ] GC(9) Concurrent Rebuild Remembered Sets 21.535ms
[2026-09-29T20:25:21.036-0400][8.493s][info][gc,start    ] GC(9) Pause Cleanup
[2026-09-29T20:25:21.037-0400][8.494s][info][gc          ] GC(9) Pause Cleanup 42M->42M(154M) 0.934ms
[2026-09-29T20:25:21.037-0400][8.494s][info][gc,cpu      ] GC(9) User=0.00s Sys=0.00s Real=0.00s
[2026-09-29T20:25:21.038-0400][8.494s][info][safepoint   ] Safepoint "G1PauseCleanup", Time since last: 25844614 ns, Reaching safepoint: 125693 ns, Cleanup: 33032 ns, At safepoint: 1312515 ns, Total: 1471240 ns
[2026-09-29T20:25:21.043-0400][8.500s][info][gc,marking  ] GC(9) Concurrent Cleanup for Next Mark
[2026-09-29T20:25:21.045-0400][8.502s][info][gc,marking  ] GC(9) Concurrent Cleanup for Next Mark 2.579ms
[2026-09-29T20:25:21.045-0400][8.502s][info][gc          ] GC(9) Concurrent Mark Cycle 106.798ms
[2026-09-29T20:25:21.491-0400][8.948s][info][safepoint   ] Safepoint "ICBufferFull", Time since last: 453550102 ns, Reaching safepoint: 7395 ns, Cleanup: 148686 ns, At safepoint: 30538 ns, Total: 186619 ns
[2026-09-29T20:25:21.492-0400][8.949s][info][safepoint   ] Safepoint "ICBufferFull", Time since last: 789383 ns, Reaching safepoint: 9318 ns, Cleanup: 4287 ns, At safepoint: 2929 ns, Total: 16534 ns
[2026-09-29T20:25:21.493-0400][8.950s][info][safepoint   ] Safepoint "ICBufferFull", Time since last: 205832 ns, Reaching safepoint: 229410 ns, Cleanup: 14097 ns, At safepoint: 118399 ns, Total: 361906 ns
[2026-09-29T20:25:21.772-0400][9.229s][info][gc,start    ] GC(10) Pause Young (Prepare Mixed) (G1 Evacuation Pause)
[2026-09-29T20:25:21.773-0400][9.229s][info][gc,task     ] GC(10) Using 6 workers of 8 for evacuation
[2026-09-29T20:25:21.808-0400][9.265s][info][gc,phases   ] GC(10)   Pre Evacuate Collection Set: 0.56ms
[2026-09-29T20:25:21.808-0400][9.265s][info][gc,phases   ] GC(10)   Merge Heap Roots: 0.20ms
[2026-09-29T20:25:21.808-0400][9.265s][info][gc,phases   ] GC(10)   Evacuate Collection Set: 33.16ms
[2026-09-29T20:25:21.808-0400][9.265s][info][gc,phases   ] GC(10)   Post Evacuate Collection Set: 1.34ms
[2026-09-29T20:25:21.808-0400][9.265s][info][gc,phases   ] GC(10)   Other: 0.57ms
[2026-09-29T20:25:21.808-0400][9.265s][info][gc,heap     ] GC(10) Eden regions: 39->0(1)
[2026-09-29T20:25:21.808-0400][9.265s][info][gc,heap     ] GC(10) Survivor regions: 7->5(6)
[2026-09-29T20:25:21.808-0400][9.265s][info][gc,heap     ] GC(10) Old regions: 11->16
[2026-09-29T20:25:21.808-0400][9.265s][info][gc,heap     ] GC(10) Archive regions: 2->2
[2026-09-29T20:25:21.808-0400][9.265s][info][gc,heap     ] GC(10) Humongous regions: 0->0
[2026-09-29T20:25:21.808-0400][9.265s][info][gc,metaspace] GC(10) Metaspace: 28053K(29248K)->28053K(29248K) NonClass: 25205K(25984K)->25205K(25984K) Class: 2847K(3264K)->2847K(3264K)
[2026-09-29T20:25:21.808-0400][9.265s][info][gc          ] GC(10) Pause Young (Prepare Mixed) (G1 Evacuation Pause) 112M->41M(154M) 36.018ms
[2026-09-29T20:25:21.808-0400][9.265s][info][gc,cpu      ] GC(10) User=0.19s Sys=0.02s Real=0.03s
[2026-09-29T20:25:21.808-0400][9.265s][info][safepoint   ] Safepoint "G1CollectForAllocation", Time since last: 273608115 ns, Reaching safepoint: 5529601 ns, Cleanup: 92609 ns, At safepoint: 36496334 ns, Total: 42118544 ns
[2026-09-29T20:25:22.529-0400][9.986s][info][gc,start    ] GC(11) Pause Young (Mixed) (G1 Evacuation Pause)
[2026-09-29T20:25:22.529-0400][9.986s][info][gc,task     ] GC(11) Using 6 workers of 8 for evacuation
[2026-09-29T20:25:22.535-0400][9.992s][info][gc,phases   ] GC(11)   Pre Evacuate Collection Set: 0.23ms
[2026-09-29T20:25:22.535-0400][9.992s][info][gc,phases   ] GC(11)   Merge Heap Roots: 0.22ms
[2026-09-29T20:25:22.535-0400][9.992s][info][gc,phases   ] GC(11)   Evacuate Collection Set: 4.83ms
[2026-09-29T20:25:22.535-0400][9.992s][info][gc,phases   ] GC(11)   Post Evacuate Collection Set: 1.14ms
[2026-09-29T20:25:22.535-0400][9.992s][info][gc,phases   ] GC(11)   Other: 0.19ms
[2026-09-29T20:25:22.535-0400][9.992s][info][gc,heap     ] GC(11) Eden regions: 1->0(37)
[2026-09-29T20:25:22.535-0400][9.992s][info][gc,heap     ] GC(11) Survivor regions: 5->1(1)
[2026-09-29T20:25:22.535-0400][9.992s][info][gc,heap     ] GC(11) Old regions: 16->20
[2026-09-29T20:25:22.535-0400][9.992s][info][gc,heap     ] GC(11) Archive regions: 2->2
[2026-09-29T20:25:22.535-0400][9.992s][info][gc,heap     ] GC(11) Humongous regions: 0->0
[2026-09-29T20:25:22.535-0400][9.992s][info][gc,metaspace] GC(11) Metaspace: 28892K(30144K)->28892K(30144K) NonClass: 25957K(26752K)->25957K(26752K) Class: 2934K(3392K)->2934K(3392K)
[2026-09-29T20:25:22.535-0400][9.992s][info][gc          ] GC(11) Pause Young (Mixed) (G1 Evacuation Pause) 43M->41M(154M) 6.661ms
[2026-09-29T20:25:22.535-0400][9.992s][info][gc,cpu      ] GC(11) User=0.03s Sys=0.00s Real=0.01s
[2026-09-29T20:25:22.536-0400][9.992s][info][safepoint   ] Safepoint "G1CollectForAllocation", Time since last: 720294493 ns, Reaching safepoint: 9718 ns, Cleanup: 128479 ns, At safepoint: 6810167 ns, Total: 6948364 ns
[2026-09-29T20:25:23.069-0400][10.525s][info][safepoint   ] Safepoint "ICBufferFull", Time since last: 532595706 ns, Reaching safepoint: 161998 ns, Cleanup: 164608 ns, At safepoint: 62225 ns, Total: 388831 ns
[2026-09-29T20:25:23.663-0400][11.120s][info][gc,start    ] GC(12) Pause Young (Concurrent Start) (Metadata GC Threshold)
[2026-09-29T20:25:23.663-0400][11.120s][info][gc,task     ] GC(12) Using 6 workers of 8 for evacuation
[2026-09-29T20:25:23.684-0400][11.141s][info][gc,phases   ] GC(12)   Pre Evacuate Collection Set: 0.29ms
[2026-09-29T20:25:23.684-0400][11.141s][info][gc,phases   ] GC(12)   Merge Heap Roots: 0.14ms
[2026-09-29T20:25:23.684-0400][11.141s][info][gc,phases   ] GC(12)   Evacuate Collection Set: 19.25ms
[2026-09-29T20:25:23.684-0400][11.141s][info][gc,phases   ] GC(12)   Post Evacuate Collection Set: 1.16ms
[2026-09-29T20:25:23.684-0400][11.141s][info][gc,phases   ] GC(12)   Other: 0.25ms
[2026-09-29T20:25:23.684-0400][11.141s][info][gc,heap     ] GC(12) Eden regions: 23->0(36)
[2026-09-29T20:25:23.684-0400][11.141s][info][gc,heap     ] GC(12) Survivor regions: 1->2(5)
[2026-09-29T20:25:23.684-0400][11.141s][info][gc,heap     ] GC(12) Old regions: 20->20
[2026-09-29T20:25:23.684-0400][11.141s][info][gc,heap     ] GC(12) Archive regions: 2->2
[2026-09-29T20:25:23.684-0400][11.141s][info][gc,heap     ] GC(12) Humongous regions: 0->0
[2026-09-29T20:25:23.684-0400][11.141s][info][gc,metaspace] GC(12) Metaspace: 35034K(36416K)->35034K(36416K) NonClass: 31426K(32320K)->31426K(32320K) Class: 3608K(4096K)->3608K(4096K)
[2026-09-29T20:25:23.684-0400][11.141s][info][gc          ] GC(12) Pause Young (Concurrent Start) (Metadata GC Threshold) 86M->44M(154M) 21.277ms
[2026-09-29T20:25:23.684-0400][11.141s][info][gc,cpu      ] GC(12) User=0.08s Sys=0.01s Real=0.02s
[2026-09-29T20:25:23.684-0400][11.141s][info][gc          ] GC(13) Concurrent Mark Cycle
[2026-09-29T20:25:23.684-0400][11.141s][info][gc,marking  ] GC(13) Concurrent Clear Claimed Marks
[2026-09-29T20:25:23.684-0400][11.141s][info][gc,marking  ] GC(13) Concurrent Clear Claimed Marks 0.102ms
[2026-09-29T20:25:23.684-0400][11.141s][info][gc,marking  ] GC(13) Concurrent Scan Root Regions
[2026-09-29T20:25:23.685-0400][11.142s][info][safepoint   ] Safepoint "CollectForMetadataAllocation", Time since last: 593821070 ns, Reaching safepoint: 11033 ns, Cleanup: 217583 ns, At safepoint: 22483367 ns, Total: 22711983 ns
[2026-09-29T20:25:23.691-0400][11.148s][info][gc,marking  ] GC(13) Concurrent Scan Root Regions 6.389ms
[2026-09-29T20:25:23.691-0400][11.148s][info][gc,marking  ] GC(13) Concurrent Mark
[2026-09-29T20:25:23.691-0400][11.148s][info][gc,marking  ] GC(13) Concurrent Mark From Roots
[2026-09-29T20:25:23.691-0400][11.148s][info][gc,task     ] GC(13) Using 2 workers of 2 for marking
[2026-09-29T20:25:23.769-0400][11.225s][info][gc,marking  ] GC(13) Concurrent Mark From Roots 77.776ms
[2026-09-29T20:25:23.769-0400][11.226s][info][gc,marking  ] GC(13) Concurrent Preclean
[2026-09-29T20:25:23.769-0400][11.226s][info][gc,marking  ] GC(13) Concurrent Preclean 0.170ms
[2026-09-29T20:25:23.769-0400][11.226s][info][gc,start    ] GC(13) Pause Remark
[2026-09-29T20:25:23.779-0400][11.236s][info][gc          ] GC(13) Pause Remark 45M->45M(154M) 9.765ms
[2026-09-29T20:25:23.779-0400][11.236s][info][gc,cpu      ] GC(13) User=0.04s Sys=0.00s Real=0.01s
[2026-09-29T20:25:23.779-0400][11.236s][info][safepoint   ] Safepoint "G1PauseRemark", Time since last: 83892193 ns, Reaching safepoint: 91886 ns, Cleanup: 22293 ns, At safepoint: 9899147 ns, Total: 10013326 ns
[2026-09-29T20:25:23.781-0400][11.238s][info][gc,marking  ] GC(13) Concurrent Mark 90.050ms
[2026-09-29T20:25:23.781-0400][11.238s][info][gc,marking  ] GC(13) Concurrent Rebuild Remembered Sets
[2026-09-29T20:25:23.844-0400][11.301s][info][gc,marking  ] GC(13) Concurrent Rebuild Remembered Sets 63.016ms
[2026-09-29T20:25:23.846-0400][11.303s][info][gc,start    ] GC(13) Pause Cleanup
[2026-09-29T20:25:23.847-0400][11.304s][info][gc          ] GC(13) Pause Cleanup 47M->47M(154M) 0.938ms
[2026-09-29T20:25:23.847-0400][11.304s][info][gc,cpu      ] GC(13) User=0.00s Sys=0.00s Real=0.00s
[2026-09-29T20:25:23.847-0400][11.304s][info][safepoint   ] Safepoint "G1PauseCleanup", Time since last: 67009858 ns, Reaching safepoint: 13158 ns, Cleanup: 20778 ns, At safepoint: 1145452 ns, Total: 1179388 ns
[2026-09-29T20:25:23.847-0400][11.304s][info][gc,marking  ] GC(13) Concurrent Cleanup for Next Mark
[2026-09-29T20:25:23.858-0400][11.315s][info][gc,marking  ] GC(13) Concurrent Cleanup for Next Mark 11.104ms
[2026-09-29T20:25:23.858-0400][11.315s][info][gc          ] GC(13) Concurrent Mark Cycle 174.270ms
[2026-09-29T20:25:25.251-0400][12.708s][info][safepoint   ] Safepoint "ICBufferFull", Time since last: 1403911598 ns, Reaching safepoint: 24305 ns, Cleanup: 140122 ns, At safepoint: 5270 ns, Total: 169697 ns
[2026-09-29T20:25:26.226-0400][13.683s][info][safepoint   ] Safepoint "ICBufferFull", Time since last: 974235631 ns, Reaching safepoint: 423823 ns, Cleanup: 159559 ns, At safepoint: 74691 ns, Total: 658073 ns
[2026-09-29T20:25:26.249-0400][13.706s][info][safepoint   ] Safepoint "G1CollectForAllocation", Time since last: 23201793 ns, Reaching safepoint: 17389 ns, Cleanup: 63645 ns, At safepoint: 38801 ns, Total: 119835 ns
[2026-09-29T20:25:26.250-0400][13.707s][info][gc,start    ] GC(14) Pause Young (Normal) (GCLocker Initiated GC)
[2026-09-29T20:25:26.250-0400][13.707s][info][gc,task     ] GC(14) Using 6 workers of 8 for evacuation
[2026-09-29T20:25:26.261-0400][13.718s][info][gc,phases   ] GC(14)   Pre Evacuate Collection Set: 0.29ms
[2026-09-29T20:25:26.261-0400][13.718s][info][gc,phases   ] GC(14)   Merge Heap Roots: 0.21ms
[2026-09-29T20:25:26.262-0400][13.718s][info][gc,phases   ] GC(14)   Evacuate Collection Set: 8.64ms
[2026-09-29T20:25:26.262-0400][13.718s][info][gc,phases   ] GC(14)   Post Evacuate Collection Set: 2.44ms
[2026-09-29T20:25:26.262-0400][13.718s][info][gc,phases   ] GC(14)   Other: 0.14ms
[2026-09-29T20:25:26.262-0400][13.718s][info][gc,heap     ] GC(14) Eden regions: 36->0(29)
[2026-09-29T20:25:26.262-0400][13.718s][info][gc,heap     ] GC(14) Survivor regions: 2->5(5)
[2026-09-29T20:25:26.262-0400][13.718s][info][gc,heap     ] GC(14) Old regions: 20->21
[2026-09-29T20:25:26.262-0400][13.718s][info][gc,heap     ] GC(14) Archive regions: 2->2
[2026-09-29T20:25:26.262-0400][13.718s][info][gc,heap     ] GC(14) Humongous regions: 5->2
[2026-09-29T20:25:26.262-0400][13.718s][info][gc,metaspace] GC(14) Metaspace: 44380K(46272K)->44380K(46272K) NonClass: 39716K(40960K)->39716K(40960K) Class: 4664K(5312K)->4664K(5312K)
[2026-09-29T20:25:26.262-0400][13.719s][info][gc          ] GC(14) Pause Young (Normal) (GCLocker Initiated GC) 126M->56M(154M) 11.863ms
[2026-09-29T20:25:26.262-0400][13.719s][info][gc,cpu      ] GC(14) User=0.07s Sys=0.00s Real=0.02s
[2026-09-29T20:25:26.262-0400][13.719s][info][safepoint   ] Safepoint "G1CollectForAllocation", Time since last: 216301 ns, Reaching safepoint: 6228 ns, Cleanup: 2920 ns, At safepoint: 12142741 ns, Total: 12151889 ns
[2026-09-29T20:25:27.316-0400][14.773s][info][safepoint   ] Safepoint "Cleanup", Time since last: 1054183073 ns, Reaching safepoint: 8809 ns, Cleanup: 366454 ns, At safepoint: 56414 ns, Total: 431677 ns
[2026-09-29T20:25:27.823-0400][15.280s][info][gc,start    ] GC(15) Pause Young (Normal) (G1 Evacuation Pause)
[2026-09-29T20:25:27.824-0400][15.280s][info][gc,task     ] GC(15) Using 6 workers of 8 for evacuation
[2026-09-29T20:25:27.840-0400][15.297s][info][gc,phases   ] GC(15)   Pre Evacuate Collection Set: 0.22ms
[2026-09-29T20:25:27.840-0400][15.297s][info][gc,phases   ] GC(15)   Merge Heap Roots: 0.27ms
[2026-09-29T20:25:27.840-0400][15.297s][info][gc,phases   ] GC(15)   Evacuate Collection Set: 14.33ms
[2026-09-29T20:25:27.840-0400][15.297s][info][gc,phases   ] GC(15)   Post Evacuate Collection Set: 1.22ms
[2026-09-29T20:25:27.840-0400][15.297s][info][gc,phases   ] GC(15)   Other: 0.25ms
[2026-09-29T20:25:27.840-0400][15.297s][info][gc,heap     ] GC(15) Eden regions: 29->0(28)
[2026-09-29T20:25:27.840-0400][15.297s][info][gc,heap     ] GC(15) Survivor regions: 5->3(5)
[2026-09-29T20:25:27.840-0400][15.297s][info][gc,heap     ] GC(15) Old regions: 21->25
[2026-09-29T20:25:27.840-0400][15.297s][info][gc,heap     ] GC(15) Archive regions: 2->2
[2026-09-29T20:25:27.840-0400][15.297s][info][gc,heap     ] GC(15) Humongous regions: 2->2
[2026-09-29T20:25:27.840-0400][15.297s][info][gc,metaspace] GC(15) Metaspace: 54596K(56768K)->54596K(56768K) NonClass: 48623K(49984K)->48623K(49984K) Class: 5973K(6784K)->5973K(6784K)
[2026-09-29T20:25:27.840-0400][15.297s][info][gc          ] GC(15) Pause Young (Normal) (G1 Evacuation Pause) 114M->60M(154M) 16.318ms
[2026-09-29T20:25:27.840-0400][15.297s][info][gc,cpu      ] GC(15) User=0.07s Sys=0.00s Real=0.01s
[2026-09-29T20:25:27.840-0400][15.297s][info][safepoint   ] Safepoint "G1CollectForAllocation", Time since last: 506606419 ns, Reaching safepoint: 169621 ns, Cleanup: 101834 ns, At safepoint: 16629821 ns, Total: 16901276 ns
[2026-09-29T20:25:28.502-0400][15.959s][info][safepoint   ] Safepoint "ICBufferFull", Time since last: 662027454 ns, Reaching safepoint: 129159 ns, Cleanup: 111917 ns, At safepoint: 87593 ns, Total: 328669 ns
[2026-09-29T20:25:28.655-0400][16.112s][info][gc,start    ] GC(16) Pause Young (Normal) (G1 Evacuation Pause)
[2026-09-29T20:25:28.655-0400][16.112s][info][gc,task     ] GC(16) Using 6 workers of 8 for evacuation
[2026-09-29T20:25:28.666-0400][16.123s][info][gc,phases   ] GC(16)   Pre Evacuate Collection Set: 0.21ms
[2026-09-29T20:25:28.666-0400][16.123s][info][gc,phases   ] GC(16)   Merge Heap Roots: 0.10ms
[2026-09-29T20:25:28.666-0400][16.123s][info][gc,phases   ] GC(16)   Evacuate Collection Set: 7.40ms
[2026-09-29T20:25:28.666-0400][16.123s][info][gc,phases   ] GC(16)   Post Evacuate Collection Set: 3.39ms
[2026-09-29T20:25:28.666-0400][16.123s][info][gc,phases   ] GC(16)   Other: 0.18ms
[2026-09-29T20:25:28.666-0400][16.123s][info][gc,heap     ] GC(16) Eden regions: 28->0(38)
[2026-09-29T20:25:28.666-0400][16.123s][info][gc,heap     ] GC(16) Survivor regions: 3->3(4)
[2026-09-29T20:25:28.666-0400][16.123s][info][gc,heap     ] GC(16) Old regions: 25->28
[2026-09-29T20:25:28.666-0400][16.123s][info][gc,heap     ] GC(16) Archive regions: 2->2
[2026-09-29T20:25:28.666-0400][16.123s][info][gc,heap     ] GC(16) Humongous regions: 2->2
[2026-09-29T20:25:28.666-0400][16.123s][info][gc,metaspace] GC(16) Metaspace: 57959K(60352K)->57959K(60352K) NonClass: 51621K(53120K)->51621K(53120K) Class: 6337K(7232K)->6337K(7232K)
[2026-09-29T20:25:28.666-0400][16.123s][info][gc          ] GC(16) Pause Young (Normal) (G1 Evacuation Pause) 116M->66M(186M) 11.357ms
[2026-09-29T20:25:28.666-0400][16.123s][info][gc,cpu      ] GC(16) User=0.09s Sys=0.00s Real=0.01s
[2026-09-29T20:25:28.667-0400][16.123s][info][safepoint   ] Safepoint "G1CollectForAllocation", Time since last: 152667376 ns, Reaching safepoint: 19713 ns, Cleanup: 39666 ns, At safepoint: 11506443 ns, Total: 11565822 ns
[2026-09-29T20:25:29.427-0400][16.884s][info][gc,start    ] GC(17) Pause Young (Normal) (G1 Evacuation Pause)
[2026-09-29T20:25:29.427-0400][16.884s][info][gc,task     ] GC(17) Using 6 workers of 8 for evacuation
[2026-09-29T20:25:29.436-0400][16.893s][info][gc,phases   ] GC(17)   Pre Evacuate Collection Set: 0.21ms
[2026-09-29T20:25:29.436-0400][16.893s][info][gc,phases   ] GC(17)   Merge Heap Roots: 0.20ms
[2026-09-29T20:25:29.436-0400][16.893s][info][gc,phases   ] GC(17)   Evacuate Collection Set: 5.59ms
[2026-09-29T20:25:29.436-0400][16.893s][info][gc,phases   ] GC(17)   Post Evacuate Collection Set: 3.03ms
[2026-09-29T20:25:29.436-0400][16.893s][info][gc,phases   ] GC(17)   Other: 0.20ms
[2026-09-29T20:25:29.436-0400][16.893s][info][gc,heap     ] GC(17) Eden regions: 38->0(31)
[2026-09-29T20:25:29.436-0400][16.893s][info][gc,heap     ] GC(17) Survivor regions: 3->6(6)
[2026-09-29T20:25:29.436-0400][16.893s][info][gc,heap     ] GC(17) Old regions: 28->30
[2026-09-29T20:25:29.436-0400][16.893s][info][gc,heap     ] GC(17) Archive regions: 2->2
[2026-09-29T20:25:29.436-0400][16.893s][info][gc,heap     ] GC(17) Humongous regions: 2->2
[2026-09-29T20:25:29.436-0400][16.893s][info][gc,metaspace] GC(17) Metaspace: 58809K(61184K)->58809K(61184K) NonClass: 52369K(53824K)->52369K(53824K) Class: 6439K(7360K)->6439K(7360K)
[2026-09-29T20:25:29.436-0400][16.893s][info][gc          ] GC(17) Pause Young (Normal) (G1 Evacuation Pause) 142M->77M(186M) 9.350ms
[2026-09-29T20:25:29.437-0400][16.893s][info][gc,cpu      ] GC(17) User=0.04s Sys=0.01s Real=0.01s
[2026-09-29T20:25:29.437-0400][16.894s][info][safepoint   ] Safepoint "G1CollectForAllocation", Time since last: 760317805 ns, Reaching safepoint: 15575 ns, Cleanup: 163853 ns, At safepoint: 9659285 ns, Total: 9838713 ns
[2026-09-29T20:25:29.463-0400][16.919s][info][gc,start    ] GC(18) Pause Young (Concurrent Start) (Metadata GC Threshold)
[2026-09-29T20:25:29.463-0400][16.920s][info][gc,task     ] GC(18) Using 6 workers of 8 for evacuation
[2026-09-29T20:25:29.469-0400][16.926s][info][gc,phases   ] GC(18)   Pre Evacuate Collection Set: 0.34ms
[2026-09-29T20:25:29.469-0400][16.926s][info][gc,phases   ] GC(18)   Merge Heap Roots: 0.21ms
[2026-09-29T20:25:29.469-0400][16.926s][info][gc,phases   ] GC(18)   Evacuate Collection Set: 4.53ms
[2026-09-29T20:25:29.469-0400][16.926s][info][gc,phases   ] GC(18)   Post Evacuate Collection Set: 1.01ms
[2026-09-29T20:25:29.469-0400][16.926s][info][gc,phases   ] GC(18)   Other: 0.30ms
[2026-09-29T20:25:29.469-0400][16.926s][info][gc,heap     ] GC(18) Eden regions: 2->0(35)
[2026-09-29T20:25:29.469-0400][16.926s][info][gc,heap     ] GC(18) Survivor regions: 6->1(5)
[2026-09-29T20:25:29.469-0400][16.926s][info][gc,heap     ] GC(18) Old regions: 30->33
[2026-09-29T20:25:29.469-0400][16.926s][info][gc,heap     ] GC(18) Archive regions: 2->2
[2026-09-29T20:25:29.469-0400][16.926s][info][gc,heap     ] GC(18) Humongous regions: 2->2
[2026-09-29T20:25:29.469-0400][16.926s][info][gc,metaspace] GC(18) Metaspace: 58941K(61248K)->58941K(61248K) NonClass: 52489K(53888K)->52489K(53888K) Class: 6452K(7360K)->6452K(7360K)
[2026-09-29T20:25:29.469-0400][16.926s][info][gc          ] GC(18) Pause Young (Concurrent Start) (Metadata GC Threshold) 80M->73M(186M) 6.535ms
[2026-09-29T20:25:29.469-0400][16.926s][info][gc,cpu      ] GC(18) User=0.03s Sys=0.00s Real=0.00s
[2026-09-29T20:25:29.469-0400][16.926s][info][gc          ] GC(19) Concurrent Mark Cycle
[2026-09-29T20:25:29.469-0400][16.926s][info][gc,marking  ] GC(19) Concurrent Clear Claimed Marks
[2026-09-29T20:25:29.469-0400][16.926s][info][safepoint   ] Safepoint "CollectForMetadataAllocation", Time since last: 25742310 ns, Reaching safepoint: 13996 ns, Cleanup: 15961 ns, At safepoint: 6847530 ns, Total: 6877487 ns
[2026-09-29T20:25:29.469-0400][16.926s][info][gc,marking  ] GC(19) Concurrent Clear Claimed Marks 0.143ms
[2026-09-29T20:25:29.469-0400][16.926s][info][gc,marking  ] GC(19) Concurrent Scan Root Regions
[2026-09-29T20:25:29.476-0400][16.933s][info][gc,marking  ] GC(19) Concurrent Scan Root Regions 6.299ms
[2026-09-29T20:25:29.476-0400][16.933s][info][gc,marking  ] GC(19) Concurrent Mark
[2026-09-29T20:25:29.476-0400][16.933s][info][gc,marking  ] GC(19) Concurrent Mark From Roots
[2026-09-29T20:25:29.476-0400][16.933s][info][gc,task     ] GC(19) Using 2 workers of 2 for marking
[2026-09-29T20:25:29.567-0400][17.024s][info][safepoint   ] Safepoint "CollectForMetadataAllocation", Time since last: 92846809 ns, Reaching safepoint: 3364620 ns, Cleanup: 43456 ns, At safepoint: 1350660 ns, Total: 4758736 ns
[2026-09-29T20:25:29.578-0400][17.035s][info][gc,marking  ] GC(19) Concurrent Mark From Roots 101.637ms
[2026-09-29T20:25:29.578-0400][17.035s][info][gc,marking  ] GC(19) Concurrent Preclean
[2026-09-29T20:25:29.579-0400][17.036s][info][gc,marking  ] GC(19) Concurrent Preclean 1.296ms
[2026-09-29T20:25:29.580-0400][17.037s][info][gc,start    ] GC(19) Pause Remark
[2026-09-29T20:25:29.591-0400][17.048s][info][gc          ] GC(19) Pause Remark 77M->75M(186M) 11.478ms
[2026-09-29T20:25:29.592-0400][17.048s][info][gc,cpu      ] GC(19) User=0.06s Sys=0.01s Real=0.00s
[2026-09-29T20:25:29.592-0400][17.049s][info][safepoint   ] Safepoint "G1PauseRemark", Time since last: 12287757 ns, Reaching safepoint: 386138 ns, Cleanup: 10676 ns, At safepoint: 12086238 ns, Total: 12483052 ns
[2026-09-29T20:25:29.592-0400][17.049s][info][gc,marking  ] GC(19) Concurrent Mark 115.800ms
[2026-09-29T20:25:29.592-0400][17.049s][info][gc,marking  ] GC(19) Concurrent Rebuild Remembered Sets
[2026-09-29T20:25:29.647-0400][17.103s][info][gc,marking  ] GC(19) Concurrent Rebuild Remembered Sets 54.534ms
[2026-09-29T20:25:29.647-0400][17.104s][info][gc,start    ] GC(19) Pause Cleanup
[2026-09-29T20:25:29.647-0400][17.104s][info][gc          ] GC(19) Pause Cleanup 78M->78M(186M) 0.258ms
[2026-09-29T20:25:29.647-0400][17.104s][info][gc,cpu      ] GC(19) User=0.00s Sys=0.00s Real=0.00s
[2026-09-29T20:25:29.647-0400][17.104s][info][safepoint   ] Safepoint "G1PauseCleanup", Time since last: 54952732 ns, Reaching safepoint: 155902 ns, Cleanup: 29895 ns, At safepoint: 478561 ns, Total: 664358 ns
[2026-09-29T20:25:29.647-0400][17.104s][info][gc,marking  ] GC(19) Concurrent Cleanup for Next Mark
[2026-09-29T20:25:29.648-0400][17.105s][info][gc,marking  ] GC(19) Concurrent Cleanup for Next Mark 0.601ms
[2026-09-29T20:25:29.648-0400][17.105s][info][gc          ] GC(19) Concurrent Mark Cycle 178.887ms
[2026-09-29T20:25:30.931-0400][18.387s][info][safepoint   ] Safepoint "Cleanup", Time since last: 1282952128 ns, Reaching safepoint: 98519 ns, Cleanup: 117051 ns, At safepoint: 62728 ns, Total: 278298 ns
[2026-09-29T20:25:31.458-0400][18.915s][info][gc,start    ] GC(20) Pause Young (Concurrent Start) (G1 Evacuation Pause)
[2026-09-29T20:25:31.458-0400][18.915s][info][gc,task     ] GC(20) Using 6 workers of 8 for evacuation
[2026-09-29T20:25:31.465-0400][18.922s][info][gc,phases   ] GC(20)   Pre Evacuate Collection Set: 0.40ms
[2026-09-29T20:25:31.465-0400][18.922s][info][gc,phases   ] GC(20)   Merge Heap Roots: 0.19ms
[2026-09-29T20:25:31.465-0400][18.922s][info][gc,phases   ] GC(20)   Evacuate Collection Set: 3.47ms
[2026-09-29T20:25:31.465-0400][18.922s][info][gc,phases   ] GC(20)   Post Evacuate Collection Set: 2.63ms
[2026-09-29T20:25:31.465-0400][18.922s][info][gc,phases   ] GC(20)   Other: 0.31ms
[2026-09-29T20:25:31.465-0400][18.922s][info][gc,heap     ] GC(20) Eden regions: 35->0(34)
[2026-09-29T20:25:31.465-0400][18.922s][info][gc,heap     ] GC(20) Survivor regions: 1->3(5)
[2026-09-29T20:25:31.465-0400][18.922s][info][gc,heap     ] GC(20) Old regions: 32->32
[2026-09-29T20:25:31.465-0400][18.922s][info][gc,heap     ] GC(20) Archive regions: 2->2
[2026-09-29T20:25:31.465-0400][18.922s][info][gc,heap     ] GC(20) Humongous regions: 2->2
[2026-09-29T20:25:31.465-0400][18.922s][info][gc,metaspace] GC(20) Metaspace: 73322K(75776K)->73322K(75776K) NonClass: 65026K(66560K)->65026K(66560K) Class: 8295K(9216K)->8295K(9216K)
[2026-09-29T20:25:31.465-0400][18.922s][info][gc          ] GC(20) Pause Young (Concurrent Start) (G1 Evacuation Pause) 141M->74M(186M) 7.185ms
[2026-09-29T20:25:31.465-0400][18.922s][info][gc,cpu      ] GC(20) User=0.02s Sys=0.00s Real=0.01s
[2026-09-29T20:25:31.465-0400][18.922s][info][gc          ] GC(21) Concurrent Mark Cycle
[2026-09-29T20:25:31.465-0400][18.922s][info][gc,marking  ] GC(21) Concurrent Clear Claimed Marks
[2026-09-29T20:25:31.465-0400][18.922s][info][safepoint   ] Safepoint "G1CollectForAllocation", Time since last: 526897170 ns, Reaching safepoint: 11610 ns, Cleanup: 367817 ns, At safepoint: 7518610 ns, Total: 7898037 ns
[2026-09-29T20:25:31.466-0400][18.922s][info][gc,marking  ] GC(21) Concurrent Clear Claimed Marks 0.264ms
[2026-09-29T20:25:31.466-0400][18.922s][info][gc,marking  ] GC(21) Concurrent Scan Root Regions
[2026-09-29T20:25:31.469-0400][18.925s][info][gc,marking  ] GC(21) Concurrent Scan Root Regions 3.013ms
[2026-09-29T20:25:31.469-0400][18.926s][info][gc,marking  ] GC(21) Concurrent Mark
[2026-09-29T20:25:31.469-0400][18.926s][info][gc,marking  ] GC(21) Concurrent Mark From Roots
[2026-09-29T20:25:31.469-0400][18.926s][info][gc,task     ] GC(21) Using 2 workers of 2 for marking
[2026-09-29T20:25:31.557-0400][19.014s][info][gc,marking  ] GC(21) Concurrent Mark From Roots 88.237ms
[2026-09-29T20:25:31.557-0400][19.014s][info][gc,marking  ] GC(21) Concurrent Preclean
[2026-09-29T20:25:31.559-0400][19.016s][info][gc,marking  ] GC(21) Concurrent Preclean 1.880ms
[2026-09-29T20:25:31.559-0400][19.016s][info][gc,start    ] GC(21) Pause Remark
[2026-09-29T20:25:31.565-0400][19.022s][info][gc          ] GC(21) Pause Remark 89M->89M(186M) 5.973ms
[2026-09-29T20:25:31.565-0400][19.022s][info][gc,cpu      ] GC(21) User=0.01s Sys=0.01s Real=0.01s
[2026-09-29T20:25:31.565-0400][19.022s][info][safepoint   ] Safepoint "G1PauseRemark", Time since last: 93633710 ns, Reaching safepoint: 17043 ns, Cleanup: 31066 ns, At safepoint: 6250759 ns, Total: 6298868 ns
[2026-09-29T20:25:31.565-0400][19.022s][info][gc,marking  ] GC(21) Concurrent Mark 96.790ms
[2026-09-29T20:25:31.565-0400][19.022s][info][gc,marking  ] GC(21) Concurrent Rebuild Remembered Sets
[2026-09-29T20:25:31.608-0400][19.065s][info][gc,marking  ] GC(21) Concurrent Rebuild Remembered Sets 42.376ms
[2026-09-29T20:25:31.610-0400][19.067s][info][gc,start    ] GC(21) Pause Cleanup
[2026-09-29T20:25:31.611-0400][19.068s][info][gc          ] GC(21) Pause Cleanup 90M->90M(186M) 0.324ms
[2026-09-29T20:25:31.611-0400][19.068s][info][gc,cpu      ] GC(21) User=0.01s Sys=0.00s Real=0.00s
[2026-09-29T20:25:31.611-0400][19.068s][info][safepoint   ] Safepoint "G1PauseCleanup", Time since last: 42750290 ns, Reaching safepoint: 2213410 ns, Cleanup: 29108 ns, At safepoint: 489615 ns, Total: 2732133 ns
[2026-09-29T20:25:31.611-0400][19.068s][info][gc,marking  ] GC(21) Concurrent Cleanup for Next Mark
[2026-09-29T20:25:31.612-0400][19.068s][info][gc,marking  ] GC(21) Concurrent Cleanup for Next Mark 0.736ms
[2026-09-29T20:25:31.612-0400][19.069s][info][gc          ] GC(21) Concurrent Mark Cycle 146.409ms
[2026-09-29T20:25:32.102-0400][19.559s][info][gc,start    ] GC(22) Pause Young (Prepare Mixed) (G1 Evacuation Pause)
[2026-09-29T20:25:32.103-0400][19.559s][info][gc,task     ] GC(22) Using 6 workers of 8 for evacuation
[2026-09-29T20:25:32.116-0400][19.573s][info][gc,phases   ] GC(22)   Pre Evacuate Collection Set: 0.25ms
[2026-09-29T20:25:32.116-0400][19.573s][info][gc,phases   ] GC(22)   Merge Heap Roots: 0.10ms
[2026-09-29T20:25:32.116-0400][19.573s][info][gc,phases   ] GC(22)   Evacuate Collection Set: 8.19ms
[2026-09-29T20:25:32.116-0400][19.573s][info][gc,phases   ] GC(22)   Post Evacuate Collection Set: 5.02ms
[2026-09-29T20:25:32.116-0400][19.573s][info][gc,phases   ] GC(22)   Other: 0.16ms
[2026-09-29T20:25:32.116-0400][19.573s][info][gc,heap     ] GC(22) Eden regions: 34->0(1)
[2026-09-29T20:25:32.116-0400][19.573s][info][gc,heap     ] GC(22) Survivor regions: 3->4(5)
[2026-09-29T20:25:32.116-0400][19.573s][info][gc,heap     ] GC(22) Old regions: 32->34
[2026-09-29T20:25:32.116-0400][19.573s][info][gc,heap     ] GC(22) Archive regions: 2->2
[2026-09-29T20:25:32.116-0400][19.573s][info][gc,heap     ] GC(22) Humongous regions: 2->2
[2026-09-29T20:25:32.116-0400][19.573s][info][gc,metaspace] GC(22) Metaspace: 76281K(78848K)->76281K(78848K) NonClass: 67639K(69248K)->67639K(69248K) Class: 8641K(9600K)->8641K(9600K)
[2026-09-29T20:25:32.116-0400][19.573s][info][gc          ] GC(22) Pause Young (Prepare Mixed) (G1 Evacuation Pause) 142M->81M(186M) 13.874ms
[2026-09-29T20:25:32.116-0400][19.573s][info][gc,cpu      ] GC(22) User=0.08s Sys=0.00s Real=0.01s
[2026-09-29T20:25:32.116-0400][19.573s][info][safepoint   ] Safepoint "G1CollectForAllocation", Time since last: 491558118 ns, Reaching safepoint: 16598 ns, Cleanup: 102576 ns, At safepoint: 14011296 ns, Total: 14130470 ns
[2026-09-29T20:25:32.131-0400][19.588s][info][gc,start    ] GC(23) Pause Young (Mixed) (G1 Evacuation Pause)
[2026-09-29T20:25:32.131-0400][19.588s][info][gc,task     ] GC(23) Using 6 workers of 8 for evacuation
[2026-09-29T20:25:32.137-0400][19.594s][info][gc,phases   ] GC(23)   Pre Evacuate Collection Set: 0.17ms
[2026-09-29T20:25:32.137-0400][19.594s][info][gc,phases   ] GC(23)   Merge Heap Roots: 0.14ms
[2026-09-29T20:25:32.137-0400][19.594s][info][gc,phases   ] GC(23)   Evacuate Collection Set: 3.97ms
[2026-09-29T20:25:32.137-0400][19.594s][info][gc,phases   ] GC(23)   Post Evacuate Collection Set: 1.59ms
[2026-09-29T20:25:32.137-0400][19.594s][info][gc,phases   ] GC(23)   Other: 0.17ms
[2026-09-29T20:25:32.137-0400][19.594s][info][gc,heap     ] GC(23) Eden regions: 1->0(33)
[2026-09-29T20:25:32.137-0400][19.594s][info][gc,heap     ] GC(23) Survivor regions: 4->1(1)
[2026-09-29T20:25:32.137-0400][19.594s][info][gc,heap     ] GC(23) Old regions: 34->35
[2026-09-29T20:25:32.137-0400][19.594s][info][gc,heap     ] GC(23) Archive regions: 2->2
[2026-09-29T20:25:32.137-0400][19.594s][info][gc,heap     ] GC(23) Humongous regions: 2->2
[2026-09-29T20:25:32.137-0400][19.594s][info][gc,metaspace] GC(23) Metaspace: 76281K(78848K)->76281K(78848K) NonClass: 67639K(69248K)->67639K(69248K) Class: 8641K(9600K)->8641K(9600K)
[2026-09-29T20:25:32.137-0400][19.594s][info][gc          ] GC(23) Pause Young (Mixed) (G1 Evacuation Pause) 83M->76M(186M) 6.119ms
[2026-09-29T20:25:32.137-0400][19.594s][info][gc,cpu      ] GC(23) User=0.03s Sys=0.00s Real=0.01s
[2026-09-29T20:25:32.137-0400][19.594s][info][safepoint   ] Safepoint "G1CollectForAllocation", Time since last: 14355534 ns, Reaching safepoint: 15377 ns, Cleanup: 13983 ns, At safepoint: 6334651 ns, Total: 6364011 ns
[2026-09-29T20:25:32.428-0400][19.885s][info][gc,start    ] GC(24) Pause Young (Normal) (G1 Evacuation Pause)
[2026-09-29T20:25:32.428-0400][19.885s][info][gc,task     ] GC(24) Using 6 workers of 8 for evacuation
[2026-09-29T20:25:32.436-0400][19.893s][info][gc,phases   ] GC(24)   Pre Evacuate Collection Set: 0.16ms
[2026-09-29T20:25:32.436-0400][19.893s][info][gc,phases   ] GC(24)   Merge Heap Roots: 0.13ms
[2026-09-29T20:25:32.436-0400][19.893s][info][gc,phases   ] GC(24)   Evacuate Collection Set: 2.06ms
[2026-09-29T20:25:32.436-0400][19.893s][info][gc,phases   ] GC(24)   Post Evacuate Collection Set: 4.82ms
[2026-09-29T20:25:32.436-0400][19.893s][info][gc,phases   ] GC(24)   Other: 0.24ms
[2026-09-29T20:25:32.436-0400][19.893s][info][gc,heap     ] GC(24) Eden regions: 33->0(87)
[2026-09-29T20:25:32.436-0400][19.893s][info][gc,heap     ] GC(24) Survivor regions: 1->5(5)
[2026-09-29T20:25:32.436-0400][19.893s][info][gc,heap     ] GC(24) Old regions: 35->36
[2026-09-29T20:25:32.436-0400][19.893s][info][gc,heap     ] GC(24) Archive regions: 2->2
[2026-09-29T20:25:32.436-0400][19.893s][info][gc,heap     ] GC(24) Humongous regions: 2->2
[2026-09-29T20:25:32.436-0400][19.893s][info][gc,metaspace] GC(24) Metaspace: 76306K(78848K)->76306K(78848K) NonClass: 67664K(69248K)->67664K(69248K) Class: 8641K(9600K)->8641K(9600K)
[2026-09-29T20:25:32.436-0400][19.893s][info][gc          ] GC(24) Pause Young (Normal) (G1 Evacuation Pause) 142M->86M(366M) 7.665ms
[2026-09-29T20:25:32.436-0400][19.893s][info][gc,cpu      ] GC(24) User=0.03s Sys=0.01s Real=0.01s
[2026-09-29T20:25:32.436-0400][19.893s][info][safepoint   ] Safepoint "G1CollectForAllocation", Time since last: 291131303 ns, Reaching safepoint: 22495 ns, Cleanup: 38508 ns, At safepoint: 7910908 ns, Total: 7971911 ns
[2026-09-29T20:25:33.231-0400][20.687s][info][gc,start    ] GC(25) Pause Young (Normal) (G1 Evacuation Pause)
[2026-09-29T20:25:33.231-0400][20.688s][info][gc,task     ] GC(25) Using 8 workers of 8 for evacuation
[2026-09-29T20:25:33.236-0400][20.693s][info][gc,phases   ] GC(25)   Pre Evacuate Collection Set: 0.39ms
[2026-09-29T20:25:33.236-0400][20.693s][info][gc,phases   ] GC(25)   Merge Heap Roots: 0.24ms
[2026-09-29T20:25:33.236-0400][20.693s][info][gc,phases   ] GC(25)   Evacuate Collection Set: 2.43ms
[2026-09-29T20:25:33.236-0400][20.693s][info][gc,phases   ] GC(25)   Post Evacuate Collection Set: 2.51ms
[2026-09-29T20:25:33.236-0400][20.693s][info][gc,phases   ] GC(25)   Other: 0.19ms
[2026-09-29T20:25:33.236-0400][20.693s][info][gc,heap     ] GC(25) Eden regions: 87->0(87)
[2026-09-29T20:25:33.236-0400][20.693s][info][gc,heap     ] GC(25) Survivor regions: 5->4(12)
[2026-09-29T20:25:33.236-0400][20.693s][info][gc,heap     ] GC(25) Old regions: 36->36
[2026-09-29T20:25:33.236-0400][20.693s][info][gc,heap     ] GC(25) Archive regions: 2->2
[2026-09-29T20:25:33.236-0400][20.693s][info][gc,heap     ] GC(25) Humongous regions: 2->2
[2026-09-29T20:25:33.236-0400][20.693s][info][gc,metaspace] GC(25) Metaspace: 77368K(79936K)->77368K(79936K) NonClass: 68548K(70144K)->68548K(70144K) Class: 8820K(9792K)->8820K(9792K)
[2026-09-29T20:25:33.236-0400][20.693s][info][gc          ] GC(25) Pause Young (Normal) (G1 Evacuation Pause) 260M->84M(366M) 5.824ms
[2026-09-29T20:25:33.236-0400][20.693s][info][gc,cpu      ] GC(25) User=0.01s Sys=0.01s Real=0.01s
[2026-09-29T20:25:33.237-0400][20.693s][info][safepoint   ] Safepoint "G1CollectForAllocation", Time since last: 794104117 ns, Reaching safepoint: 15037 ns, Cleanup: 132893 ns, At safepoint: 6000216 ns, Total: 6148146 ns
[2026-09-29T20:25:33.545-0400][21.002s][info][safepoint   ] Safepoint "ICBufferFull", Time since last: 307958573 ns, Reaching safepoint: 18248 ns, Cleanup: 374051 ns, At safepoint: 11326 ns, Total: 403625 ns
[2026-09-29T20:25:34.086-0400][21.543s][info][safepoint   ] Safepoint "ICBufferFull", Time since last: 540591956 ns, Reaching safepoint: 122928 ns, Cleanup: 298637 ns, At safepoint: 100560 ns, Total: 522125 ns
[2026-09-29T20:25:34.549-0400][22.006s][info][safepoint   ] Safepoint "ICBufferFull", Time since last: 463262876 ns, Reaching safepoint: 13622 ns, Cleanup: 125161 ns, At safepoint: 39395 ns, Total: 178178 ns
[2026-09-29T20:25:34.723-0400][22.180s][info][gc,start    ] GC(26) Pause Young (Normal) (G1 Evacuation Pause)
[2026-09-29T20:25:34.723-0400][22.180s][info][gc,task     ] GC(26) Using 8 workers of 8 for evacuation
[2026-09-29T20:25:34.736-0400][22.193s][info][gc,phases   ] GC(26)   Pre Evacuate Collection Set: 0.37ms
[2026-09-29T20:25:34.736-0400][22.193s][info][gc,phases   ] GC(26)   Merge Heap Roots: 0.18ms
[2026-09-29T20:25:34.736-0400][22.193s][info][gc,phases   ] GC(26)   Evacuate Collection Set: 8.99ms
[2026-09-29T20:25:34.736-0400][22.193s][info][gc,phases   ] GC(26)   Post Evacuate Collection Set: 3.15ms
[2026-09-29T20:25:34.736-0400][22.193s][info][gc,phases   ] GC(26)   Other: 0.22ms
[2026-09-29T20:25:34.736-0400][22.193s][info][gc,heap     ] GC(26) Eden regions: 87->0(90)
[2026-09-29T20:25:34.736-0400][22.193s][info][gc,heap     ] GC(26) Survivor regions: 4->5(12)
[2026-09-29T20:25:34.736-0400][22.193s][info][gc,heap     ] GC(26) Old regions: 36->36
[2026-09-29T20:25:34.736-0400][22.193s][info][gc,heap     ] GC(26) Archive regions: 2->2
[2026-09-29T20:25:34.736-0400][22.193s][info][gc,heap     ] GC(26) Humongous regions: 2->2
[2026-09-29T20:25:34.736-0400][22.193s][info][gc,metaspace] GC(26) Metaspace: 84369K(87040K)->84369K(87040K) NonClass: 74620K(76288K)->74620K(76288K) Class: 9748K(10752K)->9748K(10752K)
[2026-09-29T20:25:34.736-0400][22.193s][info][gc          ] GC(26) Pause Young (Normal) (G1 Evacuation Pause) 258M->86M(366M) 13.062ms
[2026-09-29T20:25:34.736-0400][22.193s][info][gc,cpu      ] GC(26) User=0.05s Sys=0.02s Real=0.01s
[2026-09-29T20:25:34.737-0400][22.193s][info][safepoint   ] Safepoint "G1CollectForAllocation", Time since last: 173522693 ns, Reaching safepoint: 13755 ns, Cleanup: 155332 ns, At safepoint: 13419352 ns, Total: 13588439 ns
[2026-09-29T20:25:35.059-0400][22.516s][info][safepoint   ] Safepoint "ICBufferFull", Time since last: 321884381 ns, Reaching safepoint: 16522 ns, Cleanup: 139740 ns, At safepoint: 51807 ns, Total: 208069 ns
[2026-09-29T20:25:35.263-0400][22.720s][info][safepoint   ] Safepoint "ICBufferFull", Time since last: 203914322 ns, Reaching safepoint: 146317 ns, Cleanup: 162931 ns, At safepoint: 168118 ns, Total: 477366 ns
[2026-09-29T20:25:35.263-0400][22.720s][info][safepoint   ] Safepoint "ICBufferFull", Time since last: 229036 ns, Reaching safepoint: 13589 ns, Cleanup: 4301 ns, At safepoint: 39191 ns, Total: 57081 ns
[2026-09-29T20:25:35.364-0400][22.821s][info][safepoint   ] Safepoint "ICBufferFull", Time since last: 100121827 ns, Reaching safepoint: 363012 ns, Cleanup: 164336 ns, At safepoint: 87228 ns, Total: 614576 ns
[2026-09-29T20:25:36.151-0400][23.608s][info][safepoint   ] Safepoint "ICBufferFull", Time since last: 786504484 ns, Reaching safepoint: 10022 ns, Cleanup: 129645 ns, At safepoint: 2316 ns, Total: 141983 ns
[2026-09-29T20:25:36.989-0400][24.446s][info][safepoint   ] Safepoint "ICBufferFull", Time since last: 838080452 ns, Reaching safepoint: 6267 ns, Cleanup: 437439 ns, At safepoint: 23410 ns, Total: 467116 ns
[2026-09-29T20:25:37.645-0400][25.101s][info][safepoint   ] Safepoint "ICBufferFull", Time since last: 655090975 ns, Reaching safepoint: 14824 ns, Cleanup: 162769 ns, At safepoint: 3213 ns, Total: 180806 ns
[2026-09-29T20:25:37.883-0400][25.340s][info][safepoint   ] Safepoint "ICBufferFull", Time since last: 238606774 ns, Reaching safepoint: 9402 ns, Cleanup: 110190 ns, At safepoint: 35303 ns, Total: 154895 ns
[2026-09-29T20:25:38.383-0400][25.839s][info][safepoint   ] Safepoint "ICBufferFull", Time since last: 499040788 ns, Reaching safepoint: 108899 ns, Cleanup: 115235 ns, At safepoint: 30354 ns, Total: 254488 ns
[2026-09-29T20:25:38.773-0400][26.230s][info][safepoint   ] Safepoint "ICBufferFull", Time since last: 390383881 ns, Reaching safepoint: 14600 ns, Cleanup: 165486 ns, At safepoint: 3295 ns, Total: 183381 ns
[2026-09-29T20:25:38.874-0400][26.331s][info][safepoint   ] Safepoint "ICBufferFull", Time since last: 100858468 ns, Reaching safepoint: 136771 ns, Cleanup: 162983 ns, At safepoint: 101926 ns, Total: 401680 ns
[2026-09-29T20:25:39.420-0400][26.877s][info][gc,start    ] GC(27) Pause Young (Normal) (G1 Evacuation Pause)
[2026-09-29T20:25:39.420-0400][26.877s][info][gc,task     ] GC(27) Using 8 workers of 8 for evacuation
[2026-09-29T20:25:39.447-0400][26.904s][info][gc,phases   ] GC(27)   Pre Evacuate Collection Set: 0.37ms
[2026-09-29T20:25:39.447-0400][26.904s][info][gc,phases   ] GC(27)   Merge Heap Roots: 0.29ms
[2026-09-29T20:25:39.447-0400][26.904s][info][gc,phases   ] GC(27)   Evacuate Collection Set: 18.61ms
[2026-09-29T20:25:39.447-0400][26.904s][info][gc,phases   ] GC(27)   Post Evacuate Collection Set: 7.61ms
[2026-09-29T20:25:39.447-0400][26.904s][info][gc,phases   ] GC(27)   Other: 0.22ms
[2026-09-29T20:25:39.447-0400][26.904s][info][gc,heap     ] GC(27) Eden regions: 90->0(88)
[2026-09-29T20:25:39.447-0400][26.904s][info][gc,heap     ] GC(27) Survivor regions: 5->11(12)
[2026-09-29T20:25:39.447-0400][26.904s][info][gc,heap     ] GC(27) Old regions: 36->36
[2026-09-29T20:25:39.447-0400][26.904s][info][gc,heap     ] GC(27) Archive regions: 2->2
[2026-09-29T20:25:39.447-0400][26.904s][info][gc,heap     ] GC(27) Humongous regions: 2->2
[2026-09-29T20:25:39.447-0400][26.904s][info][gc,metaspace] GC(27) Metaspace: 103872K(107008K)->103872K(107008K) NonClass: 91991K(93888K)->91991K(93888K) Class: 11880K(13120K)->11880K(13120K)
[2026-09-29T20:25:39.447-0400][26.904s][info][gc          ] GC(27) Pause Young (Normal) (G1 Evacuation Pause) 266M->97M(366M) 27.208ms
[2026-09-29T20:25:39.447-0400][26.904s][info][gc,cpu      ] GC(27) User=0.11s Sys=0.02s Real=0.02s
[2026-09-29T20:25:39.448-0400][26.904s][info][safepoint   ] Safepoint "G1CollectForAllocation", Time since last: 545142327 ns, Reaching safepoint: 459921 ns, Cleanup: 159584 ns, At safepoint: 27357014 ns, Total: 27976519 ns
[2026-09-29T20:25:39.751-0400][27.208s][info][safepoint   ] Safepoint "ICBufferFull", Time since last: 302968646 ns, Reaching safepoint: 22069 ns, Cleanup: 220467 ns, At safepoint: 7854 ns, Total: 250390 ns
[2026-09-29T20:25:40.801-0400][28.258s][info][safepoint   ] Safepoint "Cleanup", Time since last: 1049581207 ns, Reaching safepoint: 118720 ns, Cleanup: 362212 ns, At safepoint: 56186 ns, Total: 537118 ns
[2026-09-29T20:25:41.973-0400][29.430s][info][safepoint   ] Safepoint "ICBufferFull", Time since last: 1172046336 ns, Reaching safepoint: 19527 ns, Cleanup: 289095 ns, At safepoint: 13506 ns, Total: 322128 ns
[2026-09-29T20:25:42.401-0400][29.858s][info][safepoint   ] Safepoint "ICBufferFull", Time since last: 427803801 ns, Reaching safepoint: 15815 ns, Cleanup: 359756 ns, At safepoint: 42588 ns, Total: 418159 ns
[2026-09-29T20:25:42.517-0400][29.974s][info][gc,start    ] GC(28) Pause Young (Normal) (G1 Evacuation Pause)
[2026-09-29T20:25:42.517-0400][29.974s][info][gc,task     ] GC(28) Using 8 workers of 8 for evacuation
[2026-09-29T20:25:42.536-0400][29.993s][info][gc,phases   ] GC(28)   Pre Evacuate Collection Set: 0.24ms
[2026-09-29T20:25:42.536-0400][29.993s][info][gc,phases   ] GC(28)   Merge Heap Roots: 0.16ms
[2026-09-29T20:25:42.536-0400][29.993s][info][gc,phases   ] GC(28)   Evacuate Collection Set: 14.28ms
[2026-09-29T20:25:42.536-0400][29.993s][info][gc,phases   ] GC(28)   Post Evacuate Collection Set: 4.05ms
[2026-09-29T20:25:42.536-0400][29.993s][info][gc,phases   ] GC(28)   Other: 0.19ms
[2026-09-29T20:25:42.536-0400][29.993s][info][gc,heap     ] GC(28) Eden regions: 88->0(87)
[2026-09-29T20:25:42.536-0400][29.993s][info][gc,heap     ] GC(28) Survivor regions: 11->7(13)
[2026-09-29T20:25:42.536-0400][29.993s][info][gc,heap     ] GC(28) Old regions: 36->43
[2026-09-29T20:25:42.536-0400][29.993s][info][gc,heap     ] GC(28) Archive regions: 2->2
[2026-09-29T20:25:42.536-0400][29.993s][info][gc,heap     ] GC(28) Humongous regions: 2->2
[2026-09-29T20:25:42.536-0400][29.993s][info][gc,metaspace] GC(28) Metaspace: 117656K(120896K)->117656K(120896K) NonClass: 103789K(105792K)->103789K(105792K) Class: 13867K(15104K)->13867K(15104K)
[2026-09-29T20:25:42.536-0400][29.993s][info][gc          ] GC(28) Pause Young (Normal) (G1 Evacuation Pause) 273M->103M(366M) 19.002ms
[2026-09-29T20:25:42.536-0400][29.993s][info][gc,cpu      ] GC(28) User=0.13s Sys=0.00s Real=0.02s
[2026-09-29T20:25:42.536-0400][29.993s][info][safepoint   ] Safepoint "G1CollectForAllocation", Time since last: 115668824 ns, Reaching safepoint: 11477 ns, Cleanup: 78950 ns, At safepoint: 19178447 ns, Total: 19268874 ns
[2026-09-29T20:25:43.375-0400][30.832s][info][gc,start    ] GC(29) Pause Young (Concurrent Start) (Metadata GC Threshold)
[2026-09-29T20:25:43.375-0400][30.832s][info][gc,task     ] GC(29) Using 8 workers of 8 for evacuation
[2026-09-29T20:25:43.387-0400][30.844s][info][gc,phases   ] GC(29)   Pre Evacuate Collection Set: 0.43ms
[2026-09-29T20:25:43.387-0400][30.844s][info][gc,phases   ] GC(29)   Merge Heap Roots: 0.39ms
[2026-09-29T20:25:43.387-0400][30.844s][info][gc,phases   ] GC(29)   Evacuate Collection Set: 7.98ms
[2026-09-29T20:25:43.387-0400][30.844s][info][gc,phases   ] GC(29)   Post Evacuate Collection Set: 2.85ms
[2026-09-29T20:25:43.387-0400][30.844s][info][gc,phases   ] GC(29)   Other: 0.24ms
[2026-09-29T20:25:43.387-0400][30.844s][info][gc,heap     ] GC(29) Eden regions: 23->0(82)
[2026-09-29T20:25:43.387-0400][30.844s][info][gc,heap     ] GC(29) Survivor regions: 7->5(12)
[2026-09-29T20:25:43.387-0400][30.844s][info][gc,heap     ] GC(29) Old regions: 43->43
[2026-09-29T20:25:43.387-0400][30.844s][info][gc,heap     ] GC(29) Archive regions: 2->2
[2026-09-29T20:25:43.387-0400][30.844s][info][gc,heap     ] GC(29) Humongous regions: 2->2
[2026-09-29T20:25:43.387-0400][30.844s][info][gc,metaspace] GC(29) Metaspace: 123194K(126528K)->123194K(126528K) NonClass: 108780K(110784K)->108780K(110784K) Class: 14414K(15744K)->14414K(15744K)
[2026-09-29T20:25:43.387-0400][30.844s][info][gc          ] GC(29) Pause Young (Concurrent Start) (Metadata GC Threshold) 147M->99M(366M) 11.986ms
[2026-09-29T20:25:43.387-0400][30.844s][info][gc,cpu      ] GC(29) User=0.04s Sys=0.02s Real=0.01s
[2026-09-29T20:25:43.387-0400][30.844s][info][gc          ] GC(30) Concurrent Mark Cycle
[2026-09-29T20:25:43.387-0400][30.844s][info][gc,marking  ] GC(30) Concurrent Clear Claimed Marks
[2026-09-29T20:25:43.388-0400][30.844s][info][safepoint   ] Safepoint "CollectForMetadataAllocation", Time since last: 838539360 ns, Reaching safepoint: 19376 ns, Cleanup: 331826 ns, At safepoint: 12273829 ns, Total: 12625031 ns
[2026-09-29T20:25:43.388-0400][30.845s][info][gc,marking  ] GC(30) Concurrent Clear Claimed Marks 0.181ms
[2026-09-29T20:25:43.388-0400][30.845s][info][gc,marking  ] GC(30) Concurrent Scan Root Regions
[2026-09-29T20:25:43.393-0400][30.850s][info][gc,marking  ] GC(30) Concurrent Scan Root Regions 5.132ms
[2026-09-29T20:25:43.393-0400][30.850s][info][gc,marking  ] GC(30) Concurrent Mark
[2026-09-29T20:25:43.393-0400][30.850s][info][gc,marking  ] GC(30) Concurrent Mark From Roots
[2026-09-29T20:25:43.393-0400][30.850s][info][gc,task     ] GC(30) Using 2 workers of 2 for marking
[2026-09-29T20:25:43.488-0400][30.945s][info][gc,marking  ] GC(30) Concurrent Mark From Roots 95.032ms
[2026-09-29T20:25:43.488-0400][30.945s][info][gc,marking  ] GC(30) Concurrent Preclean
[2026-09-29T20:25:43.489-0400][30.946s][info][gc,marking  ] GC(30) Concurrent Preclean 0.975ms
[2026-09-29T20:25:43.489-0400][30.946s][info][gc,start    ] GC(30) Pause Remark
[2026-09-29T20:25:43.497-0400][30.954s][info][gc          ] GC(30) Pause Remark 108M->108M(366M) 7.472ms
[2026-09-29T20:25:43.497-0400][30.954s][info][gc,cpu      ] GC(30) User=0.04s Sys=0.00s Real=0.01s
[2026-09-29T20:25:43.497-0400][30.954s][info][safepoint   ] Safepoint "G1PauseRemark", Time since last: 101490625 ns, Reaching safepoint: 21331 ns, Cleanup: 289586 ns, At safepoint: 7726044 ns, Total: 8036961 ns
[2026-09-29T20:25:43.497-0400][30.954s][info][gc,marking  ] GC(30) Concurrent Mark 104.362ms
[2026-09-29T20:25:43.497-0400][30.954s][info][gc,marking  ] GC(30) Concurrent Rebuild Remembered Sets
[2026-09-29T20:25:43.552-0400][31.009s][info][gc,marking  ] GC(30) Concurrent Rebuild Remembered Sets 55.011ms
[2026-09-29T20:25:43.553-0400][31.009s][info][gc,start    ] GC(30) Pause Cleanup
[2026-09-29T20:25:43.553-0400][31.010s][info][gc          ] GC(30) Pause Cleanup 110M->110M(366M) 0.357ms
[2026-09-29T20:25:43.553-0400][31.010s][info][gc,cpu      ] GC(30) User=0.00s Sys=0.00s Real=0.00s
[2026-09-29T20:25:43.553-0400][31.010s][info][safepoint   ] Safepoint "G1PauseCleanup", Time since last: 55363882 ns, Reaching safepoint: 20505 ns, Cleanup: 33589 ns, At safepoint: 519942 ns, Total: 574036 ns
[2026-09-29T20:25:43.553-0400][31.010s][info][gc,marking  ] GC(30) Concurrent Cleanup for Next Mark
[2026-09-29T20:25:43.555-0400][31.012s][info][gc,marking  ] GC(30) Concurrent Cleanup for Next Mark 1.789ms
[2026-09-29T20:25:43.555-0400][31.012s][info][gc          ] GC(30) Concurrent Mark Cycle 167.536ms
[2026-09-29T20:25:44.625-0400][32.082s][info][safepoint   ] Safepoint "Cleanup", Time since last: 1071506856 ns, Reaching safepoint: 168579 ns, Cleanup: 145511 ns, At safepoint: 98902 ns, Total: 412992 ns
[2026-09-29T20:25:45.209-0400][32.665s][info][safepoint   ] Safepoint "RedefineClasses", Time since last: 511288479 ns, Reaching safepoint: 21207 ns, Cleanup: 235580 ns, At safepoint: 72015514 ns, Total: 72272301 ns
[2026-09-29T20:25:45.255-0400][32.712s][info][safepoint   ] Safepoint "JFRCheckpoint", Time since last: 46263919 ns, Reaching safepoint: 17386 ns, Cleanup: 23498 ns, At safepoint: 10114 ns, Total: 50998 ns
[2026-09-29T20:25:45.262-0400][32.719s][info][safepoint   ] Safepoint "JFROldObject", Time since last: 7239891 ns, Reaching safepoint: 16539 ns, Cleanup: 7480 ns, At safepoint: 36895 ns, Total: 60914 ns
[2026-09-29T20:25:45.337-0400][32.794s][info][safepoint   ] Safepoint "RedefineClasses", Time since last: 2160072 ns, Reaching safepoint: 15166 ns, Cleanup: 6302 ns, At safepoint: 72837348 ns, Total: 72858816 ns
[2026-09-29T20:25:45.346-0400][32.802s][info][safepoint   ] Safepoint "ClassLoaderStatsOperation", Time since last: 4734138 ns, Reaching safepoint: 27828 ns, Cleanup: 7308 ns, At safepoint: 3606725 ns, Total: 3641861 ns
[2026-09-29T20:25:46.346-0400][33.803s][info][safepoint   ] Safepoint "Cleanup", Time since last: 1000252987 ns, Reaching safepoint: 16969 ns, Cleanup: 47297 ns, At safepoint: 3264 ns, Total: 67530 ns
[2026-09-29T20:25:47.346-0400][34.803s][info][safepoint   ] Safepoint "Cleanup", Time since last: 1000498579 ns, Reaching safepoint: 26570 ns, Cleanup: 28373 ns, At safepoint: 6123 ns, Total: 61066 ns
[2026-09-29T20:25:48.347-0400][35.804s][info][safepoint   ] Safepoint "Cleanup", Time since last: 1000281789 ns, Reaching safepoint: 25499 ns, Cleanup: 35721 ns, At safepoint: 6049 ns, Total: 67269 ns
[2026-09-29T20:25:49.348-0400][36.805s][info][safepoint   ] Safepoint "Cleanup", Time since last: 1000856500 ns, Reaching safepoint: 36566 ns, Cleanup: 63703 ns, At safepoint: 9766 ns, Total: 110035 ns
[2026-09-29T20:25:50.349-0400][37.805s][info][safepoint   ] Safepoint "Cleanup", Time since last: 1000737301 ns, Reaching safepoint: 43396 ns, Cleanup: 59120 ns, At safepoint: 11246 ns, Total: 113762 ns
[2026-09-29T20:25:51.349-0400][38.806s][info][safepoint   ] Safepoint "Cleanup", Time since last: 1000393356 ns, Reaching safepoint: 17980 ns, Cleanup: 28223 ns, At safepoint: 3443 ns, Total: 49646 ns
[2026-09-29T20:25:52.350-0400][39.807s][info][safepoint   ] Safepoint "Cleanup", Time since last: 1000641491 ns, Reaching safepoint: 55017 ns, Cleanup: 51152 ns, At safepoint: 16945 ns, Total: 123114 ns
[2026-09-29T20:25:55.266-0400][42.723s][info][safepoint   ] Safepoint "ClassLoaderStatsOperation", Time since last: 2905798642 ns, Reaching safepoint: 6793062 ns, Cleanup: 14496 ns, At safepoint: 3797415 ns, Total: 10604973 ns
[2026-09-29T20:25:55.269-0400][42.726s][info][safepoint   ] Safepoint "JFRCheckpoint", Time since last: 3048472 ns, Reaching safepoint: 18014 ns, Cleanup: 8047 ns, At safepoint: 34318 ns, Total: 60379 ns
[2026-09-29T20:25:55.276-0400][42.733s][info][safepoint   ] Safepoint "JFROldObject", Time since last: 6505895 ns, Reaching safepoint: 30133 ns, Cleanup: 11203 ns, At safepoint: 87355 ns, Total: 128691 ns
[2026-09-29T20:25:56.276-0400][43.733s][info][safepoint   ] Safepoint "Cleanup", Time since last: 1000183983 ns, Reaching safepoint: 18950 ns, Cleanup: 15145 ns, At safepoint: 2915 ns, Total: 37010 ns
[2026-09-29T20:26:00.037-0400][47.494s][info][safepoint   ] Safepoint "Cleanup", Time since last: 3760949498 ns, Reaching safepoint: 10033 ns, Cleanup: 57149 ns, At safepoint: 32499 ns, Total: 99681 ns
[2026-09-29T20:26:00.374-0400][47.831s][info][safepoint   ] Safepoint "ICBufferFull", Time since last: 336995180 ns, Reaching safepoint: 21904 ns, Cleanup: 131686 ns, At safepoint: 107204 ns, Total: 260794 ns
[2026-09-29T20:26:00.876-0400][48.333s][info][safepoint   ] Safepoint "ICBufferFull", Time since last: 501273224 ns, Reaching safepoint: 24931 ns, Cleanup: 147244 ns, At safepoint: 4513 ns, Total: 176688 ns
[2026-09-29T20:26:01.111-0400][48.568s][info][safepoint   ] Safepoint "ICBufferFull", Time since last: 234731727 ns, Reaching safepoint: 23472 ns, Cleanup: 132744 ns, At safepoint: 44213 ns, Total: 200429 ns
[2026-09-29T20:26:01.366-0400][48.823s][info][safepoint   ] Safepoint "ICBufferFull", Time since last: 254724123 ns, Reaching safepoint: 224933 ns, Cleanup: 277616 ns, At safepoint: 84188 ns, Total: 586737 ns
[2026-09-29T20:26:01.957-0400][49.414s][info][safepoint   ] Safepoint "ICBufferFull", Time since last: 590389832 ns, Reaching safepoint: 13484 ns, Cleanup: 150310 ns, At safepoint: 3642 ns, Total: 167436 ns
[2026-09-29T20:26:02.198-0400][49.655s][info][gc,start    ] GC(31) Pause Young (Prepare Mixed) (G1 Evacuation Pause)
[2026-09-29T20:26:02.198-0400][49.655s][info][gc,task     ] GC(31) Using 8 workers of 8 for evacuation
[2026-09-29T20:26:02.207-0400][49.664s][info][gc,phases   ] GC(31)   Pre Evacuate Collection Set: 0.27ms
[2026-09-29T20:26:02.207-0400][49.664s][info][gc,phases   ] GC(31)   Merge Heap Roots: 0.20ms
[2026-09-29T20:26:02.207-0400][49.664s][info][gc,phases   ] GC(31)   Evacuate Collection Set: 5.52ms
[2026-09-29T20:26:02.207-0400][49.664s][info][gc,phases   ] GC(31)   Post Evacuate Collection Set: 2.89ms
[2026-09-29T20:26:02.207-0400][49.664s][info][gc,phases   ] GC(31)   Other: 0.14ms
[2026-09-29T20:26:02.207-0400][49.664s][info][gc,heap     ] GC(31) Eden regions: 82->0(1)
[2026-09-29T20:26:02.207-0400][49.664s][info][gc,heap     ] GC(31) Survivor regions: 5->8(11)
[2026-09-29T20:26:02.207-0400][49.664s][info][gc,heap     ] GC(31) Old regions: 43->43
[2026-09-29T20:26:02.207-0400][49.664s][info][gc,heap     ] GC(31) Archive regions: 2->2
[2026-09-29T20:26:02.207-0400][49.664s][info][gc,heap     ] GC(31) Humongous regions: 2->2
[2026-09-29T20:26:02.207-0400][49.664s][info][gc,metaspace] GC(31) Metaspace: 134201K(137792K)->134201K(137792K) NonClass: 118545K(120640K)->118545K(120640K) Class: 15655K(17152K)->15655K(17152K)
[2026-09-29T20:26:02.207-0400][49.664s][info][gc          ] GC(31) Pause Young (Prepare Mixed) (G1 Evacuation Pause) 263M->105M(366M) 9.108ms
[2026-09-29T20:26:02.207-0400][49.664s][info][gc,cpu      ] GC(31) User=0.05s Sys=0.00s Real=0.01s
[2026-09-29T20:26:02.207-0400][49.664s][info][safepoint   ] Safepoint "G1CollectForAllocation", Time since last: 240927504 ns, Reaching safepoint: 17748 ns, Cleanup: 47395 ns, At safepoint: 9206462 ns, Total: 9271605 ns
[2026-09-29T20:26:02.213-0400][49.670s][info][gc,start    ] GC(32) Pause Young (Mixed) (G1 Evacuation Pause)
[2026-09-29T20:26:02.213-0400][49.670s][info][gc,task     ] GC(32) Using 8 workers of 8 for evacuation
[2026-09-29T20:26:02.221-0400][49.678s][info][gc,phases   ] GC(32)   Pre Evacuate Collection Set: 0.23ms
[2026-09-29T20:26:02.221-0400][49.678s][info][gc,phases   ] GC(32)   Merge Heap Roots: 0.26ms
[2026-09-29T20:26:02.221-0400][49.678s][info][gc,phases   ] GC(32)   Evacuate Collection Set: 5.75ms
[2026-09-29T20:26:02.221-0400][49.678s][info][gc,phases   ] GC(32)   Post Evacuate Collection Set: 1.08ms
[2026-09-29T20:26:02.221-0400][49.678s][info][gc,phases   ] GC(32)   Other: 0.14ms
[2026-09-29T20:26:02.221-0400][49.678s][info][gc,heap     ] GC(32) Eden regions: 1->0(85)
[2026-09-29T20:26:02.221-0400][49.678s][info][gc,heap     ] GC(32) Survivor regions: 8->1(2)
[2026-09-29T20:26:02.221-0400][49.678s][info][gc,heap     ] GC(32) Old regions: 43->48
[2026-09-29T20:26:02.221-0400][49.678s][info][gc,heap     ] GC(32) Archive regions: 2->2
[2026-09-29T20:26:02.221-0400][49.678s][info][gc,heap     ] GC(32) Humongous regions: 2->2
[2026-09-29T20:26:02.221-0400][49.678s][info][gc,metaspace] GC(32) Metaspace: 134202K(137792K)->134202K(137792K) NonClass: 118546K(120640K)->118546K(120640K) Class: 15655K(17152K)->15655K(17152K)
[2026-09-29T20:26:02.221-0400][49.678s][info][gc          ] GC(32) Pause Young (Mixed) (G1 Evacuation Pause) 107M->102M(366M) 7.524ms
[2026-09-29T20:26:02.221-0400][49.678s][info][gc,cpu      ] GC(32) User=0.05s Sys=0.01s Real=0.01s
[2026-09-29T20:26:02.221-0400][49.678s][info][safepoint   ] Safepoint "G1CollectForAllocation", Time since last: 6368449 ns, Reaching safepoint: 17583 ns, Cleanup: 3614 ns, At safepoint: 7628526 ns, Total: 7649723 ns
[2026-09-29T20:26:02.726-0400][50.183s][info][safepoint   ] Safepoint "ICBufferFull", Time since last: 505263988 ns, Reaching safepoint: 17467 ns, Cleanup: 127136 ns, At safepoint: 4985 ns, Total: 149588 ns
[2026-09-29T20:26:03.169-0400][50.626s][info][gc,heap,exit] Heap
[2026-09-29T20:26:03.170-0400][50.627s][info][gc,heap,exit]  garbage-first heap   total 374784K, used 178910K [0x0000000709400000, 0x0000000800000000)
[2026-09-29T20:26:03.170-0400][50.627s][info][gc,heap,exit]   region size 2048K, 38 young (77824K), 1 survivors (2048K)
[2026-09-29T20:26:03.170-0400][50.627s][info][gc,heap,exit]  Metaspace       used 134612K, committed 138112K, reserved 1179648K
[2026-09-29T20:26:03.170-0400][50.627s][info][gc,heap,exit]   class space    used 15680K, committed 17152K, reserved 1048576K
