[2026-09-29T20:24:20.001-0400][0.004s][info][gc] Using G1
[2026-09-29T20:24:20.004-0400][0.007s][info][gc,init] Version: 17.0.18+8-LTS (release)
[2026-09-29T20:24:20.004-0400][0.007s][info][gc,init] CPUs: 8 total, 8 available
[2026-09-29T20:24:20.004-0400][0.007s][info][gc,init] Memory: 15788M
[2026-09-29T20:24:20.004-0400][0.007s][info][gc,init] Large Page Support: Disabled
[2026-09-29T20:24:20.004-0400][0.007s][info][gc,init] NUMA Support: Disabled
[2026-09-29T20:24:20.004-0400][0.007s][info][gc,init] Compressed Oops: Enabled (Zero based)
[2026-09-29T20:24:20.004-0400][0.007s][info][gc,init] Heap Region Size: 2M
[2026-09-29T20:24:20.004-0400][0.007s][info][gc,init] Heap Min Capacity: 8M
[2026-09-29T20:24:20.004-0400][0.007s][info][gc,init] Heap Initial Capacity: 248M
[2026-09-29T20:24:20.004-0400][0.007s][info][gc,init] Heap Max Capacity: 3948M
[2026-09-29T20:24:20.004-0400][0.007s][info][gc,init] Pre-touch: Disabled
[2026-09-29T20:24:20.004-0400][0.007s][info][gc,init] Parallel Workers: 8
[2026-09-29T20:24:20.004-0400][0.007s][info][gc,init] Concurrent Workers: 2
[2026-09-29T20:24:20.004-0400][0.007s][info][gc,init] Concurrent Refinement Workers: 8
[2026-09-29T20:24:20.004-0400][0.007s][info][gc,init] Periodic GC: Disabled
[2026-09-29T20:24:20.011-0400][0.015s][info][gc,metaspace] CDS archive(s) mapped at: [0x0000750bdb000000-0x0000750bdbbc7000-0x0000750bdbbc7000), size 12349440, SharedBaseAddress: 0x0000750bdb000000, ArchiveRelocationMode: 1.
[2026-09-29T20:24:20.011-0400][0.015s][info][gc,metaspace] Compressed class space mapped at: 0x0000750bdc000000-0x0000750c1c000000, reserved size: 1073741824
[2026-09-29T20:24:20.011-0400][0.015s][info][gc,metaspace] Narrow klass base: 0x0000750bdb000000, Narrow klass shift: 0, Narrow klass range: 0x100000000
[2026-09-29T20:24:20.640-0400][0.643s][info][safepoint   ] Safepoint "ICBufferFull", Time since last: 621608295 ns, Reaching safepoint: 3406 ns, Cleanup: 323636 ns, At safepoint: 37007 ns, Total: 364049 ns
[2026-09-29T20:24:20.758-0400][0.761s][info][gc,start    ] GC(0) Pause Young (Normal) (G1 Evacuation Pause)
[2026-09-29T20:24:20.760-0400][0.763s][info][gc,task     ] GC(0) Using 6 workers of 8 for evacuation
[2026-09-29T20:24:20.768-0400][0.771s][info][gc,phases   ] GC(0)   Pre Evacuate Collection Set: 0.66ms
[2026-09-29T20:24:20.768-0400][0.771s][info][gc,phases   ] GC(0)   Merge Heap Roots: 0.26ms
[2026-09-29T20:24:20.768-0400][0.771s][info][gc,phases   ] GC(0)   Evacuate Collection Set: 5.95ms
[2026-09-29T20:24:20.768-0400][0.771s][info][gc,phases   ] GC(0)   Post Evacuate Collection Set: 1.64ms
[2026-09-29T20:24:20.768-0400][0.771s][info][gc,phases   ] GC(0)   Other: 1.39ms
[2026-09-29T20:24:20.768-0400][0.771s][info][gc,heap     ] GC(0) Eden regions: 11->0(18)
[2026-09-29T20:24:20.768-0400][0.771s][info][gc,heap     ] GC(0) Survivor regions: 0->2(2)
[2026-09-29T20:24:20.768-0400][0.771s][info][gc,heap     ] GC(0) Old regions: 0->0
[2026-09-29T20:24:20.768-0400][0.771s][info][gc,heap     ] GC(0) Archive regions: 2->2
[2026-09-29T20:24:20.768-0400][0.771s][info][gc,heap     ] GC(0) Humongous regions: 0->0
[2026-09-29T20:24:20.768-0400][0.771s][info][gc,metaspace] GC(0) Metaspace: 7882K(8192K)->7882K(8192K) NonClass: 7012K(7168K)->7012K(7168K) Class: 870K(1024K)->870K(1024K)
[2026-09-29T20:24:20.768-0400][0.771s][info][gc          ] GC(0) Pause Young (Normal) (G1 Evacuation Pause) 23M->5M(252M) 9.975ms
[2026-09-29T20:24:20.768-0400][0.771s][info][gc,cpu      ] GC(0) User=0.03s Sys=0.02s Real=0.01s
[2026-09-29T20:24:20.768-0400][0.771s][info][safepoint   ] Safepoint "G1CollectForAllocation", Time since last: 118618433 ns, Reaching safepoint: 8287 ns, Cleanup: 39354 ns, At safepoint: 10055719 ns, Total: 10103360 ns
[2026-09-29T20:24:21.070-0400][1.073s][info][gc,start    ] GC(1) Pause Young (Normal) (G1 Evacuation Pause)
[2026-09-29T20:24:21.070-0400][1.073s][info][gc,task     ] GC(1) Using 6 workers of 8 for evacuation
[2026-09-29T20:24:21.083-0400][1.086s][info][gc,phases   ] GC(1)   Pre Evacuate Collection Set: 0.29ms
[2026-09-29T20:24:21.083-0400][1.086s][info][gc,phases   ] GC(1)   Merge Heap Roots: 0.19ms
[2026-09-29T20:24:21.083-0400][1.086s][info][gc,phases   ] GC(1)   Evacuate Collection Set: 8.95ms
[2026-09-29T20:24:21.083-0400][1.086s][info][gc,phases   ] GC(1)   Post Evacuate Collection Set: 3.05ms
[2026-09-29T20:24:21.083-0400][1.086s][info][gc,phases   ] GC(1)   Other: 0.21ms
[2026-09-29T20:24:21.083-0400][1.086s][info][gc,heap     ] GC(1) Eden regions: 18->0(73)
[2026-09-29T20:24:21.083-0400][1.086s][info][gc,heap     ] GC(1) Survivor regions: 2->1(3)
[2026-09-29T20:24:21.083-0400][1.086s][info][gc,heap     ] GC(1) Old regions: 0->2
[2026-09-29T20:24:21.083-0400][1.086s][info][gc,heap     ] GC(1) Archive regions: 2->2
[2026-09-29T20:24:21.083-0400][1.086s][info][gc,heap     ] GC(1) Humongous regions: 0->0
[2026-09-29T20:24:21.083-0400][1.086s][info][gc,metaspace] GC(1) Metaspace: 8045K(8320K)->8045K(8320K) NonClass: 7172K(7296K)->7172K(7296K) Class: 873K(1024K)->873K(1024K)
[2026-09-29T20:24:21.083-0400][1.086s][info][gc          ] GC(1) Pause Young (Normal) (G1 Evacuation Pause) 41M->5M(252M) 12.932ms
[2026-09-29T20:24:21.083-0400][1.086s][info][gc,cpu      ] GC(1) User=0.05s Sys=0.03s Real=0.02s
[2026-09-29T20:24:21.085-0400][1.088s][info][safepoint   ] Safepoint "G1CollectForAllocation", Time since last: 301568664 ns, Reaching safepoint: 6913 ns, Cleanup: 61245 ns, At safepoint: 14807458 ns, Total: 14875616 ns
[2026-09-29T20:24:21.633-0400][1.637s][info][safepoint   ] Safepoint "ICBufferFull", Time since last: 548342723 ns, Reaching safepoint: 71028 ns, Cleanup: 171170 ns, At safepoint: 38415 ns, Total: 280613 ns
[2026-09-29T20:24:22.276-0400][2.279s][info][safepoint   ] Safepoint "ICBufferFull", Time since last: 641820960 ns, Reaching safepoint: 122608 ns, Cleanup: 175596 ns, At safepoint: 34043 ns, Total: 332247 ns
[2026-09-29T20:24:22.706-0400][2.709s][info][safepoint   ] Safepoint "ICBufferFull", Time since last: 430521962 ns, Reaching safepoint: 7026 ns, Cleanup: 89255 ns, At safepoint: 2025 ns, Total: 98306 ns
[2026-09-29T20:24:23.020-0400][3.024s][info][safepoint   ] Safepoint "ICBufferFull", Time since last: 313970020 ns, Reaching safepoint: 112008 ns, Cleanup: 201299 ns, At safepoint: 31506 ns, Total: 344813 ns
[2026-09-29T20:24:23.127-0400][3.131s][info][gc,start    ] GC(2) Pause Young (Normal) (G1 Evacuation Pause)
[2026-09-29T20:24:23.127-0400][3.131s][info][gc,task     ] GC(2) Using 6 workers of 8 for evacuation
[2026-09-29T20:24:23.138-0400][3.141s][info][gc,phases   ] GC(2)   Pre Evacuate Collection Set: 0.46ms
[2026-09-29T20:24:23.138-0400][3.141s][info][gc,phases   ] GC(2)   Merge Heap Roots: 0.29ms
[2026-09-29T20:24:23.138-0400][3.141s][info][gc,phases   ] GC(2)   Evacuate Collection Set: 8.17ms
[2026-09-29T20:24:23.138-0400][3.141s][info][gc,phases   ] GC(2)   Post Evacuate Collection Set: 1.70ms
[2026-09-29T20:24:23.138-0400][3.141s][info][gc,phases   ] GC(2)   Other: 0.28ms
[2026-09-29T20:24:23.138-0400][3.141s][info][gc,heap     ] GC(2) Eden regions: 73->0(68)
[2026-09-29T20:24:23.138-0400][3.141s][info][gc,heap     ] GC(2) Survivor regions: 1->6(10)
[2026-09-29T20:24:23.138-0400][3.141s][info][gc,heap     ] GC(2) Old regions: 2->2
[2026-09-29T20:24:23.138-0400][3.141s][info][gc,heap     ] GC(2) Archive regions: 2->2
[2026-09-29T20:24:23.138-0400][3.141s][info][gc,heap     ] GC(2) Humongous regions: 0->0
[2026-09-29T20:24:23.138-0400][3.141s][info][gc,metaspace] GC(2) Metaspace: 16172K(16512K)->16172K(16512K) NonClass: 14477K(14656K)->14477K(14656K) Class: 1695K(1856K)->1695K(1856K)
[2026-09-29T20:24:23.138-0400][3.142s][info][gc          ] GC(2) Pause Young (Normal) (G1 Evacuation Pause) 151M->15M(252M) 10.953ms
[2026-09-29T20:24:23.138-0400][3.142s][info][gc,cpu      ] GC(2) User=0.05s Sys=0.02s Real=0.01s
[2026-09-29T20:24:23.138-0400][3.142s][info][safepoint   ] Safepoint "G1CollectForAllocation", Time since last: 106635663 ns, Reaching safepoint: 121665 ns, Cleanup: 103645 ns, At safepoint: 11137626 ns, Total: 11362936 ns
[2026-09-29T20:24:24.282-0400][4.286s][info][gc,start    ] GC(3) Pause Young (Normal) (G1 Evacuation Pause)
[2026-09-29T20:24:24.282-0400][4.286s][info][gc,task     ] GC(3) Using 6 workers of 8 for evacuation
[2026-09-29T20:24:24.326-0400][4.329s][info][gc,phases   ] GC(3)   Pre Evacuate Collection Set: 0.15ms
[2026-09-29T20:24:24.326-0400][4.329s][info][gc,phases   ] GC(3)   Merge Heap Roots: 0.12ms
[2026-09-29T20:24:24.326-0400][4.329s][info][gc,phases   ] GC(3)   Evacuate Collection Set: 34.77ms
[2026-09-29T20:24:24.326-0400][4.329s][info][gc,phases   ] GC(3)   Post Evacuate Collection Set: 8.19ms
[2026-09-29T20:24:24.326-0400][4.329s][info][gc,phases   ] GC(3)   Other: 0.28ms
[2026-09-29T20:24:24.326-0400][4.329s][info][gc,heap     ] GC(3) Eden regions: 68->0(68)
[2026-09-29T20:24:24.326-0400][4.329s][info][gc,heap     ] GC(3) Survivor regions: 6->6(10)
[2026-09-29T20:24:24.326-0400][4.329s][info][gc,heap     ] GC(3) Old regions: 2->7
[2026-09-29T20:24:24.326-0400][4.329s][info][gc,heap     ] GC(3) Archive regions: 2->2
[2026-09-29T20:24:24.326-0400][4.329s][info][gc,heap     ] GC(3) Humongous regions: 0->0
[2026-09-29T20:24:24.326-0400][4.329s][info][gc,metaspace] GC(3) Metaspace: 16638K(17024K)->16638K(17024K) NonClass: 14925K(15168K)->14925K(15168K) Class: 1712K(1856K)->1712K(1856K)
[2026-09-29T20:24:24.326-0400][4.329s][info][gc          ] GC(3) Pause Young (Normal) (G1 Evacuation Pause) 151M->25M(252M) 43.626ms
[2026-09-29T20:24:24.326-0400][4.329s][info][gc,cpu      ] GC(3) User=0.16s Sys=0.07s Real=0.04s
[2026-09-29T20:24:24.326-0400][4.329s][info][safepoint   ] Safepoint "G1CollectForAllocation", Time since last: 1143626090 ns, Reaching safepoint: 130451 ns, Cleanup: 119996 ns, At safepoint: 43811908 ns, Total: 44062355 ns
[2026-09-29T20:24:24.700-0400][4.703s][info][safepoint   ] Safepoint "ICBufferFull", Time since last: 373701589 ns, Reaching safepoint: 11384 ns, Cleanup: 138822 ns, At safepoint: 55644 ns, Total: 205850 ns
[2026-09-29T20:24:24.817-0400][4.820s][info][safepoint   ] Safepoint "ICBufferFull", Time since last: 116500386 ns, Reaching safepoint: 8763 ns, Cleanup: 121792 ns, At safepoint: 49072 ns, Total: 179627 ns
[2026-09-29T20:24:25.133-0400][5.137s][info][gc,start    ] GC(4) Pause Young (Normal) (G1 Evacuation Pause)
[2026-09-29T20:24:25.133-0400][5.137s][info][gc,task     ] GC(4) Using 6 workers of 8 for evacuation
[2026-09-29T20:24:25.149-0400][5.153s][info][gc,phases   ] GC(4)   Pre Evacuate Collection Set: 0.23ms
[2026-09-29T20:24:25.150-0400][5.153s][info][gc,phases   ] GC(4)   Merge Heap Roots: 0.09ms
[2026-09-29T20:24:25.150-0400][5.153s][info][gc,phases   ] GC(4)   Evacuate Collection Set: 14.54ms
[2026-09-29T20:24:25.150-0400][5.153s][info][gc,phases   ] GC(4)   Post Evacuate Collection Set: 1.08ms
[2026-09-29T20:24:25.150-0400][5.153s][info][gc,phases   ] GC(4)   Other: 0.20ms
[2026-09-29T20:24:25.150-0400][5.153s][info][gc,heap     ] GC(4) Eden regions: 68->0(67)
[2026-09-29T20:24:25.150-0400][5.153s][info][gc,heap     ] GC(4) Survivor regions: 6->7(10)
[2026-09-29T20:24:25.150-0400][5.153s][info][gc,heap     ] GC(4) Old regions: 7->7
[2026-09-29T20:24:25.150-0400][5.153s][info][gc,heap     ] GC(4) Archive regions: 2->2
[2026-09-29T20:24:25.150-0400][5.153s][info][gc,heap     ] GC(4) Humongous regions: 0->0
[2026-09-29T20:24:25.150-0400][5.153s][info][gc,metaspace] GC(4) Metaspace: 16986K(17408K)->16986K(17408K) NonClass: 15267K(15552K)->15267K(15552K) Class: 1719K(1856K)->1719K(1856K)
[2026-09-29T20:24:25.150-0400][5.153s][info][gc          ] GC(4) Pause Young (Normal) (G1 Evacuation Pause) 161M->29M(252M) 16.289ms
[2026-09-29T20:24:25.150-0400][5.153s][info][gc,cpu      ] GC(4) User=0.06s Sys=0.03s Real=0.01s
[2026-09-29T20:24:25.150-0400][5.153s][info][safepoint   ] Safepoint "G1CollectForAllocation", Time since last: 316440991 ns, Reaching safepoint: 11636 ns, Cleanup: 108478 ns, At safepoint: 16445731 ns, Total: 16565845 ns
[2026-09-29T20:24:25.686-0400][5.689s][info][gc,start    ] GC(5) Pause Young (Normal) (G1 Evacuation Pause)
[2026-09-29T20:24:25.686-0400][5.689s][info][gc,task     ] GC(5) Using 6 workers of 8 for evacuation
[2026-09-29T20:24:25.704-0400][5.707s][info][gc,phases   ] GC(5)   Pre Evacuate Collection Set: 0.23ms
[2026-09-29T20:24:25.704-0400][5.707s][info][gc,phases   ] GC(5)   Merge Heap Roots: 0.17ms
[2026-09-29T20:24:25.704-0400][5.707s][info][gc,phases   ] GC(5)   Evacuate Collection Set: 13.40ms
[2026-09-29T20:24:25.704-0400][5.707s][info][gc,phases   ] GC(5)   Post Evacuate Collection Set: 3.67ms
[2026-09-29T20:24:25.704-0400][5.707s][info][gc,phases   ] GC(5)   Other: 0.34ms
[2026-09-29T20:24:25.704-0400][5.707s][info][gc,heap     ] GC(5) Eden regions: 67->0(87)
[2026-09-29T20:24:25.704-0400][5.707s][info][gc,heap     ] GC(5) Survivor regions: 7->5(10)
[2026-09-29T20:24:25.704-0400][5.708s][info][gc,heap     ] GC(5) Old regions: 7->11
[2026-09-29T20:24:25.705-0400][5.708s][info][gc,heap     ] GC(5) Archive regions: 2->2
[2026-09-29T20:24:25.705-0400][5.708s][info][gc,heap     ] GC(5) Humongous regions: 0->0
[2026-09-29T20:24:25.705-0400][5.708s][info][gc,metaspace] GC(5) Metaspace: 17034K(17408K)->17034K(17408K) NonClass: 15314K(15552K)->15314K(15552K) Class: 1719K(1856K)->1719K(1856K)
[2026-09-29T20:24:25.705-0400][5.708s][info][gc          ] GC(5) Pause Young (Normal) (G1 Evacuation Pause) 163M->31M(308M) 18.686ms
[2026-09-29T20:24:25.705-0400][5.708s][info][gc,cpu      ] GC(5) User=0.08s Sys=0.02s Real=0.02s
[2026-09-29T20:24:25.706-0400][5.709s][info][safepoint   ] Safepoint "G1CollectForAllocation", Time since last: 535938463 ns, Reaching safepoint: 11213 ns, Cleanup: 149230 ns, At safepoint: 20325746 ns, Total: 20486189 ns
[2026-09-29T20:24:26.232-0400][6.235s][info][safepoint   ] Safepoint "ICBufferFull", Time since last: 525265253 ns, Reaching safepoint: 10884 ns, Cleanup: 171347 ns, At safepoint: 68615 ns, Total: 250846 ns
[2026-09-29T20:24:26.653-0400][6.656s][info][safepoint   ] Safepoint "ICBufferFull", Time since last: 420680175 ns, Reaching safepoint: 9459 ns, Cleanup: 122927 ns, At safepoint: 64607 ns, Total: 196993 ns
[2026-09-29T20:24:26.783-0400][6.786s][info][gc,start    ] GC(6) Pause Young (Normal) (G1 Evacuation Pause)
[2026-09-29T20:24:26.783-0400][6.786s][info][gc,task     ] GC(6) Using 7 workers of 8 for evacuation
[2026-09-29T20:24:26.809-0400][6.812s][info][gc,phases   ] GC(6)   Pre Evacuate Collection Set: 0.16ms
[2026-09-29T20:24:26.809-0400][6.812s][info][gc,phases   ] GC(6)   Merge Heap Roots: 0.09ms
[2026-09-29T20:24:26.809-0400][6.812s][info][gc,phases   ] GC(6)   Evacuate Collection Set: 25.37ms
[2026-09-29T20:24:26.809-0400][6.812s][info][gc,phases   ] GC(6)   Post Evacuate Collection Set: 0.91ms
[2026-09-29T20:24:26.810-0400][6.813s][info][gc,phases   ] GC(6)   Other: 0.20ms
[2026-09-29T20:24:26.810-0400][6.813s][info][gc,heap     ] GC(6) Eden regions: 87->0(88)
[2026-09-29T20:24:26.810-0400][6.813s][info][gc,heap     ] GC(6) Survivor regions: 5->4(12)
[2026-09-29T20:24:26.810-0400][6.813s][info][gc,heap     ] GC(6) Old regions: 11->11
[2026-09-29T20:24:26.810-0400][6.814s][info][gc,heap     ] GC(6) Archive regions: 2->2
[2026-09-29T20:24:26.810-0400][6.814s][info][gc,heap     ] GC(6) Humongous regions: 0->0
[2026-09-29T20:24:26.810-0400][6.814s][info][gc,metaspace] GC(6) Metaspace: 17056K(17408K)->17056K(17408K) NonClass: 15336K(15552K)->15336K(15552K) Class: 1720K(1856K)->1720K(1856K)
[2026-09-29T20:24:26.810-0400][6.814s][info][gc          ] GC(6) Pause Young (Normal) (G1 Evacuation Pause) 205M->29M(308M) 27.892ms
[2026-09-29T20:24:26.810-0400][6.814s][info][gc,cpu      ] GC(6) User=0.12s Sys=0.01s Real=0.02s
[2026-09-29T20:24:26.811-0400][6.814s][info][safepoint   ] Safepoint "G1CollectForAllocation", Time since last: 129846118 ns, Reaching safepoint: 10426 ns, Cleanup: 51348 ns, At safepoint: 28535762 ns, Total: 28597536 ns
[2026-09-29T20:24:27.824-0400][7.827s][info][safepoint   ] Safepoint "Cleanup", Time since last: 1009065743 ns, Reaching safepoint: 3310148 ns, Cleanup: 195165 ns, At safepoint: 79697 ns, Total: 3585010 ns
[2026-09-29T20:24:28.547-0400][8.550s][info][safepoint   ] Safepoint "ICBufferFull", Time since last: 723503672 ns, Reaching safepoint: 10511 ns, Cleanup: 127117 ns, At safepoint: 5409 ns, Total: 143037 ns
[2026-09-29T20:24:28.864-0400][8.867s][info][safepoint   ] Safepoint "ICBufferFull", Time since last: 316703568 ns, Reaching safepoint: 9348 ns, Cleanup: 130025 ns, At safepoint: 40032 ns, Total: 179405 ns
[2026-09-29T20:24:29.020-0400][9.023s][info][safepoint   ] Safepoint "ICBufferFull", Time since last: 155662802 ns, Reaching safepoint: 111670 ns, Cleanup: 137572 ns, At safepoint: 156693 ns, Total: 405935 ns
[2026-09-29T20:24:29.104-0400][9.108s][info][gc,start    ] GC(7) Pause Young (Concurrent Start) (Metadata GC Threshold)
[2026-09-29T20:24:29.104-0400][9.108s][info][gc,task     ] GC(7) Using 7 workers of 8 for evacuation
[2026-09-29T20:24:29.123-0400][9.126s][info][gc,phases   ] GC(7)   Pre Evacuate Collection Set: 0.26ms
[2026-09-29T20:24:29.123-0400][9.126s][info][gc,phases   ] GC(7)   Merge Heap Roots: 0.18ms
[2026-09-29T20:24:29.123-0400][9.126s][info][gc,phases   ] GC(7)   Evacuate Collection Set: 16.05ms
[2026-09-29T20:24:29.123-0400][9.126s][info][gc,phases   ] GC(7)   Post Evacuate Collection Set: 1.56ms
[2026-09-29T20:24:29.123-0400][9.126s][info][gc,phases   ] GC(7)   Other: 0.29ms
[2026-09-29T20:24:29.123-0400][9.126s][info][gc,heap     ] GC(7) Eden regions: 85->0(85)
[2026-09-29T20:24:29.123-0400][9.126s][info][gc,heap     ] GC(7) Survivor regions: 4->7(12)
[2026-09-29T20:24:29.123-0400][9.126s][info][gc,heap     ] GC(7) Old regions: 11->11
[2026-09-29T20:24:29.123-0400][9.126s][info][gc,heap     ] GC(7) Archive regions: 2->2
[2026-09-29T20:24:29.123-0400][9.126s][info][gc,heap     ] GC(7) Humongous regions: 0->0
[2026-09-29T20:24:29.123-0400][9.126s][info][gc,metaspace] GC(7) Metaspace: 20968K(21504K)->20968K(21504K) NonClass: 18903K(19200K)->18903K(19200K) Class: 2065K(2304K)->2065K(2304K)
[2026-09-29T20:24:29.123-0400][9.126s][info][gc          ] GC(7) Pause Young (Concurrent Start) (Metadata GC Threshold) 198M->34M(308M) 18.447ms
[2026-09-29T20:24:29.123-0400][9.126s][info][gc,cpu      ] GC(7) User=0.08s Sys=0.01s Real=0.02s
[2026-09-29T20:24:29.124-0400][9.127s][info][safepoint   ] Safepoint "CollectForMetadataAllocation", Time since last: 83805233 ns, Reaching safepoint: 151318 ns, Cleanup: 134480 ns, At safepoint: 19545270 ns, Total: 19831068 ns
[2026-09-29T20:24:29.124-0400][9.128s][info][gc          ] GC(8) Concurrent Mark Cycle
[2026-09-29T20:24:29.125-0400][9.128s][info][gc,marking  ] GC(8) Concurrent Clear Claimed Marks
[2026-09-29T20:24:29.125-0400][9.128s][info][gc,marking  ] GC(8) Concurrent Clear Claimed Marks 0.045ms
[2026-09-29T20:24:29.125-0400][9.128s][info][gc,marking  ] GC(8) Concurrent Scan Root Regions
[2026-09-29T20:24:29.139-0400][9.142s][info][gc,marking  ] GC(8) Concurrent Scan Root Regions 14.162ms
[2026-09-29T20:24:29.139-0400][9.142s][info][gc,marking  ] GC(8) Concurrent Mark
[2026-09-29T20:24:29.139-0400][9.142s][info][gc,marking  ] GC(8) Concurrent Mark From Roots
[2026-09-29T20:24:29.139-0400][9.142s][info][gc,task     ] GC(8) Using 2 workers of 2 for marking
[2026-09-29T20:24:29.181-0400][9.184s][info][gc,marking  ] GC(8) Concurrent Mark From Roots 42.013ms
[2026-09-29T20:24:29.181-0400][9.184s][info][gc,marking  ] GC(8) Concurrent Preclean
[2026-09-29T20:24:29.181-0400][9.184s][info][gc,marking  ] GC(8) Concurrent Preclean 0.095ms
[2026-09-29T20:24:29.181-0400][9.184s][info][gc,start    ] GC(8) Pause Remark
[2026-09-29T20:24:29.187-0400][9.190s][info][gc,heap     ] GC(8) Heap shrink completed: uncommitted 74 regions (148MB), heap size now 160MB
[2026-09-29T20:24:29.187-0400][9.190s][info][gc          ] GC(8) Pause Remark 41M->41M(160M) 6.022ms
[2026-09-29T20:24:29.187-0400][9.190s][info][gc,cpu      ] GC(8) User=0.03s Sys=0.00s Real=0.00s
[2026-09-29T20:24:29.187-0400][9.191s][info][safepoint   ] Safepoint "G1PauseRemark", Time since last: 57155672 ns, Reaching safepoint: 114193 ns, Cleanup: 35443 ns, At safepoint: 6268786 ns, Total: 6418422 ns
[2026-09-29T20:24:29.188-0400][9.191s][info][gc,marking  ] GC(8) Concurrent Mark 48.994ms
[2026-09-29T20:24:29.188-0400][9.191s][info][gc,marking  ] GC(8) Concurrent Rebuild Remembered Sets
[2026-09-29T20:24:29.205-0400][9.208s][info][gc,marking  ] GC(8) Concurrent Rebuild Remembered Sets 17.322ms
[2026-09-29T20:24:29.210-0400][9.214s][info][gc,start    ] GC(8) Pause Cleanup
[2026-09-29T20:24:29.211-0400][9.214s][info][gc          ] GC(8) Pause Cleanup 41M->41M(160M) 0.201ms
[2026-09-29T20:24:29.211-0400][9.214s][info][gc,cpu      ] GC(8) User=0.00s Sys=0.00s Real=0.00s
[2026-09-29T20:24:29.211-0400][9.214s][info][safepoint   ] Safepoint "G1PauseCleanup", Time since last: 17844732 ns, Reaching safepoint: 5147119 ns, Cleanup: 7748 ns, At safepoint: 371591 ns, Total: 5526458 ns
[2026-09-29T20:24:29.216-0400][9.219s][info][gc,marking  ] GC(8) Concurrent Cleanup for Next Mark
[2026-09-29T20:24:29.217-0400][9.220s][info][gc,marking  ] GC(8) Concurrent Cleanup for Next Mark 1.135ms
[2026-09-29T20:24:29.217-0400][9.220s][info][gc          ] GC(8) Concurrent Mark Cycle 92.639ms
[2026-09-29T20:24:29.615-0400][9.618s][info][safepoint   ] Safepoint "ICBufferFull", Time since last: 402762333 ns, Reaching safepoint: 281374 ns, Cleanup: 170349 ns, At safepoint: 676534 ns, Total: 1128257 ns
[2026-09-29T20:24:30.787-0400][10.790s][info][safepoint   ] Safepoint "Cleanup", Time since last: 1171479828 ns, Reaching safepoint: 847731 ns, Cleanup: 106016 ns, At safepoint: 93977 ns, Total: 1047724 ns
[2026-09-29T20:24:30.895-0400][10.899s][info][gc,start    ] GC(9) Pause Young (Prepare Mixed) (G1 Evacuation Pause)
[2026-09-29T20:24:30.896-0400][10.899s][info][gc,task     ] GC(9) Using 6 workers of 8 for evacuation
[2026-09-29T20:24:30.925-0400][10.928s][info][gc,phases   ] GC(9)   Pre Evacuate Collection Set: 0.30ms
[2026-09-29T20:24:30.925-0400][10.928s][info][gc,phases   ] GC(9)   Merge Heap Roots: 0.10ms
[2026-09-29T20:24:30.925-0400][10.928s][info][gc,phases   ] GC(9)   Evacuate Collection Set: 27.10ms
[2026-09-29T20:24:30.925-0400][10.928s][info][gc,phases   ] GC(9)   Post Evacuate Collection Set: 1.59ms
[2026-09-29T20:24:30.925-0400][10.928s][info][gc,phases   ] GC(9)   Other: 0.22ms
[2026-09-29T20:24:30.925-0400][10.928s][info][gc,heap     ] GC(9) Eden regions: 41->0(1)
[2026-09-29T20:24:30.925-0400][10.928s][info][gc,heap     ] GC(9) Survivor regions: 7->5(6)
[2026-09-29T20:24:30.925-0400][10.928s][info][gc,heap     ] GC(9) Old regions: 11->16
[2026-09-29T20:24:30.925-0400][10.928s][info][gc,heap     ] GC(9) Archive regions: 2->2
[2026-09-29T20:24:30.925-0400][10.928s][info][gc,heap     ] GC(9) Humongous regions: 0->0
[2026-09-29T20:24:30.925-0400][10.928s][info][gc,metaspace] GC(9) Metaspace: 29328K(30656K)->29328K(30656K) NonClass: 26343K(27200K)->26343K(27200K) Class: 2985K(3456K)->2985K(3456K)
[2026-09-29T20:24:30.925-0400][10.928s][info][gc          ] GC(9) Pause Young (Prepare Mixed) (G1 Evacuation Pause) 116M->41M(160M) 29.424ms
[2026-09-29T20:24:30.925-0400][10.928s][info][gc,cpu      ] GC(9) User=0.10s Sys=0.09s Real=0.03s
[2026-09-29T20:24:30.925-0400][10.928s][info][safepoint   ] Safepoint "G1CollectForAllocation", Time since last: 108146890 ns, Reaching safepoint: 10337 ns, Cleanup: 39221 ns, At safepoint: 29613046 ns, Total: 29662604 ns
[2026-09-29T20:24:30.962-0400][10.965s][info][gc,start    ] GC(10) Pause Young (Mixed) (G1 Evacuation Pause)
[2026-09-29T20:24:30.962-0400][10.965s][info][gc,task     ] GC(10) Using 6 workers of 8 for evacuation
[2026-09-29T20:24:30.968-0400][10.971s][info][gc,phases   ] GC(10)   Pre Evacuate Collection Set: 0.18ms
[2026-09-29T20:24:30.968-0400][10.971s][info][gc,phases   ] GC(10)   Merge Heap Roots: 0.16ms
[2026-09-29T20:24:30.968-0400][10.971s][info][gc,phases   ] GC(10)   Evacuate Collection Set: 4.71ms
[2026-09-29T20:24:30.968-0400][10.971s][info][gc,phases   ] GC(10)   Post Evacuate Collection Set: 0.82ms
[2026-09-29T20:24:30.968-0400][10.971s][info][gc,phases   ] GC(10)   Other: 0.16ms
[2026-09-29T20:24:30.968-0400][10.971s][info][gc,heap     ] GC(10) Eden regions: 1->0(39)
[2026-09-29T20:24:30.968-0400][10.971s][info][gc,heap     ] GC(10) Survivor regions: 5->1(1)
[2026-09-29T20:24:30.968-0400][10.971s][info][gc,heap     ] GC(10) Old regions: 16->20
[2026-09-29T20:24:30.968-0400][10.971s][info][gc,heap     ] GC(10) Archive regions: 2->2
[2026-09-29T20:24:30.968-0400][10.971s][info][gc,heap     ] GC(10) Humongous regions: 0->0
[2026-09-29T20:24:30.968-0400][10.971s][info][gc,metaspace] GC(10) Metaspace: 29590K(30976K)->29590K(30976K) NonClass: 26575K(27456K)->26575K(27456K) Class: 3015K(3520K)->3015K(3520K)
[2026-09-29T20:24:30.968-0400][10.971s][info][gc          ] GC(10) Pause Young (Mixed) (G1 Evacuation Pause) 43M->41M(160M) 6.129ms
[2026-09-29T20:24:30.968-0400][10.971s][info][gc,cpu      ] GC(10) User=0.02s Sys=0.01s Real=0.00s
[2026-09-29T20:24:30.968-0400][10.971s][info][safepoint   ] Safepoint "G1CollectForAllocation", Time since last: 36378848 ns, Reaching safepoint: 10555 ns, Cleanup: 16353 ns, At safepoint: 6353400 ns, Total: 6380308 ns
[2026-09-29T20:24:31.632-0400][11.635s][info][safepoint   ] Safepoint "ICBufferFull", Time since last: 664039952 ns, Reaching safepoint: 13109 ns, Cleanup: 142098 ns, At safepoint: 5588 ns, Total: 160795 ns
[2026-09-29T20:24:32.197-0400][12.201s][info][gc,start    ] GC(11) Pause Young (Concurrent Start) (Metadata GC Threshold)
[2026-09-29T20:24:32.197-0400][12.201s][info][gc,task     ] GC(11) Using 6 workers of 8 for evacuation
[2026-09-29T20:24:32.216-0400][12.219s][info][gc,phases   ] GC(11)   Pre Evacuate Collection Set: 0.19ms
[2026-09-29T20:24:32.216-0400][12.219s][info][gc,phases   ] GC(11)   Merge Heap Roots: 0.09ms
[2026-09-29T20:24:32.216-0400][12.219s][info][gc,phases   ] GC(11)   Evacuate Collection Set: 15.57ms
[2026-09-29T20:24:32.216-0400][12.219s][info][gc,phases   ] GC(11)   Post Evacuate Collection Set: 2.40ms
[2026-09-29T20:24:32.216-0400][12.219s][info][gc,phases   ] GC(11)   Other: 0.26ms
[2026-09-29T20:24:32.216-0400][12.219s][info][gc,heap     ] GC(11) Eden regions: 17->0(73)
[2026-09-29T20:24:32.216-0400][12.219s][info][gc,heap     ] GC(11) Survivor regions: 1->2(5)
[2026-09-29T20:24:32.216-0400][12.219s][info][gc,heap     ] GC(11) Old regions: 20->20
[2026-09-29T20:24:32.216-0400][12.219s][info][gc,heap     ] GC(11) Archive regions: 2->2
[2026-09-29T20:24:32.216-0400][12.219s][info][gc,heap     ] GC(11) Humongous regions: 0->0
[2026-09-29T20:24:32.216-0400][12.219s][info][gc,metaspace] GC(11) Metaspace: 35034K(36416K)->35034K(36416K) NonClass: 31411K(32320K)->31411K(32320K) Class: 3622K(4096K)->3622K(4096K)
[2026-09-29T20:24:32.216-0400][12.219s][info][gc          ] GC(11) Pause Young (Concurrent Start) (Metadata GC Threshold) 75M->43M(250M) 18.639ms
[2026-09-29T20:24:32.216-0400][12.219s][info][gc,cpu      ] GC(11) User=0.06s Sys=0.01s Real=0.02s
[2026-09-29T20:24:32.216-0400][12.219s][info][safepoint   ] Safepoint "CollectForMetadataAllocation", Time since last: 565140500 ns, Reaching safepoint: 14331 ns, Cleanup: 130237 ns, At safepoint: 18811095 ns, Total: 18955663 ns
[2026-09-29T20:24:32.216-0400][12.219s][info][gc          ] GC(12) Concurrent Mark Cycle
[2026-09-29T20:24:32.216-0400][12.219s][info][gc,marking  ] GC(12) Concurrent Clear Claimed Marks
[2026-09-29T20:24:32.216-0400][12.219s][info][gc,marking  ] GC(12) Concurrent Clear Claimed Marks 0.073ms
[2026-09-29T20:24:32.216-0400][12.219s][info][gc,marking  ] GC(12) Concurrent Scan Root Regions
[2026-09-29T20:24:32.229-0400][12.232s][info][gc,marking  ] GC(12) Concurrent Scan Root Regions 12.814ms
[2026-09-29T20:24:32.229-0400][12.232s][info][gc,marking  ] GC(12) Concurrent Mark
[2026-09-29T20:24:32.229-0400][12.232s][info][gc,marking  ] GC(12) Concurrent Mark From Roots
[2026-09-29T20:24:32.229-0400][12.232s][info][gc,task     ] GC(12) Using 2 workers of 2 for marking
[2026-09-29T20:24:32.302-0400][12.305s][info][safepoint   ] Safepoint "CollectForMetadataAllocation", Time since last: 83778365 ns, Reaching safepoint: 1707603 ns, Cleanup: 25318 ns, At safepoint: 73763 ns, Total: 1806684 ns
[2026-09-29T20:24:32.369-0400][12.372s][info][safepoint   ] Safepoint "CollectForMetadataAllocation", Time since last: 67040160 ns, Reaching safepoint: 47621 ns, Cleanup: 6655 ns, At safepoint: 56892 ns, Total: 111168 ns
[2026-09-29T20:24:32.411-0400][12.414s][info][gc,marking  ] GC(12) Concurrent Mark From Roots 181.582ms
[2026-09-29T20:24:32.411-0400][12.414s][info][gc,marking  ] GC(12) Concurrent Preclean
[2026-09-29T20:24:32.411-0400][12.414s][info][gc,marking  ] GC(12) Concurrent Preclean 0.185ms
[2026-09-29T20:24:32.418-0400][12.421s][info][gc,start    ] GC(12) Pause Remark
[2026-09-29T20:24:32.436-0400][12.440s][info][gc,heap     ] GC(12) Heap shrink completed: uncommitted 38 regions (76MB), heap size now 174MB
[2026-09-29T20:24:32.437-0400][12.440s][info][gc          ] GC(12) Pause Remark 47M->47M(174M) 18.370ms
[2026-09-29T20:24:32.437-0400][12.440s][info][gc,cpu      ] GC(12) User=0.05s Sys=0.01s Real=0.02s
[2026-09-29T20:24:32.437-0400][12.440s][info][safepoint   ] Safepoint "G1PauseRemark", Time since last: 49075761 ns, Reaching safepoint: 147711 ns, Cleanup: 18768 ns, At safepoint: 18488153 ns, Total: 18654632 ns
[2026-09-29T20:24:32.437-0400][12.440s][info][gc,marking  ] GC(12) Concurrent Mark 207.737ms
[2026-09-29T20:24:32.437-0400][12.440s][info][gc,marking  ] GC(12) Concurrent Rebuild Remembered Sets
[2026-09-29T20:24:32.437-0400][12.441s][info][safepoint   ] Safepoint "CollectForMetadataAllocation", Time since last: 756528 ns, Reaching safepoint: 10725 ns, Cleanup: 6066 ns, At safepoint: 98221 ns, Total: 115012 ns
[2026-09-29T20:24:32.490-0400][12.493s][info][gc,marking  ] GC(12) Concurrent Rebuild Remembered Sets 52.632ms
[2026-09-29T20:24:32.500-0400][12.504s][info][gc,start    ] GC(12) Pause Cleanup
[2026-09-29T20:24:32.503-0400][12.506s][info][gc          ] GC(12) Pause Cleanup 47M->47M(174M) 2.885ms
[2026-09-29T20:24:32.503-0400][12.506s][info][gc,cpu      ] GC(12) User=0.00s Sys=0.00s Real=0.00s
[2026-09-29T20:24:32.520-0400][12.523s][info][safepoint   ] Safepoint "G1PauseCleanup", Time since last: 59949775 ns, Reaching safepoint: 740999 ns, Cleanup: 2143240 ns, At safepoint: 19293881 ns, Total: 22178120 ns
[2026-09-29T20:24:32.521-0400][12.524s][info][gc,marking  ] GC(12) Concurrent Cleanup for Next Mark
[2026-09-29T20:24:32.522-0400][12.525s][info][gc,marking  ] GC(12) Concurrent Cleanup for Next Mark 1.651ms
[2026-09-29T20:24:32.522-0400][12.525s][info][gc          ] GC(12) Concurrent Mark Cycle 306.043ms
[2026-09-29T20:24:33.578-0400][13.581s][info][safepoint   ] Safepoint "ICBufferFull", Time since last: 1058278456 ns, Reaching safepoint: 20542 ns, Cleanup: 129575 ns, At safepoint: 41378 ns, Total: 191495 ns
[2026-09-29T20:24:34.216-0400][14.219s][info][safepoint   ] Safepoint "ICBufferFull", Time since last: 637242750 ns, Reaching safepoint: 119023 ns, Cleanup: 149872 ns, At safepoint: 54730 ns, Total: 323625 ns
[2026-09-29T20:24:34.698-0400][14.701s][info][gc,start    ] GC(13) Pause Young (Concurrent Start) (G1 Evacuation Pause)
[2026-09-29T20:24:34.698-0400][14.701s][info][gc,task     ] GC(13) Using 6 workers of 8 for evacuation
[2026-09-29T20:24:34.728-0400][14.731s][info][gc,phases   ] GC(13)   Pre Evacuate Collection Set: 0.37ms
[2026-09-29T20:24:34.728-0400][14.732s][info][gc,phases   ] GC(13)   Merge Heap Roots: 0.21ms
[2026-09-29T20:24:34.728-0400][14.732s][info][gc,phases   ] GC(13)   Evacuate Collection Set: 24.81ms
[2026-09-29T20:24:34.728-0400][14.732s][info][gc,phases   ] GC(13)   Post Evacuate Collection Set: 5.18ms
[2026-09-29T20:24:34.728-0400][14.732s][info][gc,phases   ] GC(13)   Other: 0.25ms
[2026-09-29T20:24:34.728-0400][14.732s][info][gc,heap     ] GC(13) Eden regions: 51->0(37)
[2026-09-29T20:24:34.728-0400][14.732s][info][gc,heap     ] GC(13) Survivor regions: 2->7(7)
[2026-09-29T20:24:34.728-0400][14.732s][info][gc,heap     ] GC(13) Old regions: 20->20
[2026-09-29T20:24:34.728-0400][14.732s][info][gc,heap     ] GC(13) Archive regions: 2->2
[2026-09-29T20:24:34.728-0400][14.732s][info][gc,heap     ] GC(13) Humongous regions: 5->2
[2026-09-29T20:24:34.728-0400][14.732s][info][gc,metaspace] GC(13) Metaspace: 50426K(52352K)->50426K(52352K) NonClass: 44890K(46144K)->44890K(46144K) Class: 5536K(6208K)->5536K(6208K)
[2026-09-29T20:24:34.728-0400][14.732s][info][gc          ] GC(13) Pause Young (Concurrent Start) (G1 Evacuation Pause) 155M->57M(174M) 30.896ms
[2026-09-29T20:24:34.728-0400][14.732s][info][gc,cpu      ] GC(13) User=0.19s Sys=0.00s Real=0.03s
[2026-09-29T20:24:34.729-0400][14.732s][info][safepoint   ] Safepoint "G1CollectForAllocation", Time since last: 481483256 ns, Reaching safepoint: 18311 ns, Cleanup: 338199 ns, At safepoint: 31062380 ns, Total: 31418890 ns
[2026-09-29T20:24:34.729-0400][14.732s][info][gc          ] GC(14) Concurrent Mark Cycle
[2026-09-29T20:24:34.729-0400][14.732s][info][gc,marking  ] GC(14) Concurrent Clear Claimed Marks
[2026-09-29T20:24:34.729-0400][14.732s][info][gc,marking  ] GC(14) Concurrent Clear Claimed Marks 0.118ms
[2026-09-29T20:24:34.729-0400][14.732s][info][gc,marking  ] GC(14) Concurrent Scan Root Regions
[2026-09-29T20:24:34.738-0400][14.741s][info][gc,marking  ] GC(14) Concurrent Scan Root Regions 9.046ms
[2026-09-29T20:24:34.738-0400][14.741s][info][gc,marking  ] GC(14) Concurrent Mark
[2026-09-29T20:24:34.738-0400][14.741s][info][gc,marking  ] GC(14) Concurrent Mark From Roots
[2026-09-29T20:24:34.738-0400][14.741s][info][gc,task     ] GC(14) Using 2 workers of 2 for marking
[2026-09-29T20:24:34.797-0400][14.800s][info][gc,marking  ] GC(14) Concurrent Mark From Roots 58.827ms
[2026-09-29T20:24:34.797-0400][14.800s][info][gc,marking  ] GC(14) Concurrent Preclean
[2026-09-29T20:24:34.797-0400][14.800s][info][gc,marking  ] GC(14) Concurrent Preclean 0.123ms
[2026-09-29T20:24:34.797-0400][14.800s][info][gc,start    ] GC(14) Pause Remark
[2026-09-29T20:24:34.807-0400][14.810s][info][gc          ] GC(14) Pause Remark 62M->62M(174M) 10.049ms
[2026-09-29T20:24:34.807-0400][14.810s][info][gc,cpu      ] GC(14) User=0.05s Sys=0.01s Real=0.01s
[2026-09-29T20:24:34.807-0400][14.810s][info][safepoint   ] Safepoint "G1PauseRemark", Time since last: 68346750 ns, Reaching safepoint: 14855 ns, Cleanup: 32819 ns, At safepoint: 10244503 ns, Total: 10292177 ns
[2026-09-29T20:24:34.807-0400][14.810s][info][gc,marking  ] GC(14) Concurrent Mark 69.456ms
[2026-09-29T20:24:34.807-0400][14.810s][info][gc,marking  ] GC(14) Concurrent Rebuild Remembered Sets
[2026-09-29T20:24:34.826-0400][14.829s][info][gc,marking  ] GC(14) Concurrent Rebuild Remembered Sets 19.016ms
[2026-09-29T20:24:34.826-0400][14.830s][info][gc,start    ] GC(14) Pause Cleanup
[2026-09-29T20:24:34.827-0400][14.830s][info][gc          ] GC(14) Pause Cleanup 62M->62M(174M) 0.240ms
[2026-09-29T20:24:34.827-0400][14.830s][info][gc,cpu      ] GC(14) User=0.00s Sys=0.00s Real=0.00s
[2026-09-29T20:24:34.827-0400][14.830s][info][safepoint   ] Safepoint "G1PauseCleanup", Time since last: 19253112 ns, Reaching safepoint: 17570 ns, Cleanup: 12493 ns, At safepoint: 322879 ns, Total: 352942 ns
[2026-09-29T20:24:34.827-0400][14.830s][info][gc,marking  ] GC(14) Concurrent Cleanup for Next Mark
[2026-09-29T20:24:34.827-0400][14.830s][info][gc,marking  ] GC(14) Concurrent Cleanup for Next Mark 0.336ms
[2026-09-29T20:24:34.827-0400][14.830s][info][gc          ] GC(14) Concurrent Mark Cycle 98.659ms
[2026-09-29T20:24:35.777-0400][15.781s][info][safepoint   ] Safepoint "ICBufferFull", Time since last: 949957485 ns, Reaching safepoint: 226521 ns, Cleanup: 255641 ns, At safepoint: 171118 ns, Total: 653280 ns
[2026-09-29T20:24:36.014-0400][16.018s][info][gc,start    ] GC(15) Pause Young (Normal) (G1 Evacuation Pause)
[2026-09-29T20:24:36.015-0400][16.018s][info][gc,task     ] GC(15) Using 6 workers of 8 for evacuation
[2026-09-29T20:24:36.035-0400][16.039s][info][gc,phases   ] GC(15)   Pre Evacuate Collection Set: 0.25ms
[2026-09-29T20:24:36.035-0400][16.039s][info][gc,phases   ] GC(15)   Merge Heap Roots: 0.16ms
[2026-09-29T20:24:36.035-0400][16.039s][info][gc,phases   ] GC(15)   Evacuate Collection Set: 14.86ms
[2026-09-29T20:24:36.035-0400][16.039s][info][gc,phases   ] GC(15)   Post Evacuate Collection Set: 5.44ms
[2026-09-29T20:24:36.035-0400][16.039s][info][gc,phases   ] GC(15)   Other: 0.20ms
[2026-09-29T20:24:36.035-0400][16.039s][info][gc,heap     ] GC(15) Eden regions: 37->0(34)
[2026-09-29T20:24:36.035-0400][16.039s][info][gc,heap     ] GC(15) Survivor regions: 7->4(6)
[2026-09-29T20:24:36.035-0400][16.039s][info][gc,heap     ] GC(15) Old regions: 20->27
[2026-09-29T20:24:36.036-0400][16.039s][info][gc,heap     ] GC(15) Archive regions: 2->2
[2026-09-29T20:24:36.036-0400][16.039s][info][gc,heap     ] GC(15) Humongous regions: 2->2
[2026-09-29T20:24:36.036-0400][16.039s][info][gc,metaspace] GC(15) Metaspace: 57836K(60224K)->57836K(60224K) NonClass: 51499K(52992K)->51499K(52992K) Class: 6336K(7232K)->6336K(7232K)
[2026-09-29T20:24:36.036-0400][16.039s][info][gc          ] GC(15) Pause Young (Normal) (G1 Evacuation Pause) 131M->63M(174M) 21.134ms
[2026-09-29T20:24:36.036-0400][16.039s][info][gc,cpu      ] GC(15) User=0.12s Sys=0.00s Real=0.02s
[2026-09-29T20:24:36.036-0400][16.040s][info][safepoint   ] Safepoint "G1CollectForAllocation", Time since last: 236959345 ns, Reaching safepoint: 19864 ns, Cleanup: 51306 ns, At safepoint: 21936925 ns, Total: 22008095 ns
[2026-09-29T20:24:36.554-0400][16.557s][info][gc,start    ] GC(16) Pause Young (Normal) (G1 Evacuation Pause)
[2026-09-29T20:24:36.554-0400][16.557s][info][gc,task     ] GC(16) Using 6 workers of 8 for evacuation
[2026-09-29T20:24:36.566-0400][16.569s][info][gc,phases   ] GC(16)   Pre Evacuate Collection Set: 0.26ms
[2026-09-29T20:24:36.566-0400][16.569s][info][gc,phases   ] GC(16)   Merge Heap Roots: 0.16ms
[2026-09-29T20:24:36.566-0400][16.569s][info][gc,phases   ] GC(16)   Evacuate Collection Set: 6.81ms
[2026-09-29T20:24:36.566-0400][16.569s][info][gc,phases   ] GC(16)   Post Evacuate Collection Set: 4.70ms
[2026-09-29T20:24:36.566-0400][16.569s][info][gc,phases   ] GC(16)   Other: 0.43ms
[2026-09-29T20:24:36.566-0400][16.569s][info][gc,heap     ] GC(16) Eden regions: 34->0(28)
[2026-09-29T20:24:36.566-0400][16.569s][info][gc,heap     ] GC(16) Survivor regions: 4->5(5)
[2026-09-29T20:24:36.566-0400][16.569s][info][gc,heap     ] GC(16) Old regions: 27->31
[2026-09-29T20:24:36.566-0400][16.569s][info][gc,heap     ] GC(16) Archive regions: 2->2
[2026-09-29T20:24:36.566-0400][16.569s][info][gc,heap     ] GC(16) Humongous regions: 2->2
[2026-09-29T20:24:36.566-0400][16.569s][info][gc,metaspace] GC(16) Metaspace: 57952K(60352K)->57952K(60352K) NonClass: 51616K(53120K)->51616K(53120K) Class: 6336K(7232K)->6336K(7232K)
[2026-09-29T20:24:36.566-0400][16.570s][info][gc          ] GC(16) Pause Young (Normal) (G1 Evacuation Pause) 131M->74M(174M) 12.418ms
[2026-09-29T20:24:36.566-0400][16.570s][info][gc,cpu      ] GC(16) User=0.07s Sys=0.00s Real=0.01s
[2026-09-29T20:24:36.566-0400][16.570s][info][safepoint   ] Safepoint "G1CollectForAllocation", Time since last: 517404659 ns, Reaching safepoint: 32109 ns, Cleanup: 66648 ns, At safepoint: 12569285 ns, Total: 12668042 ns
[2026-09-29T20:24:37.325-0400][17.328s][info][safepoint   ] Safepoint "ICBufferFull", Time since last: 758313954 ns, Reaching safepoint: 134474 ns, Cleanup: 192257 ns, At safepoint: 12247 ns, Total: 338978 ns
[2026-09-29T20:24:37.771-0400][17.774s][info][gc,start    ] GC(17) Pause Young (Normal) (G1 Evacuation Pause)
[2026-09-29T20:24:37.771-0400][17.775s][info][gc,task     ] GC(17) Using 6 workers of 8 for evacuation
[2026-09-29T20:24:37.779-0400][17.782s][info][gc,phases   ] GC(17)   Pre Evacuate Collection Set: 0.21ms
[2026-09-29T20:24:37.779-0400][17.782s][info][gc,phases   ] GC(17)   Merge Heap Roots: 0.14ms
[2026-09-29T20:24:37.779-0400][17.782s][info][gc,phases   ] GC(17)   Evacuate Collection Set: 5.19ms
[2026-09-29T20:24:37.779-0400][17.782s][info][gc,phases   ] GC(17)   Post Evacuate Collection Set: 2.01ms
[2026-09-29T20:24:37.779-0400][17.782s][info][gc,phases   ] GC(17)   Other: 0.20ms
[2026-09-29T20:24:37.779-0400][17.782s][info][gc,heap     ] GC(17) Eden regions: 28->0(40)
[2026-09-29T20:24:37.779-0400][17.782s][info][gc,heap     ] GC(17) Survivor regions: 5->4(5)
[2026-09-29T20:24:37.779-0400][17.782s][info][gc,heap     ] GC(17) Old regions: 31->32
[2026-09-29T20:24:37.779-0400][17.782s][info][gc,heap     ] GC(17) Archive regions: 2->2
[2026-09-29T20:24:37.779-0400][17.782s][info][gc,heap     ] GC(17) Humongous regions: 2->2
[2026-09-29T20:24:37.779-0400][17.782s][info][gc,metaspace] GC(17) Metaspace: 67672K(70080K)->67672K(70080K) NonClass: 60196K(61760K)->60196K(61760K) Class: 7475K(8320K)->7475K(8320K)
[2026-09-29T20:24:37.779-0400][17.782s][info][gc          ] GC(17) Pause Young (Normal) (G1 Evacuation Pause) 130M->74M(210M) 7.863ms
[2026-09-29T20:24:37.779-0400][17.782s][info][gc,cpu      ] GC(17) User=0.04s Sys=0.00s Real=0.01s
[2026-09-29T20:24:37.779-0400][17.782s][info][safepoint   ] Safepoint "G1CollectForAllocation", Time since last: 446085159 ns, Reaching safepoint: 20273 ns, Cleanup: 64445 ns, At safepoint: 8021618 ns, Total: 8106336 ns
[2026-09-29T20:24:38.781-0400][18.784s][info][gc,start    ] GC(18) Pause Young (Normal) (G1 Evacuation Pause)
[2026-09-29T20:24:38.781-0400][18.785s][info][gc,task     ] GC(18) Using 6 workers of 8 for evacuation
[2026-09-29T20:24:38.789-0400][18.792s][info][gc,phases   ] GC(18)   Pre Evacuate Collection Set: 0.25ms
[2026-09-29T20:24:38.789-0400][18.792s][info][gc,phases   ] GC(18)   Merge Heap Roots: 0.18ms
[2026-09-29T20:24:38.789-0400][18.792s][info][gc,phases   ] GC(18)   Evacuate Collection Set: 5.07ms
[2026-09-29T20:24:38.789-0400][18.792s][info][gc,phases   ] GC(18)   Post Evacuate Collection Set: 2.04ms
[2026-09-29T20:24:38.789-0400][18.792s][info][gc,phases   ] GC(18)   Other: 0.21ms
[2026-09-29T20:24:38.789-0400][18.792s][info][gc,heap     ] GC(18) Eden regions: 40->0(39)
[2026-09-29T20:24:38.789-0400][18.792s][info][gc,heap     ] GC(18) Survivor regions: 4->6(6)
[2026-09-29T20:24:38.789-0400][18.792s][info][gc,heap     ] GC(18) Old regions: 32->32
[2026-09-29T20:24:38.789-0400][18.792s][info][gc,heap     ] GC(18) Archive regions: 2->2
[2026-09-29T20:24:38.789-0400][18.792s][info][gc,heap     ] GC(18) Humongous regions: 2->2
[2026-09-29T20:24:38.789-0400][18.792s][info][gc,metaspace] GC(18) Metaspace: 76246K(78784K)->76246K(78784K) NonClass: 67603K(69248K)->67603K(69248K) Class: 8642K(9536K)->8642K(9536K)
[2026-09-29T20:24:38.789-0400][18.792s][info][gc          ] GC(18) Pause Young (Normal) (G1 Evacuation Pause) 154M->77M(210M) 7.808ms
[2026-09-29T20:24:38.789-0400][18.792s][info][gc,cpu      ] GC(18) User=0.03s Sys=0.01s Real=0.00s
[2026-09-29T20:24:38.789-0400][18.792s][info][safepoint   ] Safepoint "G1CollectForAllocation", Time since last: 1001504777 ns, Reaching safepoint: 16519 ns, Cleanup: 437051 ns, At safepoint: 7990634 ns, Total: 8444204 ns
[2026-09-29T20:24:39.182-0400][19.186s][info][gc,start    ] GC(19) Pause Young (Normal) (G1 Evacuation Pause)
[2026-09-29T20:24:39.183-0400][19.186s][info][gc,task     ] GC(19) Using 6 workers of 8 for evacuation
[2026-09-29T20:24:39.190-0400][19.193s][info][gc,phases   ] GC(19)   Pre Evacuate Collection Set: 0.23ms
[2026-09-29T20:24:39.190-0400][19.193s][info][gc,phases   ] GC(19)   Merge Heap Roots: 0.18ms
[2026-09-29T20:24:39.190-0400][19.193s][info][gc,phases   ] GC(19)   Evacuate Collection Set: 4.00ms
[2026-09-29T20:24:39.190-0400][19.193s][info][gc,phases   ] GC(19)   Post Evacuate Collection Set: 3.13ms
[2026-09-29T20:24:39.190-0400][19.193s][info][gc,phases   ] GC(19)   Other: 0.19ms
[2026-09-29T20:24:39.190-0400][19.193s][info][gc,heap     ] GC(19) Eden regions: 39->0(34)
[2026-09-29T20:24:39.190-0400][19.193s][info][gc,heap     ] GC(19) Survivor regions: 6->6(6)
[2026-09-29T20:24:39.190-0400][19.193s][info][gc,heap     ] GC(19) Old regions: 32->37
[2026-09-29T20:24:39.190-0400][19.193s][info][gc,heap     ] GC(19) Archive regions: 2->2
[2026-09-29T20:24:39.190-0400][19.193s][info][gc,heap     ] GC(19) Humongous regions: 2->2
[2026-09-29T20:24:39.190-0400][19.194s][info][gc,metaspace] GC(19) Metaspace: 76265K(78784K)->76265K(78784K) NonClass: 67622K(69248K)->67622K(69248K) Class: 8642K(9536K)->8642K(9536K)
[2026-09-29T20:24:39.190-0400][19.194s][info][gc          ] GC(19) Pause Young (Normal) (G1 Evacuation Pause) 155M->89M(210M) 7.974ms
[2026-09-29T20:24:39.190-0400][19.194s][info][gc,cpu      ] GC(19) User=0.05s Sys=0.00s Real=0.00s
[2026-09-29T20:24:39.191-0400][19.194s][info][safepoint   ] Safepoint "G1CollectForAllocation", Time since last: 393103759 ns, Reaching safepoint: 15482 ns, Cleanup: 91647 ns, At safepoint: 8212478 ns, Total: 8319607 ns
[2026-09-29T20:24:39.568-0400][19.572s][info][gc,start    ] GC(20) Pause Young (Normal) (G1 Evacuation Pause)
[2026-09-29T20:24:39.568-0400][19.572s][info][gc,task     ] GC(20) Using 6 workers of 8 for evacuation
[2026-09-29T20:24:39.576-0400][19.580s][info][gc,phases   ] GC(20)   Pre Evacuate Collection Set: 0.20ms
[2026-09-29T20:24:39.576-0400][19.580s][info][gc,phases   ] GC(20)   Merge Heap Roots: 0.15ms
[2026-09-29T20:24:39.576-0400][19.580s][info][gc,phases   ] GC(20)   Evacuate Collection Set: 4.72ms
[2026-09-29T20:24:39.576-0400][19.580s][info][gc,phases   ] GC(20)   Post Evacuate Collection Set: 2.76ms
[2026-09-29T20:24:39.576-0400][19.580s][info][gc,phases   ] GC(20)   Other: 0.17ms
[2026-09-29T20:24:39.576-0400][19.580s][info][gc,heap     ] GC(20) Eden regions: 34->0(33)
[2026-09-29T20:24:39.576-0400][19.580s][info][gc,heap     ] GC(20) Survivor regions: 6->5(5)
[2026-09-29T20:24:39.576-0400][19.580s][info][gc,heap     ] GC(20) Old regions: 37->39
[2026-09-29T20:24:39.576-0400][19.580s][info][gc,heap     ] GC(20) Archive regions: 2->2
[2026-09-29T20:24:39.576-0400][19.580s][info][gc,heap     ] GC(20) Humongous regions: 2->2
[2026-09-29T20:24:39.576-0400][19.580s][info][gc,metaspace] GC(20) Metaspace: 77069K(79680K)->77069K(79680K) NonClass: 68282K(69952K)->68282K(69952K) Class: 8787K(9728K)->8787K(9728K)
[2026-09-29T20:24:39.576-0400][19.580s][info][gc          ] GC(20) Pause Young (Normal) (G1 Evacuation Pause) 157M->91M(210M) 8.069ms
[2026-09-29T20:24:39.577-0400][19.580s][info][gc,cpu      ] GC(20) User=0.05s Sys=0.00s Real=0.01s
[2026-09-29T20:24:39.577-0400][19.580s][info][safepoint   ] Safepoint "G1CollectForAllocation", Time since last: 377598076 ns, Reaching safepoint: 19334 ns, Cleanup: 115939 ns, At safepoint: 8179965 ns, Total: 8315238 ns
[2026-09-29T20:24:39.759-0400][19.762s][info][gc,start    ] GC(21) Pause Young (Normal) (G1 Evacuation Pause)
[2026-09-29T20:24:39.759-0400][19.762s][info][gc,task     ] GC(21) Using 6 workers of 8 for evacuation
[2026-09-29T20:24:39.762-0400][19.765s][info][gc,phases   ] GC(21)   Pre Evacuate Collection Set: 0.17ms
[2026-09-29T20:24:39.762-0400][19.765s][info][gc,phases   ] GC(21)   Merge Heap Roots: 0.15ms
[2026-09-29T20:24:39.762-0400][19.765s][info][gc,phases   ] GC(21)   Evacuate Collection Set: 1.68ms
[2026-09-29T20:24:39.762-0400][19.765s][info][gc,phases   ] GC(21)   Post Evacuate Collection Set: 0.86ms
[2026-09-29T20:24:39.762-0400][19.765s][info][gc,phases   ] GC(21)   Other: 0.15ms
[2026-09-29T20:24:39.762-0400][19.765s][info][gc,heap     ] GC(21) Eden regions: 33->0(36)
[2026-09-29T20:24:39.762-0400][19.765s][info][gc,heap     ] GC(21) Survivor regions: 5->2(5)
[2026-09-29T20:24:39.762-0400][19.765s][info][gc,heap     ] GC(21) Old regions: 39->40
[2026-09-29T20:24:39.762-0400][19.765s][info][gc,heap     ] GC(21) Archive regions: 2->2
[2026-09-29T20:24:39.762-0400][19.765s][info][gc,heap     ] GC(21) Humongous regions: 2->2
[2026-09-29T20:24:39.762-0400][19.765s][info][gc,metaspace] GC(21) Metaspace: 77320K(79872K)->77320K(79872K) NonClass: 68498K(70144K)->68498K(70144K) Class: 8821K(9728K)->8821K(9728K)
[2026-09-29T20:24:39.762-0400][19.765s][info][gc          ] GC(21) Pause Young (Normal) (G1 Evacuation Pause) 157M->87M(210M) 3.076ms
[2026-09-29T20:24:39.762-0400][19.765s][info][gc,cpu      ] GC(21) User=0.02s Sys=0.00s Real=0.01s
[2026-09-29T20:24:39.762-0400][19.765s][info][safepoint   ] Safepoint "G1CollectForAllocation", Time since last: 182097942 ns, Reaching safepoint: 18517 ns, Cleanup: 69490 ns, At safepoint: 3209753 ns, Total: 3297760 ns
[2026-09-29T20:24:40.108-0400][20.111s][info][gc,start    ] GC(22) Pause Young (Normal) (G1 Evacuation Pause)
[2026-09-29T20:24:40.108-0400][20.111s][info][gc,task     ] GC(22) Using 6 workers of 8 for evacuation
[2026-09-29T20:24:40.113-0400][20.116s][info][gc,phases   ] GC(22)   Pre Evacuate Collection Set: 0.16ms
[2026-09-29T20:24:40.113-0400][20.116s][info][gc,phases   ] GC(22)   Merge Heap Roots: 0.20ms
[2026-09-29T20:24:40.113-0400][20.116s][info][gc,phases   ] GC(22)   Evacuate Collection Set: 1.84ms
[2026-09-29T20:24:40.113-0400][20.116s][info][gc,phases   ] GC(22)   Post Evacuate Collection Set: 2.03ms
[2026-09-29T20:24:40.113-0400][20.116s][info][gc,phases   ] GC(22)   Other: 0.16ms
[2026-09-29T20:24:40.113-0400][20.116s][info][gc,heap     ] GC(22) Eden regions: 36->0(36)
[2026-09-29T20:24:40.113-0400][20.116s][info][gc,heap     ] GC(22) Survivor regions: 2->3(5)
[2026-09-29T20:24:40.113-0400][20.116s][info][gc,heap     ] GC(22) Old regions: 40->40
[2026-09-29T20:24:40.113-0400][20.116s][info][gc,heap     ] GC(22) Archive regions: 2->2
[2026-09-29T20:24:40.113-0400][20.116s][info][gc,heap     ] GC(22) Humongous regions: 2->2
[2026-09-29T20:24:40.113-0400][20.116s][info][gc,metaspace] GC(22) Metaspace: 78318K(80960K)->78318K(80960K) NonClass: 69389K(71104K)->69389K(71104K) Class: 8928K(9856K)->8928K(9856K)
[2026-09-29T20:24:40.113-0400][20.116s][info][gc          ] GC(22) Pause Young (Normal) (G1 Evacuation Pause) 159M->87M(210M) 4.496ms
[2026-09-29T20:24:40.113-0400][20.116s][info][gc,cpu      ] GC(22) User=0.02s Sys=0.01s Real=0.01s
[2026-09-29T20:24:40.113-0400][20.116s][info][safepoint   ] Safepoint "G1CollectForAllocation", Time since last: 345934851 ns, Reaching safepoint: 24447 ns, Cleanup: 271467 ns, At safepoint: 4623464 ns, Total: 4919378 ns
[2026-09-29T20:24:40.631-0400][20.634s][info][safepoint   ] Safepoint "ICBufferFull", Time since last: 518001580 ns, Reaching safepoint: 16178 ns, Cleanup: 276340 ns, At safepoint: 53178 ns, Total: 345696 ns
[2026-09-29T20:24:40.762-0400][20.765s][info][gc,start    ] GC(23) Pause Young (Normal) (G1 Evacuation Pause)
[2026-09-29T20:24:40.762-0400][20.765s][info][gc,task     ] GC(23) Using 6 workers of 8 for evacuation
[2026-09-29T20:24:40.767-0400][20.770s][info][gc,phases   ] GC(23)   Pre Evacuate Collection Set: 0.26ms
[2026-09-29T20:24:40.767-0400][20.770s][info][gc,phases   ] GC(23)   Merge Heap Roots: 0.15ms
[2026-09-29T20:24:40.767-0400][20.770s][info][gc,phases   ] GC(23)   Evacuate Collection Set: 2.96ms
[2026-09-29T20:24:40.767-0400][20.770s][info][gc,phases   ] GC(23)   Post Evacuate Collection Set: 1.49ms
[2026-09-29T20:24:40.767-0400][20.770s][info][gc,phases   ] GC(23)   Other: 0.14ms
[2026-09-29T20:24:40.767-0400][20.770s][info][gc,heap     ] GC(23) Eden regions: 36->0(53)
[2026-09-29T20:24:40.767-0400][20.770s][info][gc,heap     ] GC(23) Survivor regions: 3->3(5)
[2026-09-29T20:24:40.767-0400][20.770s][info][gc,heap     ] GC(23) Old regions: 40->40
[2026-09-29T20:24:40.767-0400][20.770s][info][gc,heap     ] GC(23) Archive regions: 2->2
[2026-09-29T20:24:40.767-0400][20.770s][info][gc,heap     ] GC(23) Humongous regions: 2->2
[2026-09-29T20:24:40.767-0400][20.770s][info][gc,metaspace] GC(23) Metaspace: 82316K(84992K)->82316K(84992K) NonClass: 72805K(74496K)->72805K(74496K) Class: 9510K(10496K)->9510K(10496K)
[2026-09-29T20:24:40.767-0400][20.770s][info][gc          ] GC(23) Pause Young (Normal) (G1 Evacuation Pause) 159M->88M(252M) 5.048ms
[2026-09-29T20:24:40.767-0400][20.770s][info][gc,cpu      ] GC(23) User=0.02s Sys=0.00s Real=0.00s
[2026-09-29T20:24:40.767-0400][20.770s][info][safepoint   ] Safepoint "G1CollectForAllocation", Time since last: 130834599 ns, Reaching safepoint: 10359 ns, Cleanup: 72702 ns, At safepoint: 5158397 ns, Total: 5241458 ns
[2026-09-29T20:24:41.367-0400][21.371s][info][safepoint   ] Safepoint "ICBufferFull", Time since last: 599874941 ns, Reaching safepoint: 112806 ns, Cleanup: 129619 ns, At safepoint: 27817 ns, Total: 270242 ns
[2026-09-29T20:24:41.554-0400][21.557s][info][safepoint   ] Safepoint "ICBufferFull", Time since last: 186470814 ns, Reaching safepoint: 14153 ns, Cleanup: 130987 ns, At safepoint: 74378 ns, Total: 219518 ns
[2026-09-29T20:24:41.779-0400][21.783s][info][safepoint   ] Safepoint "ICBufferFull", Time since last: 225172230 ns, Reaching safepoint: 17389 ns, Cleanup: 140085 ns, At safepoint: 51627 ns, Total: 209101 ns
[2026-09-29T20:24:41.899-0400][21.902s][info][gc,start    ] GC(24) Pause Young (Concurrent Start) (Metadata GC Threshold)
[2026-09-29T20:24:41.899-0400][21.902s][info][gc,task     ] GC(24) Using 6 workers of 8 for evacuation
[2026-09-29T20:24:41.906-0400][21.909s][info][gc,phases   ] GC(24)   Pre Evacuate Collection Set: 0.33ms
[2026-09-29T20:24:41.906-0400][21.909s][info][gc,phases   ] GC(24)   Merge Heap Roots: 0.16ms
[2026-09-29T20:24:41.906-0400][21.909s][info][gc,phases   ] GC(24)   Evacuate Collection Set: 4.92ms
[2026-09-29T20:24:41.906-0400][21.909s][info][gc,phases   ] GC(24)   Post Evacuate Collection Set: 1.41ms
[2026-09-29T20:24:41.906-0400][21.909s][info][gc,phases   ] GC(24)   Other: 0.21ms
[2026-09-29T20:24:41.906-0400][21.909s][info][gc,heap     ] GC(24) Eden regions: 51->0(52)
[2026-09-29T20:24:41.906-0400][21.909s][info][gc,heap     ] GC(24) Survivor regions: 3->5(7)
[2026-09-29T20:24:41.906-0400][21.909s][info][gc,heap     ] GC(24) Old regions: 40->40
[2026-09-29T20:24:41.906-0400][21.909s][info][gc,heap     ] GC(24) Archive regions: 2->2
[2026-09-29T20:24:41.906-0400][21.909s][info][gc,heap     ] GC(24) Humongous regions: 2->2
[2026-09-29T20:24:41.906-0400][21.909s][info][gc,metaspace] GC(24) Metaspace: 85330K(87936K)->85330K(87936K) NonClass: 75493K(77120K)->75493K(77120K) Class: 9836K(10816K)->9836K(10816K)
[2026-09-29T20:24:41.906-0400][21.909s][info][gc          ] GC(24) Pause Young (Concurrent Start) (Metadata GC Threshold) 190M->92M(252M) 7.178ms
[2026-09-29T20:24:41.906-0400][21.909s][info][gc,cpu      ] GC(24) User=0.05s Sys=0.00s Real=0.01s
[2026-09-29T20:24:41.906-0400][21.909s][info][gc          ] GC(25) Concurrent Mark Cycle
[2026-09-29T20:24:41.906-0400][21.909s][info][gc,marking  ] GC(25) Concurrent Clear Claimed Marks
[2026-09-29T20:24:41.906-0400][21.909s][info][gc,marking  ] GC(25) Concurrent Clear Claimed Marks 0.140ms
[2026-09-29T20:24:41.906-0400][21.910s][info][gc,marking  ] GC(25) Concurrent Scan Root Regions
[2026-09-29T20:24:41.906-0400][21.910s][info][safepoint   ] Safepoint "CollectForMetadataAllocation", Time since last: 119114048 ns, Reaching safepoint: 145967 ns, Cleanup: 99678 ns, At safepoint: 7589828 ns, Total: 7835473 ns
[2026-09-29T20:24:41.914-0400][21.917s][info][gc,marking  ] GC(25) Concurrent Scan Root Regions 7.670ms
[2026-09-29T20:24:41.914-0400][21.917s][info][gc,marking  ] GC(25) Concurrent Mark
[2026-09-29T20:24:41.914-0400][21.917s][info][gc,marking  ] GC(25) Concurrent Mark From Roots
[2026-09-29T20:24:41.914-0400][21.917s][info][gc,task     ] GC(25) Using 2 workers of 2 for marking
[2026-09-29T20:24:42.013-0400][22.017s][info][gc,marking  ] GC(25) Concurrent Mark From Roots 99.189ms
[2026-09-29T20:24:42.013-0400][22.017s][info][gc,marking  ] GC(25) Concurrent Preclean
[2026-09-29T20:24:42.015-0400][22.019s][info][gc,marking  ] GC(25) Concurrent Preclean 1.984ms
[2026-09-29T20:24:42.016-0400][22.019s][info][gc,start    ] GC(25) Pause Remark
[2026-09-29T20:24:42.035-0400][22.038s][info][gc          ] GC(25) Pause Remark 100M->98M(252M) 18.806ms
[2026-09-29T20:24:42.035-0400][22.038s][info][gc,cpu      ] GC(25) User=0.10s Sys=0.01s Real=0.02s
[2026-09-29T20:24:42.035-0400][22.038s][info][safepoint   ] Safepoint "G1PauseRemark", Time since last: 109115194 ns, Reaching safepoint: 149507 ns, Cleanup: 101617 ns, At safepoint: 19084895 ns, Total: 19336019 ns
[2026-09-29T20:24:42.035-0400][22.038s][info][gc,marking  ] GC(25) Concurrent Mark 121.150ms
[2026-09-29T20:24:42.035-0400][22.039s][info][gc,marking  ] GC(25) Concurrent Rebuild Remembered Sets
[2026-09-29T20:24:42.088-0400][22.091s][info][gc,marking  ] GC(25) Concurrent Rebuild Remembered Sets 52.864ms
[2026-09-29T20:24:42.089-0400][22.092s][info][gc,start    ] GC(25) Pause Cleanup
[2026-09-29T20:24:42.089-0400][22.092s][info][gc          ] GC(25) Pause Cleanup 99M->99M(252M) 0.139ms
[2026-09-29T20:24:42.089-0400][22.092s][info][gc,cpu      ] GC(25) User=0.00s Sys=0.00s Real=0.00s
[2026-09-29T20:24:42.089-0400][22.092s][info][safepoint   ] Safepoint "G1PauseCleanup", Time since last: 53455234 ns, Reaching safepoint: 152563 ns, Cleanup: 41264 ns, At safepoint: 297448 ns, Total: 491275 ns
[2026-09-29T20:24:42.089-0400][22.093s][info][gc,marking  ] GC(25) Concurrent Cleanup for Next Mark
[2026-09-29T20:24:42.091-0400][22.094s][info][gc,marking  ] GC(25) Concurrent Cleanup for Next Mark 1.521ms
[2026-09-29T20:24:42.091-0400][22.094s][info][gc          ] GC(25) Concurrent Mark Cycle 184.773ms
[2026-09-29T20:24:42.931-0400][22.934s][info][safepoint   ] Safepoint "ICBufferFull", Time since last: 841211673 ns, Reaching safepoint: 15522 ns, Cleanup: 401959 ns, At safepoint: 119046 ns, Total: 536527 ns
[2026-09-29T20:24:43.824-0400][23.827s][info][safepoint   ] Safepoint "ICBufferFull", Time since last: 893134632 ns, Reaching safepoint: 12107 ns, Cleanup: 186609 ns, At safepoint: 70458 ns, Total: 269174 ns
[2026-09-29T20:24:44.403-0400][24.406s][info][safepoint   ] Safepoint "ICBufferFull", Time since last: 578317909 ns, Reaching safepoint: 125268 ns, Cleanup: 128876 ns, At safepoint: 31244 ns, Total: 285388 ns
[2026-09-29T20:24:44.423-0400][24.426s][info][safepoint   ] Safepoint "ICBufferFull", Time since last: 14958308 ns, Reaching safepoint: 4724744 ns, Cleanup: 231379 ns, At safepoint: 93601 ns, Total: 5049724 ns
[2026-09-29T20:24:45.001-0400][25.004s][info][safepoint   ] Safepoint "ICBufferFull", Time since last: 577833211 ns, Reaching safepoint: 240789 ns, Cleanup: 156206 ns, At safepoint: 142168 ns, Total: 539163 ns
[2026-09-29T20:24:45.044-0400][25.047s][info][gc,start    ] GC(26) Pause Young (Prepare Mixed) (G1 Evacuation Pause)
[2026-09-29T20:24:45.044-0400][25.047s][info][gc,task     ] GC(26) Using 6 workers of 8 for evacuation
[2026-09-29T20:24:45.052-0400][25.055s][info][gc,phases   ] GC(26)   Pre Evacuate Collection Set: 0.20ms
[2026-09-29T20:24:45.052-0400][25.055s][info][gc,phases   ] GC(26)   Merge Heap Roots: 0.13ms
[2026-09-29T20:24:45.052-0400][25.055s][info][gc,phases   ] GC(26)   Evacuate Collection Set: 5.52ms
[2026-09-29T20:24:45.052-0400][25.055s][info][gc,phases   ] GC(26)   Post Evacuate Collection Set: 2.38ms
[2026-09-29T20:24:45.052-0400][25.055s][info][gc,phases   ] GC(26)   Other: 0.15ms
[2026-09-29T20:24:45.052-0400][25.055s][info][gc,heap     ] GC(26) Eden regions: 52->0(1)
[2026-09-29T20:24:45.052-0400][25.055s][info][gc,heap     ] GC(26) Survivor regions: 5->8(8)
[2026-09-29T20:24:45.052-0400][25.055s][info][gc,heap     ] GC(26) Old regions: 39->40
[2026-09-29T20:24:45.052-0400][25.055s][info][gc,heap     ] GC(26) Archive regions: 2->2
[2026-09-29T20:24:45.052-0400][25.055s][info][gc,heap     ] GC(26) Humongous regions: 2->2
[2026-09-29T20:24:45.052-0400][25.055s][info][gc,metaspace] GC(26) Metaspace: 101407K(104192K)->101407K(104192K) NonClass: 89798K(91520K)->89798K(91520K) Class: 11609K(12672K)->11609K(12672K)
[2026-09-29T20:24:45.052-0400][25.055s][info][gc          ] GC(26) Pause Young (Prepare Mixed) (G1 Evacuation Pause) 194M->98M(252M) 8.518ms
[2026-09-29T20:24:45.052-0400][25.055s][info][gc,cpu      ] GC(26) User=0.03s Sys=0.01s Real=0.01s
[2026-09-29T20:24:45.052-0400][25.056s][info][safepoint   ] Safepoint "G1CollectForAllocation", Time since last: 42754416 ns, Reaching safepoint: 9606 ns, Cleanup: 22518 ns, At safepoint: 8669985 ns, Total: 8702109 ns
[2026-09-29T20:24:45.067-0400][25.070s][info][gc,start    ] GC(27) Pause Young (Mixed) (G1 Evacuation Pause)
[2026-09-29T20:24:45.067-0400][25.070s][info][gc,task     ] GC(27) Using 6 workers of 8 for evacuation
[2026-09-29T20:24:45.072-0400][25.075s][info][gc,phases   ] GC(27)   Pre Evacuate Collection Set: 0.21ms
[2026-09-29T20:24:45.072-0400][25.075s][info][gc,phases   ] GC(27)   Merge Heap Roots: 0.13ms
[2026-09-29T20:24:45.072-0400][25.075s][info][gc,phases   ] GC(27)   Evacuate Collection Set: 3.68ms
[2026-09-29T20:24:45.072-0400][25.075s][info][gc,phases   ] GC(27)   Post Evacuate Collection Set: 0.73ms
[2026-09-29T20:24:45.072-0400][25.075s][info][gc,phases   ] GC(27)   Other: 0.14ms
[2026-09-29T20:24:45.072-0400][25.075s][info][gc,heap     ] GC(27) Eden regions: 1->0(51)
[2026-09-29T20:24:45.072-0400][25.075s][info][gc,heap     ] GC(27) Survivor regions: 8->2(2)
[2026-09-29T20:24:45.072-0400][25.075s][info][gc,heap     ] GC(27) Old regions: 40->42
[2026-09-29T20:24:45.072-0400][25.075s][info][gc,heap     ] GC(27) Archive regions: 2->2
[2026-09-29T20:24:45.072-0400][25.075s][info][gc,heap     ] GC(27) Humongous regions: 2->2
[2026-09-29T20:24:45.072-0400][25.075s][info][gc,metaspace] GC(27) Metaspace: 101457K(104256K)->101457K(104256K) NonClass: 89841K(91584K)->89841K(91584K) Class: 11615K(12672K)->11615K(12672K)
[2026-09-29T20:24:45.072-0400][25.075s][info][gc          ] GC(27) Pause Young (Mixed) (G1 Evacuation Pause) 100M->92M(252M) 4.942ms
[2026-09-29T20:24:45.072-0400][25.075s][info][gc,cpu      ] GC(27) User=0.02s Sys=0.00s Real=0.01s
[2026-09-29T20:24:45.072-0400][25.075s][info][safepoint   ] Safepoint "G1CollectForAllocation", Time since last: 14662492 ns, Reaching safepoint: 11856 ns, Cleanup: 3954 ns, At safepoint: 5063906 ns, Total: 5079716 ns
[2026-09-29T20:24:45.466-0400][25.469s][info][safepoint   ] Safepoint "ICBufferFull", Time since last: 393446111 ns, Reaching safepoint: 18886 ns, Cleanup: 148568 ns, At safepoint: 1943 ns, Total: 169397 ns
[2026-09-29T20:24:45.846-0400][25.849s][info][safepoint   ] Safepoint "ICBufferFull", Time since last: 379585937 ns, Reaching safepoint: 106174 ns, Cleanup: 106508 ns, At safepoint: 27823 ns, Total: 240505 ns
[2026-09-29T20:24:46.622-0400][26.625s][info][gc,start    ] GC(28) Pause Young (Normal) (G1 Evacuation Pause)
[2026-09-29T20:24:46.622-0400][26.625s][info][gc,task     ] GC(28) Using 6 workers of 8 for evacuation
[2026-09-29T20:24:46.629-0400][26.632s][info][gc,phases   ] GC(28)   Pre Evacuate Collection Set: 0.30ms
[2026-09-29T20:24:46.629-0400][26.632s][info][gc,phases   ] GC(28)   Merge Heap Roots: 0.14ms
[2026-09-29T20:24:46.629-0400][26.632s][info][gc,phases   ] GC(28)   Evacuate Collection Set: 3.40ms
[2026-09-29T20:24:46.629-0400][26.632s][info][gc,phases   ] GC(28)   Post Evacuate Collection Set: 2.57ms
[2026-09-29T20:24:46.629-0400][26.632s][info][gc,phases   ] GC(28)   Other: 0.46ms
[2026-09-29T20:24:46.629-0400][26.632s][info][gc,heap     ] GC(28) Eden regions: 51->0(49)
[2026-09-29T20:24:46.629-0400][26.632s][info][gc,heap     ] GC(28) Survivor regions: 2->5(7)
[2026-09-29T20:24:46.629-0400][26.632s][info][gc,heap     ] GC(28) Old regions: 42->42
[2026-09-29T20:24:46.629-0400][26.632s][info][gc,heap     ] GC(28) Archive regions: 2->2
[2026-09-29T20:24:46.629-0400][26.632s][info][gc,heap     ] GC(28) Humongous regions: 2->2
[2026-09-29T20:24:46.629-0400][26.632s][info][gc,metaspace] GC(28) Metaspace: 109545K(112512K)->109545K(112512K) NonClass: 96612K(98432K)->96612K(98432K) Class: 12933K(14080K)->12933K(14080K)
[2026-09-29T20:24:46.629-0400][26.632s][info][gc          ] GC(28) Pause Young (Normal) (G1 Evacuation Pause) 194M->98M(252M) 6.916ms
[2026-09-29T20:24:46.629-0400][26.632s][info][gc,cpu      ] GC(28) User=0.04s Sys=0.00s Real=0.00s
[2026-09-29T20:24:46.629-0400][26.632s][info][safepoint   ] Safepoint "G1CollectForAllocation", Time since last: 775867489 ns, Reaching safepoint: 35803 ns, Cleanup: 481991 ns, At safepoint: 7017792 ns, Total: 7535586 ns
[2026-09-29T20:24:46.972-0400][26.975s][info][safepoint   ] Safepoint "ICBufferFull", Time since last: 342832839 ns, Reaching safepoint: 77144 ns, Cleanup: 315125 ns, At safepoint: 63877 ns, Total: 456146 ns
[2026-09-29T20:24:47.401-0400][27.404s][info][gc,start    ] GC(29) Pause Young (Normal) (G1 Evacuation Pause)
[2026-09-29T20:24:47.401-0400][27.404s][info][gc,task     ] GC(29) Using 6 workers of 8 for evacuation
[2026-09-29T20:24:47.408-0400][27.412s][info][gc,phases   ] GC(29)   Pre Evacuate Collection Set: 0.18ms
[2026-09-29T20:24:47.408-0400][27.412s][info][gc,phases   ] GC(29)   Merge Heap Roots: 0.15ms
[2026-09-29T20:24:47.408-0400][27.412s][info][gc,phases   ] GC(29)   Evacuate Collection Set: 5.13ms
[2026-09-29T20:24:47.408-0400][27.412s][info][gc,phases   ] GC(29)   Post Evacuate Collection Set: 1.55ms
[2026-09-29T20:24:47.408-0400][27.412s][info][gc,phases   ] GC(29)   Other: 0.15ms
[2026-09-29T20:24:47.408-0400][27.412s][info][gc,heap     ] GC(29) Eden regions: 49->0(49)
[2026-09-29T20:24:47.408-0400][27.412s][info][gc,heap     ] GC(29) Survivor regions: 5->3(7)
[2026-09-29T20:24:47.408-0400][27.412s][info][gc,heap     ] GC(29) Old regions: 42->45
[2026-09-29T20:24:47.408-0400][27.412s][info][gc,heap     ] GC(29) Archive regions: 2->2
[2026-09-29T20:24:47.408-0400][27.412s][info][gc,heap     ] GC(29) Humongous regions: 2->2
[2026-09-29T20:24:47.408-0400][27.412s][info][gc,metaspace] GC(29) Metaspace: 116179K(119296K)->116179K(119296K) NonClass: 102464K(104320K)->102464K(104320K) Class: 13715K(14976K)->13715K(14976K)
[2026-09-29T20:24:47.408-0400][27.412s][info][gc          ] GC(29) Pause Young (Normal) (G1 Evacuation Pause) 196M->100M(252M) 7.230ms
[2026-09-29T20:24:47.408-0400][27.412s][info][gc,cpu      ] GC(29) User=0.03s Sys=0.01s Real=0.00s
[2026-09-29T20:24:47.409-0400][27.412s][info][safepoint   ] Safepoint "G1CollectForAllocation", Time since last: 428571949 ns, Reaching safepoint: 15254 ns, Cleanup: 325493 ns, At safepoint: 7383035 ns, Total: 7723782 ns
[2026-09-29T20:24:48.156-0400][28.159s][info][safepoint   ] Safepoint "ICBufferFull", Time since last: 746827606 ns, Reaching safepoint: 16779 ns, Cleanup: 355072 ns, At safepoint: 7168 ns, Total: 379019 ns
[2026-09-29T20:24:49.627-0400][29.630s][info][safepoint   ] Safepoint "Cleanup", Time since last: 1470436254 ns, Reaching safepoint: 10813 ns, Cleanup: 463381 ns, At safepoint: 59602 ns, Total: 533796 ns
[2026-09-29T20:24:49.985-0400][29.988s][info][safepoint   ] Safepoint "RedefineClasses", Time since last: 270388701 ns, Reaching safepoint: 22005 ns, Cleanup: 211427 ns, At safepoint: 87764491 ns, Total: 87997923 ns
[2026-09-29T20:24:50.020-0400][30.023s][info][safepoint   ] Safepoint "JFRCheckpoint", Time since last: 34912211 ns, Reaching safepoint: 19326 ns, Cleanup: 24975 ns, At safepoint: 14416 ns, Total: 58717 ns
[2026-09-29T20:24:50.027-0400][30.030s][info][safepoint   ] Safepoint "JFROldObject", Time since last: 6790084 ns, Reaching safepoint: 25781 ns, Cleanup: 9750 ns, At safepoint: 68120 ns, Total: 103651 ns
[2026-09-29T20:24:50.123-0400][30.126s][info][safepoint   ] Safepoint "RedefineClasses", Time since last: 7156117 ns, Reaching safepoint: 21640 ns, Cleanup: 8501 ns, At safepoint: 88839936 ns, Total: 88870077 ns
[2026-09-29T20:24:50.135-0400][30.138s][info][safepoint   ] Safepoint "ClassLoaderStatsOperation", Time since last: 7912828 ns, Reaching safepoint: 21603 ns, Cleanup: 7641 ns, At safepoint: 3582535 ns, Total: 3611779 ns
[2026-09-29T20:24:50.670-0400][30.673s][info][gc,start    ] GC(30) Pause Young (Normal) (G1 Evacuation Pause)
[2026-09-29T20:24:50.670-0400][30.673s][info][gc,task     ] GC(30) Using 6 workers of 8 for evacuation
[2026-09-29T20:24:50.679-0400][30.683s][info][gc,phases   ] GC(30)   Pre Evacuate Collection Set: 0.40ms
[2026-09-29T20:24:50.680-0400][30.683s][info][gc,phases   ] GC(30)   Merge Heap Roots: 0.22ms
[2026-09-29T20:24:50.680-0400][30.683s][info][gc,phases   ] GC(30)   Evacuate Collection Set: 6.28ms
[2026-09-29T20:24:50.680-0400][30.683s][info][gc,phases   ] GC(30)   Post Evacuate Collection Set: 2.17ms
[2026-09-29T20:24:50.680-0400][30.683s][info][gc,phases   ] GC(30)   Other: 0.29ms
[2026-09-29T20:24:50.680-0400][30.683s][info][gc,heap     ] GC(30) Eden regions: 49->0(48)
[2026-09-29T20:24:50.680-0400][30.683s][info][gc,heap     ] GC(30) Survivor regions: 3->5(7)
[2026-09-29T20:24:50.680-0400][30.683s][info][gc,heap     ] GC(30) Old regions: 45->45
[2026-09-29T20:24:50.680-0400][30.683s][info][gc,heap     ] GC(30) Archive regions: 2->2
[2026-09-29T20:24:50.680-0400][30.683s][info][gc,heap     ] GC(30) Humongous regions: 2->2
[2026-09-29T20:24:50.680-0400][30.683s][info][gc,metaspace] GC(30) Metaspace: 128579K(131840K)->128579K(131840K) NonClass: 113547K(115520K)->113547K(115520K) Class: 15032K(16320K)->15032K(16320K)
[2026-09-29T20:24:50.680-0400][30.683s][info][gc          ] GC(30) Pause Young (Normal) (G1 Evacuation Pause) 198M->103M(252M) 9.474ms
[2026-09-29T20:24:50.680-0400][30.683s][info][gc,cpu      ] GC(30) User=0.04s Sys=0.00s Real=0.01s
[2026-09-29T20:24:50.680-0400][30.683s][info][safepoint   ] Safepoint "G1CollectForAllocation", Time since last: 535345844 ns, Reaching safepoint: 53453 ns, Cleanup: 173690 ns, At safepoint: 9647550 ns, Total: 9874693 ns
[2026-09-29T20:24:51.680-0400][31.683s][info][safepoint   ] Safepoint "Cleanup", Time since last: 1000223996 ns, Reaching safepoint: 11717 ns, Cleanup: 65455 ns, At safepoint: 3914 ns, Total: 81086 ns
[2026-09-29T20:24:52.680-0400][32.684s][info][safepoint   ] Safepoint "Cleanup", Time since last: 1000277717 ns, Reaching safepoint: 34395 ns, Cleanup: 41163 ns, At safepoint: 7733 ns, Total: 83291 ns
[2026-09-29T20:24:53.681-0400][33.684s][info][safepoint   ] Safepoint "Cleanup", Time since last: 1000609370 ns, Reaching safepoint: 31626 ns, Cleanup: 50945 ns, At safepoint: 67478 ns, Total: 150049 ns
[2026-09-29T20:24:54.682-0400][34.685s][info][safepoint   ] Safepoint "Cleanup", Time since last: 1000334027 ns, Reaching safepoint: 48593 ns, Cleanup: 41448 ns, At safepoint: 6390 ns, Total: 96431 ns
[2026-09-29T20:24:55.682-0400][35.685s][info][safepoint   ] Safepoint "Cleanup", Time since last: 1000204764 ns, Reaching safepoint: 20525 ns, Cleanup: 30789 ns, At safepoint: 3726 ns, Total: 55040 ns
[2026-09-29T20:24:56.682-0400][36.685s][info][safepoint   ] Safepoint "Cleanup", Time since last: 1000342104 ns, Reaching safepoint: 20352 ns, Cleanup: 71160 ns, At safepoint: 4256 ns, Total: 95768 ns
[2026-09-29T20:24:57.683-0400][37.686s][info][safepoint   ] Safepoint "Cleanup", Time since last: 1000194186 ns, Reaching safepoint: 16257 ns, Cleanup: 18405 ns, At safepoint: 3705 ns, Total: 38367 ns
[2026-09-29T20:24:59.683-0400][39.686s][info][safepoint   ] Safepoint "Cleanup", Time since last: 2000533103 ns, Reaching safepoint: 10020 ns, Cleanup: 14921 ns, At safepoint: 3779 ns, Total: 28720 ns
[2026-09-29T20:25:00.030-0400][40.033s][info][safepoint   ] Safepoint "ClassLoaderStatsOperation", Time since last: 337743839 ns, Reaching safepoint: 5583910 ns, Cleanup: 12460 ns, At safepoint: 3438448 ns, Total: 9034818 ns
[2026-09-29T20:25:00.040-0400][40.043s][info][safepoint   ] Safepoint "JFRCheckpoint", Time since last: 3031999 ns, Reaching safepoint: 6841078 ns, Cleanup: 10123 ns, At safepoint: 188417 ns, Total: 7039618 ns
[2026-09-29T20:25:00.052-0400][40.056s][info][safepoint   ] Safepoint "JFROldObject", Time since last: 12203716 ns, Reaching safepoint: 35552 ns, Cleanup: 7892 ns, At safepoint: 233532 ns, Total: 276976 ns
[2026-09-29T20:25:01.053-0400][41.056s][info][safepoint   ] Safepoint "Cleanup", Time since last: 1000250804 ns, Reaching safepoint: 21475 ns, Cleanup: 17138 ns, At safepoint: 3540 ns, Total: 42153 ns
[2026-09-29T20:25:05.056-0400][45.059s][info][safepoint   ] Safepoint "Cleanup", Time since last: 4003475995 ns, Reaching safepoint: 22178 ns, Cleanup: 49704 ns, At safepoint: 31996 ns, Total: 103878 ns
[2026-09-29T20:25:05.629-0400][45.633s][info][safepoint   ] Safepoint "ICBufferFull", Time since last: 572940906 ns, Reaching safepoint: 75253 ns, Cleanup: 136488 ns, At safepoint: 28333 ns, Total: 240074 ns
[2026-09-29T20:25:05.686-0400][45.689s][info][gc,start    ] GC(31) Pause Young (Normal) (G1 Evacuation Pause)
[2026-09-29T20:25:05.686-0400][45.689s][info][gc,task     ] GC(31) Using 8 workers of 8 for evacuation
[2026-09-29T20:25:05.692-0400][45.695s][info][gc,phases   ] GC(31)   Pre Evacuate Collection Set: 0.23ms
[2026-09-29T20:25:05.692-0400][45.695s][info][gc,phases   ] GC(31)   Merge Heap Roots: 0.15ms
[2026-09-29T20:25:05.692-0400][45.695s][info][gc,phases   ] GC(31)   Evacuate Collection Set: 4.30ms
[2026-09-29T20:25:05.692-0400][45.695s][info][gc,phases   ] GC(31)   Post Evacuate Collection Set: 1.43ms
[2026-09-29T20:25:05.692-0400][45.695s][info][gc,phases   ] GC(31)   Other: 0.14ms
[2026-09-29T20:25:05.692-0400][45.695s][info][gc,heap     ] GC(31) Eden regions: 48->0(48)
[2026-09-29T20:25:05.692-0400][45.695s][info][gc,heap     ] GC(31) Survivor regions: 5->5(7)
[2026-09-29T20:25:05.692-0400][45.695s][info][gc,heap     ] GC(31) Old regions: 45->46
[2026-09-29T20:25:05.692-0400][45.695s][info][gc,heap     ] GC(31) Archive regions: 2->2
[2026-09-29T20:25:05.692-0400][45.695s][info][gc,heap     ] GC(31) Humongous regions: 2->2
[2026-09-29T20:25:05.692-0400][45.695s][info][gc,metaspace] GC(31) Metaspace: 130336K(133632K)->130336K(133632K) NonClass: 115104K(117120K)->115104K(117120K) Class: 15232K(16512K)->15232K(16512K)
[2026-09-29T20:25:05.692-0400][45.695s][info][gc          ] GC(31) Pause Young (Normal) (G1 Evacuation Pause) 199M->104M(252M) 6.330ms
[2026-09-29T20:25:05.692-0400][45.695s][info][gc,cpu      ] GC(31) User=0.03s Sys=0.01s Real=0.01s
[2026-09-29T20:25:05.692-0400][45.695s][info][safepoint   ] Safepoint "G1CollectForAllocation", Time since last: 56170161 ns, Reaching safepoint: 117653 ns, Cleanup: 25280 ns, At safepoint: 6473608 ns, Total: 6616541 ns
[2026-09-29T20:25:06.075-0400][46.078s][info][safepoint   ] Safepoint "ICBufferFull", Time since last: 382218761 ns, Reaching safepoint: 9266 ns, Cleanup: 108738 ns, At safepoint: 24249 ns, Total: 142253 ns
[2026-09-29T20:25:06.159-0400][46.162s][info][gc,heap,exit] Heap
[2026-09-29T20:25:06.159-0400][46.162s][info][gc,heap,exit]  garbage-first heap   total 258048K, used 149071K [0x0000000709400000, 0x0000000800000000)
[2026-09-29T20:25:06.159-0400][46.162s][info][gc,heap,exit]   region size 2048K, 26 young (53248K), 5 survivors (10240K)
[2026-09-29T20:25:06.159-0400][46.162s][info][gc,heap,exit]  Metaspace       used 130703K, committed 133952K, reserved 1179648K
[2026-09-29T20:25:06.159-0400][46.162s][info][gc,heap,exit]   class space    used 15256K, committed 16512K, reserved 1048576K
