[2026-09-29T22:25:15.845-0400][0.004s][info][gc] Using G1
[2026-09-29T22:25:15.848-0400][0.007s][info][gc,init] Version: 17.0.18+8-LTS (release)
[2026-09-29T22:25:15.848-0400][0.007s][info][gc,init] CPUs: 8 total, 8 available
[2026-09-29T22:25:15.848-0400][0.007s][info][gc,init] Memory: 15788M
[2026-09-29T22:25:15.848-0400][0.007s][info][gc,init] Large Page Support: Disabled
[2026-09-29T22:25:15.848-0400][0.007s][info][gc,init] NUMA Support: Disabled
[2026-09-29T22:25:15.848-0400][0.007s][info][gc,init] Compressed Oops: Enabled (Zero based)
[2026-09-29T22:25:15.848-0400][0.007s][info][gc,init] Heap Region Size: 2M
[2026-09-29T22:25:15.848-0400][0.007s][info][gc,init] Heap Min Capacity: 8M
[2026-09-29T22:25:15.848-0400][0.007s][info][gc,init] Heap Initial Capacity: 248M
[2026-09-29T22:25:15.848-0400][0.007s][info][gc,init] Heap Max Capacity: 3948M
[2026-09-29T22:25:15.848-0400][0.007s][info][gc,init] Pre-touch: Disabled
[2026-09-29T22:25:15.848-0400][0.007s][info][gc,init] Parallel Workers: 8
[2026-09-29T22:25:15.848-0400][0.007s][info][gc,init] Concurrent Workers: 2
[2026-09-29T22:25:15.848-0400][0.007s][info][gc,init] Concurrent Refinement Workers: 8
[2026-09-29T22:25:15.848-0400][0.007s][info][gc,init] Periodic GC: Disabled
[2026-09-29T22:25:15.856-0400][0.015s][info][gc,metaspace] CDS archive(s) mapped at: [0x0000735503000000-0x0000735503bc7000-0x0000735503bc7000), size 12349440, SharedBaseAddress: 0x0000735503000000, ArchiveRelocationMode: 1.
[2026-09-29T22:25:15.856-0400][0.015s][info][gc,metaspace] Compressed class space mapped at: 0x0000735504000000-0x0000735544000000, reserved size: 1073741824
[2026-09-29T22:25:15.856-0400][0.015s][info][gc,metaspace] Narrow klass base: 0x0000735503000000, Narrow klass shift: 0, Narrow klass range: 0x100000000
[2026-09-29T22:25:16.317-0400][0.477s][info][safepoint   ] Safepoint "ClassLoaderStatsOperation", Time since last: 455472510 ns, Reaching safepoint: 149170 ns, Cleanup: 73579 ns, At safepoint: 419551 ns, Total: 642300 ns
[2026-09-29T22:25:16.595-0400][0.754s][info][gc,start    ] GC(0) Pause Young (Normal) (G1 Evacuation Pause)
[2026-09-29T22:25:16.596-0400][0.755s][info][gc,task     ] GC(0) Using 6 workers of 8 for evacuation
[2026-09-29T22:25:16.599-0400][0.759s][info][gc,phases   ] GC(0)   Pre Evacuate Collection Set: 0.15ms
[2026-09-29T22:25:16.599-0400][0.759s][info][gc,phases   ] GC(0)   Merge Heap Roots: 0.17ms
[2026-09-29T22:25:16.599-0400][0.759s][info][gc,phases   ] GC(0)   Evacuate Collection Set: 2.23ms
[2026-09-29T22:25:16.599-0400][0.759s][info][gc,phases   ] GC(0)   Post Evacuate Collection Set: 0.83ms
[2026-09-29T22:25:16.599-0400][0.759s][info][gc,phases   ] GC(0)   Other: 1.14ms
[2026-09-29T22:25:16.599-0400][0.759s][info][gc,heap     ] GC(0) Eden regions: 11->0(19)
[2026-09-29T22:25:16.599-0400][0.759s][info][gc,heap     ] GC(0) Survivor regions: 0->2(2)
[2026-09-29T22:25:16.599-0400][0.759s][info][gc,heap     ] GC(0) Old regions: 0->0
[2026-09-29T22:25:16.599-0400][0.759s][info][gc,heap     ] GC(0) Archive regions: 2->2
[2026-09-29T22:25:16.599-0400][0.759s][info][gc,heap     ] GC(0) Humongous regions: 0->0
[2026-09-29T22:25:16.599-0400][0.759s][info][gc,metaspace] GC(0) Metaspace: 7864K(8128K)->7864K(8128K) NonClass: 6993K(7104K)->6993K(7104K) Class: 870K(1024K)->870K(1024K)
[2026-09-29T22:25:16.599-0400][0.759s][info][gc          ] GC(0) Pause Young (Normal) (G1 Evacuation Pause) 23M->5M(252M) 4.632ms
[2026-09-29T22:25:16.599-0400][0.759s][info][gc,cpu      ] GC(0) User=0.01s Sys=0.01s Real=0.01s
[2026-09-29T22:25:16.600-0400][0.759s][info][safepoint   ] Safepoint "G1CollectForAllocation", Time since last: 277084465 ns, Reaching safepoint: 3823 ns, Cleanup: 263308 ns, At safepoint: 4808333 ns, Total: 5075464 ns
[2026-09-29T22:25:16.746-0400][0.905s][info][gc,start    ] GC(1) Pause Young (Normal) (G1 Evacuation Pause)
[2026-09-29T22:25:16.746-0400][0.905s][info][gc,task     ] GC(1) Using 6 workers of 8 for evacuation
[2026-09-29T22:25:16.749-0400][0.908s][info][gc,phases   ] GC(1)   Pre Evacuate Collection Set: 0.16ms
[2026-09-29T22:25:16.749-0400][0.908s][info][gc,phases   ] GC(1)   Merge Heap Roots: 0.13ms
[2026-09-29T22:25:16.749-0400][0.908s][info][gc,phases   ] GC(1)   Evacuate Collection Set: 2.18ms
[2026-09-29T22:25:16.749-0400][0.908s][info][gc,phases   ] GC(1)   Post Evacuate Collection Set: 0.71ms
[2026-09-29T22:25:16.749-0400][0.908s][info][gc,phases   ] GC(1)   Other: 0.12ms
[2026-09-29T22:25:16.749-0400][0.908s][info][gc,heap     ] GC(1) Eden regions: 19->0(73)
[2026-09-29T22:25:16.749-0400][0.908s][info][gc,heap     ] GC(1) Survivor regions: 2->1(3)
[2026-09-29T22:25:16.749-0400][0.908s][info][gc,heap     ] GC(1) Old regions: 0->2
[2026-09-29T22:25:16.749-0400][0.908s][info][gc,heap     ] GC(1) Archive regions: 2->2
[2026-09-29T22:25:16.749-0400][0.908s][info][gc,heap     ] GC(1) Humongous regions: 0->0
[2026-09-29T22:25:16.749-0400][0.908s][info][gc,metaspace] GC(1) Metaspace: 8122K(8384K)->8122K(8384K) NonClass: 7240K(7360K)->7240K(7360K) Class: 881K(1024K)->881K(1024K)
[2026-09-29T22:25:16.749-0400][0.908s][info][gc          ] GC(1) Pause Young (Normal) (G1 Evacuation Pause) 43M->5M(252M) 3.370ms
[2026-09-29T22:25:16.749-0400][0.908s][info][gc,cpu      ] GC(1) User=0.01s Sys=0.01s Real=0.01s
[2026-09-29T22:25:16.749-0400][0.908s][info][safepoint   ] Safepoint "G1CollectForAllocation", Time since last: 146187272 ns, Reaching safepoint: 5116 ns, Cleanup: 30813 ns, At safepoint: 3459160 ns, Total: 3495089 ns
[2026-09-29T22:25:16.923-0400][1.083s][info][safepoint   ] Safepoint "ICBufferFull", Time since last: 174160571 ns, Reaching safepoint: 5818 ns, Cleanup: 102883 ns, At safepoint: 35503 ns, Total: 144204 ns
[2026-09-29T22:25:17.223-0400][1.382s][info][safepoint   ] Safepoint "ICBufferFull", Time since last: 299371726 ns, Reaching safepoint: 133502 ns, Cleanup: 125027 ns, At safepoint: 36356 ns, Total: 294885 ns
[2026-09-29T22:25:17.447-0400][1.607s][info][safepoint   ] Safepoint "ICBufferFull", Time since last: 224124724 ns, Reaching safepoint: 6339 ns, Cleanup: 81587 ns, At safepoint: 1961 ns, Total: 89887 ns
[2026-09-29T22:25:17.673-0400][1.833s][info][safepoint   ] Safepoint "ICBufferFull", Time since last: 225781691 ns, Reaching safepoint: 36730 ns, Cleanup: 114558 ns, At safepoint: 27692 ns, Total: 178980 ns
[2026-09-29T22:25:17.744-0400][1.904s][info][gc,start    ] GC(2) Pause Young (Normal) (G1 Evacuation Pause)
[2026-09-29T22:25:17.744-0400][1.904s][info][gc,task     ] GC(2) Using 6 workers of 8 for evacuation
[2026-09-29T22:25:17.755-0400][1.914s][info][gc,phases   ] GC(2)   Pre Evacuate Collection Set: 0.21ms
[2026-09-29T22:25:17.755-0400][1.914s][info][gc,phases   ] GC(2)   Merge Heap Roots: 0.14ms
[2026-09-29T22:25:17.755-0400][1.914s][info][gc,phases   ] GC(2)   Evacuate Collection Set: 8.28ms
[2026-09-29T22:25:17.755-0400][1.914s][info][gc,phases   ] GC(2)   Post Evacuate Collection Set: 1.35ms
[2026-09-29T22:25:17.755-0400][1.914s][info][gc,phases   ] GC(2)   Other: 0.16ms
[2026-09-29T22:25:17.755-0400][1.914s][info][gc,heap     ] GC(2) Eden regions: 73->0(68)
[2026-09-29T22:25:17.755-0400][1.914s][info][gc,heap     ] GC(2) Survivor regions: 1->6(10)
[2026-09-29T22:25:17.755-0400][1.914s][info][gc,heap     ] GC(2) Old regions: 2->2
[2026-09-29T22:25:17.755-0400][1.914s][info][gc,heap     ] GC(2) Archive regions: 2->2
[2026-09-29T22:25:17.755-0400][1.914s][info][gc,heap     ] GC(2) Humongous regions: 0->0
[2026-09-29T22:25:17.755-0400][1.914s][info][gc,metaspace] GC(2) Metaspace: 16132K(16512K)->16132K(16512K) NonClass: 14438K(14656K)->14438K(14656K) Class: 1694K(1856K)->1694K(1856K)
[2026-09-29T22:25:17.755-0400][1.914s][info][gc          ] GC(2) Pause Young (Normal) (G1 Evacuation Pause) 151M->15M(252M) 10.206ms
[2026-09-29T22:25:17.755-0400][1.914s][info][gc,cpu      ] GC(2) User=0.05s Sys=0.01s Real=0.01s
[2026-09-29T22:25:17.755-0400][1.914s][info][safepoint   ] Safepoint "G1CollectForAllocation", Time since last: 70995286 ns, Reaching safepoint: 9625 ns, Cleanup: 53805 ns, At safepoint: 10324038 ns, Total: 10387468 ns
[2026-09-29T22:25:18.426-0400][2.585s][info][gc,start    ] GC(3) Pause Young (Normal) (G1 Evacuation Pause)
[2026-09-29T22:25:18.426-0400][2.585s][info][gc,task     ] GC(3) Using 6 workers of 8 for evacuation
[2026-09-29T22:25:18.437-0400][2.596s][info][gc,phases   ] GC(3)   Pre Evacuate Collection Set: 0.15ms
[2026-09-29T22:25:18.437-0400][2.596s][info][gc,phases   ] GC(3)   Merge Heap Roots: 0.19ms
[2026-09-29T22:25:18.437-0400][2.596s][info][gc,phases   ] GC(3)   Evacuate Collection Set: 9.96ms
[2026-09-29T22:25:18.437-0400][2.596s][info][gc,phases   ] GC(3)   Post Evacuate Collection Set: 0.81ms
[2026-09-29T22:25:18.437-0400][2.596s][info][gc,phases   ] GC(3)   Other: 0.17ms
[2026-09-29T22:25:18.437-0400][2.596s][info][gc,heap     ] GC(3) Eden regions: 68->0(68)
[2026-09-29T22:25:18.437-0400][2.596s][info][gc,heap     ] GC(3) Survivor regions: 6->6(10)
[2026-09-29T22:25:18.437-0400][2.596s][info][gc,heap     ] GC(3) Old regions: 2->7
[2026-09-29T22:25:18.437-0400][2.596s][info][gc,heap     ] GC(3) Archive regions: 2->2
[2026-09-29T22:25:18.437-0400][2.596s][info][gc,heap     ] GC(3) Humongous regions: 0->0
[2026-09-29T22:25:18.437-0400][2.596s][info][gc,metaspace] GC(3) Metaspace: 16650K(17088K)->16650K(17088K) NonClass: 14938K(15232K)->14938K(15232K) Class: 1711K(1856K)->1711K(1856K)
[2026-09-29T22:25:18.437-0400][2.596s][info][gc          ] GC(3) Pause Young (Normal) (G1 Evacuation Pause) 151M->25M(252M) 11.390ms
[2026-09-29T22:25:18.437-0400][2.596s][info][gc,cpu      ] GC(3) User=0.08s Sys=0.02s Real=0.01s
[2026-09-29T22:25:18.437-0400][2.596s][info][safepoint   ] Safepoint "G1CollectForAllocation", Time since last: 670745370 ns, Reaching safepoint: 8553 ns, Cleanup: 74236 ns, At safepoint: 11493192 ns, Total: 11575981 ns
[2026-09-29T22:25:18.707-0400][2.866s][info][safepoint   ] Safepoint "ICBufferFull", Time since last: 269398827 ns, Reaching safepoint: 194683 ns, Cleanup: 105867 ns, At safepoint: 52149 ns, Total: 352699 ns
[2026-09-29T22:25:18.806-0400][2.965s][info][safepoint   ] Safepoint "ICBufferFull", Time since last: 98970238 ns, Reaching safepoint: 161048 ns, Cleanup: 127805 ns, At safepoint: 62302 ns, Total: 351155 ns
[2026-09-29T22:25:19.025-0400][3.184s][info][gc,start    ] GC(4) Pause Young (Normal) (G1 Evacuation Pause)
[2026-09-29T22:25:19.025-0400][3.184s][info][gc,task     ] GC(4) Using 6 workers of 8 for evacuation
[2026-09-29T22:25:19.033-0400][3.192s][info][gc,phases   ] GC(4)   Pre Evacuate Collection Set: 0.11ms
[2026-09-29T22:25:19.033-0400][3.192s][info][gc,phases   ] GC(4)   Merge Heap Roots: 0.15ms
[2026-09-29T22:25:19.033-0400][3.192s][info][gc,phases   ] GC(4)   Evacuate Collection Set: 6.80ms
[2026-09-29T22:25:19.033-0400][3.192s][info][gc,phases   ] GC(4)   Post Evacuate Collection Set: 0.76ms
[2026-09-29T22:25:19.033-0400][3.192s][info][gc,phases   ] GC(4)   Other: 0.13ms
[2026-09-29T22:25:19.033-0400][3.192s][info][gc,heap     ] GC(4) Eden regions: 68->0(67)
[2026-09-29T22:25:19.033-0400][3.192s][info][gc,heap     ] GC(4) Survivor regions: 6->7(10)
[2026-09-29T22:25:19.033-0400][3.192s][info][gc,heap     ] GC(4) Old regions: 7->7
[2026-09-29T22:25:19.033-0400][3.192s][info][gc,heap     ] GC(4) Archive regions: 2->2
[2026-09-29T22:25:19.033-0400][3.192s][info][gc,heap     ] GC(4) Humongous regions: 0->0
[2026-09-29T22:25:19.033-0400][3.192s][info][gc,metaspace] GC(4) Metaspace: 16954K(17344K)->16954K(17344K) NonClass: 15235K(15488K)->15235K(15488K) Class: 1719K(1856K)->1719K(1856K)
[2026-09-29T22:25:19.033-0400][3.192s][info][gc          ] GC(4) Pause Young (Normal) (G1 Evacuation Pause) 161M->28M(252M) 8.046ms
[2026-09-29T22:25:19.033-0400][3.192s][info][gc,cpu      ] GC(4) User=0.04s Sys=0.00s Real=0.01s
[2026-09-29T22:25:19.033-0400][3.192s][info][safepoint   ] Safepoint "G1CollectForAllocation", Time since last: 218584500 ns, Reaching safepoint: 10871 ns, Cleanup: 112618 ns, At safepoint: 8162176 ns, Total: 8285665 ns
[2026-09-29T22:25:19.297-0400][3.456s][info][gc,start    ] GC(5) Pause Young (Normal) (G1 Evacuation Pause)
[2026-09-29T22:25:19.297-0400][3.457s][info][gc,task     ] GC(5) Using 6 workers of 8 for evacuation
[2026-09-29T22:25:19.306-0400][3.465s][info][gc,phases   ] GC(5)   Pre Evacuate Collection Set: 0.11ms
[2026-09-29T22:25:19.306-0400][3.465s][info][gc,phases   ] GC(5)   Merge Heap Roots: 0.09ms
[2026-09-29T22:25:19.306-0400][3.465s][info][gc,phases   ] GC(5)   Evacuate Collection Set: 7.66ms
[2026-09-29T22:25:19.306-0400][3.465s][info][gc,phases   ] GC(5)   Post Evacuate Collection Set: 0.79ms
[2026-09-29T22:25:19.306-0400][3.465s][info][gc,phases   ] GC(5)   Other: 0.14ms
[2026-09-29T22:25:19.306-0400][3.465s][info][gc,heap     ] GC(5) Eden regions: 67->0(69)
[2026-09-29T22:25:19.306-0400][3.465s][info][gc,heap     ] GC(5) Survivor regions: 7->5(10)
[2026-09-29T22:25:19.306-0400][3.465s][info][gc,heap     ] GC(5) Old regions: 7->11
[2026-09-29T22:25:19.306-0400][3.465s][info][gc,heap     ] GC(5) Archive regions: 2->2
[2026-09-29T22:25:19.306-0400][3.465s][info][gc,heap     ] GC(5) Humongous regions: 0->0
[2026-09-29T22:25:19.306-0400][3.465s][info][gc,metaspace] GC(5) Metaspace: 17002K(17408K)->17002K(17408K) NonClass: 15282K(15552K)->15282K(15552K) Class: 1719K(1856K)->1719K(1856K)
[2026-09-29T22:25:19.306-0400][3.465s][info][gc          ] GC(5) Pause Young (Normal) (G1 Evacuation Pause) 162M->32M(252M) 8.873ms
[2026-09-29T22:25:19.306-0400][3.465s][info][gc,cpu      ] GC(5) User=0.06s Sys=0.01s Real=0.01s
[2026-09-29T22:25:19.306-0400][3.465s][info][safepoint   ] Safepoint "G1CollectForAllocation", Time since last: 264087814 ns, Reaching safepoint: 9006 ns, Cleanup: 77928 ns, At safepoint: 8958294 ns, Total: 9045228 ns
[2026-09-29T22:25:19.539-0400][3.698s][info][gc,start    ] GC(6) Pause Young (Normal) (G1 Evacuation Pause)
[2026-09-29T22:25:19.539-0400][3.698s][info][gc,task     ] GC(6) Using 6 workers of 8 for evacuation
[2026-09-29T22:25:19.543-0400][3.702s][info][gc,phases   ] GC(6)   Pre Evacuate Collection Set: 0.18ms
[2026-09-29T22:25:19.543-0400][3.702s][info][gc,phases   ] GC(6)   Merge Heap Roots: 0.15ms
[2026-09-29T22:25:19.543-0400][3.702s][info][gc,phases   ] GC(6)   Evacuate Collection Set: 2.66ms
[2026-09-29T22:25:19.543-0400][3.702s][info][gc,phases   ] GC(6)   Post Evacuate Collection Set: 1.04ms
[2026-09-29T22:25:19.543-0400][3.702s][info][gc,phases   ] GC(6)   Other: 0.15ms
[2026-09-29T22:25:19.543-0400][3.702s][info][gc,heap     ] GC(6) Eden regions: 69->0(87)
[2026-09-29T22:25:19.543-0400][3.702s][info][gc,heap     ] GC(6) Survivor regions: 5->4(10)
[2026-09-29T22:25:19.543-0400][3.702s][info][gc,heap     ] GC(6) Old regions: 11->11
[2026-09-29T22:25:19.543-0400][3.702s][info][gc,heap     ] GC(6) Archive regions: 2->2
[2026-09-29T22:25:19.543-0400][3.702s][info][gc,heap     ] GC(6) Humongous regions: 0->0
[2026-09-29T22:25:19.543-0400][3.702s][info][gc,metaspace] GC(6) Metaspace: 17020K(17408K)->17020K(17408K) NonClass: 15300K(15552K)->15300K(15552K) Class: 1720K(1856K)->1720K(1856K)
[2026-09-29T22:25:19.543-0400][3.702s][info][gc          ] GC(6) Pause Young (Normal) (G1 Evacuation Pause) 170M->29M(304M) 4.236ms
[2026-09-29T22:25:19.543-0400][3.702s][info][gc,cpu      ] GC(6) User=0.03s Sys=0.00s Real=0.01s
[2026-09-29T22:25:19.543-0400][3.702s][info][safepoint   ] Safepoint "G1CollectForAllocation", Time since last: 232300071 ns, Reaching safepoint: 10551 ns, Cleanup: 74136 ns, At safepoint: 4306180 ns, Total: 4390867 ns
[2026-09-29T22:25:19.601-0400][3.760s][info][safepoint   ] Safepoint "ICBufferFull", Time since last: 57630806 ns, Reaching safepoint: 120726 ns, Cleanup: 253984 ns, At safepoint: 24066 ns, Total: 398776 ns
[2026-09-29T22:25:19.875-0400][4.035s][info][safepoint   ] Safepoint "ICBufferFull", Time since last: 274311747 ns, Reaching safepoint: 8881 ns, Cleanup: 139419 ns, At safepoint: 26412 ns, Total: 174712 ns
[2026-09-29T22:25:20.275-0400][4.434s][info][safepoint   ] Safepoint "ICBufferFull", Time since last: 399230933 ns, Reaching safepoint: 10218 ns, Cleanup: 126471 ns, At safepoint: 35790 ns, Total: 172479 ns
[2026-09-29T22:25:20.327-0400][4.486s][info][gc,start    ] GC(7) Pause Young (Normal) (G1 Evacuation Pause)
[2026-09-29T22:25:20.327-0400][4.486s][info][gc,task     ] GC(7) Using 7 workers of 8 for evacuation
[2026-09-29T22:25:20.332-0400][4.491s][info][gc,phases   ] GC(7)   Pre Evacuate Collection Set: 0.20ms
[2026-09-29T22:25:20.332-0400][4.491s][info][gc,phases   ] GC(7)   Merge Heap Roots: 0.15ms
[2026-09-29T22:25:20.332-0400][4.491s][info][gc,phases   ] GC(7)   Evacuate Collection Set: 3.76ms
[2026-09-29T22:25:20.332-0400][4.491s][info][gc,phases   ] GC(7)   Post Evacuate Collection Set: 0.79ms
[2026-09-29T22:25:20.332-0400][4.491s][info][gc,phases   ] GC(7)   Other: 0.14ms
[2026-09-29T22:25:20.332-0400][4.491s][info][gc,heap     ] GC(7) Eden regions: 87->0(86)
[2026-09-29T22:25:20.332-0400][4.491s][info][gc,heap     ] GC(7) Survivor regions: 4->5(12)
[2026-09-29T22:25:20.332-0400][4.491s][info][gc,heap     ] GC(7) Old regions: 11->11
[2026-09-29T22:25:20.332-0400][4.491s][info][gc,heap     ] GC(7) Archive regions: 2->2
[2026-09-29T22:25:20.332-0400][4.491s][info][gc,heap     ] GC(7) Humongous regions: 0->0
[2026-09-29T22:25:20.332-0400][4.491s][info][gc,metaspace] GC(7) Metaspace: 17668K(18048K)->17668K(18048K) NonClass: 15939K(16192K)->15939K(16192K) Class: 1729K(1856K)->1729K(1856K)
[2026-09-29T22:25:20.332-0400][4.491s][info][gc          ] GC(7) Pause Young (Normal) (G1 Evacuation Pause) 203M->31M(304M) 5.150ms
[2026-09-29T22:25:20.332-0400][4.491s][info][gc,cpu      ] GC(7) User=0.04s Sys=0.01s Real=0.01s
[2026-09-29T22:25:20.332-0400][4.492s][info][safepoint   ] Safepoint "G1CollectForAllocation", Time since last: 52070439 ns, Reaching safepoint: 102337 ns, Cleanup: 38703 ns, At safepoint: 5311898 ns, Total: 5452938 ns
[2026-09-29T22:25:20.445-0400][4.604s][info][safepoint   ] Safepoint "ICBufferFull", Time since last: 112212849 ns, Reaching safepoint: 8644 ns, Cleanup: 152075 ns, At safepoint: 33272 ns, Total: 193991 ns
[2026-09-29T22:25:20.623-0400][4.782s][info][safepoint   ] Safepoint "ICBufferFull", Time since last: 177458755 ns, Reaching safepoint: 598256 ns, Cleanup: 115108 ns, At safepoint: 110614 ns, Total: 823978 ns
[2026-09-29T22:25:20.625-0400][4.785s][info][gc,start    ] GC(8) Pause Young (Concurrent Start) (Metadata GC Threshold)
[2026-09-29T22:25:20.625-0400][4.785s][info][gc,task     ] GC(8) Using 7 workers of 8 for evacuation
[2026-09-29T22:25:20.632-0400][4.792s][info][gc,phases   ] GC(8)   Pre Evacuate Collection Set: 0.21ms
[2026-09-29T22:25:20.632-0400][4.792s][info][gc,phases   ] GC(8)   Merge Heap Roots: 0.13ms
[2026-09-29T22:25:20.632-0400][4.792s][info][gc,phases   ] GC(8)   Evacuate Collection Set: 5.66ms
[2026-09-29T22:25:20.632-0400][4.792s][info][gc,phases   ] GC(8)   Post Evacuate Collection Set: 0.71ms
[2026-09-29T22:25:20.632-0400][4.792s][info][gc,phases   ] GC(8)   Other: 0.20ms
[2026-09-29T22:25:20.632-0400][4.792s][info][gc,heap     ] GC(8) Eden regions: 16->0(85)
[2026-09-29T22:25:20.632-0400][4.792s][info][gc,heap     ] GC(8) Survivor regions: 5->6(12)
[2026-09-29T22:25:20.632-0400][4.792s][info][gc,heap     ] GC(8) Old regions: 11->11
[2026-09-29T22:25:20.632-0400][4.792s][info][gc,heap     ] GC(8) Archive regions: 2->2
[2026-09-29T22:25:20.632-0400][4.792s][info][gc,heap     ] GC(8) Humongous regions: 0->0
[2026-09-29T22:25:20.632-0400][4.792s][info][gc,metaspace] GC(8) Metaspace: 20896K(21504K)->20896K(21504K) NonClass: 18845K(19200K)->18845K(19200K) Class: 2051K(2304K)->2051K(2304K)
[2026-09-29T22:25:20.632-0400][4.792s][info][gc          ] GC(8) Pause Young (Concurrent Start) (Metadata GC Threshold) 62M->34M(304M) 6.990ms
[2026-09-29T22:25:20.632-0400][4.792s][info][gc,cpu      ] GC(8) User=0.04s Sys=0.00s Real=0.01s
[2026-09-29T22:25:20.632-0400][4.792s][info][gc          ] GC(9) Concurrent Mark Cycle
[2026-09-29T22:25:20.633-0400][4.792s][info][gc,marking  ] GC(9) Concurrent Clear Claimed Marks
[2026-09-29T22:25:20.633-0400][4.792s][info][gc,marking  ] GC(9) Concurrent Clear Claimed Marks 0.030ms
[2026-09-29T22:25:20.633-0400][4.792s][info][gc,marking  ] GC(9) Concurrent Scan Root Regions
[2026-09-29T22:25:20.633-0400][4.792s][info][safepoint   ] Safepoint "CollectForMetadataAllocation", Time since last: 2289346 ns, Reaching safepoint: 88922 ns, Cleanup: 16056 ns, At safepoint: 7324722 ns, Total: 7429700 ns
[2026-09-29T22:25:20.638-0400][4.798s][info][gc,marking  ] GC(9) Concurrent Scan Root Regions 5.686ms
[2026-09-29T22:25:20.638-0400][4.798s][info][gc,marking  ] GC(9) Concurrent Mark
[2026-09-29T22:25:20.638-0400][4.798s][info][gc,marking  ] GC(9) Concurrent Mark From Roots
[2026-09-29T22:25:20.638-0400][4.798s][info][gc,task     ] GC(9) Using 2 workers of 2 for marking
[2026-09-29T22:25:20.660-0400][4.820s][info][gc,marking  ] GC(9) Concurrent Mark From Roots 22.205ms
[2026-09-29T22:25:20.661-0400][4.820s][info][gc,marking  ] GC(9) Concurrent Preclean
[2026-09-29T22:25:20.661-0400][4.820s][info][gc,marking  ] GC(9) Concurrent Preclean 0.480ms
[2026-09-29T22:25:20.661-0400][4.821s][info][gc,start    ] GC(9) Pause Remark
[2026-09-29T22:25:20.665-0400][4.824s][info][gc,heap     ] GC(9) Heap shrink completed: uncommitted 82 regions (164MB), heap size now 140MB
[2026-09-29T22:25:20.665-0400][4.824s][info][gc          ] GC(9) Pause Remark 37M->37M(140M) 3.334ms
[2026-09-29T22:25:20.665-0400][4.824s][info][gc,cpu      ] GC(9) User=0.02s Sys=0.00s Real=0.00s
[2026-09-29T22:25:20.665-0400][4.824s][info][safepoint   ] Safepoint "G1PauseRemark", Time since last: 28405216 ns, Reaching safepoint: 128300 ns, Cleanup: 66324 ns, At safepoint: 3539884 ns, Total: 3734508 ns
[2026-09-29T22:25:20.667-0400][4.827s][info][gc,marking  ] GC(9) Concurrent Mark 28.966ms
[2026-09-29T22:25:20.667-0400][4.827s][info][gc,marking  ] GC(9) Concurrent Rebuild Remembered Sets
[2026-09-29T22:25:20.677-0400][4.836s][info][gc,marking  ] GC(9) Concurrent Rebuild Remembered Sets 9.513ms
[2026-09-29T22:25:20.677-0400][4.836s][info][gc,start    ] GC(9) Pause Cleanup
[2026-09-29T22:25:20.677-0400][4.837s][info][gc          ] GC(9) Pause Cleanup 41M->41M(140M) 0.199ms
[2026-09-29T22:25:20.677-0400][4.837s][info][gc,cpu      ] GC(9) User=0.00s Sys=0.00s Real=0.00s
[2026-09-29T22:25:20.678-0400][4.837s][info][safepoint   ] Safepoint "G1PauseCleanup", Time since last: 12072391 ns, Reaching safepoint: 233915 ns, Cleanup: 13258 ns, At safepoint: 393421 ns, Total: 640594 ns
[2026-09-29T22:25:20.678-0400][4.837s][info][gc,marking  ] GC(9) Concurrent Cleanup for Next Mark
[2026-09-29T22:25:20.678-0400][4.837s][info][gc,marking  ] GC(9) Concurrent Cleanup for Next Mark 0.636ms
[2026-09-29T22:25:20.678-0400][4.838s][info][gc          ] GC(9) Concurrent Mark Cycle 45.725ms
[2026-09-29T22:25:20.989-0400][5.149s][info][safepoint   ] Safepoint "ICBufferFull", Time since last: 311453148 ns, Reaching safepoint: 134479 ns, Cleanup: 92133 ns, At safepoint: 41885 ns, Total: 268497 ns
[2026-09-29T22:25:21.151-0400][5.310s][info][gc,start    ] GC(10) Pause Young (Prepare Mixed) (G1 Evacuation Pause)
[2026-09-29T22:25:21.151-0400][5.310s][info][gc,task     ] GC(10) Using 6 workers of 8 for evacuation
[2026-09-29T22:25:21.174-0400][5.333s][info][gc,phases   ] GC(10)   Pre Evacuate Collection Set: 0.16ms
[2026-09-29T22:25:21.174-0400][5.333s][info][gc,phases   ] GC(10)   Merge Heap Roots: 0.09ms
[2026-09-29T22:25:21.174-0400][5.333s][info][gc,phases   ] GC(10)   Evacuate Collection Set: 20.07ms
[2026-09-29T22:25:21.174-0400][5.333s][info][gc,phases   ] GC(10)   Post Evacuate Collection Set: 2.66ms
[2026-09-29T22:25:21.174-0400][5.333s][info][gc,phases   ] GC(10)   Other: 0.29ms
[2026-09-29T22:25:21.174-0400][5.333s][info][gc,heap     ] GC(10) Eden regions: 36->0(1)
[2026-09-29T22:25:21.174-0400][5.333s][info][gc,heap     ] GC(10) Survivor regions: 6->6(6)
[2026-09-29T22:25:21.174-0400][5.333s][info][gc,heap     ] GC(10) Old regions: 11->15
[2026-09-29T22:25:21.174-0400][5.333s][info][gc,heap     ] GC(10) Archive regions: 2->2
[2026-09-29T22:25:21.174-0400][5.333s][info][gc,heap     ] GC(10) Humongous regions: 0->0
[2026-09-29T22:25:21.174-0400][5.333s][info][gc,metaspace] GC(10) Metaspace: 27602K(28800K)->27602K(28800K) NonClass: 24794K(25536K)->24794K(25536K) Class: 2808K(3264K)->2808K(3264K)
[2026-09-29T22:25:21.174-0400][5.333s][info][gc          ] GC(10) Pause Young (Prepare Mixed) (G1 Evacuation Pause) 106M->40M(140M) 23.388ms
[2026-09-29T22:25:21.174-0400][5.333s][info][gc,cpu      ] GC(10) User=0.06s Sys=0.01s Real=0.02s
[2026-09-29T22:25:21.179-0400][5.338s][info][safepoint   ] Safepoint "G1CollectForAllocation", Time since last: 160647137 ns, Reaching safepoint: 599036 ns, Cleanup: 168353 ns, At safepoint: 28211883 ns, Total: 28979272 ns
[2026-09-29T22:25:21.198-0400][5.358s][info][gc,start    ] GC(11) Pause Young (Mixed) (G1 Evacuation Pause)
[2026-09-29T22:25:21.198-0400][5.358s][info][gc,task     ] GC(11) Using 6 workers of 8 for evacuation
[2026-09-29T22:25:21.205-0400][5.365s][info][gc,phases   ] GC(11)   Pre Evacuate Collection Set: 0.12ms
[2026-09-29T22:25:21.205-0400][5.365s][info][gc,phases   ] GC(11)   Merge Heap Roots: 0.09ms
[2026-09-29T22:25:21.205-0400][5.365s][info][gc,phases   ] GC(11)   Evacuate Collection Set: 5.98ms
[2026-09-29T22:25:21.205-0400][5.365s][info][gc,phases   ] GC(11)   Post Evacuate Collection Set: 0.61ms
[2026-09-29T22:25:21.205-0400][5.365s][info][gc,phases   ] GC(11)   Other: 0.13ms
[2026-09-29T22:25:21.205-0400][5.365s][info][gc,heap     ] GC(11) Eden regions: 1->0(32)
[2026-09-29T22:25:21.205-0400][5.365s][info][gc,heap     ] GC(11) Survivor regions: 6->1(1)
[2026-09-29T22:25:21.205-0400][5.365s][info][gc,heap     ] GC(11) Old regions: 15->19
[2026-09-29T22:25:21.205-0400][5.365s][info][gc,heap     ] GC(11) Archive regions: 2->2
[2026-09-29T22:25:21.205-0400][5.365s][info][gc,heap     ] GC(11) Humongous regions: 0->0
[2026-09-29T22:25:21.205-0400][5.365s][info][gc,metaspace] GC(11) Metaspace: 27711K(28928K)->27711K(28928K) NonClass: 24888K(25664K)->24888K(25664K) Class: 2822K(3264K)->2822K(3264K)
[2026-09-29T22:25:21.205-0400][5.365s][info][gc          ] GC(11) Pause Young (Mixed) (G1 Evacuation Pause) 42M->41M(140M) 6.981ms
[2026-09-29T22:25:21.205-0400][5.365s][info][gc,cpu      ] GC(11) User=0.04s Sys=0.00s Real=0.01s
[2026-09-29T22:25:21.205-0400][5.365s][info][safepoint   ] Safepoint "G1CollectForAllocation", Time since last: 19367885 ns, Reaching safepoint: 93724 ns, Cleanup: 11592 ns, At safepoint: 7157822 ns, Total: 7263138 ns
[2026-09-29T22:25:21.407-0400][5.567s][info][safepoint   ] Safepoint "ClassLoaderStatsOperation", Time since last: 200682298 ns, Reaching safepoint: 10887 ns, Cleanup: 37463 ns, At safepoint: 1036112 ns, Total: 1084462 ns
[2026-09-29T22:25:22.297-0400][6.456s][info][safepoint   ] Safepoint "ICBufferFull", Time since last: 889401439 ns, Reaching safepoint: 88496 ns, Cleanup: 135111 ns, At safepoint: 86954 ns, Total: 310561 ns
[2026-09-29T22:25:22.775-0400][6.934s][info][gc,start    ] GC(12) Pause Young (Concurrent Start) (Metadata GC Threshold)
[2026-09-29T22:25:22.775-0400][6.935s][info][gc,task     ] GC(12) Using 6 workers of 8 for evacuation
[2026-09-29T22:25:22.782-0400][6.942s][info][gc,phases   ] GC(12)   Pre Evacuate Collection Set: 0.17ms
[2026-09-29T22:25:22.782-0400][6.942s][info][gc,phases   ] GC(12)   Merge Heap Roots: 0.21ms
[2026-09-29T22:25:22.782-0400][6.942s][info][gc,phases   ] GC(12)   Evacuate Collection Set: 4.93ms
[2026-09-29T22:25:22.782-0400][6.942s][info][gc,phases   ] GC(12)   Post Evacuate Collection Set: 1.60ms
[2026-09-29T22:25:22.782-0400][6.942s][info][gc,phases   ] GC(12)   Other: 0.28ms
[2026-09-29T22:25:22.782-0400][6.942s][info][gc,heap     ] GC(12) Eden regions: 24->0(73)
[2026-09-29T22:25:22.782-0400][6.942s][info][gc,heap     ] GC(12) Survivor regions: 1->3(5)
[2026-09-29T22:25:22.782-0400][6.942s][info][gc,heap     ] GC(12) Old regions: 19->19
[2026-09-29T22:25:22.782-0400][6.942s][info][gc,heap     ] GC(12) Archive regions: 2->2
[2026-09-29T22:25:22.782-0400][6.942s][info][gc,heap     ] GC(12) Humongous regions: 0->0
[2026-09-29T22:25:22.782-0400][6.942s][info][gc,metaspace] GC(12) Metaspace: 34949K(36416K)->34949K(36416K) NonClass: 31345K(32256K)->31345K(32256K) Class: 3604K(4160K)->3604K(4160K)
[2026-09-29T22:25:22.782-0400][6.942s][info][gc          ] GC(12) Pause Young (Concurrent Start) (Metadata GC Threshold) 88M->44M(256M) 7.269ms
[2026-09-29T22:25:22.782-0400][6.942s][info][gc,cpu      ] GC(12) User=0.03s Sys=0.00s Real=0.01s
[2026-09-29T22:25:22.782-0400][6.942s][info][gc          ] GC(13) Concurrent Mark Cycle
[2026-09-29T22:25:22.783-0400][6.942s][info][gc,marking  ] GC(13) Concurrent Clear Claimed Marks
[2026-09-29T22:25:22.783-0400][6.942s][info][gc,marking  ] GC(13) Concurrent Clear Claimed Marks 0.106ms
[2026-09-29T22:25:22.783-0400][6.942s][info][gc,marking  ] GC(13) Concurrent Scan Root Regions
[2026-09-29T22:25:22.783-0400][6.942s][info][safepoint   ] Safepoint "CollectForMetadataAllocation", Time since last: 477978427 ns, Reaching safepoint: 12978 ns, Cleanup: 112129 ns, At safepoint: 7601428 ns, Total: 7726535 ns
[2026-09-29T22:25:22.787-0400][6.946s][info][gc,marking  ] GC(13) Concurrent Scan Root Regions 4.042ms
[2026-09-29T22:25:22.787-0400][6.946s][info][gc,marking  ] GC(13) Concurrent Mark
[2026-09-29T22:25:22.787-0400][6.946s][info][gc,marking  ] GC(13) Concurrent Mark From Roots
[2026-09-29T22:25:22.787-0400][6.946s][info][gc,task     ] GC(13) Using 2 workers of 2 for marking
[2026-09-29T22:25:22.836-0400][6.995s][info][gc,marking  ] GC(13) Concurrent Mark From Roots 48.743ms
[2026-09-29T22:25:22.836-0400][6.995s][info][gc,marking  ] GC(13) Concurrent Preclean
[2026-09-29T22:25:22.836-0400][6.995s][info][gc,marking  ] GC(13) Concurrent Preclean 0.139ms
[2026-09-29T22:25:22.836-0400][6.995s][info][gc,start    ] GC(13) Pause Remark
[2026-09-29T22:25:22.842-0400][7.002s][info][gc,heap     ] GC(13) Heap shrink completed: uncommitted 44 regions (88MB), heap size now 168MB
[2026-09-29T22:25:22.843-0400][7.002s][info][gc          ] GC(13) Pause Remark 45M->45M(168M) 6.580ms
[2026-09-29T22:25:22.843-0400][7.002s][info][gc,cpu      ] GC(13) User=0.02s Sys=0.00s Real=0.01s
[2026-09-29T22:25:22.843-0400][7.002s][info][safepoint   ] Safepoint "G1PauseRemark", Time since last: 53056448 ns, Reaching safepoint: 208629 ns, Cleanup: 19767 ns, At safepoint: 6791044 ns, Total: 7019440 ns
[2026-09-29T22:25:22.843-0400][7.003s][info][gc,marking  ] GC(13) Concurrent Mark 56.479ms
[2026-09-29T22:25:22.843-0400][7.003s][info][gc,marking  ] GC(13) Concurrent Rebuild Remembered Sets
[2026-09-29T22:25:22.865-0400][7.024s][info][gc,marking  ] GC(13) Concurrent Rebuild Remembered Sets 21.502ms
[2026-09-29T22:25:22.865-0400][7.024s][info][gc,start    ] GC(13) Pause Cleanup
[2026-09-29T22:25:22.865-0400][7.024s][info][gc          ] GC(13) Pause Cleanup 46M->46M(168M) 0.128ms
[2026-09-29T22:25:22.865-0400][7.024s][info][gc,cpu      ] GC(13) User=0.00s Sys=0.00s Real=0.00s
[2026-09-29T22:25:22.865-0400][7.025s][info][safepoint   ] Safepoint "G1PauseCleanup", Time since last: 22103448 ns, Reaching safepoint: 153621 ns, Cleanup: 19785 ns, At safepoint: 205535 ns, Total: 378941 ns
[2026-09-29T22:25:22.865-0400][7.025s][info][gc,marking  ] GC(13) Concurrent Cleanup for Next Mark
[2026-09-29T22:25:22.868-0400][7.027s][info][gc,marking  ] GC(13) Concurrent Cleanup for Next Mark 2.750ms
[2026-09-29T22:25:22.868-0400][7.027s][info][gc          ] GC(13) Concurrent Mark Cycle 85.575ms
[2026-09-29T22:25:23.297-0400][7.457s][info][safepoint   ] Safepoint "ICBufferFull", Time since last: 431983260 ns, Reaching safepoint: 9050 ns, Cleanup: 157313 ns, At safepoint: 2854 ns, Total: 169217 ns
[2026-09-29T22:25:24.009-0400][8.168s][info][safepoint   ] Safepoint "ICBufferFull", Time since last: 711128788 ns, Reaching safepoint: 117893 ns, Cleanup: 122261 ns, At safepoint: 52781 ns, Total: 292935 ns
[2026-09-29T22:25:24.337-0400][8.497s][info][gc,start    ] GC(14) Pause Young (Normal) (G1 Evacuation Pause)
[2026-09-29T22:25:24.338-0400][8.497s][info][gc,task     ] GC(14) Using 6 workers of 8 for evacuation
[2026-09-29T22:25:24.349-0400][8.509s][info][gc,phases   ] GC(14)   Pre Evacuate Collection Set: 0.30ms
[2026-09-29T22:25:24.349-0400][8.509s][info][gc,phases   ] GC(14)   Merge Heap Roots: 0.17ms
[2026-09-29T22:25:24.349-0400][8.509s][info][gc,phases   ] GC(14)   Evacuate Collection Set: 9.06ms
[2026-09-29T22:25:24.349-0400][8.509s][info][gc,phases   ] GC(14)   Post Evacuate Collection Set: 2.06ms
[2026-09-29T22:25:24.349-0400][8.509s][info][gc,phases   ] GC(14)   Other: 0.18ms
[2026-09-29T22:25:24.349-0400][8.509s][info][gc,heap     ] GC(14) Eden regions: 47->0(35)
[2026-09-29T22:25:24.349-0400][8.509s][info][gc,heap     ] GC(14) Survivor regions: 3->7(7)
[2026-09-29T22:25:24.349-0400][8.509s][info][gc,heap     ] GC(14) Old regions: 19->19
[2026-09-29T22:25:24.349-0400][8.509s][info][gc,heap     ] GC(14) Archive regions: 2->2
[2026-09-29T22:25:24.349-0400][8.509s][info][gc,heap     ] GC(14) Humongous regions: 5->2
[2026-09-29T22:25:24.349-0400][8.509s][info][gc,metaspace] GC(14) Metaspace: 47491K(49600K)->47491K(49600K) NonClass: 42349K(43712K)->42349K(43712K) Class: 5142K(5888K)->5142K(5888K)
[2026-09-29T22:25:24.349-0400][8.509s][info][gc          ] GC(14) Pause Young (Normal) (G1 Evacuation Pause) 148M->57M(168M) 11.848ms
[2026-09-29T22:25:24.349-0400][8.509s][info][gc,cpu      ] GC(14) User=0.06s Sys=0.00s Real=0.02s
[2026-09-29T22:25:24.349-0400][8.509s][info][safepoint   ] Safepoint "G1CollectForAllocation", Time since last: 326210722 ns, Reaching safepoint: 2227695 ns, Cleanup: 180781 ns, At safepoint: 12013195 ns, Total: 14421671 ns
[2026-09-29T22:25:24.955-0400][9.114s][info][safepoint   ] Safepoint "ICBufferFull", Time since last: 605144569 ns, Reaching safepoint: 10553 ns, Cleanup: 253959 ns, At safepoint: 32053 ns, Total: 296565 ns
[2026-09-29T22:25:25.439-0400][9.598s][info][gc,start    ] GC(15) Pause Young (Normal) (G1 Evacuation Pause)
[2026-09-29T22:25:25.439-0400][9.598s][info][gc,task     ] GC(15) Using 6 workers of 8 for evacuation
[2026-09-29T22:25:25.450-0400][9.609s][info][gc,phases   ] GC(15)   Pre Evacuate Collection Set: 0.20ms
[2026-09-29T22:25:25.450-0400][9.609s][info][gc,phases   ] GC(15)   Merge Heap Roots: 0.14ms
[2026-09-29T22:25:25.450-0400][9.609s][info][gc,phases   ] GC(15)   Evacuate Collection Set: 8.73ms
[2026-09-29T22:25:25.450-0400][9.609s][info][gc,phases   ] GC(15)   Post Evacuate Collection Set: 1.76ms
[2026-09-29T22:25:25.450-0400][9.609s][info][gc,phases   ] GC(15)   Other: 0.16ms
[2026-09-29T22:25:25.450-0400][9.609s][info][gc,heap     ] GC(15) Eden regions: 35->0(33)
[2026-09-29T22:25:25.450-0400][9.609s][info][gc,heap     ] GC(15) Survivor regions: 7->4(6)
[2026-09-29T22:25:25.450-0400][9.609s][info][gc,heap     ] GC(15) Old regions: 19->25
[2026-09-29T22:25:25.450-0400][9.609s][info][gc,heap     ] GC(15) Archive regions: 2->2
[2026-09-29T22:25:25.450-0400][9.609s][info][gc,heap     ] GC(15) Humongous regions: 2->2
[2026-09-29T22:25:25.450-0400][9.609s][info][gc,metaspace] GC(15) Metaspace: 57496K(59968K)->57496K(59968K) NonClass: 51171K(52736K)->51171K(52736K) Class: 6324K(7232K)->6324K(7232K)
[2026-09-29T22:25:25.450-0400][9.609s][info][gc          ] GC(15) Pause Young (Normal) (G1 Evacuation Pause) 127M->62M(168M) 11.051ms
[2026-09-29T22:25:25.450-0400][9.609s][info][gc,cpu      ] GC(15) User=0.07s Sys=0.01s Real=0.02s
[2026-09-29T22:25:25.450-0400][9.609s][info][safepoint   ] Safepoint "G1CollectForAllocation", Time since last: 483739364 ns, Reaching safepoint: 112078 ns, Cleanup: 75534 ns, At safepoint: 11216203 ns, Total: 11403815 ns
[2026-09-29T22:25:25.706-0400][9.865s][info][gc,start    ] GC(16) Pause Young (Normal) (G1 Evacuation Pause)
[2026-09-29T22:25:25.706-0400][9.865s][info][gc,task     ] GC(16) Using 6 workers of 8 for evacuation
[2026-09-29T22:25:25.712-0400][9.871s][info][gc,phases   ] GC(16)   Pre Evacuate Collection Set: 0.20ms
[2026-09-29T22:25:25.712-0400][9.871s][info][gc,phases   ] GC(16)   Merge Heap Roots: 0.09ms
[2026-09-29T22:25:25.712-0400][9.871s][info][gc,phases   ] GC(16)   Evacuate Collection Set: 3.89ms
[2026-09-29T22:25:25.712-0400][9.871s][info][gc,phases   ] GC(16)   Post Evacuate Collection Set: 2.20ms
[2026-09-29T22:25:25.712-0400][9.871s][info][gc,phases   ] GC(16)   Other: 0.16ms
[2026-09-29T22:25:25.712-0400][9.871s][info][gc,heap     ] GC(16) Eden regions: 33->0(27)
[2026-09-29T22:25:25.712-0400][9.871s][info][gc,heap     ] GC(16) Survivor regions: 4->5(5)
[2026-09-29T22:25:25.712-0400][9.871s][info][gc,heap     ] GC(16) Old regions: 25->29
[2026-09-29T22:25:25.712-0400][9.871s][info][gc,heap     ] GC(16) Archive regions: 2->2
[2026-09-29T22:25:25.712-0400][9.871s][info][gc,heap     ] GC(16) Humongous regions: 2->2
[2026-09-29T22:25:25.712-0400][9.871s][info][gc,metaspace] GC(16) Metaspace: 57988K(60416K)->57988K(60416K) NonClass: 51647K(53184K)->51647K(53184K) Class: 6340K(7232K)->6340K(7232K)
[2026-09-29T22:25:25.712-0400][9.871s][info][gc          ] GC(16) Pause Young (Normal) (G1 Evacuation Pause) 128M->73M(168M) 6.640ms
[2026-09-29T22:25:25.712-0400][9.872s][info][gc,cpu      ] GC(16) User=0.04s Sys=0.00s Real=0.01s
[2026-09-29T22:25:25.712-0400][9.872s][info][safepoint   ] Safepoint "G1CollectForAllocation", Time since last: 255416510 ns, Reaching safepoint: 12959 ns, Cleanup: 46882 ns, At safepoint: 6777048 ns, Total: 6836889 ns
[2026-09-29T22:25:25.914-0400][10.073s][info][gc,start    ] GC(17) Pause Young (Concurrent Start) (Metadata GC Threshold)
[2026-09-29T22:25:25.914-0400][10.073s][info][gc,task     ] GC(17) Using 6 workers of 8 for evacuation
[2026-09-29T22:25:25.931-0400][10.090s][info][gc,phases   ] GC(17)   Pre Evacuate Collection Set: 0.20ms
[2026-09-29T22:25:25.931-0400][10.090s][info][gc,phases   ] GC(17)   Merge Heap Roots: 0.07ms
[2026-09-29T22:25:25.931-0400][10.090s][info][gc,phases   ] GC(17)   Evacuate Collection Set: 11.06ms
[2026-09-29T22:25:25.931-0400][10.090s][info][gc,phases   ] GC(17)   Post Evacuate Collection Set: 5.44ms
[2026-09-29T22:25:25.931-0400][10.090s][info][gc,phases   ] GC(17)   Other: 0.19ms
[2026-09-29T22:25:25.931-0400][10.090s][info][gc,heap     ] GC(17) Eden regions: 12->0(26)
[2026-09-29T22:25:25.931-0400][10.090s][info][gc,heap     ] GC(17) Survivor regions: 5->3(4)
[2026-09-29T22:25:25.931-0400][10.090s][info][gc,heap     ] GC(17) Old regions: 29->31
[2026-09-29T22:25:25.931-0400][10.090s][info][gc,heap     ] GC(17) Archive regions: 2->2
[2026-09-29T22:25:25.931-0400][10.090s][info][gc,heap     ] GC(17) Humongous regions: 2->2
[2026-09-29T22:25:25.931-0400][10.090s][info][gc,metaspace] GC(17) Metaspace: 58737K(61120K)->58737K(61120K) NonClass: 52304K(53760K)->52304K(53760K) Class: 6433K(7360K)->6433K(7360K)
[2026-09-29T22:25:25.931-0400][10.090s][info][gc          ] GC(17) Pause Young (Concurrent Start) (Metadata GC Threshold) 97M->70M(168M) 17.060ms
[2026-09-29T22:25:25.931-0400][10.090s][info][gc,cpu      ] GC(17) User=0.07s Sys=0.00s Real=0.02s
[2026-09-29T22:25:25.931-0400][10.091s][info][safepoint   ] Safepoint "CollectForMetadataAllocation", Time since last: 201545000 ns, Reaching safepoint: 13945 ns, Cleanup: 115299 ns, At safepoint: 17447131 ns, Total: 17576375 ns
[2026-09-29T22:25:25.934-0400][10.093s][info][gc          ] GC(18) Concurrent Mark Cycle
[2026-09-29T22:25:25.934-0400][10.093s][info][gc,marking  ] GC(18) Concurrent Clear Claimed Marks
[2026-09-29T22:25:25.934-0400][10.093s][info][gc,marking  ] GC(18) Concurrent Clear Claimed Marks 0.110ms
[2026-09-29T22:25:25.934-0400][10.093s][info][gc,marking  ] GC(18) Concurrent Scan Root Regions
[2026-09-29T22:25:25.942-0400][10.101s][info][gc,marking  ] GC(18) Concurrent Scan Root Regions 8.195ms
[2026-09-29T22:25:25.942-0400][10.101s][info][gc,marking  ] GC(18) Concurrent Mark
[2026-09-29T22:25:25.942-0400][10.101s][info][gc,marking  ] GC(18) Concurrent Mark From Roots
[2026-09-29T22:25:25.942-0400][10.101s][info][gc,task     ] GC(18) Using 2 workers of 2 for marking
[2026-09-29T22:25:26.015-0400][10.175s][info][gc,marking  ] GC(18) Concurrent Mark From Roots 73.246ms
[2026-09-29T22:25:26.015-0400][10.175s][info][gc,marking  ] GC(18) Concurrent Preclean
[2026-09-29T22:25:26.016-0400][10.176s][info][gc,marking  ] GC(18) Concurrent Preclean 0.777ms
[2026-09-29T22:25:26.017-0400][10.176s][info][gc,start    ] GC(18) Pause Remark
[2026-09-29T22:25:26.026-0400][10.185s][info][gc          ] GC(18) Pause Remark 77M->77M(168M) 8.953ms
[2026-09-29T22:25:26.026-0400][10.185s][info][gc,cpu      ] GC(18) User=0.03s Sys=0.00s Real=0.01s
[2026-09-29T22:25:26.028-0400][10.187s][info][safepoint   ] Safepoint "G1PauseRemark", Time since last: 84873279 ns, Reaching safepoint: 375824 ns, Cleanup: 23313 ns, At safepoint: 10973199 ns, Total: 11372336 ns
[2026-09-29T22:25:26.028-0400][10.187s][info][gc,marking  ] GC(18) Concurrent Mark 85.579ms
[2026-09-29T22:25:26.028-0400][10.187s][info][gc,marking  ] GC(18) Concurrent Rebuild Remembered Sets
[2026-09-29T22:25:26.057-0400][10.217s][info][gc,marking  ] GC(18) Concurrent Rebuild Remembered Sets 29.600ms
[2026-09-29T22:25:26.058-0400][10.217s][info][gc,start    ] GC(18) Pause Cleanup
[2026-09-29T22:25:26.058-0400][10.217s][info][gc          ] GC(18) Pause Cleanup 77M->77M(168M) 0.179ms
[2026-09-29T22:25:26.058-0400][10.217s][info][gc,cpu      ] GC(18) User=0.00s Sys=0.00s Real=0.00s
[2026-09-29T22:25:26.058-0400][10.217s][info][safepoint   ] Safepoint "G1PauseCleanup", Time since last: 29775420 ns, Reaching safepoint: 253851 ns, Cleanup: 14870 ns, At safepoint: 305245 ns, Total: 573966 ns
[2026-09-29T22:25:26.058-0400][10.217s][info][gc,marking  ] GC(18) Concurrent Cleanup for Next Mark
[2026-09-29T22:25:26.060-0400][10.220s][info][gc,marking  ] GC(18) Concurrent Cleanup for Next Mark 2.212ms
[2026-09-29T22:25:26.060-0400][10.220s][info][gc          ] GC(18) Concurrent Mark Cycle 126.688ms
[2026-09-29T22:25:26.412-0400][10.571s][info][safepoint   ] Safepoint "ClassLoaderStatsOperation", Time since last: 351381642 ns, Reaching safepoint: 309860 ns, Cleanup: 79881 ns, At safepoint: 2011824 ns, Total: 2401565 ns
[2026-09-29T22:25:26.936-0400][11.096s][info][gc,start    ] GC(19) Pause Young (Normal) (G1 Evacuation Pause)
[2026-09-29T22:25:26.936-0400][11.096s][info][gc,task     ] GC(19) Using 6 workers of 8 for evacuation
[2026-09-29T22:25:26.941-0400][11.100s][info][gc,phases   ] GC(19)   Pre Evacuate Collection Set: 0.18ms
[2026-09-29T22:25:26.941-0400][11.101s][info][gc,phases   ] GC(19)   Merge Heap Roots: 0.19ms
[2026-09-29T22:25:26.941-0400][11.101s][info][gc,phases   ] GC(19)   Evacuate Collection Set: 2.66ms
[2026-09-29T22:25:26.941-0400][11.101s][info][gc,phases   ] GC(19)   Post Evacuate Collection Set: 1.66ms
[2026-09-29T22:25:26.941-0400][11.101s][info][gc,phases   ] GC(19)   Other: 0.18ms
[2026-09-29T22:25:26.941-0400][11.101s][info][gc,heap     ] GC(19) Eden regions: 26->0(27)
[2026-09-29T22:25:26.941-0400][11.101s][info][gc,heap     ] GC(19) Survivor regions: 3->3(4)
[2026-09-29T22:25:26.941-0400][11.101s][info][gc,heap     ] GC(19) Old regions: 31->31
[2026-09-29T22:25:26.941-0400][11.101s][info][gc,heap     ] GC(19) Archive regions: 2->2
[2026-09-29T22:25:26.941-0400][11.101s][info][gc,heap     ] GC(19) Humongous regions: 2->2
[2026-09-29T22:25:26.941-0400][11.101s][info][gc,metaspace] GC(19) Metaspace: 69166K(71680K)->69166K(71680K) NonClass: 61497K(63040K)->61497K(63040K) Class: 7668K(8640K)->7668K(8640K)
[2026-09-29T22:25:26.941-0400][11.101s][info][gc          ] GC(19) Pause Young (Normal) (G1 Evacuation Pause) 122M->72M(168M) 4.919ms
[2026-09-29T22:25:26.941-0400][11.101s][info][gc,cpu      ] GC(19) User=0.02s Sys=0.01s Real=0.01s
[2026-09-29T22:25:26.941-0400][11.101s][info][safepoint   ] Safepoint "G1CollectForAllocation", Time since last: 524237402 ns, Reaching safepoint: 7398 ns, Cleanup: 290205 ns, At safepoint: 5055269 ns, Total: 5352872 ns
[2026-09-29T22:25:27.359-0400][11.518s][info][safepoint   ] Safepoint "ICBufferFull", Time since last: 417067143 ns, Reaching safepoint: 10828 ns, Cleanup: 142525 ns, At safepoint: 30627 ns, Total: 183980 ns
[2026-09-29T22:25:27.434-0400][11.594s][info][gc,start    ] GC(20) Pause Young (Normal) (G1 Evacuation Pause)
[2026-09-29T22:25:27.434-0400][11.594s][info][gc,task     ] GC(20) Using 6 workers of 8 for evacuation
[2026-09-29T22:25:27.440-0400][11.599s][info][gc,phases   ] GC(20)   Pre Evacuate Collection Set: 0.20ms
[2026-09-29T22:25:27.440-0400][11.599s][info][gc,phases   ] GC(20)   Merge Heap Roots: 0.17ms
[2026-09-29T22:25:27.440-0400][11.599s][info][gc,phases   ] GC(20)   Evacuate Collection Set: 3.15ms
[2026-09-29T22:25:27.440-0400][11.599s][info][gc,phases   ] GC(20)   Post Evacuate Collection Set: 1.46ms
[2026-09-29T22:25:27.440-0400][11.599s][info][gc,phases   ] GC(20)   Other: 0.16ms
[2026-09-29T22:25:27.440-0400][11.599s][info][gc,heap     ] GC(20) Eden regions: 27->0(26)
[2026-09-29T22:25:27.440-0400][11.599s][info][gc,heap     ] GC(20) Survivor regions: 3->4(4)
[2026-09-29T22:25:27.440-0400][11.599s][info][gc,heap     ] GC(20) Old regions: 31->32
[2026-09-29T22:25:27.440-0400][11.599s][info][gc,heap     ] GC(20) Archive regions: 2->2
[2026-09-29T22:25:27.440-0400][11.599s][info][gc,heap     ] GC(20) Humongous regions: 2->2
[2026-09-29T22:25:27.440-0400][11.599s][info][gc,metaspace] GC(20) Metaspace: 76059K(78720K)->76059K(78720K) NonClass: 67448K(69120K)->67448K(69120K) Class: 8611K(9600K)->8611K(9600K)
[2026-09-29T22:25:27.440-0400][11.599s][info][gc          ] GC(20) Pause Young (Normal) (G1 Evacuation Pause) 126M->74M(168M) 5.214ms
[2026-09-29T22:25:27.440-0400][11.599s][info][gc,cpu      ] GC(20) User=0.03s Sys=0.01s Real=0.01s
[2026-09-29T22:25:27.440-0400][11.599s][info][safepoint   ] Safepoint "G1CollectForAllocation", Time since last: 75689074 ns, Reaching safepoint: 14953 ns, Cleanup: 31130 ns, At safepoint: 5377164 ns, Total: 5423247 ns
[2026-09-29T22:25:27.732-0400][11.891s][info][gc,start    ] GC(21) Pause Young (Normal) (G1 Evacuation Pause)
[2026-09-29T22:25:27.732-0400][11.891s][info][gc,task     ] GC(21) Using 6 workers of 8 for evacuation
[2026-09-29T22:25:27.737-0400][11.897s][info][gc,phases   ] GC(21)   Pre Evacuate Collection Set: 0.17ms
[2026-09-29T22:25:27.737-0400][11.897s][info][gc,phases   ] GC(21)   Merge Heap Roots: 0.14ms
[2026-09-29T22:25:27.737-0400][11.897s][info][gc,phases   ] GC(21)   Evacuate Collection Set: 3.53ms
[2026-09-29T22:25:27.737-0400][11.897s][info][gc,phases   ] GC(21)   Post Evacuate Collection Set: 1.67ms
[2026-09-29T22:25:27.737-0400][11.897s][info][gc,phases   ] GC(21)   Other: 0.14ms
[2026-09-29T22:25:27.737-0400][11.897s][info][gc,heap     ] GC(21) Eden regions: 26->0(24)
[2026-09-29T22:25:27.737-0400][11.897s][info][gc,heap     ] GC(21) Survivor regions: 4->4(4)
[2026-09-29T22:25:27.737-0400][11.897s][info][gc,heap     ] GC(21) Old regions: 32->34
[2026-09-29T22:25:27.737-0400][11.897s][info][gc,heap     ] GC(21) Archive regions: 2->2
[2026-09-29T22:25:27.737-0400][11.897s][info][gc,heap     ] GC(21) Humongous regions: 2->2
[2026-09-29T22:25:27.737-0400][11.897s][info][gc,metaspace] GC(21) Metaspace: 76296K(78912K)->76296K(78912K) NonClass: 67651K(69248K)->67651K(69248K) Class: 8645K(9664K)->8645K(9664K)
[2026-09-29T22:25:27.737-0400][11.897s][info][gc          ] GC(21) Pause Young (Normal) (G1 Evacuation Pause) 126M->81M(168M) 5.709ms
[2026-09-29T22:25:27.737-0400][11.897s][info][gc,cpu      ] GC(21) User=0.03s Sys=0.00s Real=0.00s
[2026-09-29T22:25:27.737-0400][11.897s][info][safepoint   ] Safepoint "G1CollectForAllocation", Time since last: 291724357 ns, Reaching safepoint: 12273 ns, Cleanup: 97080 ns, At safepoint: 5847324 ns, Total: 5956677 ns
[2026-09-29T22:25:27.877-0400][12.036s][info][gc,start    ] GC(22) Pause Young (Concurrent Start) (G1 Evacuation Pause)
[2026-09-29T22:25:27.877-0400][12.036s][info][gc,task     ] GC(22) Using 6 workers of 8 for evacuation
[2026-09-29T22:25:27.882-0400][12.041s][info][gc,phases   ] GC(22)   Pre Evacuate Collection Set: 0.28ms
[2026-09-29T22:25:27.882-0400][12.041s][info][gc,phases   ] GC(22)   Merge Heap Roots: 0.15ms
[2026-09-29T22:25:27.882-0400][12.041s][info][gc,phases   ] GC(22)   Evacuate Collection Set: 2.54ms
[2026-09-29T22:25:27.882-0400][12.041s][info][gc,phases   ] GC(22)   Post Evacuate Collection Set: 1.82ms
[2026-09-29T22:25:27.882-0400][12.041s][info][gc,phases   ] GC(22)   Other: 0.18ms
[2026-09-29T22:25:27.882-0400][12.041s][info][gc,heap     ] GC(22) Eden regions: 24->0(21)
[2026-09-29T22:25:27.882-0400][12.041s][info][gc,heap     ] GC(22) Survivor regions: 4->4(4)
[2026-09-29T22:25:27.882-0400][12.041s][info][gc,heap     ] GC(22) Old regions: 34->37
[2026-09-29T22:25:27.882-0400][12.041s][info][gc,heap     ] GC(22) Archive regions: 2->2
[2026-09-29T22:25:27.882-0400][12.041s][info][gc,heap     ] GC(22) Humongous regions: 2->2
[2026-09-29T22:25:27.882-0400][12.041s][info][gc,metaspace] GC(22) Metaspace: 76303K(78912K)->76303K(78912K) NonClass: 67658K(69248K)->67658K(69248K) Class: 8645K(9664K)->8645K(9664K)
[2026-09-29T22:25:27.882-0400][12.041s][info][gc          ] GC(22) Pause Young (Concurrent Start) (G1 Evacuation Pause) 129M->86M(168M) 5.029ms
[2026-09-29T22:25:27.882-0400][12.041s][info][gc,cpu      ] GC(22) User=0.03s Sys=0.00s Real=0.01s
[2026-09-29T22:25:27.882-0400][12.042s][info][gc          ] GC(23) Concurrent Mark Cycle
[2026-09-29T22:25:27.882-0400][12.042s][info][gc,marking  ] GC(23) Concurrent Clear Claimed Marks
[2026-09-29T22:25:27.882-0400][12.042s][info][safepoint   ] Safepoint "G1CollectForAllocation", Time since last: 139622348 ns, Reaching safepoint: 10578 ns, Cleanup: 23085 ns, At safepoint: 5210140 ns, Total: 5243803 ns
[2026-09-29T22:25:27.882-0400][12.042s][info][gc,marking  ] GC(23) Concurrent Clear Claimed Marks 0.090ms
[2026-09-29T22:25:27.882-0400][12.042s][info][gc,marking  ] GC(23) Concurrent Scan Root Regions
[2026-09-29T22:25:27.884-0400][12.043s][info][gc,marking  ] GC(23) Concurrent Scan Root Regions 1.738ms
[2026-09-29T22:25:27.884-0400][12.043s][info][gc,marking  ] GC(23) Concurrent Mark
[2026-09-29T22:25:27.884-0400][12.043s][info][gc,marking  ] GC(23) Concurrent Mark From Roots
[2026-09-29T22:25:27.884-0400][12.043s][info][gc,task     ] GC(23) Using 2 workers of 2 for marking
[2026-09-29T22:25:27.940-0400][12.099s][info][gc,marking  ] GC(23) Concurrent Mark From Roots 55.761ms
[2026-09-29T22:25:27.940-0400][12.099s][info][gc,marking  ] GC(23) Concurrent Preclean
[2026-09-29T22:25:27.941-0400][12.100s][info][gc,marking  ] GC(23) Concurrent Preclean 0.788ms
[2026-09-29T22:25:27.941-0400][12.100s][info][gc,start    ] GC(23) Pause Remark
[2026-09-29T22:25:27.946-0400][12.105s][info][gc          ] GC(23) Pause Remark 104M->104M(180M) 4.471ms
[2026-09-29T22:25:27.946-0400][12.105s][info][gc,cpu      ] GC(23) User=0.02s Sys=0.00s Real=0.00s
[2026-09-29T22:25:27.946-0400][12.105s][info][safepoint   ] Safepoint "G1PauseRemark", Time since last: 58651797 ns, Reaching safepoint: 122569 ns, Cleanup: 16018 ns, At safepoint: 4674753 ns, Total: 4813340 ns
[2026-09-29T22:25:27.946-0400][12.105s][info][gc,marking  ] GC(23) Concurrent Mark 61.674ms
[2026-09-29T22:25:27.946-0400][12.105s][info][gc,marking  ] GC(23) Concurrent Rebuild Remembered Sets
[2026-09-29T22:25:27.974-0400][12.133s][info][gc,marking  ] GC(23) Concurrent Rebuild Remembered Sets 27.646ms
[2026-09-29T22:25:27.974-0400][12.133s][info][gc,start    ] GC(23) Pause Cleanup
[2026-09-29T22:25:27.974-0400][12.133s][info][gc          ] GC(23) Pause Cleanup 112M->112M(180M) 0.213ms
[2026-09-29T22:25:27.974-0400][12.133s][info][gc,cpu      ] GC(23) User=0.00s Sys=0.00s Real=0.00s
[2026-09-29T22:25:27.974-0400][12.133s][info][safepoint   ] Safepoint "G1PauseCleanup", Time since last: 27887024 ns, Reaching safepoint: 109544 ns, Cleanup: 5715 ns, At safepoint: 295619 ns, Total: 410878 ns
[2026-09-29T22:25:27.974-0400][12.133s][info][gc,marking  ] GC(23) Concurrent Cleanup for Next Mark
[2026-09-29T22:25:27.975-0400][12.134s][info][gc,marking  ] GC(23) Concurrent Cleanup for Next Mark 0.482ms
[2026-09-29T22:25:27.975-0400][12.134s][info][gc          ] GC(23) Concurrent Mark Cycle 92.384ms
[2026-09-29T22:25:28.076-0400][12.235s][info][gc,start    ] GC(24) Pause Young (Prepare Mixed) (G1 Evacuation Pause)
[2026-09-29T22:25:28.076-0400][12.235s][info][gc,task     ] GC(24) Using 6 workers of 8 for evacuation
[2026-09-29T22:25:28.080-0400][12.240s][info][gc,phases   ] GC(24)   Pre Evacuate Collection Set: 0.19ms
[2026-09-29T22:25:28.080-0400][12.240s][info][gc,phases   ] GC(24)   Merge Heap Roots: 0.11ms
[2026-09-29T22:25:28.080-0400][12.240s][info][gc,phases   ] GC(24)   Evacuate Collection Set: 2.26ms
[2026-09-29T22:25:28.080-0400][12.240s][info][gc,phases   ] GC(24)   Post Evacuate Collection Set: 1.72ms
[2026-09-29T22:25:28.080-0400][12.240s][info][gc,phases   ] GC(24)   Other: 0.14ms
[2026-09-29T22:25:28.080-0400][12.240s][info][gc,heap     ] GC(24) Eden regions: 21->0(1)
[2026-09-29T22:25:28.080-0400][12.240s][info][gc,heap     ] GC(24) Survivor regions: 4->4(4)
[2026-09-29T22:25:28.080-0400][12.240s][info][gc,heap     ] GC(24) Old regions: 37->37
[2026-09-29T22:25:28.080-0400][12.240s][info][gc,heap     ] GC(24) Archive regions: 2->2
[2026-09-29T22:25:28.080-0400][12.240s][info][gc,heap     ] GC(24) Humongous regions: 2->2
[2026-09-29T22:25:28.080-0400][12.240s][info][gc,metaspace] GC(24) Metaspace: 76670K(79360K)->76670K(79360K) NonClass: 67954K(69632K)->67954K(69632K) Class: 8716K(9728K)->8716K(9728K)
[2026-09-29T22:25:28.080-0400][12.240s][info][gc          ] GC(24) Pause Young (Prepare Mixed) (G1 Evacuation Pause) 128M->86M(180M) 4.491ms
[2026-09-29T22:25:28.080-0400][12.240s][info][gc,cpu      ] GC(24) User=0.03s Sys=0.00s Real=0.01s
[2026-09-29T22:25:28.081-0400][12.240s][info][safepoint   ] Safepoint "G1CollectForAllocation", Time since last: 101838237 ns, Reaching safepoint: 11093 ns, Cleanup: 18946 ns, At safepoint: 4632732 ns, Total: 4662771 ns
[2026-09-29T22:25:28.092-0400][12.251s][info][gc,start    ] GC(25) Pause Young (Mixed) (G1 Evacuation Pause)
[2026-09-29T22:25:28.092-0400][12.251s][info][gc,task     ] GC(25) Using 6 workers of 8 for evacuation
[2026-09-29T22:25:28.094-0400][12.254s][info][gc,phases   ] GC(25)   Pre Evacuate Collection Set: 0.16ms
[2026-09-29T22:25:28.094-0400][12.254s][info][gc,phases   ] GC(25)   Merge Heap Roots: 0.20ms
[2026-09-29T22:25:28.094-0400][12.254s][info][gc,phases   ] GC(25)   Evacuate Collection Set: 1.06ms
[2026-09-29T22:25:28.094-0400][12.254s][info][gc,phases   ] GC(25)   Post Evacuate Collection Set: 0.75ms
[2026-09-29T22:25:28.094-0400][12.254s][info][gc,phases   ] GC(25)   Other: 0.17ms
[2026-09-29T22:25:28.094-0400][12.254s][info][gc,heap     ] GC(25) Eden regions: 1->0(28)
[2026-09-29T22:25:28.094-0400][12.254s][info][gc,heap     ] GC(25) Survivor regions: 4->1(1)
[2026-09-29T22:25:28.094-0400][12.254s][info][gc,heap     ] GC(25) Old regions: 37->37
[2026-09-29T22:25:28.094-0400][12.254s][info][gc,heap     ] GC(25) Archive regions: 2->2
[2026-09-29T22:25:28.094-0400][12.254s][info][gc,heap     ] GC(25) Humongous regions: 2->2
[2026-09-29T22:25:28.094-0400][12.254s][info][gc,metaspace] GC(25) Metaspace: 76698K(79360K)->76698K(79360K) NonClass: 67982K(69632K)->67982K(69632K) Class: 8716K(9728K)->8716K(9728K)
[2026-09-29T22:25:28.094-0400][12.254s][info][gc          ] GC(25) Pause Young (Mixed) (G1 Evacuation Pause) 88M->79M(180M) 2.442ms
[2026-09-29T22:25:28.094-0400][12.254s][info][gc,cpu      ] GC(25) User=0.01s Sys=0.01s Real=0.00s
[2026-09-29T22:25:28.095-0400][12.254s][info][safepoint   ] Safepoint "G1CollectForAllocation", Time since last: 11372149 ns, Reaching safepoint: 12763 ns, Cleanup: 14337 ns, At safepoint: 2600694 ns, Total: 2627794 ns
[2026-09-29T22:25:28.258-0400][12.417s][info][gc,start    ] GC(26) Pause Young (Concurrent Start) (G1 Evacuation Pause)
[2026-09-29T22:25:28.258-0400][12.417s][info][gc,task     ] GC(26) Using 6 workers of 8 for evacuation
[2026-09-29T22:25:28.262-0400][12.422s][info][gc,phases   ] GC(26)   Pre Evacuate Collection Set: 0.24ms
[2026-09-29T22:25:28.262-0400][12.422s][info][gc,phases   ] GC(26)   Merge Heap Roots: 0.15ms
[2026-09-29T22:25:28.262-0400][12.422s][info][gc,phases   ] GC(26)   Evacuate Collection Set: 1.57ms
[2026-09-29T22:25:28.262-0400][12.422s][info][gc,phases   ] GC(26)   Post Evacuate Collection Set: 2.13ms
[2026-09-29T22:25:28.262-0400][12.422s][info][gc,phases   ] GC(26)   Other: 0.20ms
[2026-09-29T22:25:28.262-0400][12.422s][info][gc,heap     ] GC(26) Eden regions: 28->0(73)
[2026-09-29T22:25:28.262-0400][12.422s][info][gc,heap     ] GC(26) Survivor regions: 1->1(4)
[2026-09-29T22:25:28.262-0400][12.422s][info][gc,heap     ] GC(26) Old regions: 37->37
[2026-09-29T22:25:28.262-0400][12.422s][info][gc,heap     ] GC(26) Archive regions: 2->2
[2026-09-29T22:25:28.262-0400][12.422s][info][gc,heap     ] GC(26) Humongous regions: 2->2
[2026-09-29T22:25:28.262-0400][12.422s][info][gc,metaspace] GC(26) Metaspace: 77356K(80064K)->77356K(80064K) NonClass: 68532K(70208K)->68532K(70208K) Class: 8823K(9856K)->8823K(9856K)
[2026-09-29T22:25:28.262-0400][12.422s][info][gc          ] GC(26) Pause Young (Concurrent Start) (G1 Evacuation Pause) 135M->79M(298M) 4.388ms
[2026-09-29T22:25:28.262-0400][12.422s][info][gc,cpu      ] GC(26) User=0.03s Sys=0.00s Real=0.01s
[2026-09-29T22:25:28.263-0400][12.422s][info][gc          ] GC(27) Concurrent Mark Cycle
[2026-09-29T22:25:28.263-0400][12.422s][info][gc,marking  ] GC(27) Concurrent Clear Claimed Marks
[2026-09-29T22:25:28.263-0400][12.422s][info][safepoint   ] Safepoint "G1CollectForAllocation", Time since last: 163371745 ns, Reaching safepoint: 18469 ns, Cleanup: 71562 ns, At safepoint: 4636476 ns, Total: 4726507 ns
[2026-09-29T22:25:28.263-0400][12.422s][info][gc,marking  ] GC(27) Concurrent Clear Claimed Marks 0.110ms
[2026-09-29T22:25:28.263-0400][12.422s][info][gc,marking  ] GC(27) Concurrent Scan Root Regions
[2026-09-29T22:25:28.265-0400][12.424s][info][gc,marking  ] GC(27) Concurrent Scan Root Regions 1.780ms
[2026-09-29T22:25:28.265-0400][12.424s][info][gc,marking  ] GC(27) Concurrent Mark
[2026-09-29T22:25:28.265-0400][12.424s][info][gc,marking  ] GC(27) Concurrent Mark From Roots
[2026-09-29T22:25:28.265-0400][12.424s][info][gc,task     ] GC(27) Using 2 workers of 2 for marking
[2026-09-29T22:25:28.326-0400][12.485s][info][gc,marking  ] GC(27) Concurrent Mark From Roots 61.170ms
[2026-09-29T22:25:28.326-0400][12.485s][info][gc,marking  ] GC(27) Concurrent Preclean
[2026-09-29T22:25:28.327-0400][12.486s][info][gc,marking  ] GC(27) Concurrent Preclean 0.834ms
[2026-09-29T22:25:28.327-0400][12.486s][info][gc,start    ] GC(27) Pause Remark
[2026-09-29T22:25:28.331-0400][12.490s][info][gc          ] GC(27) Pause Remark 100M->100M(298M) 3.826ms
[2026-09-29T22:25:28.331-0400][12.490s][info][gc,cpu      ] GC(27) User=0.02s Sys=0.01s Real=0.01s
[2026-09-29T22:25:28.331-0400][12.490s][info][safepoint   ] Safepoint "G1PauseRemark", Time since last: 64137662 ns, Reaching safepoint: 126188 ns, Cleanup: 16908 ns, At safepoint: 3986880 ns, Total: 4129976 ns
[2026-09-29T22:25:28.331-0400][12.490s][info][gc,marking  ] GC(27) Concurrent Mark 66.407ms
[2026-09-29T22:25:28.331-0400][12.490s][info][gc,marking  ] GC(27) Concurrent Rebuild Remembered Sets
[2026-09-29T22:25:28.358-0400][12.518s][info][gc,marking  ] GC(27) Concurrent Rebuild Remembered Sets 27.347ms
[2026-09-29T22:25:28.359-0400][12.518s][info][gc,start    ] GC(27) Pause Cleanup
[2026-09-29T22:25:28.359-0400][12.518s][info][gc          ] GC(27) Pause Cleanup 110M->110M(298M) 0.259ms
[2026-09-29T22:25:28.359-0400][12.518s][info][gc,cpu      ] GC(27) User=0.00s Sys=0.00s Real=0.00s
[2026-09-29T22:25:28.359-0400][12.518s][info][safepoint   ] Safepoint "G1PauseCleanup", Time since last: 27553554 ns, Reaching safepoint: 126848 ns, Cleanup: 7450 ns, At safepoint: 379077 ns, Total: 513375 ns
[2026-09-29T22:25:28.359-0400][12.518s][info][gc,marking  ] GC(27) Concurrent Cleanup for Next Mark
[2026-09-29T22:25:28.361-0400][12.520s][info][gc,marking  ] GC(27) Concurrent Cleanup for Next Mark 1.622ms
[2026-09-29T22:25:28.361-0400][12.520s][info][gc          ] GC(27) Concurrent Mark Cycle 98.156ms
[2026-09-29T22:25:28.870-0400][13.029s][info][safepoint   ] Safepoint "ICBufferFull", Time since last: 510793871 ns, Reaching safepoint: 15243 ns, Cleanup: 273688 ns, At safepoint: 64214 ns, Total: 353145 ns
[2026-09-29T22:25:28.968-0400][13.127s][info][gc,start    ] GC(28) Pause Young (Prepare Mixed) (G1 Evacuation Pause)
[2026-09-29T22:25:28.968-0400][13.127s][info][gc,task     ] GC(28) Using 7 workers of 8 for evacuation
[2026-09-29T22:25:28.973-0400][13.132s][info][gc,phases   ] GC(28)   Pre Evacuate Collection Set: 0.28ms
[2026-09-29T22:25:28.973-0400][13.132s][info][gc,phases   ] GC(28)   Merge Heap Roots: 0.19ms
[2026-09-29T22:25:28.973-0400][13.132s][info][gc,phases   ] GC(28)   Evacuate Collection Set: 2.54ms
[2026-09-29T22:25:28.973-0400][13.132s][info][gc,phases   ] GC(28)   Post Evacuate Collection Set: 1.87ms
[2026-09-29T22:25:28.973-0400][13.132s][info][gc,phases   ] GC(28)   Other: 0.17ms
[2026-09-29T22:25:28.973-0400][13.132s][info][gc,heap     ] GC(28) Eden regions: 73->0(5)
[2026-09-29T22:25:28.973-0400][13.132s][info][gc,heap     ] GC(28) Survivor regions: 1->2(10)
[2026-09-29T22:25:28.973-0400][13.132s][info][gc,heap     ] GC(28) Old regions: 37->37
[2026-09-29T22:25:28.973-0400][13.132s][info][gc,heap     ] GC(28) Archive regions: 2->2
[2026-09-29T22:25:28.973-0400][13.132s][info][gc,heap     ] GC(28) Humongous regions: 2->2
[2026-09-29T22:25:28.973-0400][13.132s][info][gc,metaspace] GC(28) Metaspace: 79587K(82368K)->79587K(82368K) NonClass: 70503K(72192K)->70503K(72192K) Class: 9084K(10176K)->9084K(10176K)
[2026-09-29T22:25:28.973-0400][13.132s][info][gc          ] GC(28) Pause Young (Prepare Mixed) (G1 Evacuation Pause) 225M->81M(298M) 5.163ms
[2026-09-29T22:25:28.973-0400][13.132s][info][gc,cpu      ] GC(28) User=0.03s Sys=0.00s Real=0.00s
[2026-09-29T22:25:28.973-0400][13.132s][info][safepoint   ] Safepoint "G1CollectForAllocation", Time since last: 97375772 ns, Reaching safepoint: 14517 ns, Cleanup: 44652 ns, At safepoint: 5335868 ns, Total: 5395037 ns
[2026-09-29T22:25:29.078-0400][13.237s][info][gc,start    ] GC(29) Pause Young (Mixed) (G1 Evacuation Pause)
[2026-09-29T22:25:29.078-0400][13.237s][info][gc,task     ] GC(29) Using 7 workers of 8 for evacuation
[2026-09-29T22:25:29.082-0400][13.242s][info][gc,phases   ] GC(29)   Pre Evacuate Collection Set: 0.17ms
[2026-09-29T22:25:29.082-0400][13.242s][info][gc,phases   ] GC(29)   Merge Heap Roots: 0.15ms
[2026-09-29T22:25:29.082-0400][13.242s][info][gc,phases   ] GC(29)   Evacuate Collection Set: 3.06ms
[2026-09-29T22:25:29.082-0400][13.242s][info][gc,phases   ] GC(29)   Post Evacuate Collection Set: 0.85ms
[2026-09-29T22:25:29.082-0400][13.242s][info][gc,phases   ] GC(29)   Other: 0.14ms
[2026-09-29T22:25:29.082-0400][13.242s][info][gc,heap     ] GC(29) Eden regions: 5->0(75)
[2026-09-29T22:25:29.082-0400][13.242s][info][gc,heap     ] GC(29) Survivor regions: 2->1(1)
[2026-09-29T22:25:29.082-0400][13.242s][info][gc,heap     ] GC(29) Old regions: 37->37
[2026-09-29T22:25:29.082-0400][13.242s][info][gc,heap     ] GC(29) Archive regions: 2->2
[2026-09-29T22:25:29.082-0400][13.242s][info][gc,heap     ] GC(29) Humongous regions: 2->2
[2026-09-29T22:25:29.082-0400][13.242s][info][gc,metaspace] GC(29) Metaspace: 81029K(83840K)->81029K(83840K) NonClass: 71685K(73344K)->71685K(73344K) Class: 9343K(10496K)->9343K(10496K)
[2026-09-29T22:25:29.082-0400][13.242s][info][gc          ] GC(29) Pause Young (Mixed) (G1 Evacuation Pause) 91M->81M(298M) 4.429ms
[2026-09-29T22:25:29.082-0400][13.242s][info][gc,cpu      ] GC(29) User=0.02s Sys=0.00s Real=0.01s
[2026-09-29T22:25:29.083-0400][13.242s][info][safepoint   ] Safepoint "G1CollectForAllocation", Time since last: 104802325 ns, Reaching safepoint: 13414 ns, Cleanup: 258226 ns, At safepoint: 4552989 ns, Total: 4824629 ns
[2026-09-29T22:25:29.262-0400][13.421s][info][safepoint   ] Safepoint "ICBufferFull", Time since last: 178693071 ns, Reaching safepoint: 120338 ns, Cleanup: 104246 ns, At safepoint: 79780 ns, Total: 304364 ns
[2026-09-29T22:25:29.625-0400][13.784s][info][safepoint   ] Safepoint "ICBufferFull", Time since last: 363037719 ns, Reaching safepoint: 13908 ns, Cleanup: 154473 ns, At safepoint: 51394 ns, Total: 219775 ns
[2026-09-29T22:25:29.778-0400][13.938s][info][safepoint   ] Safepoint "ICBufferFull", Time since last: 153406540 ns, Reaching safepoint: 15391 ns, Cleanup: 115712 ns, At safepoint: 39681 ns, Total: 170784 ns
[2026-09-29T22:25:29.779-0400][13.938s][info][safepoint   ] Safepoint "ICBufferFull", Time since last: 104601 ns, Reaching safepoint: 167981 ns, Cleanup: 5896 ns, At safepoint: 37287 ns, Total: 211164 ns
[2026-09-29T22:25:29.783-0400][13.943s][info][safepoint   ] Safepoint "ICBufferFull", Time since last: 4558103 ns, Reaching safepoint: 15940 ns, Cleanup: 14471 ns, At safepoint: 10661 ns, Total: 41072 ns
[2026-09-29T22:25:29.787-0400][13.947s][info][safepoint   ] Safepoint "ICBufferFull", Time since last: 1616448 ns, Reaching safepoint: 122591 ns, Cleanup: 7142 ns, At safepoint: 2269922 ns, Total: 2399655 ns
[2026-09-29T22:25:29.956-0400][14.115s][info][safepoint   ] Safepoint "ICBufferFull", Time since last: 168665356 ns, Reaching safepoint: 9810 ns, Cleanup: 101349 ns, At safepoint: 1825 ns, Total: 112984 ns
[2026-09-29T22:25:30.057-0400][14.216s][info][safepoint   ] Safepoint "ICBufferFull", Time since last: 100703702 ns, Reaching safepoint: 15347 ns, Cleanup: 97144 ns, At safepoint: 67291 ns, Total: 179782 ns
[2026-09-29T22:25:30.057-0400][14.217s][info][safepoint   ] Safepoint "ICBufferFull", Time since last: 260856 ns, Reaching safepoint: 98718 ns, Cleanup: 6481 ns, At safepoint: 75595 ns, Total: 180794 ns
[2026-09-29T22:25:30.058-0400][14.217s][info][safepoint   ] Safepoint "ICBufferFull", Time since last: 145959 ns, Reaching safepoint: 118707 ns, Cleanup: 6835 ns, At safepoint: 148333 ns, Total: 273875 ns
[2026-09-29T22:25:30.058-0400][14.217s][info][safepoint   ] Safepoint "ICBufferFull", Time since last: 196337 ns, Reaching safepoint: 3295 ns, Cleanup: 1349 ns, At safepoint: 20930 ns, Total: 25574 ns
[2026-09-29T22:25:30.058-0400][14.217s][info][safepoint   ] Safepoint "ICBufferFull", Time since last: 67007 ns, Reaching safepoint: 1617 ns, Cleanup: 942 ns, At safepoint: 1096 ns, Total: 3655 ns
[2026-09-29T22:25:30.338-0400][14.497s][info][gc,start    ] GC(30) Pause Young (Normal) (G1 Evacuation Pause)
[2026-09-29T22:25:30.338-0400][14.497s][info][gc,task     ] GC(30) Using 7 workers of 8 for evacuation
[2026-09-29T22:25:30.344-0400][14.503s][info][gc,phases   ] GC(30)   Pre Evacuate Collection Set: 0.20ms
[2026-09-29T22:25:30.344-0400][14.503s][info][gc,phases   ] GC(30)   Merge Heap Roots: 0.24ms
[2026-09-29T22:25:30.344-0400][14.503s][info][gc,phases   ] GC(30)   Evacuate Collection Set: 2.91ms
[2026-09-29T22:25:30.344-0400][14.503s][info][gc,phases   ] GC(30)   Post Evacuate Collection Set: 2.49ms
[2026-09-29T22:25:30.344-0400][14.503s][info][gc,phases   ] GC(30)   Other: 0.17ms
[2026-09-29T22:25:30.344-0400][14.503s][info][gc,heap     ] GC(30) Eden regions: 75->0(76)
[2026-09-29T22:25:30.344-0400][14.503s][info][gc,heap     ] GC(30) Survivor regions: 1->3(10)
[2026-09-29T22:25:30.344-0400][14.503s][info][gc,heap     ] GC(30) Old regions: 37->37
[2026-09-29T22:25:30.344-0400][14.503s][info][gc,heap     ] GC(30) Archive regions: 2->2
[2026-09-29T22:25:30.344-0400][14.503s][info][gc,heap     ] GC(30) Humongous regions: 2->2
[2026-09-29T22:25:30.344-0400][14.503s][info][gc,metaspace] GC(30) Metaspace: 87339K(90240K)->87339K(90240K) NonClass: 77308K(79040K)->77308K(79040K) Class: 10030K(11200K)->10030K(11200K)
[2026-09-29T22:25:30.344-0400][14.503s][info][gc          ] GC(30) Pause Young (Normal) (G1 Evacuation Pause) 231M->83M(298M) 6.141ms
[2026-09-29T22:25:30.344-0400][14.503s][info][gc,cpu      ] GC(30) User=0.03s Sys=0.01s Real=0.01s
[2026-09-29T22:25:30.344-0400][14.503s][info][safepoint   ] Safepoint "G1CollectForAllocation", Time since last: 279472126 ns, Reaching safepoint: 12051 ns, Cleanup: 70811 ns, At safepoint: 6294740 ns, Total: 6377602 ns
[2026-09-29T22:25:31.046-0400][15.205s][info][safepoint   ] Safepoint "ICBufferFull", Time since last: 701269609 ns, Reaching safepoint: 14150 ns, Cleanup: 358574 ns, At safepoint: 52428 ns, Total: 425152 ns
[2026-09-29T22:25:31.196-0400][15.356s][info][safepoint   ] Safepoint "ClassLoaderStatsOperation", Time since last: 147800602 ns, Reaching safepoint: 15751 ns, Cleanup: 41278 ns, At safepoint: 2805848 ns, Total: 2862877 ns
[2026-09-29T22:25:32.066-0400][16.225s][info][safepoint   ] Safepoint "ICBufferFull", Time since last: 869278799 ns, Reaching safepoint: 10269 ns, Cleanup: 146475 ns, At safepoint: 20990 ns, Total: 177734 ns
[2026-09-29T22:25:32.275-0400][16.434s][info][safepoint   ] Safepoint "ICBufferFull", Time since last: 208668929 ns, Reaching safepoint: 98856 ns, Cleanup: 167652 ns, At safepoint: 4012 ns, Total: 270520 ns
[2026-09-29T22:25:32.655-0400][16.815s][info][safepoint   ] Safepoint "ICBufferFull", Time since last: 380355900 ns, Reaching safepoint: 13462 ns, Cleanup: 136151 ns, At safepoint: 37530 ns, Total: 187143 ns
[2026-09-29T22:25:32.963-0400][17.122s][info][safepoint   ] Safepoint "ICBufferFull", Time since last: 307468341 ns, Reaching safepoint: 41726 ns, Cleanup: 95247 ns, At safepoint: 2141 ns, Total: 139114 ns
[2026-09-29T22:25:33.265-0400][17.424s][info][safepoint   ] Safepoint "ICBufferFull", Time since last: 302145395 ns, Reaching safepoint: 12573 ns, Cleanup: 130446 ns, At safepoint: 5266 ns, Total: 148285 ns
[2026-09-29T22:25:33.451-0400][17.610s][info][safepoint   ] Safepoint "ICBufferFull", Time since last: 185821174 ns, Reaching safepoint: 27440 ns, Cleanup: 143284 ns, At safepoint: 50782 ns, Total: 221506 ns
[2026-09-29T22:25:33.558-0400][17.717s][info][safepoint   ] Safepoint "ICBufferFull", Time since last: 106364034 ns, Reaching safepoint: 9776 ns, Cleanup: 344841 ns, At safepoint: 64454 ns, Total: 419071 ns
[2026-09-29T22:25:33.636-0400][17.795s][info][gc,start    ] GC(31) Pause Young (Normal) (G1 Evacuation Pause)
[2026-09-29T22:25:33.636-0400][17.795s][info][gc,task     ] GC(31) Using 7 workers of 8 for evacuation
[2026-09-29T22:25:33.644-0400][17.804s][info][gc,phases   ] GC(31)   Pre Evacuate Collection Set: 0.18ms
[2026-09-29T22:25:33.644-0400][17.804s][info][gc,phases   ] GC(31)   Merge Heap Roots: 0.15ms
[2026-09-29T22:25:33.644-0400][17.804s][info][gc,phases   ] GC(31)   Evacuate Collection Set: 5.07ms
[2026-09-29T22:25:33.644-0400][17.804s][info][gc,phases   ] GC(31)   Post Evacuate Collection Set: 3.13ms
[2026-09-29T22:25:33.645-0400][17.804s][info][gc,phases   ] GC(31)   Other: 0.14ms
[2026-09-29T22:25:33.645-0400][17.804s][info][gc,heap     ] GC(31) Eden regions: 76->0(67)
[2026-09-29T22:25:33.645-0400][17.804s][info][gc,heap     ] GC(31) Survivor regions: 3->10(10)
[2026-09-29T22:25:33.645-0400][17.804s][info][gc,heap     ] GC(31) Old regions: 37->37
[2026-09-29T22:25:33.645-0400][17.804s][info][gc,heap     ] GC(31) Archive regions: 2->2
[2026-09-29T22:25:33.645-0400][17.804s][info][gc,heap     ] GC(31) Humongous regions: 2->2
[2026-09-29T22:25:33.645-0400][17.804s][info][gc,metaspace] GC(31) Metaspace: 106887K(109952K)->106887K(109952K) NonClass: 94503K(96320K)->94503K(96320K) Class: 12384K(13632K)->12384K(13632K)
[2026-09-29T22:25:33.645-0400][17.804s][info][gc          ] GC(31) Pause Young (Normal) (G1 Evacuation Pause) 235M->99M(298M) 8.766ms
[2026-09-29T22:25:33.645-0400][17.804s][info][gc,cpu      ] GC(31) User=0.04s Sys=0.00s Real=0.01s
[2026-09-29T22:25:33.645-0400][17.804s][info][safepoint   ] Safepoint "G1CollectForAllocation", Time since last: 77730075 ns, Reaching safepoint: 10186 ns, Cleanup: 17372 ns, At safepoint: 8946327 ns, Total: 8973885 ns
[2026-09-29T22:25:34.353-0400][18.513s][info][safepoint   ] Safepoint "ICBufferFull", Time since last: 708349808 ns, Reaching safepoint: 12696 ns, Cleanup: 295761 ns, At safepoint: 43823 ns, Total: 352280 ns
[2026-09-29T22:25:34.674-0400][18.833s][info][safepoint   ] Safepoint "ICBufferFull", Time since last: 320211733 ns, Reaching safepoint: 12606 ns, Cleanup: 248374 ns, At safepoint: 113435 ns, Total: 374415 ns
[2026-09-29T22:25:34.699-0400][18.858s][info][gc,start    ] GC(32) Pause Young (Normal) (G1 Evacuation Pause)
[2026-09-29T22:25:34.699-0400][18.858s][info][gc,task     ] GC(32) Using 7 workers of 8 for evacuation
[2026-09-29T22:25:34.712-0400][18.871s][info][gc,phases   ] GC(32)   Pre Evacuate Collection Set: 0.70ms
[2026-09-29T22:25:34.712-0400][18.871s][info][gc,phases   ] GC(32)   Merge Heap Roots: 0.24ms
[2026-09-29T22:25:34.712-0400][18.871s][info][gc,phases   ] GC(32)   Evacuate Collection Set: 8.80ms
[2026-09-29T22:25:34.712-0400][18.871s][info][gc,phases   ] GC(32)   Post Evacuate Collection Set: 2.77ms
[2026-09-29T22:25:34.712-0400][18.871s][info][gc,phases   ] GC(32)   Other: 0.23ms
[2026-09-29T22:25:34.712-0400][18.871s][info][gc,heap     ] GC(32) Eden regions: 67->0(67)
[2026-09-29T22:25:34.712-0400][18.871s][info][gc,heap     ] GC(32) Survivor regions: 10->4(10)
[2026-09-29T22:25:34.712-0400][18.871s][info][gc,heap     ] GC(32) Old regions: 37->44
[2026-09-29T22:25:34.712-0400][18.871s][info][gc,heap     ] GC(32) Archive regions: 2->2
[2026-09-29T22:25:34.712-0400][18.871s][info][gc,heap     ] GC(32) Humongous regions: 2->2
[2026-09-29T22:25:34.712-0400][18.871s][info][gc,metaspace] GC(32) Metaspace: 115819K(119040K)->115819K(119040K) NonClass: 102208K(104128K)->102208K(104128K) Class: 13611K(14912K)->13611K(14912K)
[2026-09-29T22:25:34.712-0400][18.871s][info][gc          ] GC(32) Pause Young (Normal) (G1 Evacuation Pause) 233M->99M(298M) 12.817ms
[2026-09-29T22:25:34.712-0400][18.871s][info][gc,cpu      ] GC(32) User=0.06s Sys=0.01s Real=0.02s
[2026-09-29T22:25:34.712-0400][18.871s][info][safepoint   ] Safepoint "G1CollectForAllocation", Time since last: 24621354 ns, Reaching safepoint: 124379 ns, Cleanup: 74105 ns, At safepoint: 13027529 ns, Total: 13226013 ns
[2026-09-29T22:25:35.250-0400][19.409s][info][safepoint   ] Safepoint "ICBufferFull", Time since last: 537445772 ns, Reaching safepoint: 13875 ns, Cleanup: 399432 ns, At safepoint: 4129 ns, Total: 417436 ns
[2026-09-29T22:25:36.135-0400][20.295s][info][safepoint   ] Safepoint "ClassLoaderStatsOperation", Time since last: 882388737 ns, Reaching safepoint: 14237 ns, Cleanup: 324989 ns, At safepoint: 3045621 ns, Total: 3384847 ns
[2026-09-29T22:25:36.574-0400][20.733s][info][safepoint   ] Safepoint "RedefineClasses", Time since last: 375484721 ns, Reaching safepoint: 17899 ns, Cleanup: 114904 ns, At safepoint: 62657514 ns, Total: 62790317 ns
[2026-09-29T22:25:36.603-0400][20.762s][info][safepoint   ] Safepoint "JFRCheckpoint", Time since last: 28838006 ns, Reaching safepoint: 11582 ns, Cleanup: 125945 ns, At safepoint: 10839 ns, Total: 148366 ns
[2026-09-29T22:25:36.608-0400][20.767s][info][safepoint   ] Safepoint "JFROldObject", Time since last: 5345394 ns, Reaching safepoint: 18859 ns, Cleanup: 10155 ns, At safepoint: 43296 ns, Total: 72310 ns
[2026-09-29T22:25:36.666-0400][20.825s][info][safepoint   ] Safepoint "RedefineClasses", Time since last: 2159114 ns, Reaching safepoint: 21097 ns, Cleanup: 5529 ns, At safepoint: 55643783 ns, Total: 55670409 ns
[2026-09-29T22:25:36.675-0400][20.835s][info][safepoint   ] Safepoint "ClassLoaderStatsOperation", Time since last: 6440391 ns, Reaching safepoint: 18182 ns, Cleanup: 6388 ns, At safepoint: 3053263 ns, Total: 3077833 ns
[2026-09-29T22:25:37.676-0400][21.835s][info][safepoint   ] Safepoint "Cleanup", Time since last: 1000258429 ns, Reaching safepoint: 23962 ns, Cleanup: 42363 ns, At safepoint: 3512 ns, Total: 69837 ns
[2026-09-29T22:25:39.156-0400][23.315s][info][safepoint   ] Safepoint "Cleanup", Time since last: 1479618292 ns, Reaching safepoint: 112938 ns, Cleanup: 47256 ns, At safepoint: 89516 ns, Total: 249710 ns
[2026-09-29T22:25:40.156-0400][24.315s][info][safepoint   ] Safepoint "Cleanup", Time since last: 1000271807 ns, Reaching safepoint: 27430 ns, Cleanup: 51400 ns, At safepoint: 6407 ns, Total: 85237 ns
[2026-09-29T22:25:41.154-0400][25.313s][info][safepoint   ] Safepoint "ClassLoaderStatsOperation", Time since last: 994737582 ns, Reaching safepoint: 19351 ns, Cleanup: 28718 ns, At safepoint: 3200028 ns, Total: 3248097 ns
[2026-09-29T22:25:42.154-0400][26.314s][info][safepoint   ] Safepoint "Cleanup", Time since last: 1000367619 ns, Reaching safepoint: 24546 ns, Cleanup: 41223 ns, At safepoint: 4296 ns, Total: 70065 ns
[2026-09-29T22:25:43.155-0400][27.314s][info][safepoint   ] Safepoint "Cleanup", Time since last: 1000217524 ns, Reaching safepoint: 25135 ns, Cleanup: 32954 ns, At safepoint: 4544 ns, Total: 62633 ns
[2026-09-29T22:25:44.155-0400][28.315s][info][safepoint   ] Safepoint "Cleanup", Time since last: 1000512892 ns, Reaching safepoint: 14921 ns, Cleanup: 26986 ns, At safepoint: 4281 ns, Total: 46188 ns
[2026-09-29T22:25:46.124-0400][30.283s][info][safepoint   ] Safepoint "ClassLoaderStatsOperation", Time since last: 1965327774 ns, Reaching safepoint: 23020 ns, Cleanup: 7122 ns, At safepoint: 3313761 ns, Total: 3343903 ns
[2026-09-29T22:25:46.629-0400][30.788s][info][safepoint   ] Safepoint "ClassLoaderStatsOperation", Time since last: 479900506 ns, Reaching safepoint: 21890588 ns, Cleanup: 44073 ns, At safepoint: 2974953 ns, Total: 24909614 ns
[2026-09-29T22:25:46.640-0400][30.799s][info][safepoint   ] Safepoint "JFRCheckpoint", Time since last: 2965717 ns, Reaching safepoint: 8021614 ns, Cleanup: 103317 ns, At safepoint: 281488 ns, Total: 8406419 ns
[2026-09-29T22:25:46.645-0400][30.805s][info][safepoint   ] Safepoint "JFROldObject", Time since last: 5026629 ns, Reaching safepoint: 17025 ns, Cleanup: 14505 ns, At safepoint: 251451 ns, Total: 282981 ns
[2026-09-29T22:25:47.646-0400][31.805s][info][safepoint   ] Safepoint "Cleanup", Time since last: 1000248394 ns, Reaching safepoint: 15987 ns, Cleanup: 27955 ns, At safepoint: 2988 ns, Total: 46930 ns
[2026-09-29T22:25:51.154-0400][35.313s][info][gc,start    ] GC(33) Pause Young (Normal) (G1 Evacuation Pause)
[2026-09-29T22:25:51.154-0400][35.314s][info][gc,task     ] GC(33) Using 8 workers of 8 for evacuation
[2026-09-29T22:25:51.162-0400][35.321s][info][gc,phases   ] GC(33)   Pre Evacuate Collection Set: 0.30ms
[2026-09-29T22:25:51.162-0400][35.321s][info][gc,phases   ] GC(33)   Merge Heap Roots: 0.22ms
[2026-09-29T22:25:51.162-0400][35.321s][info][gc,phases   ] GC(33)   Evacuate Collection Set: 5.00ms
[2026-09-29T22:25:51.162-0400][35.321s][info][gc,phases   ] GC(33)   Post Evacuate Collection Set: 2.18ms
[2026-09-29T22:25:51.162-0400][35.321s][info][gc,phases   ] GC(33)   Other: 0.18ms
[2026-09-29T22:25:51.162-0400][35.321s][info][gc,heap     ] GC(33) Eden regions: 67->0(66)
[2026-09-29T22:25:51.162-0400][35.321s][info][gc,heap     ] GC(33) Survivor regions: 4->6(9)
[2026-09-29T22:25:51.162-0400][35.321s][info][gc,heap     ] GC(33) Old regions: 44->44
[2026-09-29T22:25:51.162-0400][35.321s][info][gc,heap     ] GC(33) Archive regions: 2->2
[2026-09-29T22:25:51.162-0400][35.321s][info][gc,heap     ] GC(33) Humongous regions: 2->2
[2026-09-29T22:25:51.162-0400][35.321s][info][gc,metaspace] GC(33) Metaspace: 129823K(133184K)->129823K(133184K) NonClass: 114684K(116736K)->114684K(116736K) Class: 15138K(16448K)->15138K(16448K)
[2026-09-29T22:25:51.162-0400][35.321s][info][gc          ] GC(33) Pause Young (Normal) (G1 Evacuation Pause) 233M->102M(298M) 7.949ms
[2026-09-29T22:25:51.162-0400][35.321s][info][gc,cpu      ] GC(33) User=0.04s Sys=0.00s Real=0.01s
[2026-09-29T22:25:51.162-0400][35.322s][info][safepoint   ] Safepoint "G1CollectForAllocation", Time since last: 3508314484 ns, Reaching safepoint: 15312 ns, Cleanup: 63194 ns, At safepoint: 8224243 ns, Total: 8302749 ns
[2026-09-29T22:25:51.292-0400][35.451s][info][safepoint   ] Safepoint "ClassLoaderStatsOperation", Time since last: 126576959 ns, Reaching safepoint: 18428 ns, Cleanup: 25842 ns, At safepoint: 3161041 ns, Total: 3205311 ns
[2026-09-29T22:25:51.508-0400][35.667s][info][gc,start    ] GC(34) Pause Young (Concurrent Start) (Metadata GC Threshold)
[2026-09-29T22:25:51.508-0400][35.667s][info][gc,task     ] GC(34) Using 8 workers of 8 for evacuation
[2026-09-29T22:25:51.516-0400][35.675s][info][gc,phases   ] GC(34)   Pre Evacuate Collection Set: 0.41ms
[2026-09-29T22:25:51.516-0400][35.675s][info][gc,phases   ] GC(34)   Merge Heap Roots: 0.20ms
[2026-09-29T22:25:51.516-0400][35.675s][info][gc,phases   ] GC(34)   Evacuate Collection Set: 5.46ms
[2026-09-29T22:25:51.516-0400][35.675s][info][gc,phases   ] GC(34)   Post Evacuate Collection Set: 1.99ms
[2026-09-29T22:25:51.516-0400][35.675s][info][gc,phases   ] GC(34)   Other: 0.20ms
[2026-09-29T22:25:51.516-0400][35.675s][info][gc,heap     ] GC(34) Eden regions: 6->0(69)
[2026-09-29T22:25:51.516-0400][35.675s][info][gc,heap     ] GC(34) Survivor regions: 6->4(9)
[2026-09-29T22:25:51.516-0400][35.675s][info][gc,heap     ] GC(34) Old regions: 44->45
[2026-09-29T22:25:51.516-0400][35.675s][info][gc,heap     ] GC(34) Archive regions: 2->2
[2026-09-29T22:25:51.516-0400][35.675s][info][gc,heap     ] GC(34) Humongous regions: 2->2
[2026-09-29T22:25:51.516-0400][35.675s][info][gc,metaspace] GC(34) Metaspace: 130083K(133440K)->130083K(133440K) NonClass: 114895K(116928K)->114895K(116928K) Class: 15188K(16512K)->15188K(16512K)
[2026-09-29T22:25:51.516-0400][35.675s][info][gc          ] GC(34) Pause Young (Concurrent Start) (Metadata GC Threshold) 113M->102M(298M) 8.366ms
[2026-09-29T22:25:51.516-0400][35.675s][info][gc,cpu      ] GC(34) User=0.03s Sys=0.00s Real=0.00s
[2026-09-29T22:25:51.516-0400][35.675s][info][gc          ] GC(35) Concurrent Mark Cycle
[2026-09-29T22:25:51.516-0400][35.675s][info][gc,marking  ] GC(35) Concurrent Clear Claimed Marks
[2026-09-29T22:25:51.516-0400][35.676s][info][gc,marking  ] GC(35) Concurrent Clear Claimed Marks 0.169ms
[2026-09-29T22:25:51.516-0400][35.676s][info][gc,marking  ] GC(35) Concurrent Scan Root Regions
[2026-09-29T22:25:51.516-0400][35.676s][info][safepoint   ] Safepoint "CollectForMetadataAllocation", Time since last: 215387039 ns, Reaching safepoint: 17184 ns, Cleanup: 30158 ns, At safepoint: 8847612 ns, Total: 8894954 ns
[2026-09-29T22:25:51.526-0400][35.685s][info][gc,marking  ] GC(35) Concurrent Scan Root Regions 9.828ms
[2026-09-29T22:25:51.526-0400][35.686s][info][gc,marking  ] GC(35) Concurrent Mark
[2026-09-29T22:25:51.526-0400][35.686s][info][gc,marking  ] GC(35) Concurrent Mark From Roots
[2026-09-29T22:25:51.526-0400][35.686s][info][gc,task     ] GC(35) Using 2 workers of 2 for marking
[2026-09-29T22:25:51.593-0400][35.753s][info][gc,marking  ] GC(35) Concurrent Mark From Roots 67.131ms
[2026-09-29T22:25:51.593-0400][35.753s][info][gc,marking  ] GC(35) Concurrent Preclean
[2026-09-29T22:25:51.594-0400][35.754s][info][gc,marking  ] GC(35) Concurrent Preclean 0.927ms
[2026-09-29T22:25:51.595-0400][35.754s][info][gc,start    ] GC(35) Pause Remark
[2026-09-29T22:25:51.612-0400][35.771s][info][gc          ] GC(35) Pause Remark 109M->109M(298M) 17.522ms
[2026-09-29T22:25:51.612-0400][35.771s][info][gc,cpu      ] GC(35) User=0.08s Sys=0.00s Real=0.02s
[2026-09-29T22:25:51.612-0400][35.772s][info][safepoint   ] Safepoint "G1PauseRemark", Time since last: 78031968 ns, Reaching safepoint: 17502 ns, Cleanup: 33828 ns, At safepoint: 17767393 ns, Total: 17818723 ns
[2026-09-29T22:25:51.612-0400][35.772s][info][gc,marking  ] GC(35) Concurrent Mark 86.162ms
[2026-09-29T22:25:51.612-0400][35.772s][info][gc,marking  ] GC(35) Concurrent Rebuild Remembered Sets
[2026-09-29T22:25:51.655-0400][35.814s][info][gc,marking  ] GC(35) Concurrent Rebuild Remembered Sets 42.230ms
[2026-09-29T22:25:51.662-0400][35.821s][info][gc,start    ] GC(35) Pause Cleanup
[2026-09-29T22:25:51.662-0400][35.821s][info][gc          ] GC(35) Pause Cleanup 116M->116M(298M) 0.277ms
[2026-09-29T22:25:51.662-0400][35.821s][info][gc,cpu      ] GC(35) User=0.00s Sys=0.00s Real=0.00s
[2026-09-29T22:25:51.662-0400][35.821s][info][safepoint   ] Safepoint "G1PauseCleanup", Time since last: 42659312 ns, Reaching safepoint: 6593467 ns, Cleanup: 25001 ns, At safepoint: 449407 ns, Total: 7067875 ns
[2026-09-29T22:25:51.662-0400][35.821s][info][gc,marking  ] GC(35) Concurrent Cleanup for Next Mark
[2026-09-29T22:25:51.663-0400][35.822s][info][gc,marking  ] GC(35) Concurrent Cleanup for Next Mark 0.807ms
[2026-09-29T22:25:51.663-0400][35.822s][info][gc          ] GC(35) Concurrent Mark Cycle 146.784ms
[2026-09-29T22:25:52.185-0400][36.344s][info][safepoint   ] Safepoint "ICBufferFull", Time since last: 522848208 ns, Reaching safepoint: 14458 ns, Cleanup: 106355 ns, At safepoint: 27424 ns, Total: 148237 ns
[2026-09-29T22:25:52.263-0400][36.423s][info][gc,heap,exit] Heap
[2026-09-29T22:25:52.263-0400][36.423s][info][gc,heap,exit]  garbage-first heap   total 305152K, used 194262K [0x0000000709400000, 0x0000000800000000)
[2026-09-29T22:25:52.263-0400][36.423s][info][gc,heap,exit]   region size 2048K, 48 young (98304K), 4 survivors (8192K)
[2026-09-29T22:25:52.263-0400][36.423s][info][gc,heap,exit]  Metaspace       used 130705K, committed 134144K, reserved 1179648K
[2026-09-29T22:25:52.263-0400][36.423s][info][gc,heap,exit]   class space    used 15251K, committed 16576K, reserved 1048576K
