[2026-09-29T22:25:15.852-0400][0.004s][info][gc] Using G1
[2026-09-29T22:25:15.855-0400][0.008s][info][gc,init] Version: 17.0.18+8-LTS (release)
[2026-09-29T22:25:15.856-0400][0.008s][info][gc,init] CPUs: 8 total, 8 available
[2026-09-29T22:25:15.856-0400][0.008s][info][gc,init] Memory: 15788M
[2026-09-29T22:25:15.856-0400][0.008s][info][gc,init] Large Page Support: Disabled
[2026-09-29T22:25:15.856-0400][0.008s][info][gc,init] NUMA Support: Disabled
[2026-09-29T22:25:15.856-0400][0.008s][info][gc,init] Compressed Oops: Enabled (Zero based)
[2026-09-29T22:25:15.856-0400][0.008s][info][gc,init] Heap Region Size: 2M
[2026-09-29T22:25:15.856-0400][0.008s][info][gc,init] Heap Min Capacity: 8M
[2026-09-29T22:25:15.856-0400][0.008s][info][gc,init] Heap Initial Capacity: 248M
[2026-09-29T22:25:15.856-0400][0.008s][info][gc,init] Heap Max Capacity: 3948M
[2026-09-29T22:25:15.856-0400][0.008s][info][gc,init] Pre-touch: Disabled
[2026-09-29T22:25:15.856-0400][0.008s][info][gc,init] Parallel Workers: 8
[2026-09-29T22:25:15.856-0400][0.008s][info][gc,init] Concurrent Workers: 2
[2026-09-29T22:25:15.856-0400][0.008s][info][gc,init] Concurrent Refinement Workers: 8
[2026-09-29T22:25:15.856-0400][0.008s][info][gc,init] Periodic GC: Disabled
[2026-09-29T22:25:15.864-0400][0.016s][info][gc,metaspace] CDS archive(s) mapped at: [0x0000777d7b000000-0x0000777d7bbc7000-0x0000777d7bbc7000), size 12349440, SharedBaseAddress: 0x0000777d7b000000, ArchiveRelocationMode: 1.
[2026-09-29T22:25:15.864-0400][0.016s][info][gc,metaspace] Compressed class space mapped at: 0x0000777d7c000000-0x0000777dbc000000, reserved size: 1073741824
[2026-09-29T22:25:15.864-0400][0.016s][info][gc,metaspace] Narrow klass base: 0x0000777d7b000000, Narrow klass shift: 0, Narrow klass range: 0x100000000
[2026-09-29T22:25:16.345-0400][0.497s][info][safepoint   ] Safepoint "ClassLoaderStatsOperation", Time since last: 474027621 ns, Reaching safepoint: 4654 ns, Cleanup: 35927 ns, At safepoint: 148213 ns, Total: 188794 ns
[2026-09-29T22:25:21.396-0400][5.548s][info][safepoint   ] Safepoint "ClassLoaderStatsOperation", Time since last: 5051456519 ns, Reaching safepoint: 5405 ns, Cleanup: 6111 ns, At safepoint: 182833 ns, Total: 194349 ns
[2026-09-29T22:25:26.415-0400][10.567s][info][safepoint   ] Safepoint "ClassLoaderStatsOperation", Time since last: 5018169581 ns, Reaching safepoint: 5762 ns, Cleanup: 6727 ns, At safepoint: 216882 ns, Total: 229371 ns
[2026-09-29T22:25:31.211-0400][15.363s][info][safepoint   ] Safepoint "ClassLoaderStatsOperation", Time since last: 4795887755 ns, Reaching safepoint: 5249 ns, Cleanup: 5136 ns, At safepoint: 158621 ns, Total: 169006 ns
[2026-09-29T22:25:34.937-0400][19.089s][info][gc,heap,exit] Heap
[2026-09-29T22:25:34.937-0400][19.089s][info][gc,heap,exit]  garbage-first heap   total 258048K, used 6534K [0x0000000709400000, 0x0000000800000000)
[2026-09-29T22:25:34.937-0400][19.089s][info][gc,heap,exit]   region size 2048K, 3 young (6144K), 0 survivors (0K)
[2026-09-29T22:25:34.937-0400][19.089s][info][gc,heap,exit]  Metaspace       used 1850K, committed 2048K, reserved 1114112K
[2026-09-29T22:25:34.937-0400][19.089s][info][gc,heap,exit]   class space    used 185K, committed 256K, reserved 1048576K
