[2026-09-29T22:26:38.769-0400][0.004s][info][gc] Using G1
[2026-09-29T22:26:38.772-0400][0.007s][info][gc,init] Version: 17.0.18+8-LTS (release)
[2026-09-29T22:26:38.772-0400][0.007s][info][gc,init] CPUs: 8 total, 8 available
[2026-09-29T22:26:38.772-0400][0.007s][info][gc,init] Memory: 15788M
[2026-09-29T22:26:38.772-0400][0.007s][info][gc,init] Large Page Support: Disabled
[2026-09-29T22:26:38.772-0400][0.007s][info][gc,init] NUMA Support: Disabled
[2026-09-29T22:26:38.772-0400][0.007s][info][gc,init] Compressed Oops: Enabled (Zero based)
[2026-09-29T22:26:38.772-0400][0.007s][info][gc,init] Heap Region Size: 2M
[2026-09-29T22:26:38.772-0400][0.007s][info][gc,init] Heap Min Capacity: 8M
[2026-09-29T22:26:38.772-0400][0.007s][info][gc,init] Heap Initial Capacity: 248M
[2026-09-29T22:26:38.772-0400][0.007s][info][gc,init] Heap Max Capacity: 3948M
[2026-09-29T22:26:38.772-0400][0.007s][info][gc,init] Pre-touch: Disabled
[2026-09-29T22:26:38.772-0400][0.007s][info][gc,init] Parallel Workers: 8
[2026-09-29T22:26:38.772-0400][0.007s][info][gc,init] Concurrent Workers: 2
[2026-09-29T22:26:38.772-0400][0.007s][info][gc,init] Concurrent Refinement Workers: 8
[2026-09-29T22:26:38.772-0400][0.007s][info][gc,init] Periodic GC: Disabled
[2026-09-29T22:26:38.781-0400][0.016s][info][gc,metaspace] CDS archive(s) mapped at: [0x00007556f7000000-0x00007556f7bc7000-0x00007556f7bc7000), size 12349440, SharedBaseAddress: 0x00007556f7000000, ArchiveRelocationMode: 1.
[2026-09-29T22:26:38.781-0400][0.016s][info][gc,metaspace] Compressed class space mapped at: 0x00007556f8000000-0x0000755738000000, reserved size: 1073741824
[2026-09-29T22:26:38.781-0400][0.016s][info][gc,metaspace] Narrow klass base: 0x00007556f7000000, Narrow klass shift: 0, Narrow klass range: 0x100000000
[2026-09-29T22:26:39.172-0400][0.408s][info][safepoint   ] Safepoint "ClassLoaderStatsOperation", Time since last: 384981844 ns, Reaching safepoint: 32431 ns, Cleanup: 39874 ns, At safepoint: 175355 ns, Total: 247660 ns
[2026-09-29T22:26:44.499-0400][5.735s][info][safepoint   ] Safepoint "ClassLoaderStatsOperation", Time since last: 5326743406 ns, Reaching safepoint: 6433 ns, Cleanup: 6424 ns, At safepoint: 213272 ns, Total: 226129 ns
[2026-09-29T22:26:49.036-0400][10.272s][info][safepoint   ] Safepoint "ClassLoaderStatsOperation", Time since last: 4536450764 ns, Reaching safepoint: 4799 ns, Cleanup: 5651 ns, At safepoint: 165285 ns, Total: 175735 ns
[2026-09-29T22:26:53.947-0400][15.182s][info][safepoint   ] Safepoint "ClassLoaderStatsOperation", Time since last: 4910453096 ns, Reaching safepoint: 5011 ns, Cleanup: 6429 ns, At safepoint: 179918 ns, Total: 191358 ns
[2026-09-29T22:26:58.874-0400][20.110s][info][gc,heap,exit] Heap
[2026-09-29T22:26:58.874-0400][20.110s][info][gc,heap,exit]  garbage-first heap   total 258048K, used 6084K [0x0000000709400000, 0x0000000800000000)
[2026-09-29T22:26:58.874-0400][20.110s][info][gc,heap,exit]   region size 2048K, 3 young (6144K), 0 survivors (0K)
[2026-09-29T22:26:58.874-0400][20.110s][info][gc,heap,exit]  Metaspace       used 1842K, committed 1984K, reserved 1114112K
[2026-09-29T22:26:58.874-0400][20.110s][info][gc,heap,exit]   class space    used 185K, committed 256K, reserved 1048576K
