[2026-09-29T22:27:55.973-0400][0.003s][info][gc] Using G1
[2026-09-29T22:27:55.976-0400][0.006s][info][gc,init] Version: 17.0.18+8-LTS (release)
[2026-09-29T22:27:55.976-0400][0.006s][info][gc,init] CPUs: 8 total, 8 available
[2026-09-29T22:27:55.976-0400][0.006s][info][gc,init] Memory: 15788M
[2026-09-29T22:27:55.976-0400][0.006s][info][gc,init] Large Page Support: Disabled
[2026-09-29T22:27:55.976-0400][0.006s][info][gc,init] NUMA Support: Disabled
[2026-09-29T22:27:55.976-0400][0.006s][info][gc,init] Compressed Oops: Enabled (Zero based)
[2026-09-29T22:27:55.976-0400][0.006s][info][gc,init] Heap Region Size: 8M
[2026-09-29T22:27:55.976-0400][0.006s][info][gc,init] Heap Min Capacity: 8M
[2026-09-29T22:27:55.976-0400][0.006s][info][gc,init] Heap Initial Capacity: 248M
[2026-09-29T22:27:55.976-0400][0.006s][info][gc,init] Heap Max Capacity: 9008M
[2026-09-29T22:27:55.976-0400][0.006s][info][gc,init] Pre-touch: Disabled
[2026-09-29T22:27:55.976-0400][0.006s][info][gc,init] Parallel Workers: 8
[2026-09-29T22:27:55.976-0400][0.006s][info][gc,init] Concurrent Workers: 2
[2026-09-29T22:27:55.976-0400][0.006s][info][gc,init] Concurrent Refinement Workers: 8
[2026-09-29T22:27:55.976-0400][0.006s][info][gc,init] Periodic GC: Enabled
[2026-09-29T22:27:55.976-0400][0.006s][info][gc,init] Periodic GC Interval: 10000ms
[2026-09-29T22:27:55.976-0400][0.006s][info][gc,init] G1 Time-Based Heap Sizing enabled (uncommit-only): evaluation_interval=60000ms, uncommit_delay=300000ms, min_regions_to_uncommit=10
[2026-09-29T22:27:55.988-0400][0.018s][info][gc,metaspace] CDS archive(s) mapped at: [0x0000713a77000000-0x0000713a77bc7000-0x0000713a77bc7000), size 12349440, SharedBaseAddress: 0x0000713a77000000, ArchiveRelocationMode: 1.
[2026-09-29T22:27:55.988-0400][0.018s][info][gc,metaspace] Compressed class space mapped at: 0x0000713a78000000-0x0000713ab8000000, reserved size: 1073741824
[2026-09-29T22:27:55.988-0400][0.018s][info][gc,metaspace] Narrow klass base: 0x0000713a77000000, Narrow klass shift: 0, Narrow klass range: 0x100000000
[2026-09-29T22:27:56.341-0400][0.371s][info][safepoint   ] Safepoint "ClassLoaderStatsOperation", Time since last: 345818414 ns, Reaching safepoint: 31696 ns, Cleanup: 38402 ns, At safepoint: 173947 ns, Total: 244045 ns
[2026-09-29T22:27:57.941-0400][1.971s][info][gc,heap,exit] Heap
[2026-09-29T22:27:57.941-0400][1.971s][info][gc,heap,exit]  garbage-first heap   total 270336K, used 12474K [0x00000005cd000000, 0x0000000800000000)
[2026-09-29T22:27:57.941-0400][1.971s][info][gc,heap,exit]   region size 8192K, 1 young (8192K), 0 survivors (0K)
[2026-09-29T22:27:57.941-0400][1.971s][info][gc,heap,exit]  Metaspace       used 1855K, committed 2048K, reserved 1114112K
[2026-09-29T22:27:57.941-0400][1.971s][info][gc,heap,exit]   class space    used 186K, committed 256K, reserved 1048576K
