[2026-09-29T22:27:20.154-0400][0.004s][info][gc] Using G1
[2026-09-29T22:27:20.157-0400][0.006s][info][gc,init] Version: 17.0.18+8-LTS (release)
[2026-09-29T22:27:20.157-0400][0.007s][info][gc,init] CPUs: 8 total, 8 available
[2026-09-29T22:27:20.157-0400][0.007s][info][gc,init] Memory: 15788M
[2026-09-29T22:27:20.157-0400][0.007s][info][gc,init] Large Page Support: Disabled
[2026-09-29T22:27:20.157-0400][0.007s][info][gc,init] NUMA Support: Disabled
[2026-09-29T22:27:20.157-0400][0.007s][info][gc,init] Compressed Oops: Enabled (Zero based)
[2026-09-29T22:27:20.157-0400][0.007s][info][gc,init] Heap Region Size: 8M
[2026-09-29T22:27:20.157-0400][0.007s][info][gc,init] Heap Min Capacity: 8M
[2026-09-29T22:27:20.157-0400][0.007s][info][gc,init] Heap Initial Capacity: 248M
[2026-09-29T22:27:20.157-0400][0.007s][info][gc,init] Heap Max Capacity: 9552M
[2026-09-29T22:27:20.157-0400][0.007s][info][gc,init] Pre-touch: Disabled
[2026-09-29T22:27:20.157-0400][0.007s][info][gc,init] Parallel Workers: 8
[2026-09-29T22:27:20.157-0400][0.007s][info][gc,init] Concurrent Workers: 2
[2026-09-29T22:27:20.157-0400][0.007s][info][gc,init] Concurrent Refinement Workers: 8
[2026-09-29T22:27:20.157-0400][0.007s][info][gc,init] Periodic GC: Enabled
[2026-09-29T22:27:20.157-0400][0.007s][info][gc,init] Periodic GC Interval: 10000ms
[2026-09-29T22:27:20.157-0400][0.007s][info][gc,init] G1 Time-Based Heap Sizing enabled (uncommit-only): evaluation_interval=60000ms, uncommit_delay=300000ms, min_regions_to_uncommit=10
[2026-09-29T22:27:20.167-0400][0.016s][info][gc,metaspace] CDS archive(s) mapped at: [0x00007cf3bb000000-0x00007cf3bbbc7000-0x00007cf3bbbc7000), size 12349440, SharedBaseAddress: 0x00007cf3bb000000, ArchiveRelocationMode: 1.
[2026-09-29T22:27:20.167-0400][0.017s][info][gc,metaspace] Compressed class space mapped at: 0x00007cf3bc000000-0x00007cf3fc000000, reserved size: 1073741824
[2026-09-29T22:27:20.167-0400][0.017s][info][gc,metaspace] Narrow klass base: 0x00007cf3bb000000, Narrow klass shift: 0, Narrow klass range: 0x100000000
[2026-09-29T22:27:20.610-0400][0.460s][info][safepoint   ] Safepoint "ClassLoaderStatsOperation", Time since last: 436591027 ns, Reaching safepoint: 5273 ns, Cleanup: 33254 ns, At safepoint: 158872 ns, Total: 197399 ns
[2026-09-29T22:27:21.933-0400][1.783s][info][safepoint   ] Safepoint "Cleanup", Time since last: 1322932991 ns, Reaching safepoint: 6784 ns, Cleanup: 16098 ns, At safepoint: 2671 ns, Total: 25553 ns
[2026-09-29T22:27:25.753-0400][5.603s][info][safepoint   ] Safepoint "ClassLoaderStatsOperation", Time since last: 3819754008 ns, Reaching safepoint: 5235 ns, Cleanup: 5845 ns, At safepoint: 206146 ns, Total: 217226 ns
[2026-09-29T22:27:30.183-0400][10.033s][info][gc,start    ] GC(0) Pause Young (Concurrent Start) (G1 Periodic Collection)
[2026-09-29T22:27:30.185-0400][10.035s][info][gc,task     ] GC(0) Using 6 workers of 8 for evacuation
[2026-09-29T22:27:30.203-0400][10.053s][info][gc,phases   ] GC(0)   Pre Evacuate Collection Set: 1.46ms
[2026-09-29T22:27:30.203-0400][10.053s][info][gc,phases   ] GC(0)   Merge Heap Roots: 1.52ms
[2026-09-29T22:27:30.203-0400][10.053s][info][gc,phases   ] GC(0)   Evacuate Collection Set: 13.63ms
[2026-09-29T22:27:30.203-0400][10.053s][info][gc,phases   ] GC(0)   Post Evacuate Collection Set: 0.48ms
[2026-09-29T22:27:30.203-0400][10.053s][info][gc,phases   ] GC(0)   Other: 2.60ms
[2026-09-29T22:27:30.203-0400][10.053s][info][gc,heap     ] GC(0) Eden regions: 1->0(1)
[2026-09-29T22:27:30.203-0400][10.053s][info][gc,heap     ] GC(0) Survivor regions: 0->1(1)
[2026-09-29T22:27:30.203-0400][10.053s][info][gc,heap     ] GC(0) Old regions: 0->0
[2026-09-29T22:27:30.203-0400][10.053s][info][gc,heap     ] GC(0) Archive regions: 2->2
[2026-09-29T22:27:30.203-0400][10.053s][info][gc,heap     ] GC(0) Humongous regions: 0->0
[2026-09-29T22:27:30.203-0400][10.053s][info][gc,metaspace] GC(0) Metaspace: 1839K(1984K)->1839K(1984K) NonClass: 1654K(1728K)->1654K(1728K) Class: 185K(256K)->185K(256K)
[2026-09-29T22:27:30.203-0400][10.053s][info][gc          ] GC(0) Pause Young (Concurrent Start) (G1 Periodic Collection) 12M->8M(264M) 19.791ms
[2026-09-29T22:27:30.203-0400][10.053s][info][gc,cpu      ] GC(0) User=0.00s Sys=0.01s Real=0.02s
[2026-09-29T22:27:30.203-0400][10.053s][info][safepoint   ] Safepoint "G1TryInitiateConcMark", Time since last: 4429892886 ns, Reaching safepoint: 5209 ns, Cleanup: 7359 ns, At safepoint: 19907351 ns, Total: 19919919 ns
[2026-09-29T22:27:30.203-0400][10.053s][info][gc          ] GC(1) Concurrent Mark Cycle
[2026-09-29T22:27:30.203-0400][10.053s][info][gc,marking  ] GC(1) Concurrent Clear Claimed Marks
[2026-09-29T22:27:30.203-0400][10.053s][info][gc,marking  ] GC(1) Concurrent Clear Claimed Marks 0.017ms
[2026-09-29T22:27:30.203-0400][10.053s][info][gc,marking  ] GC(1) Concurrent Scan Root Regions
[2026-09-29T22:27:30.204-0400][10.054s][info][gc,marking  ] GC(1) Concurrent Scan Root Regions 1.224ms
[2026-09-29T22:27:30.204-0400][10.054s][info][gc,marking  ] GC(1) Concurrent Mark
[2026-09-29T22:27:30.204-0400][10.054s][info][gc,marking  ] GC(1) Concurrent Mark From Roots
[2026-09-29T22:27:30.207-0400][10.057s][info][gc,task     ] GC(1) Using 2 workers of 2 for marking
[2026-09-29T22:27:30.210-0400][10.060s][info][gc,marking  ] GC(1) Concurrent Mark From Roots 5.131ms
[2026-09-29T22:27:30.210-0400][10.060s][info][gc,marking  ] GC(1) Concurrent Preclean
[2026-09-29T22:27:30.210-0400][10.060s][info][gc,marking  ] GC(1) Concurrent Preclean 0.062ms
[2026-09-29T22:27:30.211-0400][10.060s][info][gc,start    ] GC(1) Pause Remark
[2026-09-29T22:27:30.213-0400][10.063s][info][gc,heap     ] GC(1) Heap shrink completed: uncommitted 27 regions (216MB), heap size now 48MB
[2026-09-29T22:27:30.213-0400][10.063s][info][gc          ] GC(1) Pause Remark 8M->8M(48M) 2.143ms
[2026-09-29T22:27:30.213-0400][10.063s][info][gc,cpu      ] GC(1) User=0.00s Sys=0.00s Real=0.00s
[2026-09-29T22:27:30.213-0400][10.063s][info][safepoint   ] Safepoint "G1PauseRemark", Time since last: 7535448 ns, Reaching safepoint: 6189 ns, Cleanup: 90821 ns, At safepoint: 2194976 ns, Total: 2291986 ns
[2026-09-29T22:27:30.214-0400][10.064s][info][gc,marking  ] GC(1) Concurrent Mark 9.634ms
[2026-09-29T22:27:30.214-0400][10.064s][info][gc,marking  ] GC(1) Concurrent Rebuild Remembered Sets
[2026-09-29T22:27:30.214-0400][10.064s][info][gc,marking  ] GC(1) Concurrent Rebuild Remembered Sets 0.007ms
[2026-09-29T22:27:30.215-0400][10.064s][info][gc,start    ] GC(1) Pause Cleanup
[2026-09-29T22:27:30.215-0400][10.065s][info][gc          ] GC(1) Pause Cleanup 8M->8M(48M) 0.041ms
[2026-09-29T22:27:30.215-0400][10.065s][info][gc,cpu      ] GC(1) User=0.00s Sys=0.00s Real=0.00s
[2026-09-29T22:27:30.215-0400][10.065s][info][safepoint   ] Safepoint "G1PauseCleanup", Time since last: 1813970 ns, Reaching safepoint: 7145 ns, Cleanup: 7376 ns, At safepoint: 76021 ns, Total: 90542 ns
[2026-09-29T22:27:30.215-0400][10.065s][info][gc,marking  ] GC(1) Concurrent Cleanup for Next Mark
[2026-09-29T22:27:30.221-0400][10.071s][info][gc,marking  ] GC(1) Concurrent Cleanup for Next Mark 5.945ms
[2026-09-29T22:27:30.221-0400][10.071s][info][gc          ] GC(1) Concurrent Mark Cycle 17.520ms
[2026-09-29T22:27:30.728-0400][10.578s][info][safepoint   ] Safepoint "ClassLoaderStatsOperation", Time since last: 513066355 ns, Reaching safepoint: 5441 ns, Cleanup: 5680 ns, At safepoint: 194924 ns, Total: 206045 ns
[2026-09-29T22:27:35.627-0400][15.477s][info][safepoint   ] Safepoint "ClassLoaderStatsOperation", Time since last: 4898809522 ns, Reaching safepoint: 6423 ns, Cleanup: 6682 ns, At safepoint: 231291 ns, Total: 244396 ns
[2026-09-29T22:27:40.010-0400][19.860s][info][gc,heap,exit] Heap
[2026-09-29T22:27:40.010-0400][19.860s][info][gc,heap,exit]  garbage-first heap   total 49152K, used 9161K [0x00000005ab000000, 0x0000000800000000)
[2026-09-29T22:27:40.010-0400][19.860s][info][gc,heap,exit]   region size 8192K, 2 young (16384K), 1 survivors (8192K)
[2026-09-29T22:27:40.010-0400][19.860s][info][gc,heap,exit]  Metaspace       used 1840K, committed 1984K, reserved 1114112K
[2026-09-29T22:27:40.010-0400][19.860s][info][gc,heap,exit]   class space    used 185K, committed 256K, reserved 1048576K
