[2026-09-29T22:27:20.163-0400][0.004s][info][gc] Using G1
[2026-09-29T22:27:20.166-0400][0.008s][info][gc,init] Version: 17.0.18+8-LTS (release)
[2026-09-29T22:27:20.167-0400][0.008s][info][gc,init] CPUs: 8 total, 8 available
[2026-09-29T22:27:20.167-0400][0.008s][info][gc,init] Memory: 15788M
[2026-09-29T22:27:20.167-0400][0.008s][info][gc,init] Large Page Support: Disabled
[2026-09-29T22:27:20.167-0400][0.008s][info][gc,init] NUMA Support: Disabled
[2026-09-29T22:27:20.167-0400][0.008s][info][gc,init] Compressed Oops: Enabled (Zero based)
[2026-09-29T22:27:20.167-0400][0.008s][info][gc,init] Heap Region Size: 8M
[2026-09-29T22:27:20.167-0400][0.008s][info][gc,init] Heap Min Capacity: 8M
[2026-09-29T22:27:20.167-0400][0.008s][info][gc,init] Heap Initial Capacity: 248M
[2026-09-29T22:27:20.167-0400][0.008s][info][gc,init] Heap Max Capacity: 9552M
[2026-09-29T22:27:20.167-0400][0.008s][info][gc,init] Pre-touch: Disabled
[2026-09-29T22:27:20.167-0400][0.008s][info][gc,init] Parallel Workers: 8
[2026-09-29T22:27:20.167-0400][0.008s][info][gc,init] Concurrent Workers: 2
[2026-09-29T22:27:20.167-0400][0.008s][info][gc,init] Concurrent Refinement Workers: 8
[2026-09-29T22:27:20.167-0400][0.008s][info][gc,init] Periodic GC: Enabled
[2026-09-29T22:27:20.167-0400][0.008s][info][gc,init] Periodic GC Interval: 10000ms
[2026-09-29T22:27:20.167-0400][0.008s][info][gc,init] G1 Time-Based Heap Sizing enabled (uncommit-only): evaluation_interval=60000ms, uncommit_delay=300000ms, min_regions_to_uncommit=10
[2026-09-29T22:27:20.175-0400][0.017s][info][gc,metaspace] CDS archive(s) mapped at: [0x000072317b000000-0x000072317bbc7000-0x000072317bbc7000), size 12349440, SharedBaseAddress: 0x000072317b000000, ArchiveRelocationMode: 1.
[2026-09-29T22:27:20.175-0400][0.017s][info][gc,metaspace] Compressed class space mapped at: 0x000072317c000000-0x00007231bc000000, reserved size: 1073741824
[2026-09-29T22:27:20.175-0400][0.017s][info][gc,metaspace] Narrow klass base: 0x000072317b000000, Narrow klass shift: 0, Narrow klass range: 0x100000000
[2026-09-29T22:27:20.649-0400][0.490s][info][safepoint   ] Safepoint "ClassLoaderStatsOperation", Time since last: 467176316 ns, Reaching safepoint: 108892 ns, Cleanup: 61417 ns, At safepoint: 362720 ns, Total: 533029 ns
[2026-09-29T22:27:20.804-0400][0.646s][info][gc,start    ] GC(0) Pause Young (Normal) (G1 Evacuation Pause)
[2026-09-29T22:27:20.806-0400][0.647s][info][gc,task     ] GC(0) Using 6 workers of 8 for evacuation
[2026-09-29T22:27:20.811-0400][0.653s][info][gc,phases   ] GC(0)   Pre Evacuate Collection Set: 0.11ms
[2026-09-29T22:27:20.812-0400][0.653s][info][gc,phases   ] GC(0)   Merge Heap Roots: 0.15ms
[2026-09-29T22:27:20.812-0400][0.653s][info][gc,phases   ] GC(0)   Evacuate Collection Set: 4.80ms
[2026-09-29T22:27:20.812-0400][0.653s][info][gc,phases   ] GC(0)   Post Evacuate Collection Set: 0.77ms
[2026-09-29T22:27:20.812-0400][0.653s][info][gc,phases   ] GC(0)   Other: 1.20ms
[2026-09-29T22:27:20.812-0400][0.653s][info][gc,heap     ] GC(0) Eden regions: 2->0(3)
[2026-09-29T22:27:20.812-0400][0.653s][info][gc,heap     ] GC(0) Survivor regions: 0->1(1)
[2026-09-29T22:27:20.812-0400][0.653s][info][gc,heap     ] GC(0) Old regions: 0->0
[2026-09-29T22:27:20.812-0400][0.653s][info][gc,heap     ] GC(0) Archive regions: 2->2
[2026-09-29T22:27:20.812-0400][0.653s][info][gc,heap     ] GC(0) Humongous regions: 0->0
[2026-09-29T22:27:20.812-0400][0.653s][info][gc,metaspace] GC(0) Metaspace: 5896K(6080K)->5896K(6080K) NonClass: 5282K(5376K)->5282K(5376K) Class: 613K(704K)->613K(704K)
[2026-09-29T22:27:20.812-0400][0.653s][info][gc          ] GC(0) Pause Young (Normal) (G1 Evacuation Pause) 23M->10M(264M) 7.133ms
[2026-09-29T22:27:20.812-0400][0.653s][info][gc,cpu      ] GC(0) User=0.01s Sys=0.01s Real=0.01s
[2026-09-29T22:27:20.812-0400][0.653s][info][safepoint   ] Safepoint "G1CollectForAllocation", Time since last: 154453050 ns, Reaching safepoint: 7078 ns, Cleanup: 1153782 ns, At safepoint: 7264039 ns, Total: 8424899 ns
[2026-09-29T22:27:21.007-0400][0.848s][info][gc,start    ] GC(1) Pause Young (Normal) (G1 Evacuation Pause)
[2026-09-29T22:27:21.007-0400][0.848s][info][gc,task     ] GC(1) Using 6 workers of 8 for evacuation
[2026-09-29T22:27:21.010-0400][0.852s][info][gc,phases   ] GC(1)   Pre Evacuate Collection Set: 0.19ms
[2026-09-29T22:27:21.010-0400][0.852s][info][gc,phases   ] GC(1)   Merge Heap Roots: 0.13ms
[2026-09-29T22:27:21.010-0400][0.852s][info][gc,phases   ] GC(1)   Evacuate Collection Set: 2.20ms
[2026-09-29T22:27:21.010-0400][0.852s][info][gc,phases   ] GC(1)   Post Evacuate Collection Set: 0.71ms
[2026-09-29T22:27:21.010-0400][0.852s][info][gc,phases   ] GC(1)   Other: 0.12ms
[2026-09-29T22:27:21.010-0400][0.852s][info][gc,heap     ] GC(1) Eden regions: 3->0(16)
[2026-09-29T22:27:21.010-0400][0.852s][info][gc,heap     ] GC(1) Survivor regions: 1->1(1)
[2026-09-29T22:27:21.010-0400][0.852s][info][gc,heap     ] GC(1) Old regions: 0->0
[2026-09-29T22:27:21.010-0400][0.852s][info][gc,heap     ] GC(1) Archive regions: 2->2
[2026-09-29T22:27:21.010-0400][0.852s][info][gc,heap     ] GC(1) Humongous regions: 0->0
[2026-09-29T22:27:21.010-0400][0.852s][info][gc,metaspace] GC(1) Metaspace: 8057K(8320K)->8057K(8320K) NonClass: 7177K(7296K)->7177K(7296K) Class: 880K(1024K)->880K(1024K)
[2026-09-29T22:27:21.010-0400][0.852s][info][gc          ] GC(1) Pause Young (Normal) (G1 Evacuation Pause) 34M->11M(264M) 3.428ms
[2026-09-29T22:27:21.010-0400][0.852s][info][gc,cpu      ] GC(1) User=0.02s Sys=0.00s Real=0.01s
[2026-09-29T22:27:21.010-0400][0.852s][info][safepoint   ] Safepoint "G1CollectForAllocation", Time since last: 195231666 ns, Reaching safepoint: 10597 ns, Cleanup: 54923 ns, At safepoint: 3499254 ns, Total: 3564774 ns
[2026-09-29T22:27:21.308-0400][1.150s][info][safepoint   ] Safepoint "ICBufferFull", Time since last: 297114613 ns, Reaching safepoint: 326670 ns, Cleanup: 119410 ns, At safepoint: 57723 ns, Total: 503803 ns
[2026-09-29T22:27:21.573-0400][1.414s][info][safepoint   ] Safepoint "ICBufferFull", Time since last: 264496682 ns, Reaching safepoint: 101832 ns, Cleanup: 128360 ns, At safepoint: 94019 ns, Total: 324211 ns
[2026-09-29T22:27:21.573-0400][1.415s][info][safepoint   ] Safepoint "ICBufferFull", Time since last: 260175 ns, Reaching safepoint: 110905 ns, Cleanup: 8120 ns, At safepoint: 111573 ns, Total: 230598 ns
[2026-09-29T22:27:21.574-0400][1.415s][info][safepoint   ] Safepoint "ICBufferFull", Time since last: 148718 ns, Reaching safepoint: 94672 ns, Cleanup: 6972 ns, At safepoint: 107511 ns, Total: 209155 ns
[2026-09-29T22:27:21.820-0400][1.662s][info][gc,start    ] GC(2) Pause Young (Normal) (G1 Evacuation Pause)
[2026-09-29T22:27:21.820-0400][1.662s][info][gc,task     ] GC(2) Using 6 workers of 8 for evacuation
[2026-09-29T22:27:21.828-0400][1.669s][info][gc,phases   ] GC(2)   Pre Evacuate Collection Set: 0.16ms
[2026-09-29T22:27:21.828-0400][1.669s][info][gc,phases   ] GC(2)   Merge Heap Roots: 0.14ms
[2026-09-29T22:27:21.828-0400][1.669s][info][gc,phases   ] GC(2)   Evacuate Collection Set: 5.60ms
[2026-09-29T22:27:21.828-0400][1.669s][info][gc,phases   ] GC(2)   Post Evacuate Collection Set: 1.50ms
[2026-09-29T22:27:21.828-0400][1.669s][info][gc,phases   ] GC(2)   Other: 0.13ms
[2026-09-29T22:27:21.828-0400][1.669s][info][gc,heap     ] GC(2) Eden regions: 16->0(16)
[2026-09-29T22:27:21.828-0400][1.669s][info][gc,heap     ] GC(2) Survivor regions: 1->2(3)
[2026-09-29T22:27:21.828-0400][1.669s][info][gc,heap     ] GC(2) Old regions: 0->0
[2026-09-29T22:27:21.828-0400][1.669s][info][gc,heap     ] GC(2) Archive regions: 2->2
[2026-09-29T22:27:21.828-0400][1.669s][info][gc,heap     ] GC(2) Humongous regions: 0->0
[2026-09-29T22:27:21.828-0400][1.669s][info][gc,metaspace] GC(2) Metaspace: 15916K(16320K)->15916K(16320K) NonClass: 14238K(14528K)->14238K(14528K) Class: 1678K(1792K)->1678K(1792K)
[2026-09-29T22:27:21.828-0400][1.669s][info][gc          ] GC(2) Pause Young (Normal) (G1 Evacuation Pause) 139M->19M(264M) 7.579ms
[2026-09-29T22:27:21.828-0400][1.669s][info][gc,cpu      ] GC(2) User=0.02s Sys=0.02s Real=0.01s
[2026-09-29T22:27:21.828-0400][1.669s][info][safepoint   ] Safepoint "G1CollectForAllocation", Time since last: 246471187 ns, Reaching safepoint: 6964 ns, Cleanup: 100956 ns, At safepoint: 7656653 ns, Total: 7764573 ns
[2026-09-29T22:27:22.072-0400][1.914s][info][safepoint   ] Safepoint "ICBufferFull", Time since last: 244163537 ns, Reaching safepoint: 9421 ns, Cleanup: 131638 ns, At safepoint: 36370 ns, Total: 177429 ns
[2026-09-29T22:27:22.416-0400][2.258s][info][gc,start    ] GC(3) Pause Young (Normal) (G1 Evacuation Pause)
[2026-09-29T22:27:22.416-0400][2.258s][info][gc,task     ] GC(3) Using 6 workers of 8 for evacuation
[2026-09-29T22:27:22.426-0400][2.267s][info][gc,phases   ] GC(3)   Pre Evacuate Collection Set: 0.17ms
[2026-09-29T22:27:22.426-0400][2.267s][info][gc,phases   ] GC(3)   Merge Heap Roots: 0.18ms
[2026-09-29T22:27:22.426-0400][2.267s][info][gc,phases   ] GC(3)   Evacuate Collection Set: 7.95ms
[2026-09-29T22:27:22.426-0400][2.267s][info][gc,phases   ] GC(3)   Post Evacuate Collection Set: 1.04ms
[2026-09-29T22:27:22.426-0400][2.267s][info][gc,phases   ] GC(3)   Other: 0.14ms
[2026-09-29T22:27:22.426-0400][2.267s][info][gc,heap     ] GC(3) Eden regions: 16->0(15)
[2026-09-29T22:27:22.426-0400][2.267s][info][gc,heap     ] GC(3) Survivor regions: 2->3(3)
[2026-09-29T22:27:22.426-0400][2.267s][info][gc,heap     ] GC(3) Old regions: 0->0
[2026-09-29T22:27:22.426-0400][2.267s][info][gc,heap     ] GC(3) Archive regions: 2->2
[2026-09-29T22:27:22.426-0400][2.267s][info][gc,heap     ] GC(3) Humongous regions: 0->0
[2026-09-29T22:27:22.426-0400][2.267s][info][gc,metaspace] GC(3) Metaspace: 16507K(16896K)->16507K(16896K) NonClass: 14795K(15040K)->14795K(15040K) Class: 1711K(1856K)->1711K(1856K)
[2026-09-29T22:27:22.426-0400][2.267s][info][gc          ] GC(3) Pause Young (Normal) (G1 Evacuation Pause) 147M->27M(264M) 9.540ms
[2026-09-29T22:27:22.426-0400][2.267s][info][gc,cpu      ] GC(3) User=0.06s Sys=0.01s Real=0.01s
[2026-09-29T22:27:22.426-0400][2.267s][info][safepoint   ] Safepoint "G1CollectForAllocation", Time since last: 343665812 ns, Reaching safepoint: 7274 ns, Cleanup: 82921 ns, At safepoint: 9654235 ns, Total: 9744430 ns
[2026-09-29T22:27:22.982-0400][2.824s][info][safepoint   ] Safepoint "ICBufferFull", Time since last: 556533657 ns, Reaching safepoint: 16038 ns, Cleanup: 126337 ns, At safepoint: 3488 ns, Total: 145863 ns
[2026-09-29T22:27:23.097-0400][2.939s][info][safepoint   ] Safepoint "ICBufferFull", Time since last: 114619189 ns, Reaching safepoint: 114028 ns, Cleanup: 126923 ns, At safepoint: 102581 ns, Total: 343532 ns
[2026-09-29T22:27:23.152-0400][2.993s][info][gc,start    ] GC(4) Pause Young (Normal) (G1 Evacuation Pause)
[2026-09-29T22:27:23.152-0400][2.994s][info][gc,task     ] GC(4) Using 6 workers of 8 for evacuation
[2026-09-29T22:27:23.168-0400][3.009s][info][gc,phases   ] GC(4)   Pre Evacuate Collection Set: 0.19ms
[2026-09-29T22:27:23.168-0400][3.009s][info][gc,phases   ] GC(4)   Merge Heap Roots: 0.15ms
[2026-09-29T22:27:23.168-0400][3.010s][info][gc,phases   ] GC(4)   Evacuate Collection Set: 14.23ms
[2026-09-29T22:27:23.168-0400][3.010s][info][gc,phases   ] GC(4)   Post Evacuate Collection Set: 1.25ms
[2026-09-29T22:27:23.168-0400][3.010s][info][gc,phases   ] GC(4)   Other: 0.16ms
[2026-09-29T22:27:23.168-0400][3.010s][info][gc,heap     ] GC(4) Eden regions: 15->0(16)
[2026-09-29T22:27:23.168-0400][3.010s][info][gc,heap     ] GC(4) Survivor regions: 3->2(3)
[2026-09-29T22:27:23.168-0400][3.010s][info][gc,heap     ] GC(4) Old regions: 0->2
[2026-09-29T22:27:23.168-0400][3.010s][info][gc,heap     ] GC(4) Archive regions: 2->2
[2026-09-29T22:27:23.168-0400][3.010s][info][gc,heap     ] GC(4) Humongous regions: 0->0
[2026-09-29T22:27:23.168-0400][3.010s][info][gc,metaspace] GC(4) Metaspace: 16947K(17344K)->16947K(17344K) NonClass: 15229K(15488K)->15229K(15488K) Class: 1718K(1856K)->1718K(1856K)
[2026-09-29T22:27:23.168-0400][3.010s][info][gc          ] GC(4) Pause Young (Normal) (G1 Evacuation Pause) 147M->35M(264M) 16.077ms
[2026-09-29T22:27:23.168-0400][3.010s][info][gc,cpu      ] GC(4) User=0.09s Sys=0.02s Real=0.02s
[2026-09-29T22:27:23.168-0400][3.010s][info][safepoint   ] Safepoint "G1CollectForAllocation", Time since last: 54531920 ns, Reaching safepoint: 9164 ns, Cleanup: 67996 ns, At safepoint: 16189708 ns, Total: 16266868 ns
[2026-09-29T22:27:23.401-0400][3.243s][info][safepoint   ] Safepoint "ICBufferFull", Time since last: 232763540 ns, Reaching safepoint: 8619 ns, Cleanup: 98822 ns, At safepoint: 2228 ns, Total: 109669 ns
[2026-09-29T22:27:23.504-0400][3.345s][info][gc,start    ] GC(5) Pause Young (Normal) (G1 Evacuation Pause)
[2026-09-29T22:27:23.504-0400][3.345s][info][gc,task     ] GC(5) Using 6 workers of 8 for evacuation
[2026-09-29T22:27:23.513-0400][3.355s][info][gc,phases   ] GC(5)   Pre Evacuate Collection Set: 0.09ms
[2026-09-29T22:27:23.513-0400][3.355s][info][gc,phases   ] GC(5)   Merge Heap Roots: 0.10ms
[2026-09-29T22:27:23.513-0400][3.355s][info][gc,phases   ] GC(5)   Evacuate Collection Set: 8.69ms
[2026-09-29T22:27:23.513-0400][3.355s][info][gc,phases   ] GC(5)   Post Evacuate Collection Set: 0.71ms
[2026-09-29T22:27:23.513-0400][3.355s][info][gc,phases   ] GC(5)   Other: 0.17ms
[2026-09-29T22:27:23.513-0400][3.355s][info][gc,heap     ] GC(5) Eden regions: 16->0(16)
[2026-09-29T22:27:23.513-0400][3.355s][info][gc,heap     ] GC(5) Survivor regions: 2->2(3)
[2026-09-29T22:27:23.513-0400][3.355s][info][gc,heap     ] GC(5) Old regions: 2->3
[2026-09-29T22:27:23.513-0400][3.355s][info][gc,heap     ] GC(5) Archive regions: 2->2
[2026-09-29T22:27:23.513-0400][3.355s][info][gc,heap     ] GC(5) Humongous regions: 0->0
[2026-09-29T22:27:23.513-0400][3.355s][info][gc,metaspace] GC(5) Metaspace: 17022K(17344K)->17022K(17344K) NonClass: 15303K(15488K)->15303K(15488K) Class: 1718K(1856K)->1718K(1856K)
[2026-09-29T22:27:23.513-0400][3.355s][info][gc          ] GC(5) Pause Young (Normal) (G1 Evacuation Pause) 163M->37M(264M) 9.849ms
[2026-09-29T22:27:23.513-0400][3.355s][info][gc,cpu      ] GC(5) User=0.04s Sys=0.02s Real=0.01s
[2026-09-29T22:27:23.513-0400][3.355s][info][safepoint   ] Safepoint "G1CollectForAllocation", Time since last: 102403705 ns, Reaching safepoint: 9216 ns, Cleanup: 23006 ns, At safepoint: 9957696 ns, Total: 9989918 ns
[2026-09-29T22:27:23.791-0400][3.633s][info][gc,start    ] GC(6) Pause Young (Normal) (G1 Evacuation Pause)
[2026-09-29T22:27:23.792-0400][3.633s][info][gc,task     ] GC(6) Using 6 workers of 8 for evacuation
[2026-09-29T22:27:23.798-0400][3.639s][info][gc,phases   ] GC(6)   Pre Evacuate Collection Set: 0.13ms
[2026-09-29T22:27:23.798-0400][3.639s][info][gc,phases   ] GC(6)   Merge Heap Roots: 0.10ms
[2026-09-29T22:27:23.798-0400][3.639s][info][gc,phases   ] GC(6)   Evacuate Collection Set: 5.11ms
[2026-09-29T22:27:23.798-0400][3.639s][info][gc,phases   ] GC(6)   Post Evacuate Collection Set: 0.94ms
[2026-09-29T22:27:23.798-0400][3.639s][info][gc,phases   ] GC(6)   Other: 0.14ms
[2026-09-29T22:27:23.798-0400][3.639s][info][gc,heap     ] GC(6) Eden regions: 16->0(22)
[2026-09-29T22:27:23.798-0400][3.639s][info][gc,heap     ] GC(6) Survivor regions: 2->2(3)
[2026-09-29T22:27:23.798-0400][3.639s][info][gc,heap     ] GC(6) Old regions: 3->3
[2026-09-29T22:27:23.798-0400][3.639s][info][gc,heap     ] GC(6) Archive regions: 2->2
[2026-09-29T22:27:23.798-0400][3.639s][info][gc,heap     ] GC(6) Humongous regions: 0->0
[2026-09-29T22:27:23.798-0400][3.639s][info][gc,metaspace] GC(6) Metaspace: 17048K(17472K)->17048K(17472K) NonClass: 15329K(15616K)->15329K(15616K) Class: 1719K(1856K)->1719K(1856K)
[2026-09-29T22:27:23.798-0400][3.639s][info][gc          ] GC(6) Pause Young (Normal) (G1 Evacuation Pause) 165M->38M(320M) 6.478ms
[2026-09-29T22:27:23.798-0400][3.639s][info][gc,cpu      ] GC(6) User=0.04s Sys=0.00s Real=0.00s
[2026-09-29T22:27:23.798-0400][3.639s][info][safepoint   ] Safepoint "G1CollectForAllocation", Time since last: 277925490 ns, Reaching safepoint: 11905 ns, Cleanup: 45985 ns, At safepoint: 6545633 ns, Total: 6603523 ns
[2026-09-29T22:27:24.243-0400][4.084s][info][safepoint   ] Safepoint "ICBufferFull", Time since last: 444562386 ns, Reaching safepoint: 133930 ns, Cleanup: 120450 ns, At safepoint: 78582 ns, Total: 332962 ns
[2026-09-29T22:27:24.331-0400][4.173s][info][gc,start    ] GC(7) Pause Young (Normal) (G1 Evacuation Pause)
[2026-09-29T22:27:24.331-0400][4.173s][info][gc,task     ] GC(7) Using 7 workers of 8 for evacuation
[2026-09-29T22:27:24.337-0400][4.179s][info][gc,phases   ] GC(7)   Pre Evacuate Collection Set: 0.30ms
[2026-09-29T22:27:24.337-0400][4.179s][info][gc,phases   ] GC(7)   Merge Heap Roots: 0.18ms
[2026-09-29T22:27:24.337-0400][4.179s][info][gc,phases   ] GC(7)   Evacuate Collection Set: 4.40ms
[2026-09-29T22:27:24.337-0400][4.179s][info][gc,phases   ] GC(7)   Post Evacuate Collection Set: 0.92ms
[2026-09-29T22:27:24.337-0400][4.179s][info][gc,phases   ] GC(7)   Other: 0.15ms
[2026-09-29T22:27:24.337-0400][4.179s][info][gc,heap     ] GC(7) Eden regions: 22->0(22)
[2026-09-29T22:27:24.337-0400][4.179s][info][gc,heap     ] GC(7) Survivor regions: 2->2(3)
[2026-09-29T22:27:24.337-0400][4.179s][info][gc,heap     ] GC(7) Old regions: 3->3
[2026-09-29T22:27:24.337-0400][4.179s][info][gc,heap     ] GC(7) Archive regions: 2->2
[2026-09-29T22:27:24.337-0400][4.179s][info][gc,heap     ] GC(7) Humongous regions: 0->0
[2026-09-29T22:27:24.337-0400][4.179s][info][gc,metaspace] GC(7) Metaspace: 17077K(17472K)->17077K(17472K) NonClass: 15357K(15616K)->15357K(15616K) Class: 1719K(1856K)->1719K(1856K)
[2026-09-29T22:27:24.337-0400][4.179s][info][gc          ] GC(7) Pause Young (Normal) (G1 Evacuation Pause) 214M->37M(320M) 6.013ms
[2026-09-29T22:27:24.337-0400][4.179s][info][gc,cpu      ] GC(7) User=0.03s Sys=0.00s Real=0.00s
[2026-09-29T22:27:24.337-0400][4.179s][info][safepoint   ] Safepoint "G1CollectForAllocation", Time since last: 88353682 ns, Reaching safepoint: 10116 ns, Cleanup: 91206 ns, At safepoint: 6130267 ns, Total: 6231589 ns
[2026-09-29T22:27:24.761-0400][4.602s][info][safepoint   ] Safepoint "ICBufferFull", Time since last: 423282990 ns, Reaching safepoint: 8274 ns, Cleanup: 105152 ns, At safepoint: 53825 ns, Total: 167251 ns
[2026-09-29T22:27:24.888-0400][4.730s][info][safepoint   ] Safepoint "ICBufferFull", Time since last: 127238154 ns, Reaching safepoint: 8034 ns, Cleanup: 186242 ns, At safepoint: 110461 ns, Total: 304737 ns
[2026-09-29T22:27:25.068-0400][4.910s][info][safepoint   ] Safepoint "ICBufferFull", Time since last: 179561096 ns, Reaching safepoint: 114114 ns, Cleanup: 85558 ns, At safepoint: 125709 ns, Total: 325381 ns
[2026-09-29T22:27:25.174-0400][5.016s][info][gc,start    ] GC(8) Pause Young (Concurrent Start) (Metadata GC Threshold)
[2026-09-29T22:27:25.174-0400][5.016s][info][gc,task     ] GC(8) Using 7 workers of 8 for evacuation
[2026-09-29T22:27:25.184-0400][5.026s][info][gc,phases   ] GC(8)   Pre Evacuate Collection Set: 0.18ms
[2026-09-29T22:27:25.184-0400][5.026s][info][gc,phases   ] GC(8)   Merge Heap Roots: 0.09ms
[2026-09-29T22:27:25.184-0400][5.026s][info][gc,phases   ] GC(8)   Evacuate Collection Set: 8.54ms
[2026-09-29T22:27:25.184-0400][5.026s][info][gc,phases   ] GC(8)   Post Evacuate Collection Set: 0.84ms
[2026-09-29T22:27:25.184-0400][5.026s][info][gc,phases   ] GC(8)   Other: 0.23ms
[2026-09-29T22:27:25.184-0400][5.026s][info][gc,heap     ] GC(8) Eden regions: 14->0(22)
[2026-09-29T22:27:25.184-0400][5.026s][info][gc,heap     ] GC(8) Survivor regions: 2->2(3)
[2026-09-29T22:27:25.184-0400][5.026s][info][gc,heap     ] GC(8) Old regions: 3->3
[2026-09-29T22:27:25.184-0400][5.026s][info][gc,heap     ] GC(8) Archive regions: 2->2
[2026-09-29T22:27:25.184-0400][5.026s][info][gc,heap     ] GC(8) Humongous regions: 0->0
[2026-09-29T22:27:25.184-0400][5.026s][info][gc,metaspace] GC(8) Metaspace: 20901K(21504K)->20901K(21504K) NonClass: 18857K(19200K)->18857K(19200K) Class: 2043K(2304K)->2043K(2304K)
[2026-09-29T22:27:25.184-0400][5.026s][info][gc          ] GC(8) Pause Young (Concurrent Start) (Metadata GC Threshold) 145M->40M(320M) 9.953ms
[2026-09-29T22:27:25.184-0400][5.026s][info][gc,cpu      ] GC(8) User=0.04s Sys=0.00s Real=0.01s
[2026-09-29T22:27:25.184-0400][5.026s][info][gc          ] GC(9) Concurrent Mark Cycle
[2026-09-29T22:27:25.184-0400][5.026s][info][gc,marking  ] GC(9) Concurrent Clear Claimed Marks
[2026-09-29T22:27:25.184-0400][5.026s][info][gc,marking  ] GC(9) Concurrent Clear Claimed Marks 0.044ms
[2026-09-29T22:27:25.184-0400][5.026s][info][gc,marking  ] GC(9) Concurrent Scan Root Regions
[2026-09-29T22:27:25.184-0400][5.026s][info][safepoint   ] Safepoint "CollectForMetadataAllocation", Time since last: 105642149 ns, Reaching safepoint: 114977 ns, Cleanup: 129109 ns, At safepoint: 10212849 ns, Total: 10456935 ns
[2026-09-29T22:27:25.201-0400][5.043s][info][gc,marking  ] GC(9) Concurrent Scan Root Regions 17.130ms
[2026-09-29T22:27:25.202-0400][5.043s][info][gc,marking  ] GC(9) Concurrent Mark
[2026-09-29T22:27:25.202-0400][5.043s][info][gc,marking  ] GC(9) Concurrent Mark From Roots
[2026-09-29T22:27:25.202-0400][5.043s][info][gc,task     ] GC(9) Using 2 workers of 2 for marking
[2026-09-29T22:27:25.203-0400][5.045s][info][safepoint   ] Safepoint "CollectForMetadataAllocation", Time since last: 11680895 ns, Reaching safepoint: 379958 ns, Cleanup: 14175 ns, At safepoint: 6708645 ns, Total: 7102778 ns
[2026-09-29T22:27:25.241-0400][5.083s][info][gc,marking  ] GC(9) Concurrent Mark From Roots 39.725ms
[2026-09-29T22:27:25.241-0400][5.083s][info][gc,marking  ] GC(9) Concurrent Preclean
[2026-09-29T22:27:25.241-0400][5.083s][info][gc,marking  ] GC(9) Concurrent Preclean 0.087ms
[2026-09-29T22:27:25.242-0400][5.083s][info][gc,start    ] GC(9) Pause Remark
[2026-09-29T22:27:25.251-0400][5.093s][info][gc,heap     ] GC(9) Heap shrink completed: uncommitted 24 regions (192MB), heap size now 128MB
[2026-09-29T22:27:25.251-0400][5.093s][info][gc          ] GC(9) Pause Remark 46M->46M(128M) 9.672ms
[2026-09-29T22:27:25.251-0400][5.093s][info][gc,cpu      ] GC(9) User=0.04s Sys=0.00s Real=0.01s
[2026-09-29T22:27:25.251-0400][5.093s][info][safepoint   ] Safepoint "G1PauseRemark", Time since last: 38190364 ns, Reaching safepoint: 141607 ns, Cleanup: 75490 ns, At safepoint: 9802664 ns, Total: 10019761 ns
[2026-09-29T22:27:25.251-0400][5.093s][info][gc,marking  ] GC(9) Concurrent Mark 49.975ms
[2026-09-29T22:27:25.252-0400][5.093s][info][gc,marking  ] GC(9) Concurrent Rebuild Remembered Sets
[2026-09-29T22:27:25.263-0400][5.104s][info][gc,marking  ] GC(9) Concurrent Rebuild Remembered Sets 11.434ms
[2026-09-29T22:27:25.268-0400][5.109s][info][gc,start    ] GC(9) Pause Cleanup
[2026-09-29T22:27:25.268-0400][5.109s][info][gc          ] GC(9) Pause Cleanup 47M->47M(128M) 0.240ms
[2026-09-29T22:27:25.268-0400][5.109s][info][gc,cpu      ] GC(9) User=0.00s Sys=0.00s Real=0.00s
[2026-09-29T22:27:25.268-0400][5.109s][info][safepoint   ] Safepoint "G1PauseCleanup", Time since last: 11650349 ns, Reaching safepoint: 4417213 ns, Cleanup: 8371 ns, At safepoint: 353464 ns, Total: 4779048 ns
[2026-09-29T22:27:25.268-0400][5.110s][info][gc,marking  ] GC(9) Concurrent Cleanup for Next Mark
[2026-09-29T22:27:25.269-0400][5.111s][info][gc,marking  ] GC(9) Concurrent Cleanup for Next Mark 1.349ms
[2026-09-29T22:27:25.270-0400][5.111s][info][gc          ] GC(9) Concurrent Mark Cycle 85.269ms
[2026-09-29T22:27:25.560-0400][5.401s][info][safepoint   ] Safepoint "ICBufferFull", Time since last: 291772650 ns, Reaching safepoint: 115309 ns, Cleanup: 111840 ns, At safepoint: 41854 ns, Total: 269003 ns
[2026-09-29T22:27:25.644-0400][5.485s][info][gc,start    ] GC(10) Pause Young (Prepare Mixed) (G1 Evacuation Pause)
[2026-09-29T22:27:25.644-0400][5.485s][info][gc,task     ] GC(10) Using 6 workers of 8 for evacuation
[2026-09-29T22:27:25.664-0400][5.505s][info][gc,phases   ] GC(10)   Pre Evacuate Collection Set: 0.09ms
[2026-09-29T22:27:25.664-0400][5.506s][info][gc,phases   ] GC(10)   Merge Heap Roots: 0.15ms
[2026-09-29T22:27:25.664-0400][5.506s][info][gc,phases   ] GC(10)   Evacuate Collection Set: 18.85ms
[2026-09-29T22:27:25.664-0400][5.506s][info][gc,phases   ] GC(10)   Post Evacuate Collection Set: 0.94ms
[2026-09-29T22:27:25.664-0400][5.506s][info][gc,phases   ] GC(10)   Other: 0.13ms
[2026-09-29T22:27:25.664-0400][5.506s][info][gc,heap     ] GC(10) Eden regions: 7->0(1)
[2026-09-29T22:27:25.664-0400][5.506s][info][gc,heap     ] GC(10) Survivor regions: 2->2(2)
[2026-09-29T22:27:25.664-0400][5.506s][info][gc,heap     ] GC(10) Old regions: 3->5
[2026-09-29T22:27:25.664-0400][5.506s][info][gc,heap     ] GC(10) Archive regions: 2->2
[2026-09-29T22:27:25.664-0400][5.506s][info][gc,heap     ] GC(10) Humongous regions: 0->0
[2026-09-29T22:27:25.664-0400][5.506s][info][gc,metaspace] GC(10) Metaspace: 24750K(25728K)->24750K(25728K) NonClass: 22290K(22912K)->22290K(22912K) Class: 2459K(2816K)->2459K(2816K)
[2026-09-29T22:27:25.664-0400][5.506s][info][gc          ] GC(10) Pause Young (Prepare Mixed) (G1 Evacuation Pause) 96M->47M(144M) 20.289ms
[2026-09-29T22:27:25.664-0400][5.506s][info][gc,cpu      ] GC(10) User=0.06s Sys=0.01s Real=0.02s
[2026-09-29T22:27:25.664-0400][5.506s][info][safepoint   ] Safepoint "G1CollectForAllocation", Time since last: 83733088 ns, Reaching safepoint: 164113 ns, Cleanup: 26675 ns, At safepoint: 20406389 ns, Total: 20597177 ns
[2026-09-29T22:27:25.723-0400][5.564s][info][gc,start    ] GC(11) Pause Young (Mixed) (G1 Evacuation Pause)
[2026-09-29T22:27:25.723-0400][5.564s][info][gc,task     ] GC(11) Using 6 workers of 8 for evacuation
[2026-09-29T22:27:25.732-0400][5.573s][info][gc,phases   ] GC(11)   Pre Evacuate Collection Set: 0.08ms
[2026-09-29T22:27:25.732-0400][5.573s][info][gc,phases   ] GC(11)   Merge Heap Roots: 0.10ms
[2026-09-29T22:27:25.732-0400][5.573s][info][gc,phases   ] GC(11)   Evacuate Collection Set: 7.98ms
[2026-09-29T22:27:25.732-0400][5.573s][info][gc,phases   ] GC(11)   Post Evacuate Collection Set: 0.71ms
[2026-09-29T22:27:25.732-0400][5.573s][info][gc,phases   ] GC(11)   Other: 0.14ms
[2026-09-29T22:27:25.732-0400][5.573s][info][gc,heap     ] GC(11) Eden regions: 1->0(8)
[2026-09-29T22:27:25.732-0400][5.573s][info][gc,heap     ] GC(11) Survivor regions: 2->1(1)
[2026-09-29T22:27:25.732-0400][5.573s][info][gc,heap     ] GC(11) Old regions: 5->5
[2026-09-29T22:27:25.732-0400][5.573s][info][gc,heap     ] GC(11) Archive regions: 2->2
[2026-09-29T22:27:25.732-0400][5.573s][info][gc,heap     ] GC(11) Humongous regions: 0->0
[2026-09-29T22:27:25.732-0400][5.573s][info][gc,metaspace] GC(11) Metaspace: 25306K(26304K)->25306K(26304K) NonClass: 22787K(23424K)->22787K(23424K) Class: 2518K(2880K)->2518K(2880K)
[2026-09-29T22:27:25.732-0400][5.573s][info][gc          ] GC(11) Pause Young (Mixed) (G1 Evacuation Pause) 55M->45M(176M) 9.099ms
[2026-09-29T22:27:25.732-0400][5.573s][info][gc,cpu      ] GC(11) User=0.04s Sys=0.01s Real=0.01s
[2026-09-29T22:27:25.732-0400][5.573s][info][safepoint   ] Safepoint "G1CollectForAllocation", Time since last: 58344393 ns, Reaching safepoint: 85836 ns, Cleanup: 39645 ns, At safepoint: 9219328 ns, Total: 9344809 ns
[2026-09-29T22:27:25.817-0400][5.659s][info][safepoint   ] Safepoint "ClassLoaderStatsOperation", Time since last: 83172776 ns, Reaching safepoint: 1262105 ns, Cleanup: 38331 ns, At safepoint: 888997 ns, Total: 2189433 ns
[2026-09-29T22:27:26.979-0400][6.820s][info][safepoint   ] Safepoint "Cleanup", Time since last: 1161167480 ns, Reaching safepoint: 102335 ns, Cleanup: 102084 ns, At safepoint: 56820 ns, Total: 261239 ns
[2026-09-29T22:27:27.475-0400][7.316s][info][gc,start    ] GC(12) Pause Young (Concurrent Start) (Metadata GC Threshold)
[2026-09-29T22:27:27.475-0400][7.316s][info][gc,task     ] GC(12) Using 6 workers of 8 for evacuation
[2026-09-29T22:27:27.488-0400][7.330s][info][gc,phases   ] GC(12)   Pre Evacuate Collection Set: 0.14ms
[2026-09-29T22:27:27.489-0400][7.330s][info][gc,phases   ] GC(12)   Merge Heap Roots: 0.17ms
[2026-09-29T22:27:27.489-0400][7.330s][info][gc,phases   ] GC(12)   Evacuate Collection Set: 10.95ms
[2026-09-29T22:27:27.489-0400][7.330s][info][gc,phases   ] GC(12)   Post Evacuate Collection Set: 2.22ms
[2026-09-29T22:27:27.489-0400][7.330s][info][gc,phases   ] GC(12)   Other: 0.18ms
[2026-09-29T22:27:27.489-0400][7.330s][info][gc,heap     ] GC(12) Eden regions: 8->0(8)
[2026-09-29T22:27:27.489-0400][7.330s][info][gc,heap     ] GC(12) Survivor regions: 1->1(2)
[2026-09-29T22:27:27.489-0400][7.330s][info][gc,heap     ] GC(12) Old regions: 5->5
[2026-09-29T22:27:27.489-0400][7.330s][info][gc,heap     ] GC(12) Archive regions: 2->2
[2026-09-29T22:27:27.489-0400][7.330s][info][gc,heap     ] GC(12) Humongous regions: 0->0
[2026-09-29T22:27:27.489-0400][7.330s][info][gc,metaspace] GC(12) Metaspace: 35032K(36416K)->35032K(36416K) NonClass: 31418K(32320K)->31418K(32320K) Class: 3614K(4096K)->3614K(4096K)
[2026-09-29T22:27:27.489-0400][7.330s][info][gc          ] GC(12) Pause Young (Concurrent Start) (Metadata GC Threshold) 104M->50M(176M) 13.806ms
[2026-09-29T22:27:27.489-0400][7.330s][info][gc,cpu      ] GC(12) User=0.05s Sys=0.00s Real=0.02s
[2026-09-29T22:27:27.489-0400][7.330s][info][gc          ] GC(13) Concurrent Mark Cycle
[2026-09-29T22:27:27.489-0400][7.330s][info][gc,marking  ] GC(13) Concurrent Clear Claimed Marks
[2026-09-29T22:27:27.489-0400][7.330s][info][gc,marking  ] GC(13) Concurrent Clear Claimed Marks 0.065ms
[2026-09-29T22:27:27.489-0400][7.330s][info][safepoint   ] Safepoint "CollectForMetadataAllocation", Time since last: 495970068 ns, Reaching safepoint: 8263 ns, Cleanup: 126752 ns, At safepoint: 14044931 ns, Total: 14179946 ns
[2026-09-29T22:27:27.489-0400][7.330s][info][gc,marking  ] GC(13) Concurrent Scan Root Regions
[2026-09-29T22:27:27.498-0400][7.339s][info][gc,marking  ] GC(13) Concurrent Scan Root Regions 8.953ms
[2026-09-29T22:27:27.498-0400][7.339s][info][gc,marking  ] GC(13) Concurrent Mark
[2026-09-29T22:27:27.498-0400][7.339s][info][gc,marking  ] GC(13) Concurrent Mark From Roots
[2026-09-29T22:27:27.498-0400][7.339s][info][gc,task     ] GC(13) Using 2 workers of 2 for marking
[2026-09-29T22:27:27.536-0400][7.377s][info][safepoint   ] Safepoint "CollectForMetadataAllocation", Time since last: 46355500 ns, Reaching safepoint: 59672 ns, Cleanup: 22715 ns, At safepoint: 260365 ns, Total: 342752 ns
[2026-09-29T22:27:27.541-0400][7.383s][info][gc,marking  ] GC(13) Concurrent Mark From Roots 43.572ms
[2026-09-29T22:27:27.541-0400][7.383s][info][gc,marking  ] GC(13) Concurrent Preclean
[2026-09-29T22:27:27.542-0400][7.383s][info][gc,marking  ] GC(13) Concurrent Preclean 0.106ms
[2026-09-29T22:27:27.542-0400][7.383s][info][gc,start    ] GC(13) Pause Remark
[2026-09-29T22:27:27.550-0400][7.391s][info][gc,heap     ] GC(13) Heap shrink completed: uncommitted 4 regions (32MB), heap size now 144MB
[2026-09-29T22:27:27.550-0400][7.391s][info][gc          ] GC(13) Pause Remark 51M->51M(144M) 7.787ms
[2026-09-29T22:27:27.550-0400][7.391s][info][gc,cpu      ] GC(13) User=0.02s Sys=0.00s Real=0.01s
[2026-09-29T22:27:27.550-0400][7.391s][info][safepoint   ] Safepoint "G1PauseRemark", Time since last: 6068880 ns, Reaching safepoint: 137501 ns, Cleanup: 14167 ns, At safepoint: 7921694 ns, Total: 8073362 ns
[2026-09-29T22:27:27.550-0400][7.391s][info][gc,marking  ] GC(13) Concurrent Mark 51.864ms
[2026-09-29T22:27:27.550-0400][7.391s][info][gc,marking  ] GC(13) Concurrent Rebuild Remembered Sets
[2026-09-29T22:27:27.568-0400][7.410s][info][gc,marking  ] GC(13) Concurrent Rebuild Remembered Sets 18.303ms
[2026-09-29T22:27:27.568-0400][7.410s][info][gc,start    ] GC(13) Pause Cleanup
[2026-09-29T22:27:27.568-0400][7.410s][info][gc          ] GC(13) Pause Cleanup 52M->52M(144M) 0.225ms
[2026-09-29T22:27:27.568-0400][7.410s][info][gc,cpu      ] GC(13) User=0.01s Sys=0.00s Real=0.00s
[2026-09-29T22:27:27.568-0400][7.410s][info][safepoint   ] Safepoint "G1PauseCleanup", Time since last: 18404368 ns, Reaching safepoint: 9302 ns, Cleanup: 4678 ns, At safepoint: 317762 ns, Total: 331742 ns
[2026-09-29T22:27:27.568-0400][7.410s][info][gc,marking  ] GC(13) Concurrent Cleanup for Next Mark
[2026-09-29T22:27:27.569-0400][7.411s][info][gc,marking  ] GC(13) Concurrent Cleanup for Next Mark 0.784ms
[2026-09-29T22:27:27.569-0400][7.411s][info][gc          ] GC(13) Concurrent Mark Cycle 80.522ms
[2026-09-29T22:27:28.070-0400][7.911s][info][safepoint   ] Safepoint "ICBufferFull", Time since last: 500927967 ns, Reaching safepoint: 11574 ns, Cleanup: 161186 ns, At safepoint: 93193 ns, Total: 265953 ns
[2026-09-29T22:27:28.564-0400][8.405s][info][safepoint   ] Safepoint "ICBufferFull", Time since last: 494110639 ns, Reaching safepoint: 9256 ns, Cleanup: 101643 ns, At safepoint: 46245 ns, Total: 157144 ns
[2026-09-29T22:27:28.673-0400][8.514s][info][safepoint   ] Safepoint "G1CollectForAllocation", Time since last: 108772507 ns, Reaching safepoint: 8482 ns, Cleanup: 41248 ns, At safepoint: 30670 ns, Total: 80400 ns
[2026-09-29T22:27:28.673-0400][8.514s][info][gc,start    ] GC(14) Pause Young (Concurrent Start) (GCLocker Initiated GC)
[2026-09-29T22:27:28.673-0400][8.514s][info][gc,task     ] GC(14) Using 6 workers of 8 for evacuation
[2026-09-29T22:27:28.684-0400][8.526s][info][gc,phases   ] GC(14)   Pre Evacuate Collection Set: 0.23ms
[2026-09-29T22:27:28.684-0400][8.526s][info][gc,phases   ] GC(14)   Merge Heap Roots: 0.13ms
[2026-09-29T22:27:28.684-0400][8.526s][info][gc,phases   ] GC(14)   Evacuate Collection Set: 8.46ms
[2026-09-29T22:27:28.684-0400][8.526s][info][gc,phases   ] GC(14)   Post Evacuate Collection Set: 2.52ms
[2026-09-29T22:27:28.684-0400][8.526s][info][gc,phases   ] GC(14)   Other: 0.14ms
[2026-09-29T22:27:28.684-0400][8.526s][info][gc,heap     ] GC(14) Eden regions: 9->0(6)
[2026-09-29T22:27:28.684-0400][8.526s][info][gc,heap     ] GC(14) Survivor regions: 1->2(2)
[2026-09-29T22:27:28.684-0400][8.526s][info][gc,heap     ] GC(14) Old regions: 5->5
[2026-09-29T22:27:28.684-0400][8.526s][info][gc,heap     ] GC(14) Archive regions: 2->2
[2026-09-29T22:27:28.684-0400][8.526s][info][gc,heap     ] GC(14) Humongous regions: 1->0
[2026-09-29T22:27:28.684-0400][8.526s][info][gc,metaspace] GC(14) Metaspace: 43991K(45888K)->43991K(45888K) NonClass: 39356K(40576K)->39356K(40576K) Class: 4635K(5312K)->4635K(5312K)
[2026-09-29T22:27:28.685-0400][8.526s][info][gc          ] GC(14) Pause Young (Concurrent Start) (GCLocker Initiated GC) 130M->59M(160M) 11.527ms
[2026-09-29T22:27:28.685-0400][8.526s][info][gc,cpu      ] GC(14) User=0.08s Sys=0.00s Real=0.01s
[2026-09-29T22:27:28.685-0400][8.526s][info][gc          ] GC(15) Concurrent Mark Cycle
[2026-09-29T22:27:28.685-0400][8.526s][info][gc,marking  ] GC(15) Concurrent Clear Claimed Marks
[2026-09-29T22:27:28.685-0400][8.526s][info][safepoint   ] Safepoint "G1CollectForAllocation", Time since last: 188748 ns, Reaching safepoint: 5294 ns, Cleanup: 2769 ns, At safepoint: 11670051 ns, Total: 11678114 ns
[2026-09-29T22:27:28.685-0400][8.526s][info][gc,marking  ] GC(15) Concurrent Clear Claimed Marks 0.085ms
[2026-09-29T22:27:28.685-0400][8.526s][info][gc,marking  ] GC(15) Concurrent Scan Root Regions
[2026-09-29T22:27:28.692-0400][8.533s][info][gc,marking  ] GC(15) Concurrent Scan Root Regions 7.083ms
[2026-09-29T22:27:28.692-0400][8.533s][info][gc,marking  ] GC(15) Concurrent Mark
[2026-09-29T22:27:28.692-0400][8.533s][info][gc,marking  ] GC(15) Concurrent Mark From Roots
[2026-09-29T22:27:28.692-0400][8.533s][info][gc,task     ] GC(15) Using 2 workers of 2 for marking
[2026-09-29T22:27:28.731-0400][8.573s][info][gc,marking  ] GC(15) Concurrent Mark From Roots 39.529ms
[2026-09-29T22:27:28.731-0400][8.573s][info][gc,marking  ] GC(15) Concurrent Preclean
[2026-09-29T22:27:28.732-0400][8.573s][info][gc,marking  ] GC(15) Concurrent Preclean 0.098ms
[2026-09-29T22:27:28.732-0400][8.574s][info][gc,start    ] GC(15) Pause Remark
[2026-09-29T22:27:28.736-0400][8.577s][info][gc          ] GC(15) Pause Remark 67M->67M(160M) 3.514ms
[2026-09-29T22:27:28.736-0400][8.577s][info][gc,cpu      ] GC(15) User=0.01s Sys=0.01s Real=0.00s
[2026-09-29T22:27:28.736-0400][8.577s][info][safepoint   ] Safepoint "G1PauseRemark", Time since last: 46969683 ns, Reaching safepoint: 470680 ns, Cleanup: 56056 ns, At safepoint: 3857742 ns, Total: 4384478 ns
[2026-09-29T22:27:28.736-0400][8.578s][info][gc,marking  ] GC(15) Concurrent Mark 44.229ms
[2026-09-29T22:27:28.736-0400][8.578s][info][gc,marking  ] GC(15) Concurrent Rebuild Remembered Sets
[2026-09-29T22:27:28.753-0400][8.595s][info][gc,marking  ] GC(15) Concurrent Rebuild Remembered Sets 17.411ms
[2026-09-29T22:27:28.754-0400][8.595s][info][gc,start    ] GC(15) Pause Cleanup
[2026-09-29T22:27:28.754-0400][8.596s][info][gc          ] GC(15) Pause Cleanup 68M->68M(160M) 0.317ms
[2026-09-29T22:27:28.754-0400][8.596s][info][gc,cpu      ] GC(15) User=0.00s Sys=0.00s Real=0.00s
[2026-09-29T22:27:28.754-0400][8.596s][info][safepoint   ] Safepoint "G1PauseCleanup", Time since last: 17586466 ns, Reaching safepoint: 120292 ns, Cleanup: 5025 ns, At safepoint: 605713 ns, Total: 731030 ns
[2026-09-29T22:27:28.754-0400][8.596s][info][gc,marking  ] GC(15) Concurrent Cleanup for Next Mark
[2026-09-29T22:27:28.755-0400][8.596s][info][gc,marking  ] GC(15) Concurrent Cleanup for Next Mark 0.353ms
[2026-09-29T22:27:28.755-0400][8.596s][info][gc          ] GC(15) Concurrent Mark Cycle 70.114ms
[2026-09-29T22:27:29.320-0400][9.161s][info][safepoint   ] Safepoint "ICBufferFull", Time since last: 565334301 ns, Reaching safepoint: 8764 ns, Cleanup: 279494 ns, At safepoint: 26174 ns, Total: 314432 ns
[2026-09-29T22:27:29.352-0400][9.193s][info][gc,start    ] GC(16) Pause Young (Normal) (G1 Evacuation Pause)
[2026-09-29T22:27:29.352-0400][9.193s][info][gc,task     ] GC(16) Using 6 workers of 8 for evacuation
[2026-09-29T22:27:29.360-0400][9.202s][info][gc,phases   ] GC(16)   Pre Evacuate Collection Set: 0.17ms
[2026-09-29T22:27:29.360-0400][9.202s][info][gc,phases   ] GC(16)   Merge Heap Roots: 0.15ms
[2026-09-29T22:27:29.360-0400][9.202s][info][gc,phases   ] GC(16)   Evacuate Collection Set: 6.51ms
[2026-09-29T22:27:29.360-0400][9.202s][info][gc,phases   ] GC(16)   Post Evacuate Collection Set: 1.30ms
[2026-09-29T22:27:29.360-0400][9.202s][info][gc,phases   ] GC(16)   Other: 0.13ms
[2026-09-29T22:27:29.360-0400][9.202s][info][gc,heap     ] GC(16) Eden regions: 6->0(6)
[2026-09-29T22:27:29.360-0400][9.202s][info][gc,heap     ] GC(16) Survivor regions: 2->1(1)
[2026-09-29T22:27:29.360-0400][9.202s][info][gc,heap     ] GC(16) Old regions: 5->7
[2026-09-29T22:27:29.360-0400][9.202s][info][gc,heap     ] GC(16) Archive regions: 2->2
[2026-09-29T22:27:29.360-0400][9.202s][info][gc,heap     ] GC(16) Humongous regions: 0->0
[2026-09-29T22:27:29.360-0400][9.202s][info][gc,metaspace] GC(16) Metaspace: 53032K(55296K)->53032K(55296K) NonClass: 47245K(48768K)->47245K(48768K) Class: 5787K(6528K)->5787K(6528K)
[2026-09-29T22:27:29.360-0400][9.202s][info][gc          ] GC(16) Pause Young (Normal) (G1 Evacuation Pause) 107M->62M(160M) 8.321ms
[2026-09-29T22:27:29.360-0400][9.202s][info][gc,cpu      ] GC(16) User=0.05s Sys=0.00s Real=0.01s
[2026-09-29T22:27:29.360-0400][9.202s][info][safepoint   ] Safepoint "G1CollectForAllocation", Time since last: 31865471 ns, Reaching safepoint: 8597 ns, Cleanup: 17345 ns, At safepoint: 8421761 ns, Total: 8447703 ns
[2026-09-29T22:27:29.923-0400][9.765s][info][safepoint   ] Safepoint "ICBufferFull", Time since last: 562598215 ns, Reaching safepoint: 126076 ns, Cleanup: 132866 ns, At safepoint: 150072 ns, Total: 409014 ns
[2026-09-29T22:27:30.014-0400][9.855s][info][gc,start    ] GC(17) Pause Young (Normal) (G1 Evacuation Pause)
[2026-09-29T22:27:30.014-0400][9.855s][info][gc,task     ] GC(17) Using 6 workers of 8 for evacuation
[2026-09-29T22:27:30.020-0400][9.862s][info][gc,phases   ] GC(17)   Pre Evacuate Collection Set: 0.20ms
[2026-09-29T22:27:30.020-0400][9.862s][info][gc,phases   ] GC(17)   Merge Heap Roots: 0.16ms
[2026-09-29T22:27:30.020-0400][9.862s][info][gc,phases   ] GC(17)   Evacuate Collection Set: 4.20ms
[2026-09-29T22:27:30.020-0400][9.862s][info][gc,phases   ] GC(17)   Post Evacuate Collection Set: 1.71ms
[2026-09-29T22:27:30.020-0400][9.862s][info][gc,phases   ] GC(17)   Other: 0.15ms
[2026-09-29T22:27:30.020-0400][9.862s][info][gc,heap     ] GC(17) Eden regions: 6->0(12)
[2026-09-29T22:27:30.020-0400][9.862s][info][gc,heap     ] GC(17) Survivor regions: 1->1(1)
[2026-09-29T22:27:30.020-0400][9.862s][info][gc,heap     ] GC(17) Old regions: 7->7
[2026-09-29T22:27:30.020-0400][9.862s][info][gc,heap     ] GC(17) Archive regions: 2->2
[2026-09-29T22:27:30.020-0400][9.862s][info][gc,heap     ] GC(17) Humongous regions: 0->0
[2026-09-29T22:27:30.020-0400][9.862s][info][gc,metaspace] GC(17) Metaspace: 57703K(60160K)->57703K(60160K) NonClass: 51377K(52992K)->51377K(52992K) Class: 6326K(7168K)->6326K(7168K)
[2026-09-29T22:27:30.020-0400][9.862s][info][gc          ] GC(17) Pause Young (Normal) (G1 Evacuation Pause) 110M->66M(232M) 6.487ms
[2026-09-29T22:27:30.020-0400][9.862s][info][gc,cpu      ] GC(17) User=0.04s Sys=0.01s Real=0.01s
[2026-09-29T22:27:30.020-0400][9.862s][info][safepoint   ] Safepoint "G1CollectForAllocation", Time since last: 90413309 ns, Reaching safepoint: 18024 ns, Cleanup: 53127 ns, At safepoint: 6595240 ns, Total: 6666391 ns
[2026-09-29T22:27:30.759-0400][10.601s][info][safepoint   ] Safepoint "ClassLoaderStatsOperation", Time since last: 736002971 ns, Reaching safepoint: 148706 ns, Cleanup: 187087 ns, At safepoint: 2537975 ns, Total: 2873768 ns
[2026-09-29T22:27:30.911-0400][10.753s][info][gc,start    ] GC(18) Pause Young (Normal) (G1 Evacuation Pause)
[2026-09-29T22:27:30.911-0400][10.753s][info][gc,task     ] GC(18) Using 6 workers of 8 for evacuation
[2026-09-29T22:27:30.927-0400][10.768s][info][gc,phases   ] GC(18)   Pre Evacuate Collection Set: 0.25ms
[2026-09-29T22:27:30.927-0400][10.768s][info][gc,phases   ] GC(18)   Merge Heap Roots: 0.21ms
[2026-09-29T22:27:30.927-0400][10.768s][info][gc,phases   ] GC(18)   Evacuate Collection Set: 10.22ms
[2026-09-29T22:27:30.927-0400][10.768s][info][gc,phases   ] GC(18)   Post Evacuate Collection Set: 4.57ms
[2026-09-29T22:27:30.927-0400][10.768s][info][gc,phases   ] GC(18)   Other: 0.31ms
[2026-09-29T22:27:30.927-0400][10.768s][info][gc,heap     ] GC(18) Eden regions: 12->0(10)
[2026-09-29T22:27:30.927-0400][10.768s][info][gc,heap     ] GC(18) Survivor regions: 1->2(2)
[2026-09-29T22:27:30.927-0400][10.768s][info][gc,heap     ] GC(18) Old regions: 7->8
[2026-09-29T22:27:30.927-0400][10.768s][info][gc,heap     ] GC(18) Archive regions: 2->2
[2026-09-29T22:27:30.927-0400][10.768s][info][gc,heap     ] GC(18) Humongous regions: 0->0
[2026-09-29T22:27:30.927-0400][10.768s][info][gc,metaspace] GC(18) Metaspace: 59306K(61824K)->59306K(61824K) NonClass: 52819K(54464K)->52819K(54464K) Class: 6486K(7360K)->6486K(7360K)
[2026-09-29T22:27:30.927-0400][10.768s][info][gc          ] GC(18) Pause Young (Normal) (G1 Evacuation Pause) 162M->81M(232M) 15.612ms
[2026-09-29T22:27:30.927-0400][10.768s][info][gc,cpu      ] GC(18) User=0.07s Sys=0.00s Real=0.01s
[2026-09-29T22:27:30.927-0400][10.768s][info][safepoint   ] Safepoint "G1CollectForAllocation", Time since last: 151709082 ns, Reaching safepoint: 20968 ns, Cleanup: 70105 ns, At safepoint: 15839591 ns, Total: 15930664 ns
[2026-09-29T22:27:31.940-0400][11.781s][info][safepoint   ] Safepoint "Cleanup", Time since last: 1012700344 ns, Reaching safepoint: 4301 ns, Cleanup: 312052 ns, At safepoint: 52469 ns, Total: 368822 ns
[2026-09-29T22:27:32.042-0400][11.884s][info][gc,start    ] GC(19) Pause Young (Normal) (G1 Evacuation Pause)
[2026-09-29T22:27:32.042-0400][11.884s][info][gc,task     ] GC(19) Using 6 workers of 8 for evacuation
[2026-09-29T22:27:32.049-0400][11.890s][info][gc,phases   ] GC(19)   Pre Evacuate Collection Set: 0.17ms
[2026-09-29T22:27:32.049-0400][11.890s][info][gc,phases   ] GC(19)   Merge Heap Roots: 0.15ms
[2026-09-29T22:27:32.049-0400][11.890s][info][gc,phases   ] GC(19)   Evacuate Collection Set: 4.84ms
[2026-09-29T22:27:32.049-0400][11.890s][info][gc,phases   ] GC(19)   Post Evacuate Collection Set: 1.20ms
[2026-09-29T22:27:32.049-0400][11.890s][info][gc,phases   ] GC(19)   Other: 0.14ms
[2026-09-29T22:27:32.049-0400][11.890s][info][gc,heap     ] GC(19) Eden regions: 10->0(9)
[2026-09-29T22:27:32.049-0400][11.890s][info][gc,heap     ] GC(19) Survivor regions: 2->1(2)
[2026-09-29T22:27:32.049-0400][11.890s][info][gc,heap     ] GC(19) Old regions: 8->10
[2026-09-29T22:27:32.049-0400][11.890s][info][gc,heap     ] GC(19) Archive regions: 2->2
[2026-09-29T22:27:32.049-0400][11.890s][info][gc,heap     ] GC(19) Humongous regions: 0->0
[2026-09-29T22:27:32.049-0400][11.890s][info][gc,metaspace] GC(19) Metaspace: 73649K(76224K)->73649K(76224K) NonClass: 65340K(67008K)->65340K(67008K) Class: 8309K(9216K)->8309K(9216K)
[2026-09-29T22:27:32.049-0400][11.890s][info][gc          ] GC(19) Pause Young (Normal) (G1 Evacuation Pause) 161M->81M(232M) 6.567ms
[2026-09-29T22:27:32.049-0400][11.890s][info][gc,cpu      ] GC(19) User=0.04s Sys=0.00s Real=0.01s
[2026-09-29T22:27:32.049-0400][11.890s][info][safepoint   ] Safepoint "G1CollectForAllocation", Time since last: 102264462 ns, Reaching safepoint: 8962 ns, Cleanup: 95331 ns, At safepoint: 6647629 ns, Total: 6751922 ns
[2026-09-29T22:27:32.155-0400][11.996s][info][gc,start    ] GC(20) Pause Young (Concurrent Start) (Metadata GC Threshold)
[2026-09-29T22:27:32.155-0400][11.996s][info][gc,task     ] GC(20) Using 6 workers of 8 for evacuation
[2026-09-29T22:27:32.159-0400][12.000s][info][gc,phases   ] GC(20)   Pre Evacuate Collection Set: 0.23ms
[2026-09-29T22:27:32.159-0400][12.000s][info][gc,phases   ] GC(20)   Merge Heap Roots: 0.12ms
[2026-09-29T22:27:32.159-0400][12.000s][info][gc,phases   ] GC(20)   Evacuate Collection Set: 3.02ms
[2026-09-29T22:27:32.159-0400][12.001s][info][gc,phases   ] GC(20)   Post Evacuate Collection Set: 0.89ms
[2026-09-29T22:27:32.159-0400][12.001s][info][gc,phases   ] GC(20)   Other: 0.18ms
[2026-09-29T22:27:32.159-0400][12.001s][info][gc,heap     ] GC(20) Eden regions: 2->0(10)
[2026-09-29T22:27:32.159-0400][12.001s][info][gc,heap     ] GC(20) Survivor regions: 1->1(2)
[2026-09-29T22:27:32.159-0400][12.001s][info][gc,heap     ] GC(20) Old regions: 10->10
[2026-09-29T22:27:32.159-0400][12.001s][info][gc,heap     ] GC(20) Archive regions: 2->2
[2026-09-29T22:27:32.159-0400][12.001s][info][gc,heap     ] GC(20) Humongous regions: 0->0
[2026-09-29T22:27:32.159-0400][12.001s][info][gc,metaspace] GC(20) Metaspace: 75525K(78016K)->75525K(78016K) NonClass: 66988K(68608K)->66988K(68608K) Class: 8536K(9408K)->8536K(9408K)
[2026-09-29T22:27:32.159-0400][12.001s][info][gc          ] GC(20) Pause Young (Concurrent Start) (Metadata GC Threshold) 89M->80M(232M) 4.542ms
[2026-09-29T22:27:32.159-0400][12.001s][info][gc,cpu      ] GC(20) User=0.02s Sys=0.00s Real=0.00s
[2026-09-29T22:27:32.159-0400][12.001s][info][gc          ] GC(21) Concurrent Mark Cycle
[2026-09-29T22:27:32.159-0400][12.001s][info][gc,marking  ] GC(21) Concurrent Clear Claimed Marks
[2026-09-29T22:27:32.159-0400][12.001s][info][safepoint   ] Safepoint "CollectForMetadataAllocation", Time since last: 105545764 ns, Reaching safepoint: 9967 ns, Cleanup: 26717 ns, At safepoint: 4777023 ns, Total: 4813707 ns
[2026-09-29T22:27:32.159-0400][12.001s][info][gc,marking  ] GC(21) Concurrent Clear Claimed Marks 0.112ms
[2026-09-29T22:27:32.159-0400][12.001s][info][gc,marking  ] GC(21) Concurrent Scan Root Regions
[2026-09-29T22:27:32.162-0400][12.004s][info][gc,marking  ] GC(21) Concurrent Scan Root Regions 2.668ms
[2026-09-29T22:27:32.162-0400][12.004s][info][gc,marking  ] GC(21) Concurrent Mark
[2026-09-29T22:27:32.162-0400][12.004s][info][gc,marking  ] GC(21) Concurrent Mark From Roots
[2026-09-29T22:27:32.162-0400][12.004s][info][gc,task     ] GC(21) Using 2 workers of 2 for marking
[2026-09-29T22:27:32.187-0400][12.029s][info][safepoint   ] Safepoint "CollectForMetadataAllocation", Time since last: 27942672 ns, Reaching safepoint: 76852 ns, Cleanup: 16885 ns, At safepoint: 91506 ns, Total: 185243 ns
[2026-09-29T22:27:32.216-0400][12.058s][info][gc,marking  ] GC(21) Concurrent Mark From Roots 54.135ms
[2026-09-29T22:27:32.216-0400][12.058s][info][gc,marking  ] GC(21) Concurrent Preclean
[2026-09-29T22:27:32.217-0400][12.059s][info][gc,marking  ] GC(21) Concurrent Preclean 0.866ms
[2026-09-29T22:27:32.217-0400][12.059s][info][gc,start    ] GC(21) Pause Remark
[2026-09-29T22:27:32.225-0400][12.067s][info][gc,heap     ] GC(21) Heap shrink completed: uncommitted 1 regions (8MB), heap size now 224MB
[2026-09-29T22:27:32.225-0400][12.067s][info][gc          ] GC(21) Pause Remark 83M->83M(224M) 8.233ms
[2026-09-29T22:27:32.226-0400][12.067s][info][gc,cpu      ] GC(21) User=0.03s Sys=0.00s Real=0.01s
[2026-09-29T22:27:32.226-0400][12.067s][info][safepoint   ] Safepoint "G1PauseRemark", Time since last: 29766708 ns, Reaching safepoint: 14665 ns, Cleanup: 10465 ns, At safepoint: 8362950 ns, Total: 8388080 ns
[2026-09-29T22:27:32.226-0400][12.067s][info][gc,marking  ] GC(21) Concurrent Mark 63.600ms
[2026-09-29T22:27:32.226-0400][12.067s][info][gc,marking  ] GC(21) Concurrent Rebuild Remembered Sets
[2026-09-29T22:27:32.262-0400][12.104s][info][gc,marking  ] GC(21) Concurrent Rebuild Remembered Sets 36.569ms
[2026-09-29T22:27:32.263-0400][12.104s][info][gc,start    ] GC(21) Pause Cleanup
[2026-09-29T22:27:32.263-0400][12.104s][info][gc          ] GC(21) Pause Cleanup 88M->88M(224M) 0.223ms
[2026-09-29T22:27:32.263-0400][12.104s][info][gc,cpu      ] GC(21) User=0.00s Sys=0.00s Real=0.00s
[2026-09-29T22:27:32.263-0400][12.104s][info][safepoint   ] Safepoint "G1PauseCleanup", Time since last: 36830326 ns, Reaching safepoint: 174085 ns, Cleanup: 19881 ns, At safepoint: 355627 ns, Total: 549593 ns
[2026-09-29T22:27:32.263-0400][12.104s][info][gc,marking  ] GC(21) Concurrent Cleanup for Next Mark
[2026-09-29T22:27:32.264-0400][12.105s][info][gc,marking  ] GC(21) Concurrent Cleanup for Next Mark 0.637ms
[2026-09-29T22:27:32.264-0400][12.105s][info][gc          ] GC(21) Concurrent Mark Cycle 104.496ms
[2026-09-29T22:27:32.539-0400][12.381s][info][gc,start    ] GC(22) Pause Young (Prepare Mixed) (G1 Evacuation Pause)
[2026-09-29T22:27:32.539-0400][12.381s][info][gc,task     ] GC(22) Using 6 workers of 8 for evacuation
[2026-09-29T22:27:32.547-0400][12.389s][info][gc,phases   ] GC(22)   Pre Evacuate Collection Set: 0.20ms
[2026-09-29T22:27:32.547-0400][12.389s][info][gc,phases   ] GC(22)   Merge Heap Roots: 0.11ms
[2026-09-29T22:27:32.547-0400][12.389s][info][gc,phases   ] GC(22)   Evacuate Collection Set: 4.98ms
[2026-09-29T22:27:32.547-0400][12.389s][info][gc,phases   ] GC(22)   Post Evacuate Collection Set: 2.72ms
[2026-09-29T22:27:32.547-0400][12.389s][info][gc,phases   ] GC(22)   Other: 0.18ms
[2026-09-29T22:27:32.547-0400][12.389s][info][gc,heap     ] GC(22) Eden regions: 10->0(1)
[2026-09-29T22:27:32.547-0400][12.389s][info][gc,heap     ] GC(22) Survivor regions: 1->2(2)
[2026-09-29T22:27:32.547-0400][12.389s][info][gc,heap     ] GC(22) Old regions: 10->11
[2026-09-29T22:27:32.547-0400][12.389s][info][gc,heap     ] GC(22) Archive regions: 2->2
[2026-09-29T22:27:32.547-0400][12.389s][info][gc,heap     ] GC(22) Humongous regions: 0->0
[2026-09-29T22:27:32.547-0400][12.389s][info][gc,metaspace] GC(22) Metaspace: 76293K(78912K)->76293K(78912K) NonClass: 67661K(69376K)->67661K(69376K) Class: 8632K(9536K)->8632K(9536K)
[2026-09-29T22:27:32.547-0400][12.389s][info][gc          ] GC(22) Pause Young (Prepare Mixed) (G1 Evacuation Pause) 160M->92M(224M) 8.283ms
[2026-09-29T22:27:32.547-0400][12.389s][info][gc,cpu      ] GC(22) User=0.07s Sys=0.00s Real=0.02s
[2026-09-29T22:27:32.547-0400][12.389s][info][safepoint   ] Safepoint "G1CollectForAllocation", Time since last: 276008789 ns, Reaching safepoint: 13802 ns, Cleanup: 54448 ns, At safepoint: 8382544 ns, Total: 8450794 ns
[2026-09-29T22:27:32.563-0400][12.404s][info][gc,start    ] GC(23) Pause Young (Mixed) (G1 Evacuation Pause)
[2026-09-29T22:27:32.563-0400][12.404s][info][gc,task     ] GC(23) Using 6 workers of 8 for evacuation
[2026-09-29T22:27:32.568-0400][12.410s][info][gc,phases   ] GC(23)   Pre Evacuate Collection Set: 0.25ms
[2026-09-29T22:27:32.568-0400][12.410s][info][gc,phases   ] GC(23)   Merge Heap Roots: 0.17ms
[2026-09-29T22:27:32.568-0400][12.410s][info][gc,phases   ] GC(23)   Evacuate Collection Set: 3.92ms
[2026-09-29T22:27:32.568-0400][12.410s][info][gc,phases   ] GC(23)   Post Evacuate Collection Set: 1.29ms
[2026-09-29T22:27:32.568-0400][12.410s][info][gc,phases   ] GC(23)   Other: 0.18ms
[2026-09-29T22:27:32.568-0400][12.410s][info][gc,heap     ] GC(23) Eden regions: 1->0(9)
[2026-09-29T22:27:32.568-0400][12.410s][info][gc,heap     ] GC(23) Survivor regions: 2->1(1)
[2026-09-29T22:27:32.568-0400][12.410s][info][gc,heap     ] GC(23) Old regions: 11->10
[2026-09-29T22:27:32.568-0400][12.410s][info][gc,heap     ] GC(23) Archive regions: 2->2
[2026-09-29T22:27:32.568-0400][12.410s][info][gc,heap     ] GC(23) Humongous regions: 0->0
[2026-09-29T22:27:32.568-0400][12.410s][info][gc,metaspace] GC(23) Metaspace: 76293K(78912K)->76293K(78912K) NonClass: 67661K(69376K)->67661K(69376K) Class: 8632K(9536K)->8632K(9536K)
[2026-09-29T22:27:32.568-0400][12.410s][info][gc          ] GC(23) Pause Young (Mixed) (G1 Evacuation Pause) 100M->80M(224M) 5.908ms
[2026-09-29T22:27:32.568-0400][12.410s][info][gc,cpu      ] GC(23) User=0.04s Sys=0.00s Real=0.01s
[2026-09-29T22:27:32.569-0400][12.410s][info][safepoint   ] Safepoint "G1CollectForAllocation", Time since last: 15017224 ns, Reaching safepoint: 19896 ns, Cleanup: 7382 ns, At safepoint: 6053629 ns, Total: 6080907 ns
[2026-09-29T22:27:32.833-0400][12.675s][info][gc,start    ] GC(24) Pause Young (Concurrent Start) (G1 Evacuation Pause)
[2026-09-29T22:27:32.833-0400][12.675s][info][gc,task     ] GC(24) Using 6 workers of 8 for evacuation
[2026-09-29T22:27:32.839-0400][12.681s][info][gc,phases   ] GC(24)   Pre Evacuate Collection Set: 0.30ms
[2026-09-29T22:27:32.839-0400][12.681s][info][gc,phases   ] GC(24)   Merge Heap Roots: 0.16ms
[2026-09-29T22:27:32.839-0400][12.681s][info][gc,phases   ] GC(24)   Evacuate Collection Set: 2.39ms
[2026-09-29T22:27:32.839-0400][12.681s][info][gc,phases   ] GC(24)   Post Evacuate Collection Set: 2.98ms
[2026-09-29T22:27:32.839-0400][12.681s][info][gc,phases   ] GC(24)   Other: 0.17ms
[2026-09-29T22:27:32.839-0400][12.681s][info][gc,heap     ] GC(24) Eden regions: 9->0(8)
[2026-09-29T22:27:32.839-0400][12.681s][info][gc,heap     ] GC(24) Survivor regions: 1->2(2)
[2026-09-29T22:27:32.839-0400][12.681s][info][gc,heap     ] GC(24) Old regions: 10->10
[2026-09-29T22:27:32.839-0400][12.681s][info][gc,heap     ] GC(24) Archive regions: 2->2
[2026-09-29T22:27:32.839-0400][12.681s][info][gc,heap     ] GC(24) Humongous regions: 0->0
[2026-09-29T22:27:32.839-0400][12.681s][info][gc,metaspace] GC(24) Metaspace: 76932K(79616K)->76932K(79616K) NonClass: 68192K(69952K)->68192K(69952K) Class: 8740K(9664K)->8740K(9664K)
[2026-09-29T22:27:32.839-0400][12.681s][info][gc          ] GC(24) Pause Young (Concurrent Start) (G1 Evacuation Pause) 152M->89M(224M) 6.110ms
[2026-09-29T22:27:32.839-0400][12.681s][info][gc,cpu      ] GC(24) User=0.04s Sys=0.00s Real=0.01s
[2026-09-29T22:27:32.839-0400][12.681s][info][gc          ] GC(25) Concurrent Mark Cycle
[2026-09-29T22:27:32.839-0400][12.681s][info][gc,marking  ] GC(25) Concurrent Clear Claimed Marks
[2026-09-29T22:27:32.839-0400][12.681s][info][safepoint   ] Safepoint "G1CollectForAllocation", Time since last: 264455277 ns, Reaching safepoint: 12351 ns, Cleanup: 111501 ns, At safepoint: 6263352 ns, Total: 6387204 ns
[2026-09-29T22:27:32.839-0400][12.681s][info][gc,marking  ] GC(25) Concurrent Clear Claimed Marks 0.099ms
[2026-09-29T22:27:32.839-0400][12.681s][info][gc,marking  ] GC(25) Concurrent Scan Root Regions
[2026-09-29T22:27:32.842-0400][12.684s][info][gc,marking  ] GC(25) Concurrent Scan Root Regions 2.818ms
[2026-09-29T22:27:32.842-0400][12.684s][info][gc,marking  ] GC(25) Concurrent Mark
[2026-09-29T22:27:32.842-0400][12.684s][info][gc,marking  ] GC(25) Concurrent Mark From Roots
[2026-09-29T22:27:32.842-0400][12.684s][info][gc,task     ] GC(25) Using 2 workers of 2 for marking
[2026-09-29T22:27:32.911-0400][12.752s][info][gc,marking  ] GC(25) Concurrent Mark From Roots 68.230ms
[2026-09-29T22:27:32.911-0400][12.752s][info][gc,marking  ] GC(25) Concurrent Preclean
[2026-09-29T22:27:32.911-0400][12.753s][info][gc,marking  ] GC(25) Concurrent Preclean 0.824ms
[2026-09-29T22:27:32.912-0400][12.753s][info][gc,start    ] GC(25) Pause Remark
[2026-09-29T22:27:32.916-0400][12.757s][info][gc          ] GC(25) Pause Remark 108M->108M(224M) 3.957ms
[2026-09-29T22:27:32.916-0400][12.757s][info][gc,cpu      ] GC(25) User=0.02s Sys=0.00s Real=0.00s
[2026-09-29T22:27:32.916-0400][12.757s][info][safepoint   ] Safepoint "G1PauseRemark", Time since last: 72207415 ns, Reaching safepoint: 108334 ns, Cleanup: 15564 ns, At safepoint: 4148008 ns, Total: 4271906 ns
[2026-09-29T22:27:32.916-0400][12.757s][info][gc,marking  ] GC(25) Concurrent Mark 73.624ms
[2026-09-29T22:27:32.916-0400][12.757s][info][gc,marking  ] GC(25) Concurrent Rebuild Remembered Sets
[2026-09-29T22:27:32.944-0400][12.785s][info][gc,marking  ] GC(25) Concurrent Rebuild Remembered Sets 27.683ms
[2026-09-29T22:27:32.944-0400][12.785s][info][gc,start    ] GC(25) Pause Cleanup
[2026-09-29T22:27:32.944-0400][12.786s][info][gc          ] GC(25) Pause Cleanup 120M->120M(224M) 0.191ms
[2026-09-29T22:27:32.944-0400][12.786s][info][gc,cpu      ] GC(25) User=0.00s Sys=0.00s Real=0.00s
[2026-09-29T22:27:32.944-0400][12.786s][info][safepoint   ] Safepoint "G1PauseCleanup", Time since last: 27945717 ns, Reaching safepoint: 114991 ns, Cleanup: 18002 ns, At safepoint: 290522 ns, Total: 423515 ns
[2026-09-29T22:27:32.944-0400][12.786s][info][gc,marking  ] GC(25) Concurrent Cleanup for Next Mark
[2026-09-29T22:27:32.945-0400][12.786s][info][gc,marking  ] GC(25) Concurrent Cleanup for Next Mark 0.518ms
[2026-09-29T22:27:32.945-0400][12.786s][info][gc          ] GC(25) Concurrent Mark Cycle 105.472ms
[2026-09-29T22:27:32.999-0400][12.841s][info][gc,start    ] GC(26) Pause Young (Normal) (G1 Evacuation Pause)
[2026-09-29T22:27:33.000-0400][12.841s][info][gc,task     ] GC(26) Using 6 workers of 8 for evacuation
[2026-09-29T22:27:33.002-0400][12.844s][info][gc,phases   ] GC(26)   Pre Evacuate Collection Set: 0.20ms
[2026-09-29T22:27:33.002-0400][12.844s][info][gc,phases   ] GC(26)   Merge Heap Roots: 0.15ms
[2026-09-29T22:27:33.002-0400][12.844s][info][gc,phases   ] GC(26)   Evacuate Collection Set: 1.82ms
[2026-09-29T22:27:33.002-0400][12.844s][info][gc,phases   ] GC(26)   Post Evacuate Collection Set: 0.67ms
[2026-09-29T22:27:33.003-0400][12.844s][info][gc,phases   ] GC(26)   Other: 0.17ms
[2026-09-29T22:27:33.003-0400][12.844s][info][gc,heap     ] GC(26) Eden regions: 8->0(9)
[2026-09-29T22:27:33.003-0400][12.844s][info][gc,heap     ] GC(26) Survivor regions: 2->1(2)
[2026-09-29T22:27:33.003-0400][12.844s][info][gc,heap     ] GC(26) Old regions: 10->10
[2026-09-29T22:27:33.003-0400][12.844s][info][gc,heap     ] GC(26) Archive regions: 2->2
[2026-09-29T22:27:33.003-0400][12.844s][info][gc,heap     ] GC(26) Humongous regions: 0->0
[2026-09-29T22:27:33.003-0400][12.844s][info][gc,metaspace] GC(26) Metaspace: 77344K(80064K)->77344K(80064K) NonClass: 68532K(70336K)->68532K(70336K) Class: 8811K(9728K)->8811K(9728K)
[2026-09-29T22:27:33.003-0400][12.844s][info][gc          ] GC(26) Pause Young (Normal) (G1 Evacuation Pause) 153M->81M(224M) 3.070ms
[2026-09-29T22:27:33.003-0400][12.844s][info][gc,cpu      ] GC(26) User=0.01s Sys=0.00s Real=0.00s
[2026-09-29T22:27:33.003-0400][12.844s][info][safepoint   ] Safepoint "G1CollectForAllocation", Time since last: 55204884 ns, Reaching safepoint: 11050 ns, Cleanup: 25928 ns, At safepoint: 3202270 ns, Total: 3239248 ns
[2026-09-29T22:27:33.137-0400][12.979s][info][gc,start    ] GC(27) Pause Young (Normal) (G1 Evacuation Pause)
[2026-09-29T22:27:33.137-0400][12.979s][info][gc,task     ] GC(27) Using 6 workers of 8 for evacuation
[2026-09-29T22:27:33.140-0400][12.982s][info][gc,phases   ] GC(27)   Pre Evacuate Collection Set: 0.16ms
[2026-09-29T22:27:33.140-0400][12.982s][info][gc,phases   ] GC(27)   Merge Heap Roots: 0.13ms
[2026-09-29T22:27:33.140-0400][12.982s][info][gc,phases   ] GC(27)   Evacuate Collection Set: 0.66ms
[2026-09-29T22:27:33.140-0400][12.982s][info][gc,phases   ] GC(27)   Post Evacuate Collection Set: 1.77ms
[2026-09-29T22:27:33.140-0400][12.982s][info][gc,phases   ] GC(27)   Other: 0.14ms
[2026-09-29T22:27:33.140-0400][12.982s][info][gc,heap     ] GC(27) Eden regions: 9->0(30)
[2026-09-29T22:27:33.140-0400][12.982s][info][gc,heap     ] GC(27) Survivor regions: 1->1(2)
[2026-09-29T22:27:33.140-0400][12.982s][info][gc,heap     ] GC(27) Old regions: 10->10
[2026-09-29T22:27:33.140-0400][12.982s][info][gc,heap     ] GC(27) Archive regions: 2->2
[2026-09-29T22:27:33.140-0400][12.982s][info][gc,heap     ] GC(27) Humongous regions: 0->0
[2026-09-29T22:27:33.140-0400][12.982s][info][gc,metaspace] GC(27) Metaspace: 77525K(80192K)->77525K(80192K) NonClass: 68705K(70464K)->68705K(70464K) Class: 8820K(9728K)->8820K(9728K)
[2026-09-29T22:27:33.140-0400][12.982s][info][gc          ] GC(27) Pause Young (Normal) (G1 Evacuation Pause) 153M->80M(448M) 2.939ms
[2026-09-29T22:27:33.140-0400][12.982s][info][gc,cpu      ] GC(27) User=0.01s Sys=0.01s Real=0.01s
[2026-09-29T22:27:33.141-0400][12.982s][info][safepoint   ] Safepoint "G1CollectForAllocation", Time since last: 134706814 ns, Reaching safepoint: 16523 ns, Cleanup: 39160 ns, At safepoint: 3096287 ns, Total: 3151970 ns
[2026-09-29T22:27:33.450-0400][13.291s][info][safepoint   ] Safepoint "ICBufferFull", Time since last: 308762830 ns, Reaching safepoint: 10676 ns, Cleanup: 261745 ns, At safepoint: 31293 ns, Total: 303714 ns
[2026-09-29T22:27:33.831-0400][13.673s][info][safepoint   ] Safepoint "ICBufferFull", Time since last: 381287361 ns, Reaching safepoint: 111520 ns, Cleanup: 272098 ns, At safepoint: 129092 ns, Total: 512710 ns
[2026-09-29T22:27:34.224-0400][14.065s][info][safepoint   ] Safepoint "ICBufferFull", Time since last: 392442701 ns, Reaching safepoint: 10618 ns, Cleanup: 114814 ns, At safepoint: 3052 ns, Total: 128484 ns
[2026-09-29T22:27:34.462-0400][14.303s][info][safepoint   ] Safepoint "ICBufferFull", Time since last: 237810279 ns, Reaching safepoint: 15854 ns, Cleanup: 157478 ns, At safepoint: 38659 ns, Total: 211991 ns
[2026-09-29T22:27:34.626-0400][14.467s][info][safepoint   ] Safepoint "ICBufferFull", Time since last: 163879167 ns, Reaching safepoint: 16710 ns, Cleanup: 102119 ns, At safepoint: 32654 ns, Total: 151483 ns
[2026-09-29T22:27:34.800-0400][14.641s][info][safepoint   ] Safepoint "ICBufferFull", Time since last: 173637926 ns, Reaching safepoint: 17083 ns, Cleanup: 123887 ns, At safepoint: 112661 ns, Total: 253631 ns
[2026-09-29T22:27:34.802-0400][14.643s][info][safepoint   ] Safepoint "ICBufferFull", Time since last: 1479964 ns, Reaching safepoint: 138639 ns, Cleanup: 19156 ns, At safepoint: 74964 ns, Total: 232759 ns
[2026-09-29T22:27:34.960-0400][14.802s][info][safepoint   ] Safepoint "ICBufferFull", Time since last: 158402730 ns, Reaching safepoint: 125348 ns, Cleanup: 127838 ns, At safepoint: 51193 ns, Total: 304379 ns
[2026-09-29T22:27:35.645-0400][15.486s][info][safepoint   ] Safepoint "ClassLoaderStatsOperation", Time since last: 680764067 ns, Reaching safepoint: 780735 ns, Cleanup: 66958 ns, At safepoint: 3067418 ns, Total: 3915111 ns
[2026-09-29T22:27:35.691-0400][15.533s][info][gc,start    ] GC(28) Pause Young (Normal) (G1 Evacuation Pause)
[2026-09-29T22:27:35.691-0400][15.533s][info][gc,task     ] GC(28) Using 8 workers of 8 for evacuation
[2026-09-29T22:27:35.705-0400][15.547s][info][gc,phases   ] GC(28)   Pre Evacuate Collection Set: 0.14ms
[2026-09-29T22:27:35.706-0400][15.547s][info][gc,phases   ] GC(28)   Merge Heap Roots: 0.08ms
[2026-09-29T22:27:35.706-0400][15.547s][info][gc,phases   ] GC(28)   Evacuate Collection Set: 9.34ms
[2026-09-29T22:27:35.706-0400][15.547s][info][gc,phases   ] GC(28)   Post Evacuate Collection Set: 4.40ms
[2026-09-29T22:27:35.706-0400][15.547s][info][gc,phases   ] GC(28)   Other: 0.24ms
[2026-09-29T22:27:35.706-0400][15.547s][info][gc,heap     ] GC(28) Eden regions: 30->0(29)
[2026-09-29T22:27:35.706-0400][15.547s][info][gc,heap     ] GC(28) Survivor regions: 1->2(4)
[2026-09-29T22:27:35.706-0400][15.547s][info][gc,heap     ] GC(28) Old regions: 10->10
[2026-09-29T22:27:35.706-0400][15.547s][info][gc,heap     ] GC(28) Archive regions: 2->2
[2026-09-29T22:27:35.706-0400][15.547s][info][gc,heap     ] GC(28) Humongous regions: 0->0
[2026-09-29T22:27:35.706-0400][15.547s][info][gc,metaspace] GC(28) Metaspace: 90012K(92864K)->90012K(92864K) NonClass: 79712K(81472K)->79712K(81472K) Class: 10300K(11392K)->10300K(11392K)
[2026-09-29T22:27:35.706-0400][15.547s][info][gc          ] GC(28) Pause Young (Normal) (G1 Evacuation Pause) 320M->87M(448M) 14.284ms
[2026-09-29T22:27:35.706-0400][15.547s][info][gc,cpu      ] GC(28) User=0.05s Sys=0.01s Real=0.01s
[2026-09-29T22:27:35.706-0400][15.547s][info][safepoint   ] Safepoint "G1CollectForAllocation", Time since last: 46216328 ns, Reaching safepoint: 21699 ns, Cleanup: 26817 ns, At safepoint: 14430252 ns, Total: 14478768 ns
[2026-09-29T22:27:36.607-0400][16.449s][info][safepoint   ] Safepoint "ICBufferFull", Time since last: 900866431 ns, Reaching safepoint: 10137 ns, Cleanup: 350772 ns, At safepoint: 134946 ns, Total: 495855 ns
[2026-09-29T22:27:37.188-0400][17.030s][info][safepoint   ] Safepoint "ICBufferFull", Time since last: 580973737 ns, Reaching safepoint: 13478 ns, Cleanup: 121326 ns, At safepoint: 2649 ns, Total: 137453 ns
[2026-09-29T22:27:37.433-0400][17.275s][info][safepoint   ] Safepoint "ICBufferFull", Time since last: 245071123 ns, Reaching safepoint: 14297 ns, Cleanup: 136133 ns, At safepoint: 41492 ns, Total: 191922 ns
[2026-09-29T22:27:37.791-0400][17.633s][info][safepoint   ] Safepoint "ICBufferFull", Time since last: 357778518 ns, Reaching safepoint: 10836 ns, Cleanup: 102133 ns, At safepoint: 2472 ns, Total: 115441 ns
[2026-09-29T22:27:37.931-0400][17.772s][info][safepoint   ] Safepoint "ICBufferFull", Time since last: 138905386 ns, Reaching safepoint: 215590 ns, Cleanup: 128467 ns, At safepoint: 90450 ns, Total: 434507 ns
[2026-09-29T22:27:38.119-0400][17.961s][info][safepoint   ] Safepoint "ICBufferFull", Time since last: 188571276 ns, Reaching safepoint: 11692 ns, Cleanup: 119751 ns, At safepoint: 1903 ns, Total: 133346 ns
[2026-09-29T22:27:38.404-0400][18.246s][info][safepoint   ] Safepoint "ICBufferFull", Time since last: 284618750 ns, Reaching safepoint: 16636 ns, Cleanup: 118054 ns, At safepoint: 26612 ns, Total: 161302 ns
[2026-09-29T22:27:39.264-0400][19.106s][info][safepoint   ] Safepoint "ICBufferFull", Time since last: 859527404 ns, Reaching safepoint: 118088 ns, Cleanup: 399639 ns, At safepoint: 87787 ns, Total: 605514 ns
[2026-09-29T22:27:39.604-0400][19.445s][info][safepoint   ] Safepoint "ICBufferFull", Time since last: 339268349 ns, Reaching safepoint: 99548 ns, Cleanup: 325447 ns, At safepoint: 32020 ns, Total: 457015 ns
[2026-09-29T22:27:39.615-0400][19.456s][info][gc,start    ] GC(29) Pause Young (Normal) (G1 Evacuation Pause)
[2026-09-29T22:27:39.615-0400][19.456s][info][gc,task     ] GC(29) Using 8 workers of 8 for evacuation
[2026-09-29T22:27:39.626-0400][19.467s][info][gc,phases   ] GC(29)   Pre Evacuate Collection Set: 0.28ms
[2026-09-29T22:27:39.626-0400][19.467s][info][gc,phases   ] GC(29)   Merge Heap Roots: 0.15ms
[2026-09-29T22:27:39.626-0400][19.467s][info][gc,phases   ] GC(29)   Evacuate Collection Set: 7.63ms
[2026-09-29T22:27:39.626-0400][19.467s][info][gc,phases   ] GC(29)   Post Evacuate Collection Set: 2.85ms
[2026-09-29T22:27:39.626-0400][19.467s][info][gc,phases   ] GC(29)   Other: 0.14ms
[2026-09-29T22:27:39.626-0400][19.467s][info][gc,heap     ] GC(29) Eden regions: 29->0(28)
[2026-09-29T22:27:39.626-0400][19.467s][info][gc,heap     ] GC(29) Survivor regions: 2->4(4)
[2026-09-29T22:27:39.626-0400][19.467s][info][gc,heap     ] GC(29) Old regions: 10->10
[2026-09-29T22:27:39.626-0400][19.467s][info][gc,heap     ] GC(29) Archive regions: 2->2
[2026-09-29T22:27:39.626-0400][19.467s][info][gc,heap     ] GC(29) Humongous regions: 0->0
[2026-09-29T22:27:39.626-0400][19.467s][info][gc,metaspace] GC(29) Metaspace: 114162K(117440K)->114162K(117440K) NonClass: 100707K(102720K)->100707K(102720K) Class: 13455K(14720K)->13455K(14720K)
[2026-09-29T22:27:39.626-0400][19.467s][info][gc          ] GC(29) Pause Young (Normal) (G1 Evacuation Pause) 319M->105M(448M) 11.111ms
[2026-09-29T22:27:39.626-0400][19.467s][info][gc,cpu      ] GC(29) User=0.05s Sys=0.01s Real=0.01s
[2026-09-29T22:27:39.626-0400][19.468s][info][safepoint   ] Safepoint "G1CollectForAllocation", Time since last: 10780084 ns, Reaching safepoint: 17990 ns, Cleanup: 53362 ns, At safepoint: 11197603 ns, Total: 11268955 ns
[2026-09-29T22:27:39.986-0400][19.827s][info][safepoint   ] Safepoint "ICBufferFull", Time since last: 359297859 ns, Reaching safepoint: 12481 ns, Cleanup: 287748 ns, At safepoint: 5124 ns, Total: 305353 ns
[2026-09-29T22:27:40.583-0400][20.425s][info][safepoint   ] Safepoint "ClassLoaderStatsOperation", Time since last: 594092116 ns, Reaching safepoint: 125636 ns, Cleanup: 279931 ns, At safepoint: 2920556 ns, Total: 3326123 ns
[2026-09-29T22:27:41.628-0400][21.470s][info][safepoint   ] Safepoint "Cleanup", Time since last: 1045175482 ns, Reaching safepoint: 7698 ns, Cleanup: 127580 ns, At safepoint: 25692 ns, Total: 160970 ns
[2026-09-29T22:27:41.779-0400][21.620s][info][safepoint   ] Safepoint "RedefineClasses", Time since last: 73388875 ns, Reaching safepoint: 46113 ns, Cleanup: 218602 ns, At safepoint: 76512747 ns, Total: 76777462 ns
[2026-09-29T22:27:41.813-0400][21.654s][info][safepoint   ] Safepoint "JFRCheckpoint", Time since last: 34110148 ns, Reaching safepoint: 12080 ns, Cleanup: 39421 ns, At safepoint: 33967 ns, Total: 85468 ns
[2026-09-29T22:27:41.819-0400][21.661s][info][safepoint   ] Safepoint "JFROldObject", Time since last: 6350447 ns, Reaching safepoint: 21144 ns, Cleanup: 10370 ns, At safepoint: 11927 ns, Total: 43441 ns
[2026-09-29T22:27:41.897-0400][21.739s][info][safepoint   ] Safepoint "RedefineClasses", Time since last: 1975020 ns, Reaching safepoint: 14634 ns, Cleanup: 5991 ns, At safepoint: 76099474 ns, Total: 76120099 ns
[2026-09-29T22:27:41.906-0400][21.747s][info][safepoint   ] Safepoint "ClassLoaderStatsOperation", Time since last: 5243733 ns, Reaching safepoint: 19159 ns, Cleanup: 6658 ns, At safepoint: 3267355 ns, Total: 3293172 ns
[2026-09-29T22:27:42.914-0400][22.756s][info][safepoint   ] Safepoint "Cleanup", Time since last: 1008407988 ns, Reaching safepoint: 37311 ns, Cleanup: 98110 ns, At safepoint: 5919 ns, Total: 141340 ns
[2026-09-29T22:27:43.915-0400][23.756s][info][safepoint   ] Safepoint "Cleanup", Time since last: 1000299495 ns, Reaching safepoint: 15010 ns, Cleanup: 33084 ns, At safepoint: 3950 ns, Total: 52044 ns
[2026-09-29T22:27:44.915-0400][24.756s][info][safepoint   ] Safepoint "Cleanup", Time since last: 1000213083 ns, Reaching safepoint: 17317 ns, Cleanup: 30631 ns, At safepoint: 3438 ns, Total: 51386 ns
[2026-09-29T22:27:45.452-0400][25.294s][info][safepoint   ] Safepoint "ClassLoaderStatsOperation", Time since last: 533532862 ns, Reaching safepoint: 14281 ns, Cleanup: 24064 ns, At safepoint: 3812393 ns, Total: 3850738 ns
[2026-09-29T22:27:46.453-0400][26.294s][info][safepoint   ] Safepoint "Cleanup", Time since last: 1000257383 ns, Reaching safepoint: 16696 ns, Cleanup: 39880 ns, At safepoint: 4013 ns, Total: 60589 ns
[2026-09-29T22:27:47.453-0400][27.294s][info][safepoint   ] Safepoint "Cleanup", Time since last: 1000265798 ns, Reaching safepoint: 22188 ns, Cleanup: 45830 ns, At safepoint: 6266 ns, Total: 74284 ns
[2026-09-29T22:27:48.453-0400][28.295s][info][safepoint   ] Safepoint "Cleanup", Time since last: 1000220437 ns, Reaching safepoint: 9319 ns, Cleanup: 75965 ns, At safepoint: 3261 ns, Total: 88545 ns
[2026-09-29T22:27:49.454-0400][29.295s][info][safepoint   ] Safepoint "Cleanup", Time since last: 1000318652 ns, Reaching safepoint: 15173 ns, Cleanup: 23686 ns, At safepoint: 3473 ns, Total: 42332 ns
[2026-09-29T22:27:50.188-0400][30.030s][info][gc,start    ] GC(30) Pause Young (Concurrent Start) (G1 Periodic Collection)
[2026-09-29T22:27:50.189-0400][30.030s][info][gc,task     ] GC(30) Using 8 workers of 8 for evacuation
[2026-09-29T22:27:50.204-0400][30.045s][info][gc,phases   ] GC(30)   Pre Evacuate Collection Set: 0.45ms
[2026-09-29T22:27:50.204-0400][30.045s][info][gc,phases   ] GC(30)   Merge Heap Roots: 0.19ms
[2026-09-29T22:27:50.204-0400][30.045s][info][gc,phases   ] GC(30)   Evacuate Collection Set: 11.08ms
[2026-09-29T22:27:50.204-0400][30.045s][info][gc,phases   ] GC(30)   Post Evacuate Collection Set: 3.27ms
[2026-09-29T22:27:50.204-0400][30.045s][info][gc,phases   ] GC(30)   Other: 0.25ms
[2026-09-29T22:27:50.204-0400][30.045s][info][gc,heap     ] GC(30) Eden regions: 19->0(30)
[2026-09-29T22:27:50.204-0400][30.045s][info][gc,heap     ] GC(30) Survivor regions: 4->2(4)
[2026-09-29T22:27:50.204-0400][30.045s][info][gc,heap     ] GC(30) Old regions: 10->12
[2026-09-29T22:27:50.204-0400][30.045s][info][gc,heap     ] GC(30) Archive regions: 2->2
[2026-09-29T22:27:50.204-0400][30.045s][info][gc,heap     ] GC(30) Humongous regions: 0->0
[2026-09-29T22:27:50.204-0400][30.045s][info][gc,metaspace] GC(30) Metaspace: 128880K(132352K)->128880K(132352K) NonClass: 113853K(115904K)->113853K(115904K) Class: 15027K(16448K)->15027K(16448K)
[2026-09-29T22:27:50.204-0400][30.045s][info][gc          ] GC(30) Pause Young (Concurrent Start) (G1 Periodic Collection) 251M->103M(448M) 15.434ms
[2026-09-29T22:27:50.204-0400][30.045s][info][gc,cpu      ] GC(30) User=0.07s Sys=0.00s Real=0.01s
[2026-09-29T22:27:50.204-0400][30.045s][info][gc          ] GC(31) Concurrent Mark Cycle
[2026-09-29T22:27:50.204-0400][30.045s][info][safepoint   ] Safepoint "G1TryInitiateConcMark", Time since last: 734680157 ns, Reaching safepoint: 18611 ns, Cleanup: 7651 ns, At safepoint: 15647191 ns, Total: 15673453 ns
[2026-09-29T22:27:50.204-0400][30.046s][info][gc,marking  ] GC(31) Concurrent Clear Claimed Marks
[2026-09-29T22:27:50.204-0400][30.046s][info][gc,marking  ] GC(31) Concurrent Clear Claimed Marks 0.175ms
[2026-09-29T22:27:50.204-0400][30.046s][info][gc,marking  ] GC(31) Concurrent Scan Root Regions
[2026-09-29T22:27:50.217-0400][30.058s][info][gc,marking  ] GC(31) Concurrent Scan Root Regions 12.344ms
[2026-09-29T22:27:50.217-0400][30.058s][info][gc,marking  ] GC(31) Concurrent Mark
[2026-09-29T22:27:50.217-0400][30.058s][info][gc,marking  ] GC(31) Concurrent Mark From Roots
[2026-09-29T22:27:50.217-0400][30.058s][info][gc,task     ] GC(31) Using 2 workers of 2 for marking
[2026-09-29T22:27:50.291-0400][30.133s][info][gc,marking  ] GC(31) Concurrent Mark From Roots 74.685ms
[2026-09-29T22:27:50.291-0400][30.133s][info][gc,marking  ] GC(31) Concurrent Preclean
[2026-09-29T22:27:50.292-0400][30.134s][info][gc,marking  ] GC(31) Concurrent Preclean 0.792ms
[2026-09-29T22:27:50.293-0400][30.134s][info][gc,start    ] GC(31) Pause Remark
[2026-09-29T22:27:50.305-0400][30.147s][info][gc,heap     ] GC(31) Heap shrink completed: uncommitted 22 regions (176MB), heap size now 272MB
[2026-09-29T22:27:50.305-0400][30.147s][info][gc          ] GC(31) Pause Remark 103M->103M(272M) 12.861ms
[2026-09-29T22:27:50.305-0400][30.147s][info][gc,cpu      ] GC(31) User=0.03s Sys=0.00s Real=0.01s
[2026-09-29T22:27:50.306-0400][30.147s][info][safepoint   ] Safepoint "G1PauseRemark", Time since last: 88405249 ns, Reaching safepoint: 18228 ns, Cleanup: 30993 ns, At safepoint: 13085747 ns, Total: 13134968 ns
[2026-09-29T22:27:50.306-0400][30.147s][info][gc,marking  ] GC(31) Concurrent Mark 89.051ms
[2026-09-29T22:27:50.306-0400][30.147s][info][gc,marking  ] GC(31) Concurrent Rebuild Remembered Sets
[2026-09-29T22:27:50.341-0400][30.183s][info][gc,marking  ] GC(31) Concurrent Rebuild Remembered Sets 35.402ms
[2026-09-29T22:27:50.341-0400][30.183s][info][gc,start    ] GC(31) Pause Cleanup
[2026-09-29T22:27:50.342-0400][30.183s][info][gc          ] GC(31) Pause Cleanup 106M->106M(272M) 0.262ms
[2026-09-29T22:27:50.342-0400][30.183s][info][gc,cpu      ] GC(31) User=0.00s Sys=0.00s Real=0.00s
[2026-09-29T22:27:50.342-0400][30.183s][info][safepoint   ] Safepoint "G1PauseCleanup", Time since last: 35733325 ns, Reaching safepoint: 15218 ns, Cleanup: 5766 ns, At safepoint: 328772 ns, Total: 349756 ns
[2026-09-29T22:27:50.342-0400][30.183s][info][gc,marking  ] GC(31) Concurrent Cleanup for Next Mark
[2026-09-29T22:27:50.342-0400][30.184s][info][gc,marking  ] GC(31) Concurrent Cleanup for Next Mark 0.409ms
[2026-09-29T22:27:50.342-0400][30.184s][info][gc          ] GC(31) Concurrent Mark Cycle 138.194ms
[2026-09-29T22:27:50.491-0400][30.333s][info][safepoint   ] Safepoint "ClassLoaderStatsOperation", Time since last: 146305454 ns, Reaching safepoint: 16078 ns, Cleanup: 6676 ns, At safepoint: 3224565 ns, Total: 3247319 ns
[2026-09-29T22:27:51.492-0400][31.333s][info][safepoint   ] Safepoint "Cleanup", Time since last: 1000439998 ns, Reaching safepoint: 18575 ns, Cleanup: 55297 ns, At safepoint: 4092 ns, Total: 77964 ns
[2026-09-29T22:27:51.839-0400][31.680s][info][safepoint   ] Safepoint "ClassLoaderStatsOperation", Time since last: 322830426 ns, Reaching safepoint: 21032044 ns, Cleanup: 15138 ns, At safepoint: 3089707 ns, Total: 24136889 ns
[2026-09-29T22:27:51.850-0400][31.692s][info][safepoint   ] Safepoint "JFRCheckpoint", Time since last: 2570536 ns, Reaching safepoint: 9035637 ns, Cleanup: 14955 ns, At safepoint: 172149 ns, Total: 9222741 ns
[2026-09-29T22:27:51.856-0400][31.697s][info][safepoint   ] Safepoint "JFROldObject", Time since last: 4989183 ns, Reaching safepoint: 18662 ns, Cleanup: 7492 ns, At safepoint: 94446 ns, Total: 120600 ns
[2026-09-29T22:27:52.856-0400][32.698s][info][safepoint   ] Safepoint "Cleanup", Time since last: 1000419168 ns, Reaching safepoint: 18442 ns, Cleanup: 17659 ns, At safepoint: 2614 ns, Total: 38715 ns
[2026-09-29T22:27:55.530-0400][35.372s][info][safepoint   ] Safepoint "ClassLoaderStatsOperation", Time since last: 2670255546 ns, Reaching safepoint: 21265 ns, Cleanup: 7056 ns, At safepoint: 3869530 ns, Total: 3897851 ns
[2026-09-29T22:27:56.531-0400][36.372s][info][safepoint   ] Safepoint "Cleanup", Time since last: 1000267072 ns, Reaching safepoint: 26108 ns, Cleanup: 95930 ns, At safepoint: 7064 ns, Total: 129102 ns
[2026-09-29T22:27:57.234-0400][37.076s][info][safepoint   ] Safepoint "ICBufferFull", Time since last: 703371357 ns, Reaching safepoint: 16604 ns, Cleanup: 150579 ns, At safepoint: 43326 ns, Total: 210509 ns
[2026-09-29T22:27:57.405-0400][37.246s][info][gc,heap,exit] Heap
[2026-09-29T22:27:57.405-0400][37.246s][info][gc,heap,exit]  garbage-first heap   total 278528K, used 251094K [0x00000005ab000000, 0x0000000800000000)
[2026-09-29T22:27:57.405-0400][37.246s][info][gc,heap,exit]   region size 8192K, 20 young (163840K), 2 survivors (16384K)
[2026-09-29T22:27:57.405-0400][37.246s][info][gc,heap,exit]  Metaspace       used 130659K, committed 134144K, reserved 1179648K
[2026-09-29T22:27:57.405-0400][37.246s][info][gc,heap,exit]   class space    used 15243K, committed 16640K, reserved 1048576K
