[INFO] Scanning for projects...
[INFO] 
[INFO] -------------------< org.eclipse.ee4j:cargo-tracker >-------------------
[INFO] Building Eclipse Cargo Tracker 1.0-SNAPSHOT
[INFO]   from pom.xml
[INFO] --------------------------------[ war ]---------------------------------
[INFO] 
[INFO] --- liberty:3.12.1:start (default-cli) @ cargo-tracker ---
[INFO] The runtimeArtifact version 26.0.0.8 is overwritten by the liberty.runtime.version value 26.0.0.8.
[INFO] CWWKM2102I: Using artifact based assembly archive : io.openliberty:openliberty-runtime:null:26.0.0.8:zip.
[INFO] CWWKM2102I: Using installDirectory : /home/runner/work/dd-3016202-cargotracker-devoxx-be-2026/dd-3016202-cargotracker-devoxx-be-2026/demo/target/liberty/wlp.
[INFO] CWWKM2102I: Using serverName : defaultServer.
[INFO] CWWKM2102I: Using serverDirectory : /home/runner/work/dd-3016202-cargotracker-devoxx-be-2026/dd-3016202-cargotracker-devoxx-be-2026/demo/target/liberty/wlp/usr/servers/defaultServer.
[INFO] CWWKM2112I: Re-using previously installed assembly.
[INFO] Copying 2 files to /home/runner/work/dd-3016202-cargotracker-devoxx-be-2026/dd-3016202-cargotracker-devoxx-be-2026/demo/target/liberty/wlp/usr/servers/defaultServer
[INFO] CWWKM2144I: Update server configuration file server.xml from /home/runner/work/dd-3016202-cargotracker-devoxx-be-2026/dd-3016202-cargotracker-devoxx-be-2026/demo/src/main/liberty/config/server.xml.
[INFO] CWWKM2144I: Update server configuration file bootstrap.properties from /home/runner/work/dd-3016202-cargotracker-devoxx-be-2026/dd-3016202-cargotracker-devoxx-be-2026/demo/src/main/liberty/config/bootstrap.properties.
[INFO] Copying 1 file to /home/runner/work/dd-3016202-cargotracker-devoxx-be-2026/dd-3016202-cargotracker-devoxx-be-2026/demo/target/liberty/wlp/usr/shared/resources
[INFO] copyDependencies copied file derby-10.14.2.0.jar to location /home/runner/work/dd-3016202-cargotracker-devoxx-be-2026/dd-3016202-cargotracker-devoxx-be-2026/demo/target/liberty/wlp/usr/shared/resources/derby-10.14.2.0.jar.
[INFO] Copying 1 file to /home/runner/work/dd-3016202-cargotracker-devoxx-be-2026/dd-3016202-cargotracker-devoxx-be-2026/demo/target/liberty/wlp/usr/shared/resources
[INFO] copyDependencies copied file derbytools-10.14.2.0.jar to location /home/runner/work/dd-3016202-cargotracker-devoxx-be-2026/dd-3016202-cargotracker-devoxx-be-2026/demo/target/liberty/wlp/usr/shared/resources/derbytools-10.14.2.0.jar.
[INFO] CWWKM2001I: Invoke command is [/home/runner/work/dd-3016202-cargotracker-devoxx-be-2026/dd-3016202-cargotracker-devoxx-be-2026/demo/target/liberty/wlp/bin/server, start, defaultServer].
[INFO] 
[INFO] Picked up JAVA_TOOL_OPTIONS: -javaagent:/home/runner/work/dd-3016202-cargotracker-devoxx-be-2026/dd-3016202-cargotracker-devoxx-be-2026/demo/target/observability/opentelemetry-javaagent.jar
[INFO] OpenJDK 64-Bit Server VM warning: Sharing is only supported for boot loader classes because bootstrap classpath has been appended
[INFO] [otel.javaagent 2026-10-01 06:35:13:062 +0000] [main] INFO io.opentelemetry.javaagent.tooling.VersionLogger - opentelemetry-javaagent - version: 2.31.1
[INFO] Starting server defaultServer.
[INFO] Server defaultServer started with process ID 17677.
[INFO] Waiting up to 90 seconds for server confirmation:  CWWKF0011I to be found in /home/runner/work/dd-3016202-cargotracker-devoxx-be-2026/dd-3016202-cargotracker-devoxx-be-2026/demo/target/liberty/wlp/usr/servers/defaultServer/logs/messages.log
[INFO] CWWKM2010I: Searching for CWWKF0011I in /home/runner/work/dd-3016202-cargotracker-devoxx-be-2026/dd-3016202-cargotracker-devoxx-be-2026/demo/target/liberty/wlp/usr/servers/defaultServer/logs/messages.log. This search will timeout after 90 seconds.
[INFO] CWWKM2015I: Match number: 1 is [10/1/26, 6:35:50:921 UTC] 0000002d com.ibm.ws.kernel.feature.internal.FeatureManager            A CWWKF0011I: The defaultServer server is ready to run a smarter planet. The defaultServer server started in 34.602 seconds..
[INFO] CWWKM2010I: Searching for CWWKZ0001I.*cargo-tracker in /home/runner/work/dd-3016202-cargotracker-devoxx-be-2026/dd-3016202-cargotracker-devoxx-be-2026/demo/target/liberty/wlp/usr/servers/defaultServer/logs/messages.log. This search will timeout after 30 seconds.
[INFO] CWWKM2015I: Match number: 1 is [10/1/26, 6:35:55:444 UTC] 00000037 com.ibm.ws.app.manager.AppMessageHelper                      A CWWKZ0001I: Application cargo-tracker started in 34.771 seconds..
[INFO] ------------------------------------------------------------------------
[INFO] BUILD SUCCESS
[INFO] ------------------------------------------------------------------------
[INFO] Total time:  43.845 s
[INFO] Finished at: 2026-10-01T06:35:55Z
[INFO] ------------------------------------------------------------------------
