[INFO] Scanning for projects...
[INFO] 
[INFO] -------------------< org.eclipse.ee4j:cargo-tracker >-------------------
[INFO] Building Eclipse Cargo Tracker 1.0-SNAPSHOT
[INFO]   from pom.xml
[INFO] --------------------------------[ war ]---------------------------------
[INFO] 
[INFO] --- liberty:3.12.1:deploy (default-cli) @ cargo-tracker ---
[INFO] Copying 2 files to /home/runner/work/dd-3016202-cargotracker-devoxx-be-2026/dd-3016202-cargotracker-devoxx-be-2026/demo/target/liberty/wlp/usr/servers/defaultServer
[INFO] CWWKM2144I: Update server configuration file server.xml from /home/runner/work/dd-3016202-cargotracker-devoxx-be-2026/dd-3016202-cargotracker-devoxx-be-2026/demo/src/main/liberty/config/server.xml.
[INFO] CWWKM2144I: Update server configuration file bootstrap.properties from /home/runner/work/dd-3016202-cargotracker-devoxx-be-2026/dd-3016202-cargotracker-devoxx-be-2026/demo/src/main/liberty/config/bootstrap.properties.
[INFO] Copying 1 file to /home/runner/work/dd-3016202-cargotracker-devoxx-be-2026/dd-3016202-cargotracker-devoxx-be-2026/demo/target/liberty/wlp/usr/shared/resources
[INFO] copyDependencies copied file derby-10.14.2.0.jar to location /home/runner/work/dd-3016202-cargotracker-devoxx-be-2026/dd-3016202-cargotracker-devoxx-be-2026/demo/target/liberty/wlp/usr/shared/resources/derby-10.14.2.0.jar.
[INFO] Copying 1 file to /home/runner/work/dd-3016202-cargotracker-devoxx-be-2026/dd-3016202-cargotracker-devoxx-be-2026/demo/target/liberty/wlp/usr/shared/resources
[INFO] copyDependencies copied file derbytools-10.14.2.0.jar to location /home/runner/work/dd-3016202-cargotracker-devoxx-be-2026/dd-3016202-cargotracker-devoxx-be-2026/demo/target/liberty/wlp/usr/shared/resources/derbytools-10.14.2.0.jar.
[INFO] CWWKM2185I: The liberty-maven-plugin configuration parameter "appsDirectory" value defaults to "apps".
[INFO] Application configuration is found in server.xml : cargo-tracker.war
[INFO] CWWKM2160I: Installing application cargo-tracker.war.xml.
[INFO] Running maven-war-plugin:exploded
[INFO] Exploding webapp
[INFO] Assembling webapp [cargo-tracker] in [/home/runner/work/dd-3016202-cargotracker-devoxx-be-2026/dd-3016202-cargotracker-devoxx-be-2026/demo/target/cargo-tracker]
[INFO] Processing war project
[INFO] Copying webapp resources [/home/runner/work/dd-3016202-cargotracker-devoxx-be-2026/dd-3016202-cargotracker-devoxx-be-2026/demo/src/main/webapp]
[INFO] ------------------------------------------------------------------------
[INFO] BUILD SUCCESS
[INFO] ------------------------------------------------------------------------
[INFO] Total time:  0.272 s
[INFO] Finished at: 2026-10-01T06:35:10Z
[INFO] ------------------------------------------------------------------------
