[2026-09-29T22:29:33.679-0400][0.004s][info][gc] Using G1
[2026-09-29T22:29:33.681-0400][0.006s][info][gc,init] Version: 17.0.18+8-LTS (release)
[2026-09-29T22:29:33.681-0400][0.006s][info][gc,init] CPUs: 8 total, 8 available
[2026-09-29T22:29:33.681-0400][0.006s][info][gc,init] Memory: 15788M
[2026-09-29T22:29:33.681-0400][0.006s][info][gc,init] Large Page Support: Disabled
[2026-09-29T22:29:33.681-0400][0.006s][info][gc,init] NUMA Support: Disabled
[2026-09-29T22:29:33.681-0400][0.006s][info][gc,init] Compressed Oops: Enabled (Zero based)
[2026-09-29T22:29:33.681-0400][0.006s][info][gc,init] Heap Region Size: 2M
[2026-09-29T22:29:33.681-0400][0.006s][info][gc,init] Heap Min Capacity: 8M
[2026-09-29T22:29:33.681-0400][0.006s][info][gc,init] Heap Initial Capacity: 248M
[2026-09-29T22:29:33.681-0400][0.006s][info][gc,init] Heap Max Capacity: 3948M
[2026-09-29T22:29:33.681-0400][0.006s][info][gc,init] Pre-touch: Disabled
[2026-09-29T22:29:33.681-0400][0.006s][info][gc,init] Parallel Workers: 8
[2026-09-29T22:29:33.681-0400][0.006s][info][gc,init] Concurrent Workers: 2
[2026-09-29T22:29:33.681-0400][0.006s][info][gc,init] Concurrent Refinement Workers: 8
[2026-09-29T22:29:33.681-0400][0.006s][info][gc,init] Periodic GC: Disabled
[2026-09-29T22:29:33.687-0400][0.012s][info][gc,metaspace] CDS archive(s) mapped at: [0x00007f986b000000-0x00007f986bbc7000-0x00007f986bbc7000), size 12349440, SharedBaseAddress: 0x00007f986b000000, ArchiveRelocationMode: 1.
[2026-09-29T22:29:33.687-0400][0.012s][info][gc,metaspace] Compressed class space mapped at: 0x00007f986c000000-0x00007f98ac000000, reserved size: 1073741824
[2026-09-29T22:29:33.687-0400][0.012s][info][gc,metaspace] Narrow klass base: 0x00007f986b000000, Narrow klass shift: 0, Narrow klass range: 0x100000000
[2026-09-29T22:29:34.167-0400][0.492s][info][safepoint   ] Safepoint "ICBufferFull", Time since last: 474560702 ns, Reaching safepoint: 4288 ns, Cleanup: 315594 ns, At safepoint: 29388 ns, Total: 349270 ns
[2026-09-29T22:29:34.261-0400][0.586s][info][gc,start    ] GC(0) Pause Young (Normal) (G1 Evacuation Pause)
[2026-09-29T22:29:34.262-0400][0.587s][info][gc,task     ] GC(0) Using 6 workers of 8 for evacuation
[2026-09-29T22:29:34.266-0400][0.591s][info][gc,phases   ] GC(0)   Pre Evacuate Collection Set: 0.15ms
[2026-09-29T22:29:34.266-0400][0.591s][info][gc,phases   ] GC(0)   Merge Heap Roots: 0.16ms
[2026-09-29T22:29:34.266-0400][0.591s][info][gc,phases   ] GC(0)   Evacuate Collection Set: 2.57ms
[2026-09-29T22:29:34.266-0400][0.591s][info][gc,phases   ] GC(0)   Post Evacuate Collection Set: 1.01ms
[2026-09-29T22:29:34.266-0400][0.591s][info][gc,phases   ] GC(0)   Other: 1.14ms
[2026-09-29T22:29:34.266-0400][0.591s][info][gc,heap     ] GC(0) Eden regions: 11->0(19)
[2026-09-29T22:29:34.266-0400][0.591s][info][gc,heap     ] GC(0) Survivor regions: 0->2(2)
[2026-09-29T22:29:34.266-0400][0.591s][info][gc,heap     ] GC(0) Old regions: 0->0
[2026-09-29T22:29:34.266-0400][0.591s][info][gc,heap     ] GC(0) Archive regions: 2->2
[2026-09-29T22:29:34.266-0400][0.591s][info][gc,heap     ] GC(0) Humongous regions: 0->0
[2026-09-29T22:29:34.266-0400][0.591s][info][gc,metaspace] GC(0) Metaspace: 7891K(8192K)->7891K(8192K) NonClass: 7019K(7168K)->7019K(7168K) Class: 872K(1024K)->872K(1024K)
[2026-09-29T22:29:34.266-0400][0.591s][info][gc          ] GC(0) Pause Young (Normal) (G1 Evacuation Pause) 23M->5M(252M) 5.133ms
[2026-09-29T22:29:34.266-0400][0.591s][info][gc,cpu      ] GC(0) User=0.02s Sys=0.00s Real=0.00s
[2026-09-29T22:29:34.266-0400][0.591s][info][safepoint   ] Safepoint "G1CollectForAllocation", Time since last: 93878638 ns, Reaching safepoint: 5734 ns, Cleanup: 65251 ns, At safepoint: 5271558 ns, Total: 5342543 ns
[2026-09-29T22:29:34.428-0400][0.754s][info][gc,start    ] GC(1) Pause Young (Normal) (G1 Evacuation Pause)
[2026-09-29T22:29:34.429-0400][0.754s][info][gc,task     ] GC(1) Using 6 workers of 8 for evacuation
[2026-09-29T22:29:34.433-0400][0.758s][info][gc,phases   ] GC(1)   Pre Evacuate Collection Set: 0.18ms
[2026-09-29T22:29:34.433-0400][0.758s][info][gc,phases   ] GC(1)   Merge Heap Roots: 0.15ms
[2026-09-29T22:29:34.433-0400][0.758s][info][gc,phases   ] GC(1)   Evacuate Collection Set: 3.09ms
[2026-09-29T22:29:34.433-0400][0.758s][info][gc,phases   ] GC(1)   Post Evacuate Collection Set: 0.82ms
[2026-09-29T22:29:34.433-0400][0.758s][info][gc,phases   ] GC(1)   Other: 0.23ms
[2026-09-29T22:29:34.433-0400][0.758s][info][gc,heap     ] GC(1) Eden regions: 19->0(73)
[2026-09-29T22:29:34.433-0400][0.758s][info][gc,heap     ] GC(1) Survivor regions: 2->1(3)
[2026-09-29T22:29:34.433-0400][0.758s][info][gc,heap     ] GC(1) Old regions: 0->2
[2026-09-29T22:29:34.433-0400][0.758s][info][gc,heap     ] GC(1) Archive regions: 2->2
[2026-09-29T22:29:34.433-0400][0.758s][info][gc,heap     ] GC(1) Humongous regions: 0->0
[2026-09-29T22:29:34.433-0400][0.758s][info][gc,metaspace] GC(1) Metaspace: 8137K(8384K)->8137K(8384K) NonClass: 7255K(7360K)->7255K(7360K) Class: 881K(1024K)->881K(1024K)
[2026-09-29T22:29:34.433-0400][0.758s][info][gc          ] GC(1) Pause Young (Normal) (G1 Evacuation Pause) 43M->5M(252M) 4.591ms
[2026-09-29T22:29:34.433-0400][0.758s][info][gc,cpu      ] GC(1) User=0.01s Sys=0.01s Real=0.00s
[2026-09-29T22:29:34.433-0400][0.758s][info][safepoint   ] Safepoint "G1CollectForAllocation", Time since last: 162078837 ns, Reaching safepoint: 5906 ns, Cleanup: 32437 ns, At safepoint: 4737573 ns, Total: 4775916 ns
[2026-09-29T22:29:34.635-0400][0.960s][info][safepoint   ] Safepoint "ICBufferFull", Time since last: 202047218 ns, Reaching safepoint: 7914 ns, Cleanup: 116529 ns, At safepoint: 76897 ns, Total: 201340 ns
[2026-09-29T22:29:34.913-0400][1.238s][info][safepoint   ] Safepoint "ICBufferFull", Time since last: 276689942 ns, Reaching safepoint: 237232 ns, Cleanup: 133268 ns, At safepoint: 31882 ns, Total: 402382 ns
[2026-09-29T22:29:35.210-0400][1.535s][info][safepoint   ] Safepoint "ICBufferFull", Time since last: 296866402 ns, Reaching safepoint: 29062 ns, Cleanup: 116132 ns, At safepoint: 34779 ns, Total: 179973 ns
[2026-09-29T22:29:35.785-0400][2.110s][info][gc,start    ] GC(2) Pause Young (Normal) (G1 Evacuation Pause)
[2026-09-29T22:29:35.785-0400][2.110s][info][gc,task     ] GC(2) Using 6 workers of 8 for evacuation
[2026-09-29T22:29:35.799-0400][2.124s][info][gc,phases   ] GC(2)   Pre Evacuate Collection Set: 0.25ms
[2026-09-29T22:29:35.799-0400][2.124s][info][gc,phases   ] GC(2)   Merge Heap Roots: 0.23ms
[2026-09-29T22:29:35.799-0400][2.124s][info][gc,phases   ] GC(2)   Evacuate Collection Set: 11.35ms
[2026-09-29T22:29:35.799-0400][2.124s][info][gc,phases   ] GC(2)   Post Evacuate Collection Set: 1.64ms
[2026-09-29T22:29:35.799-0400][2.124s][info][gc,phases   ] GC(2)   Other: 0.18ms
[2026-09-29T22:29:35.799-0400][2.124s][info][gc,heap     ] GC(2) Eden regions: 73->0(68)
[2026-09-29T22:29:35.799-0400][2.124s][info][gc,heap     ] GC(2) Survivor regions: 1->6(10)
[2026-09-29T22:29:35.799-0400][2.124s][info][gc,heap     ] GC(2) Old regions: 2->2
[2026-09-29T22:29:35.799-0400][2.124s][info][gc,heap     ] GC(2) Archive regions: 2->2
[2026-09-29T22:29:35.799-0400][2.124s][info][gc,heap     ] GC(2) Humongous regions: 0->0
[2026-09-29T22:29:35.799-0400][2.124s][info][gc,metaspace] GC(2) Metaspace: 16186K(16640K)->16186K(16640K) NonClass: 14489K(14784K)->14489K(14784K) Class: 1696K(1856K)->1696K(1856K)
[2026-09-29T22:29:35.799-0400][2.124s][info][gc          ] GC(2) Pause Young (Normal) (G1 Evacuation Pause) 151M->15M(252M) 13.736ms
[2026-09-29T22:29:35.799-0400][2.124s][info][gc,cpu      ] GC(2) User=0.05s Sys=0.02s Real=0.01s
[2026-09-29T22:29:35.799-0400][2.124s][info][safepoint   ] Safepoint "G1CollectForAllocation", Time since last: 575182327 ns, Reaching safepoint: 10417 ns, Cleanup: 157944 ns, At safepoint: 13870312 ns, Total: 14038673 ns
[2026-09-29T22:29:36.908-0400][3.233s][info][gc,start    ] GC(3) Pause Young (Normal) (G1 Evacuation Pause)
[2026-09-29T22:29:36.908-0400][3.233s][info][gc,task     ] GC(3) Using 6 workers of 8 for evacuation
[2026-09-29T22:29:36.921-0400][3.246s][info][gc,phases   ] GC(3)   Pre Evacuate Collection Set: 0.21ms
[2026-09-29T22:29:36.921-0400][3.246s][info][gc,phases   ] GC(3)   Merge Heap Roots: 0.16ms
[2026-09-29T22:29:36.921-0400][3.246s][info][gc,phases   ] GC(3)   Evacuate Collection Set: 10.50ms
[2026-09-29T22:29:36.921-0400][3.246s][info][gc,phases   ] GC(3)   Post Evacuate Collection Set: 1.41ms
[2026-09-29T22:29:36.921-0400][3.246s][info][gc,phases   ] GC(3)   Other: 0.29ms
[2026-09-29T22:29:36.921-0400][3.246s][info][gc,heap     ] GC(3) Eden regions: 68->0(69)
[2026-09-29T22:29:36.921-0400][3.246s][info][gc,heap     ] GC(3) Survivor regions: 6->5(10)
[2026-09-29T22:29:36.921-0400][3.246s][info][gc,heap     ] GC(3) Old regions: 2->7
[2026-09-29T22:29:36.921-0400][3.246s][info][gc,heap     ] GC(3) Archive regions: 2->2
[2026-09-29T22:29:36.921-0400][3.246s][info][gc,heap     ] GC(3) Humongous regions: 0->0
[2026-09-29T22:29:36.921-0400][3.246s][info][gc,metaspace] GC(3) Metaspace: 16688K(17088K)->16688K(17088K) NonClass: 14974K(15232K)->14974K(15232K) Class: 1714K(1856K)->1714K(1856K)
[2026-09-29T22:29:36.921-0400][3.246s][info][gc          ] GC(3) Pause Young (Normal) (G1 Evacuation Pause) 151M->25M(252M) 12.661ms
[2026-09-29T22:29:36.921-0400][3.246s][info][gc,cpu      ] GC(3) User=0.06s Sys=0.00s Real=0.01s
[2026-09-29T22:29:36.921-0400][3.246s][info][safepoint   ] Safepoint "G1CollectForAllocation", Time since last: 1109053040 ns, Reaching safepoint: 10836 ns, Cleanup: 77173 ns, At safepoint: 12788048 ns, Total: 12876057 ns
[2026-09-29T22:29:37.440-0400][3.765s][info][safepoint   ] Safepoint "ICBufferFull", Time since last: 519161304 ns, Reaching safepoint: 11538 ns, Cleanup: 137748 ns, At safepoint: 5183 ns, Total: 154469 ns
[2026-09-29T22:29:37.638-0400][3.963s][info][safepoint   ] Safepoint "ICBufferFull", Time since last: 197793236 ns, Reaching safepoint: 11673 ns, Cleanup: 157092 ns, At safepoint: 5043 ns, Total: 173808 ns
[2026-09-29T22:29:37.845-0400][4.170s][info][gc,start    ] GC(4) Pause Young (Normal) (G1 Evacuation Pause)
[2026-09-29T22:29:37.845-0400][4.170s][info][gc,task     ] GC(4) Using 6 workers of 8 for evacuation
[2026-09-29T22:29:37.854-0400][4.179s][info][gc,phases   ] GC(4)   Pre Evacuate Collection Set: 0.19ms
[2026-09-29T22:29:37.854-0400][4.179s][info][gc,phases   ] GC(4)   Merge Heap Roots: 0.20ms
[2026-09-29T22:29:37.854-0400][4.179s][info][gc,phases   ] GC(4)   Evacuate Collection Set: 6.72ms
[2026-09-29T22:29:37.854-0400][4.179s][info][gc,phases   ] GC(4)   Post Evacuate Collection Set: 1.10ms
[2026-09-29T22:29:37.854-0400][4.179s][info][gc,phases   ] GC(4)   Other: 0.16ms
[2026-09-29T22:29:37.854-0400][4.179s][info][gc,heap     ] GC(4) Eden regions: 69->0(67)
[2026-09-29T22:29:37.854-0400][4.179s][info][gc,heap     ] GC(4) Survivor regions: 5->7(10)
[2026-09-29T22:29:37.854-0400][4.179s][info][gc,heap     ] GC(4) Old regions: 7->7
[2026-09-29T22:29:37.854-0400][4.179s][info][gc,heap     ] GC(4) Archive regions: 2->2
[2026-09-29T22:29:37.854-0400][4.179s][info][gc,heap     ] GC(4) Humongous regions: 0->0
[2026-09-29T22:29:37.854-0400][4.179s][info][gc,metaspace] GC(4) Metaspace: 16987K(17408K)->16987K(17408K) NonClass: 15267K(15552K)->15267K(15552K) Class: 1720K(1856K)->1720K(1856K)
[2026-09-29T22:29:37.854-0400][4.179s][info][gc          ] GC(4) Pause Young (Normal) (G1 Evacuation Pause) 163M->28M(252M) 8.479ms
[2026-09-29T22:29:37.854-0400][4.179s][info][gc,cpu      ] GC(4) User=0.04s Sys=0.00s Real=0.01s
[2026-09-29T22:29:37.854-0400][4.179s][info][safepoint   ] Safepoint "G1CollectForAllocation", Time since last: 207125781 ns, Reaching safepoint: 9135 ns, Cleanup: 68550 ns, At safepoint: 8620921 ns, Total: 8698606 ns
[2026-09-29T22:29:38.230-0400][4.555s][info][gc,start    ] GC(5) Pause Young (Normal) (G1 Evacuation Pause)
[2026-09-29T22:29:38.231-0400][4.556s][info][gc,task     ] GC(5) Using 6 workers of 8 for evacuation
[2026-09-29T22:29:38.240-0400][4.565s][info][gc,phases   ] GC(5)   Pre Evacuate Collection Set: 0.10ms
[2026-09-29T22:29:38.240-0400][4.565s][info][gc,phases   ] GC(5)   Merge Heap Roots: 0.06ms
[2026-09-29T22:29:38.240-0400][4.565s][info][gc,phases   ] GC(5)   Evacuate Collection Set: 8.37ms
[2026-09-29T22:29:38.240-0400][4.565s][info][gc,phases   ] GC(5)   Post Evacuate Collection Set: 0.92ms
[2026-09-29T22:29:38.240-0400][4.565s][info][gc,phases   ] GC(5)   Other: 0.26ms
[2026-09-29T22:29:38.240-0400][4.565s][info][gc,heap     ] GC(5) Eden regions: 67->0(69)
[2026-09-29T22:29:38.240-0400][4.565s][info][gc,heap     ] GC(5) Survivor regions: 7->5(10)
[2026-09-29T22:29:38.240-0400][4.565s][info][gc,heap     ] GC(5) Old regions: 7->11
[2026-09-29T22:29:38.240-0400][4.565s][info][gc,heap     ] GC(5) Archive regions: 2->2
[2026-09-29T22:29:38.240-0400][4.565s][info][gc,heap     ] GC(5) Humongous regions: 0->0
[2026-09-29T22:29:38.240-0400][4.565s][info][gc,metaspace] GC(5) Metaspace: 17034K(17408K)->17034K(17408K) NonClass: 15313K(15552K)->15313K(15552K) Class: 1720K(1856K)->1720K(1856K)
[2026-09-29T22:29:38.240-0400][4.565s][info][gc          ] GC(5) Pause Young (Normal) (G1 Evacuation Pause) 162M->31M(252M) 9.893ms
[2026-09-29T22:29:38.240-0400][4.565s][info][gc,cpu      ] GC(5) User=0.06s Sys=0.00s Real=0.01s
[2026-09-29T22:29:38.240-0400][4.565s][info][safepoint   ] Safepoint "G1CollectForAllocation", Time since last: 376492559 ns, Reaching safepoint: 11090 ns, Cleanup: 95373 ns, At safepoint: 10048637 ns, Total: 10155100 ns
[2026-09-29T22:29:38.598-0400][4.923s][info][gc,start    ] GC(6) Pause Young (Normal) (G1 Evacuation Pause)
[2026-09-29T22:29:38.598-0400][4.923s][info][gc,task     ] GC(6) Using 6 workers of 8 for evacuation
[2026-09-29T22:29:38.602-0400][4.927s][info][gc,phases   ] GC(6)   Pre Evacuate Collection Set: 0.19ms
[2026-09-29T22:29:38.602-0400][4.927s][info][gc,phases   ] GC(6)   Merge Heap Roots: 0.17ms
[2026-09-29T22:29:38.602-0400][4.927s][info][gc,phases   ] GC(6)   Evacuate Collection Set: 2.93ms
[2026-09-29T22:29:38.602-0400][4.927s][info][gc,phases   ] GC(6)   Post Evacuate Collection Set: 0.62ms
[2026-09-29T22:29:38.602-0400][4.928s][info][gc,phases   ] GC(6)   Other: 0.14ms
[2026-09-29T22:29:38.602-0400][4.928s][info][gc,heap     ] GC(6) Eden regions: 69->0(70)
[2026-09-29T22:29:38.602-0400][4.928s][info][gc,heap     ] GC(6) Survivor regions: 5->4(10)
[2026-09-29T22:29:38.603-0400][4.928s][info][gc,heap     ] GC(6) Old regions: 11->11
[2026-09-29T22:29:38.603-0400][4.928s][info][gc,heap     ] GC(6) Archive regions: 2->2
[2026-09-29T22:29:38.603-0400][4.928s][info][gc,heap     ] GC(6) Humongous regions: 0->0
[2026-09-29T22:29:38.603-0400][4.928s][info][gc,metaspace] GC(6) Metaspace: 17050K(17408K)->17050K(17408K) NonClass: 15329K(15552K)->15329K(15552K) Class: 1721K(1856K)->1721K(1856K)
[2026-09-29T22:29:38.603-0400][4.928s][info][gc          ] GC(6) Pause Young (Normal) (G1 Evacuation Pause) 169M->29M(252M) 4.139ms
[2026-09-29T22:29:38.603-0400][4.928s][info][gc,cpu      ] GC(6) User=0.03s Sys=0.00s Real=0.01s
[2026-09-29T22:29:38.603-0400][4.928s][info][safepoint   ] Safepoint "G1CollectForAllocation", Time since last: 357851311 ns, Reaching safepoint: 8655 ns, Cleanup: 46183 ns, At safepoint: 4268336 ns, Total: 4323174 ns
[2026-09-29T22:29:39.007-0400][5.332s][info][safepoint   ] Safepoint "ICBufferFull", Time since last: 403855861 ns, Reaching safepoint: 117753 ns, Cleanup: 115830 ns, At safepoint: 95938 ns, Total: 329521 ns
[2026-09-29T22:29:39.083-0400][5.408s][info][gc,start    ] GC(7) Pause Young (Normal) (G1 Evacuation Pause)
[2026-09-29T22:29:39.083-0400][5.408s][info][gc,task     ] GC(7) Using 6 workers of 8 for evacuation
[2026-09-29T22:29:39.088-0400][5.413s][info][gc,phases   ] GC(7)   Pre Evacuate Collection Set: 0.19ms
[2026-09-29T22:29:39.088-0400][5.413s][info][gc,phases   ] GC(7)   Merge Heap Roots: 0.19ms
[2026-09-29T22:29:39.088-0400][5.413s][info][gc,phases   ] GC(7)   Evacuate Collection Set: 3.69ms
[2026-09-29T22:29:39.088-0400][5.413s][info][gc,phases   ] GC(7)   Post Evacuate Collection Set: 1.31ms
[2026-09-29T22:29:39.088-0400][5.413s][info][gc,phases   ] GC(7)   Other: 0.17ms
[2026-09-29T22:29:39.088-0400][5.413s][info][gc,heap     ] GC(7) Eden regions: 70->0(87)
[2026-09-29T22:29:39.088-0400][5.413s][info][gc,heap     ] GC(7) Survivor regions: 4->4(10)
[2026-09-29T22:29:39.088-0400][5.413s][info][gc,heap     ] GC(7) Old regions: 11->11
[2026-09-29T22:29:39.088-0400][5.413s][info][gc,heap     ] GC(7) Archive regions: 2->2
[2026-09-29T22:29:39.088-0400][5.413s][info][gc,heap     ] GC(7) Humongous regions: 0->0
[2026-09-29T22:29:39.088-0400][5.414s][info][gc,metaspace] GC(7) Metaspace: 17245K(17600K)->17245K(17600K) NonClass: 15523K(15744K)->15523K(15744K) Class: 1721K(1856K)->1721K(1856K)
[2026-09-29T22:29:39.089-0400][5.414s][info][gc          ] GC(7) Pause Young (Normal) (G1 Evacuation Pause) 169M->29M(304M) 5.651ms
[2026-09-29T22:29:39.089-0400][5.414s][info][gc,cpu      ] GC(7) User=0.03s Sys=0.00s Real=0.01s
[2026-09-29T22:29:39.089-0400][5.414s][info][safepoint   ] Safepoint "G1CollectForAllocation", Time since last: 75909231 ns, Reaching safepoint: 10565 ns, Cleanup: 94862 ns, At safepoint: 5801215 ns, Total: 5906642 ns
[2026-09-29T22:29:39.553-0400][5.878s][info][safepoint   ] Safepoint "ICBufferFull", Time since last: 464409921 ns, Reaching safepoint: 11018 ns, Cleanup: 158803 ns, At safepoint: 46719 ns, Total: 216540 ns
[2026-09-29T22:29:39.800-0400][6.125s][info][safepoint   ] Safepoint "ICBufferFull", Time since last: 246701556 ns, Reaching safepoint: 8415 ns, Cleanup: 143355 ns, At safepoint: 3024 ns, Total: 154794 ns
[2026-09-29T22:29:40.000-0400][6.325s][info][safepoint   ] Safepoint "CollectForMetadataAllocation", Time since last: 199131264 ns, Reaching safepoint: 131106 ns, Cleanup: 97403 ns, At safepoint: 107900 ns, Total: 336409 ns
[2026-09-29T22:29:40.000-0400][6.325s][info][safepoint   ] Safepoint "CollectForMetadataAllocation", Time since last: 212720 ns, Reaching safepoint: 108905 ns, Cleanup: 4292 ns, At safepoint: 78476 ns, Total: 191673 ns
[2026-09-29T22:29:40.000-0400][6.325s][info][gc,start    ] GC(8) Pause Young (Concurrent Start) (GCLocker Initiated GC)
[2026-09-29T22:29:40.000-0400][6.325s][info][gc,task     ] GC(8) Using 7 workers of 8 for evacuation
[2026-09-29T22:29:40.010-0400][6.335s][info][gc,phases   ] GC(8)   Pre Evacuate Collection Set: 0.37ms
[2026-09-29T22:29:40.010-0400][6.335s][info][gc,phases   ] GC(8)   Merge Heap Roots: 0.18ms
[2026-09-29T22:29:40.010-0400][6.335s][info][gc,phases   ] GC(8)   Evacuate Collection Set: 7.07ms
[2026-09-29T22:29:40.010-0400][6.335s][info][gc,phases   ] GC(8)   Post Evacuate Collection Set: 0.83ms
[2026-09-29T22:29:40.010-0400][6.335s][info][gc,phases   ] GC(8)   Other: 0.85ms
[2026-09-29T22:29:40.010-0400][6.335s][info][gc,heap     ] GC(8) Eden regions: 34->0(85)
[2026-09-29T22:29:40.010-0400][6.335s][info][gc,heap     ] GC(8) Survivor regions: 4->6(12)
[2026-09-29T22:29:40.010-0400][6.335s][info][gc,heap     ] GC(8) Old regions: 11->11
[2026-09-29T22:29:40.010-0400][6.335s][info][gc,heap     ] GC(8) Archive regions: 2->2
[2026-09-29T22:29:40.010-0400][6.335s][info][gc,heap     ] GC(8) Humongous regions: 0->0
[2026-09-29T22:29:40.010-0400][6.335s][info][gc,metaspace] GC(8) Metaspace: 20869K(21568K)->20869K(21568K) NonClass: 18823K(19264K)->18823K(19264K) Class: 2046K(2304K)->2046K(2304K)
[2026-09-29T22:29:40.010-0400][6.335s][info][gc          ] GC(8) Pause Young (Concurrent Start) (GCLocker Initiated GC) 96M->33M(304M) 9.408ms
[2026-09-29T22:29:40.010-0400][6.335s][info][gc,cpu      ] GC(8) User=0.06s Sys=0.00s Real=0.01s
[2026-09-29T22:29:40.010-0400][6.335s][info][gc          ] GC(9) Concurrent Mark Cycle
[2026-09-29T22:29:40.010-0400][6.335s][info][gc,marking  ] GC(9) Concurrent Clear Claimed Marks
[2026-09-29T22:29:40.010-0400][6.335s][info][gc,marking  ] GC(9) Concurrent Clear Claimed Marks 0.038ms
[2026-09-29T22:29:40.010-0400][6.335s][info][gc,marking  ] GC(9) Concurrent Scan Root Regions
[2026-09-29T22:29:40.010-0400][6.335s][info][safepoint   ] Safepoint "G1CollectForAllocation", Time since last: 108987 ns, Reaching safepoint: 107203 ns, Cleanup: 3107 ns, At safepoint: 9635463 ns, Total: 9745773 ns
[2026-09-29T22:29:40.028-0400][6.353s][info][gc,marking  ] GC(9) Concurrent Scan Root Regions 18.194ms
[2026-09-29T22:29:40.028-0400][6.353s][info][gc,marking  ] GC(9) Concurrent Mark
[2026-09-29T22:29:40.028-0400][6.353s][info][gc,marking  ] GC(9) Concurrent Mark From Roots
[2026-09-29T22:29:40.028-0400][6.353s][info][gc,task     ] GC(9) Using 2 workers of 2 for marking
[2026-09-29T22:29:40.053-0400][6.378s][info][safepoint   ] Safepoint "CollectForMetadataAllocation", Time since last: 42497208 ns, Reaching safepoint: 342879 ns, Cleanup: 144700 ns, At safepoint: 150366 ns, Total: 637945 ns
[2026-09-29T22:29:40.072-0400][6.397s][info][gc,marking  ] GC(9) Concurrent Mark From Roots 44.320ms
[2026-09-29T22:29:40.072-0400][6.397s][info][gc,marking  ] GC(9) Concurrent Preclean
[2026-09-29T22:29:40.073-0400][6.398s][info][gc,marking  ] GC(9) Concurrent Preclean 0.094ms
[2026-09-29T22:29:40.073-0400][6.398s][info][gc,start    ] GC(9) Pause Remark
[2026-09-29T22:29:40.076-0400][6.401s][info][gc,heap     ] GC(9) Heap shrink completed: uncommitted 72 regions (144MB), heap size now 160MB
[2026-09-29T22:29:40.076-0400][6.401s][info][gc          ] GC(9) Pause Remark 43M->43M(160M) 3.512ms
[2026-09-29T22:29:40.076-0400][6.401s][info][gc,cpu      ] GC(9) User=0.01s Sys=0.00s Real=0.00s
[2026-09-29T22:29:40.076-0400][6.401s][info][safepoint   ] Safepoint "G1PauseRemark", Time since last: 19610239 ns, Reaching safepoint: 116424 ns, Cleanup: 14055 ns, At safepoint: 3718266 ns, Total: 3848745 ns
[2026-09-29T22:29:40.086-0400][6.411s][info][gc,marking  ] GC(9) Concurrent Mark 57.535ms
[2026-09-29T22:29:40.086-0400][6.411s][info][gc,marking  ] GC(9) Concurrent Rebuild Remembered Sets
[2026-09-29T22:29:40.101-0400][6.426s][info][gc,marking  ] GC(9) Concurrent Rebuild Remembered Sets 15.380ms
[2026-09-29T22:29:40.101-0400][6.426s][info][gc,start    ] GC(9) Pause Cleanup
[2026-09-29T22:29:40.102-0400][6.427s][info][gc          ] GC(9) Pause Cleanup 47M->47M(160M) 0.175ms
[2026-09-29T22:29:40.102-0400][6.427s][info][gc,cpu      ] GC(9) User=0.00s Sys=0.00s Real=0.00s
[2026-09-29T22:29:40.102-0400][6.427s][info][safepoint   ] Safepoint "G1PauseCleanup", Time since last: 24723580 ns, Reaching safepoint: 132507 ns, Cleanup: 14408 ns, At safepoint: 329715 ns, Total: 476630 ns
[2026-09-29T22:29:40.104-0400][6.429s][info][gc,marking  ] GC(9) Concurrent Cleanup for Next Mark
[2026-09-29T22:29:40.106-0400][6.431s][info][gc,marking  ] GC(9) Concurrent Cleanup for Next Mark 2.211ms
[2026-09-29T22:29:40.106-0400][6.431s][info][gc          ] GC(9) Concurrent Mark Cycle 96.149ms
[2026-09-29T22:29:40.322-0400][6.648s][info][safepoint   ] Safepoint "ICBufferFull", Time since last: 220509602 ns, Reaching safepoint: 136669 ns, Cleanup: 93203 ns, At safepoint: 103312 ns, Total: 333184 ns
[2026-09-29T22:29:41.495-0400][7.820s][info][safepoint   ] Safepoint "Cleanup", Time since last: 1171893574 ns, Reaching safepoint: 318879 ns, Cleanup: 105120 ns, At safepoint: 48180 ns, Total: 472179 ns
[2026-09-29T22:29:41.569-0400][7.894s][info][gc,start    ] GC(10) Pause Young (Prepare Mixed) (G1 Evacuation Pause)
[2026-09-29T22:29:41.569-0400][7.894s][info][gc,task     ] GC(10) Using 6 workers of 8 for evacuation
[2026-09-29T22:29:41.582-0400][7.907s][info][gc,phases   ] GC(10)   Pre Evacuate Collection Set: 0.25ms
[2026-09-29T22:29:41.582-0400][7.907s][info][gc,phases   ] GC(10)   Merge Heap Roots: 0.15ms
[2026-09-29T22:29:41.582-0400][7.907s][info][gc,phases   ] GC(10)   Evacuate Collection Set: 10.44ms
[2026-09-29T22:29:41.582-0400][7.907s][info][gc,phases   ] GC(10)   Post Evacuate Collection Set: 1.64ms
[2026-09-29T22:29:41.582-0400][7.907s][info][gc,phases   ] GC(10)   Other: 0.18ms
[2026-09-29T22:29:41.582-0400][7.907s][info][gc,heap     ] GC(10) Eden regions: 42->0(1)
[2026-09-29T22:29:41.582-0400][7.907s][info][gc,heap     ] GC(10) Survivor regions: 6->5(6)
[2026-09-29T22:29:41.582-0400][7.907s][info][gc,heap     ] GC(10) Old regions: 11->16
[2026-09-29T22:29:41.582-0400][7.907s][info][gc,heap     ] GC(10) Archive regions: 2->2
[2026-09-29T22:29:41.582-0400][7.907s][info][gc,heap     ] GC(10) Humongous regions: 0->0
[2026-09-29T22:29:41.582-0400][7.907s][info][gc,metaspace] GC(10) Metaspace: 29465K(30720K)->29465K(30720K) NonClass: 26465K(27264K)->26465K(27264K) Class: 2999K(3456K)->2999K(3456K)
[2026-09-29T22:29:41.582-0400][7.907s][info][gc          ] GC(10) Pause Young (Prepare Mixed) (G1 Evacuation Pause) 117M->40M(160M) 12.756ms
[2026-09-29T22:29:41.582-0400][7.907s][info][gc,cpu      ] GC(10) User=0.06s Sys=0.01s Real=0.01s
[2026-09-29T22:29:41.582-0400][7.907s][info][safepoint   ] Safepoint "G1CollectForAllocation", Time since last: 74283101 ns, Reaching safepoint: 8884 ns, Cleanup: 24096 ns, At safepoint: 12938135 ns, Total: 12971115 ns
[2026-09-29T22:29:41.596-0400][7.921s][info][gc,start    ] GC(11) Pause Young (Mixed) (G1 Evacuation Pause)
[2026-09-29T22:29:41.596-0400][7.921s][info][gc,task     ] GC(11) Using 6 workers of 8 for evacuation
[2026-09-29T22:29:41.602-0400][7.927s][info][gc,phases   ] GC(11)   Pre Evacuate Collection Set: 0.20ms
[2026-09-29T22:29:41.602-0400][7.927s][info][gc,phases   ] GC(11)   Merge Heap Roots: 0.14ms
[2026-09-29T22:29:41.602-0400][7.927s][info][gc,phases   ] GC(11)   Evacuate Collection Set: 5.03ms
[2026-09-29T22:29:41.602-0400][7.927s][info][gc,phases   ] GC(11)   Post Evacuate Collection Set: 0.95ms
[2026-09-29T22:29:41.602-0400][7.927s][info][gc,phases   ] GC(11)   Other: 0.15ms
[2026-09-29T22:29:41.602-0400][7.927s][info][gc,heap     ] GC(11) Eden regions: 1->0(39)
[2026-09-29T22:29:41.602-0400][7.927s][info][gc,heap     ] GC(11) Survivor regions: 5->1(1)
[2026-09-29T22:29:41.602-0400][7.927s][info][gc,heap     ] GC(11) Old regions: 16->20
[2026-09-29T22:29:41.602-0400][7.927s][info][gc,heap     ] GC(11) Archive regions: 2->2
[2026-09-29T22:29:41.602-0400][7.927s][info][gc,heap     ] GC(11) Humongous regions: 0->0
[2026-09-29T22:29:41.602-0400][7.927s][info][gc,metaspace] GC(11) Metaspace: 29605K(30912K)->29605K(30912K) NonClass: 26590K(27392K)->26590K(27392K) Class: 3014K(3520K)->3014K(3520K)
[2026-09-29T22:29:41.602-0400][7.927s][info][gc          ] GC(11) Pause Young (Mixed) (G1 Evacuation Pause) 42M->42M(160M) 6.555ms
[2026-09-29T22:29:41.602-0400][7.927s][info][gc,cpu      ] GC(11) User=0.03s Sys=0.00s Real=0.01s
[2026-09-29T22:29:41.602-0400][7.927s][info][safepoint   ] Safepoint "G1CollectForAllocation", Time since last: 13621346 ns, Reaching safepoint: 9114 ns, Cleanup: 23185 ns, At safepoint: 6711650 ns, Total: 6743949 ns
[2026-09-29T22:29:41.926-0400][8.251s][info][safepoint   ] Safepoint "ICBufferFull", Time since last: 322873227 ns, Reaching safepoint: 87971 ns, Cleanup: 100461 ns, At safepoint: 89537 ns, Total: 277969 ns
[2026-09-29T22:29:42.459-0400][8.784s][info][gc,start    ] GC(12) Pause Young (Concurrent Start) (Metadata GC Threshold)
[2026-09-29T22:29:42.459-0400][8.784s][info][gc,task     ] GC(12) Using 6 workers of 8 for evacuation
[2026-09-29T22:29:42.465-0400][8.790s][info][gc,phases   ] GC(12)   Pre Evacuate Collection Set: 0.26ms
[2026-09-29T22:29:42.465-0400][8.790s][info][gc,phases   ] GC(12)   Merge Heap Roots: 0.13ms
[2026-09-29T22:29:42.465-0400][8.790s][info][gc,phases   ] GC(12)   Evacuate Collection Set: 4.78ms
[2026-09-29T22:29:42.465-0400][8.790s][info][gc,phases   ] GC(12)   Post Evacuate Collection Set: 0.70ms
[2026-09-29T22:29:42.465-0400][8.790s][info][gc,phases   ] GC(12)   Other: 0.19ms
[2026-09-29T22:29:42.465-0400][8.790s][info][gc,heap     ] GC(12) Eden regions: 21->0(38)
[2026-09-29T22:29:42.465-0400][8.790s][info][gc,heap     ] GC(12) Survivor regions: 1->2(5)
[2026-09-29T22:29:42.465-0400][8.790s][info][gc,heap     ] GC(12) Old regions: 20->20
[2026-09-29T22:29:42.465-0400][8.790s][info][gc,heap     ] GC(12) Archive regions: 2->2
[2026-09-29T22:29:42.465-0400][8.790s][info][gc,heap     ] GC(12) Humongous regions: 0->0
[2026-09-29T22:29:42.465-0400][8.790s][info][gc,metaspace] GC(12) Metaspace: 35220K(36608K)->35220K(36608K) NonClass: 31576K(32448K)->31576K(32448K) Class: 3644K(4160K)->3644K(4160K)
[2026-09-29T22:29:42.465-0400][8.791s][info][gc          ] GC(12) Pause Young (Concurrent Start) (Metadata GC Threshold) 82M->43M(160M) 6.149ms
[2026-09-29T22:29:42.466-0400][8.791s][info][gc,cpu      ] GC(12) User=0.03s Sys=0.00s Real=0.00s
[2026-09-29T22:29:42.466-0400][8.791s][info][gc          ] GC(13) Concurrent Mark Cycle
[2026-09-29T22:29:42.466-0400][8.791s][info][gc,marking  ] GC(13) Concurrent Clear Claimed Marks
[2026-09-29T22:29:42.466-0400][8.791s][info][gc,marking  ] GC(13) Concurrent Clear Claimed Marks 0.074ms
[2026-09-29T22:29:42.466-0400][8.791s][info][gc,marking  ] GC(13) Concurrent Scan Root Regions
[2026-09-29T22:29:42.467-0400][8.792s][info][safepoint   ] Safepoint "CollectForMetadataAllocation", Time since last: 533530662 ns, Reaching safepoint: 36496 ns, Cleanup: 106945 ns, At safepoint: 7425398 ns, Total: 7568839 ns
[2026-09-29T22:29:42.471-0400][8.796s][info][gc,marking  ] GC(13) Concurrent Scan Root Regions 5.548ms
[2026-09-29T22:29:42.471-0400][8.796s][info][gc,marking  ] GC(13) Concurrent Mark
[2026-09-29T22:29:42.471-0400][8.796s][info][gc,marking  ] GC(13) Concurrent Mark From Roots
[2026-09-29T22:29:42.471-0400][8.796s][info][gc,task     ] GC(13) Using 2 workers of 2 for marking
[2026-09-29T22:29:42.500-0400][8.825s][info][safepoint   ] Safepoint "CollectForMetadataAllocation", Time since last: 33425191 ns, Reaching safepoint: 113904 ns, Cleanup: 18777 ns, At safepoint: 93933 ns, Total: 226614 ns
[2026-09-29T22:29:42.536-0400][8.861s][info][gc,marking  ] GC(13) Concurrent Mark From Roots 64.719ms
[2026-09-29T22:29:42.536-0400][8.861s][info][gc,marking  ] GC(13) Concurrent Preclean
[2026-09-29T22:29:42.536-0400][8.861s][info][gc,marking  ] GC(13) Concurrent Preclean 0.181ms
[2026-09-29T22:29:42.537-0400][8.862s][info][gc,start    ] GC(13) Pause Remark
[2026-09-29T22:29:42.546-0400][8.871s][info][gc          ] GC(13) Pause Remark 45M->45M(160M) 9.286ms
[2026-09-29T22:29:42.546-0400][8.871s][info][gc,cpu      ] GC(13) User=0.04s Sys=0.01s Real=0.01s
[2026-09-29T22:29:42.546-0400][8.872s][info][safepoint   ] Safepoint "G1PauseRemark", Time since last: 35951945 ns, Reaching safepoint: 633011 ns, Cleanup: 17590 ns, At safepoint: 9515347 ns, Total: 10165948 ns
[2026-09-29T22:29:42.547-0400][8.872s][info][gc,marking  ] GC(13) Concurrent Mark 75.425ms
[2026-09-29T22:29:42.547-0400][8.872s][info][gc,marking  ] GC(13) Concurrent Rebuild Remembered Sets
[2026-09-29T22:29:42.577-0400][8.902s][info][gc,marking  ] GC(13) Concurrent Rebuild Remembered Sets 30.488ms
[2026-09-29T22:29:42.581-0400][8.906s][info][gc,start    ] GC(13) Pause Cleanup
[2026-09-29T22:29:42.581-0400][8.906s][info][gc          ] GC(13) Pause Cleanup 46M->46M(160M) 0.224ms
[2026-09-29T22:29:42.581-0400][8.906s][info][gc,cpu      ] GC(13) User=0.00s Sys=0.00s Real=0.00s
[2026-09-29T22:29:42.581-0400][8.906s][info][safepoint   ] Safepoint "G1PauseCleanup", Time since last: 32756661 ns, Reaching safepoint: 1406159 ns, Cleanup: 32610 ns, At safepoint: 341352 ns, Total: 1780121 ns
[2026-09-29T22:29:42.584-0400][8.909s][info][gc,marking  ] GC(13) Concurrent Cleanup for Next Mark
[2026-09-29T22:29:42.587-0400][8.912s][info][gc,marking  ] GC(13) Concurrent Cleanup for Next Mark 2.726ms
[2026-09-29T22:29:42.587-0400][8.912s][info][gc          ] GC(13) Concurrent Mark Cycle 121.550ms
[2026-09-29T22:29:43.303-0400][9.628s][info][safepoint   ] Safepoint "ICBufferFull", Time since last: 721753631 ns, Reaching safepoint: 136462 ns, Cleanup: 143975 ns, At safepoint: 47702 ns, Total: 328139 ns
[2026-09-29T22:29:43.902-0400][10.227s][info][safepoint   ] Safepoint "ICBufferFull", Time since last: 598456881 ns, Reaching safepoint: 10378 ns, Cleanup: 177552 ns, At safepoint: 8522 ns, Total: 196452 ns
[2026-09-29T22:29:43.951-0400][10.276s][info][gc,start    ] GC(14) Pause Young (Concurrent Start) (G1 Evacuation Pause)
[2026-09-29T22:29:43.951-0400][10.276s][info][gc,task     ] GC(14) Using 6 workers of 8 for evacuation
[2026-09-29T22:29:43.962-0400][10.287s][info][gc,phases   ] GC(14)   Pre Evacuate Collection Set: 0.33ms
[2026-09-29T22:29:43.962-0400][10.287s][info][gc,phases   ] GC(14)   Merge Heap Roots: 0.18ms
[2026-09-29T22:29:43.962-0400][10.287s][info][gc,phases   ] GC(14)   Evacuate Collection Set: 8.32ms
[2026-09-29T22:29:43.962-0400][10.287s][info][gc,phases   ] GC(14)   Post Evacuate Collection Set: 2.23ms
[2026-09-29T22:29:43.962-0400][10.287s][info][gc,phases   ] GC(14)   Other: 0.21ms
[2026-09-29T22:29:43.962-0400][10.287s][info][gc,heap     ] GC(14) Eden regions: 38->0(32)
[2026-09-29T22:29:43.962-0400][10.287s][info][gc,heap     ] GC(14) Survivor regions: 2->5(5)
[2026-09-29T22:29:43.962-0400][10.287s][info][gc,heap     ] GC(14) Old regions: 20->21
[2026-09-29T22:29:43.962-0400][10.287s][info][gc,heap     ] GC(14) Archive regions: 2->2
[2026-09-29T22:29:43.962-0400][10.287s][info][gc,heap     ] GC(14) Humongous regions: 5->2
[2026-09-29T22:29:43.962-0400][10.287s][info][gc,metaspace] GC(14) Metaspace: 44755K(46848K)->44755K(46848K) NonClass: 40031K(41344K)->40031K(41344K) Class: 4724K(5504K)->4724K(5504K)
[2026-09-29T22:29:43.962-0400][10.287s][info][gc          ] GC(14) Pause Young (Concurrent Start) (G1 Evacuation Pause) 129M->56M(160M) 11.343ms
[2026-09-29T22:29:43.962-0400][10.287s][info][gc,cpu      ] GC(14) User=0.05s Sys=0.01s Real=0.01s
[2026-09-29T22:29:43.962-0400][10.287s][info][gc          ] GC(15) Concurrent Mark Cycle
[2026-09-29T22:29:43.962-0400][10.287s][info][gc,marking  ] GC(15) Concurrent Clear Claimed Marks
[2026-09-29T22:29:43.962-0400][10.287s][info][gc,marking  ] GC(15) Concurrent Clear Claimed Marks 0.081ms
[2026-09-29T22:29:43.962-0400][10.287s][info][gc,marking  ] GC(15) Concurrent Scan Root Regions
[2026-09-29T22:29:43.962-0400][10.287s][info][safepoint   ] Safepoint "G1CollectForAllocation", Time since last: 48974001 ns, Reaching safepoint: 13202 ns, Cleanup: 24900 ns, At safepoint: 11578955 ns, Total: 11617057 ns
[2026-09-29T22:29:43.971-0400][10.296s][info][gc,marking  ] GC(15) Concurrent Scan Root Regions 8.402ms
[2026-09-29T22:29:43.971-0400][10.296s][info][gc,marking  ] GC(15) Concurrent Mark
[2026-09-29T22:29:43.971-0400][10.296s][info][gc,marking  ] GC(15) Concurrent Mark From Roots
[2026-09-29T22:29:43.971-0400][10.296s][info][gc,task     ] GC(15) Using 2 workers of 2 for marking
[2026-09-29T22:29:44.037-0400][10.362s][info][gc,marking  ] GC(15) Concurrent Mark From Roots 66.455ms
[2026-09-29T22:29:44.037-0400][10.362s][info][gc,marking  ] GC(15) Concurrent Preclean
[2026-09-29T22:29:44.037-0400][10.362s][info][gc,marking  ] GC(15) Concurrent Preclean 0.111ms
[2026-09-29T22:29:44.038-0400][10.363s][info][gc,start    ] GC(15) Pause Remark
[2026-09-29T22:29:44.044-0400][10.369s][info][gc          ] GC(15) Pause Remark 62M->62M(160M) 5.657ms
[2026-09-29T22:29:44.044-0400][10.369s][info][gc,cpu      ] GC(15) User=0.03s Sys=0.00s Real=0.01s
[2026-09-29T22:29:44.044-0400][10.369s][info][safepoint   ] Safepoint "G1PauseRemark", Time since last: 75147233 ns, Reaching safepoint: 251784 ns, Cleanup: 67793 ns, At safepoint: 5906066 ns, Total: 6225643 ns
[2026-09-29T22:29:44.044-0400][10.369s][info][gc,marking  ] GC(15) Concurrent Mark 72.930ms
[2026-09-29T22:29:44.044-0400][10.369s][info][gc,marking  ] GC(15) Concurrent Rebuild Remembered Sets
[2026-09-29T22:29:44.065-0400][10.390s][info][gc,marking  ] GC(15) Concurrent Rebuild Remembered Sets 21.331ms
[2026-09-29T22:29:44.065-0400][10.390s][info][gc,start    ] GC(15) Pause Cleanup
[2026-09-29T22:29:44.065-0400][10.391s][info][gc          ] GC(15) Pause Cleanup 63M->63M(160M) 0.245ms
[2026-09-29T22:29:44.066-0400][10.391s][info][gc,cpu      ] GC(15) User=0.00s Sys=0.00s Real=0.00s
[2026-09-29T22:29:44.066-0400][10.391s][info][safepoint   ] Safepoint "G1PauseCleanup", Time since last: 21454086 ns, Reaching safepoint: 17525 ns, Cleanup: 6425 ns, At safepoint: 397160 ns, Total: 421110 ns
[2026-09-29T22:29:44.066-0400][10.391s][info][gc,marking  ] GC(15) Concurrent Cleanup for Next Mark
[2026-09-29T22:29:44.066-0400][10.391s][info][gc,marking  ] GC(15) Concurrent Cleanup for Next Mark 0.163ms
[2026-09-29T22:29:44.066-0400][10.391s][info][gc          ] GC(15) Concurrent Mark Cycle 103.591ms
[2026-09-29T22:29:44.769-0400][11.094s][info][safepoint   ] Safepoint "ICBufferFull", Time since last: 702820150 ns, Reaching safepoint: 13050 ns, Cleanup: 330472 ns, At safepoint: 49208 ns, Total: 392730 ns
[2026-09-29T22:29:45.141-0400][11.466s][info][gc,start    ] GC(16) Pause Young (Normal) (G1 Evacuation Pause)
[2026-09-29T22:29:45.141-0400][11.466s][info][gc,task     ] GC(16) Using 6 workers of 8 for evacuation
[2026-09-29T22:29:45.151-0400][11.476s][info][gc,phases   ] GC(16)   Pre Evacuate Collection Set: 0.19ms
[2026-09-29T22:29:45.151-0400][11.476s][info][gc,phases   ] GC(16)   Merge Heap Roots: 0.19ms
[2026-09-29T22:29:45.151-0400][11.476s][info][gc,phases   ] GC(16)   Evacuate Collection Set: 7.80ms
[2026-09-29T22:29:45.151-0400][11.476s][info][gc,phases   ] GC(16)   Post Evacuate Collection Set: 1.48ms
[2026-09-29T22:29:45.151-0400][11.476s][info][gc,phases   ] GC(16)   Other: 0.15ms
[2026-09-29T22:29:45.151-0400][11.476s][info][gc,heap     ] GC(16) Eden regions: 32->0(30)
[2026-09-29T22:29:45.151-0400][11.476s][info][gc,heap     ] GC(16) Survivor regions: 5->4(5)
[2026-09-29T22:29:45.151-0400][11.476s][info][gc,heap     ] GC(16) Old regions: 21->25
[2026-09-29T22:29:45.151-0400][11.476s][info][gc,heap     ] GC(16) Archive regions: 2->2
[2026-09-29T22:29:45.151-0400][11.476s][info][gc,heap     ] GC(16) Humongous regions: 2->2
[2026-09-29T22:29:45.151-0400][11.476s][info][gc,metaspace] GC(16) Metaspace: 55896K(58304K)->55896K(58304K) NonClass: 49748K(51264K)->49748K(51264K) Class: 6148K(7040K)->6148K(7040K)
[2026-09-29T22:29:45.151-0400][11.476s][info][gc          ] GC(16) Pause Young (Normal) (G1 Evacuation Pause) 120M->62M(160M) 9.858ms
[2026-09-29T22:29:45.151-0400][11.476s][info][gc,cpu      ] GC(16) User=0.06s Sys=0.00s Real=0.01s
[2026-09-29T22:29:45.151-0400][11.476s][info][safepoint   ] Safepoint "G1CollectForAllocation", Time since last: 371900415 ns, Reaching safepoint: 17890 ns, Cleanup: 58563 ns, At safepoint: 10017050 ns, Total: 10093503 ns
[2026-09-29T22:29:45.748-0400][12.073s][info][gc,start    ] GC(17) Pause Young (Normal) (G1 Evacuation Pause)
[2026-09-29T22:29:45.748-0400][12.073s][info][gc,task     ] GC(17) Using 6 workers of 8 for evacuation
[2026-09-29T22:29:45.760-0400][12.085s][info][gc,phases   ] GC(17)   Pre Evacuate Collection Set: 0.24ms
[2026-09-29T22:29:45.760-0400][12.085s][info][gc,phases   ] GC(17)   Merge Heap Roots: 0.16ms
[2026-09-29T22:29:45.760-0400][12.085s][info][gc,phases   ] GC(17)   Evacuate Collection Set: 8.81ms
[2026-09-29T22:29:45.760-0400][12.085s][info][gc,phases   ] GC(17)   Post Evacuate Collection Set: 2.68ms
[2026-09-29T22:29:45.760-0400][12.085s][info][gc,phases   ] GC(17)   Other: 0.24ms
[2026-09-29T22:29:45.760-0400][12.085s][info][gc,heap     ] GC(17) Eden regions: 30->0(27)
[2026-09-29T22:29:45.760-0400][12.085s][info][gc,heap     ] GC(17) Survivor regions: 4->4(5)
[2026-09-29T22:29:45.760-0400][12.085s][info][gc,heap     ] GC(17) Old regions: 25->28
[2026-09-29T22:29:45.760-0400][12.085s][info][gc,heap     ] GC(17) Archive regions: 2->2
[2026-09-29T22:29:45.760-0400][12.085s][info][gc,heap     ] GC(17) Humongous regions: 2->2
[2026-09-29T22:29:45.760-0400][12.086s][info][gc,metaspace] GC(17) Metaspace: 57980K(60480K)->57980K(60480K) NonClass: 51639K(53184K)->51639K(53184K) Class: 6341K(7296K)->6341K(7296K)
[2026-09-29T22:29:45.761-0400][12.086s][info][gc          ] GC(17) Pause Young (Normal) (G1 Evacuation Pause) 122M->69M(160M) 12.203ms
[2026-09-29T22:29:45.761-0400][12.086s][info][gc,cpu      ] GC(17) User=0.06s Sys=0.00s Real=0.01s
[2026-09-29T22:29:45.761-0400][12.086s][info][safepoint   ] Safepoint "G1CollectForAllocation", Time since last: 597322270 ns, Reaching safepoint: 15355 ns, Cleanup: 106276 ns, At safepoint: 12521357 ns, Total: 12642988 ns
[2026-09-29T22:29:46.064-0400][12.389s][info][gc,start    ] GC(18) Pause Young (Normal) (G1 Evacuation Pause)
[2026-09-29T22:29:46.064-0400][12.389s][info][gc,task     ] GC(18) Using 6 workers of 8 for evacuation
[2026-09-29T22:29:46.069-0400][12.394s][info][gc,phases   ] GC(18)   Pre Evacuate Collection Set: 0.24ms
[2026-09-29T22:29:46.069-0400][12.394s][info][gc,phases   ] GC(18)   Merge Heap Roots: 0.15ms
[2026-09-29T22:29:46.069-0400][12.394s][info][gc,phases   ] GC(18)   Evacuate Collection Set: 3.11ms
[2026-09-29T22:29:46.069-0400][12.394s][info][gc,phases   ] GC(18)   Post Evacuate Collection Set: 1.76ms
[2026-09-29T22:29:46.069-0400][12.394s][info][gc,phases   ] GC(18)   Other: 0.17ms
[2026-09-29T22:29:46.069-0400][12.394s][info][gc,heap     ] GC(18) Eden regions: 27->0(24)
[2026-09-29T22:29:46.069-0400][12.394s][info][gc,heap     ] GC(18) Survivor regions: 4->4(4)
[2026-09-29T22:29:46.069-0400][12.394s][info][gc,heap     ] GC(18) Old regions: 28->31
[2026-09-29T22:29:46.069-0400][12.394s][info][gc,heap     ] GC(18) Archive regions: 2->2
[2026-09-29T22:29:46.069-0400][12.394s][info][gc,heap     ] GC(18) Humongous regions: 2->2
[2026-09-29T22:29:46.069-0400][12.394s][info][gc,metaspace] GC(18) Metaspace: 58806K(61312K)->58806K(61312K) NonClass: 52362K(53952K)->52362K(53952K) Class: 6443K(7360K)->6443K(7360K)
[2026-09-29T22:29:46.069-0400][12.394s][info][gc          ] GC(18) Pause Young (Normal) (G1 Evacuation Pause) 123M->74M(160M) 5.485ms
[2026-09-29T22:29:46.070-0400][12.395s][info][gc,cpu      ] GC(18) User=0.03s Sys=0.00s Real=0.01s
[2026-09-29T22:29:46.070-0400][12.395s][info][safepoint   ] Safepoint "G1CollectForAllocation", Time since last: 303101048 ns, Reaching safepoint: 11792 ns, Cleanup: 57801 ns, At safepoint: 5669351 ns, Total: 5738944 ns
[2026-09-29T22:29:46.512-0400][12.837s][info][safepoint   ] Safepoint "ICBufferFull", Time since last: 441901547 ns, Reaching safepoint: 12307 ns, Cleanup: 250657 ns, At safepoint: 4877 ns, Total: 267841 ns
[2026-09-29T22:29:46.902-0400][13.227s][info][gc,start    ] GC(19) Pause Young (Normal) (G1 Evacuation Pause)
[2026-09-29T22:29:46.902-0400][13.227s][info][gc,task     ] GC(19) Using 6 workers of 8 for evacuation
[2026-09-29T22:29:46.908-0400][13.233s][info][gc,phases   ] GC(19)   Pre Evacuate Collection Set: 0.22ms
[2026-09-29T22:29:46.908-0400][13.233s][info][gc,phases   ] GC(19)   Merge Heap Roots: 0.14ms
[2026-09-29T22:29:46.908-0400][13.233s][info][gc,phases   ] GC(19)   Evacuate Collection Set: 3.00ms
[2026-09-29T22:29:46.908-0400][13.233s][info][gc,phases   ] GC(19)   Post Evacuate Collection Set: 2.07ms
[2026-09-29T22:29:46.908-0400][13.233s][info][gc,phases   ] GC(19)   Other: 0.14ms
[2026-09-29T22:29:46.908-0400][13.233s][info][gc,heap     ] GC(19) Eden regions: 24->0(82)
[2026-09-29T22:29:46.908-0400][13.233s][info][gc,heap     ] GC(19) Survivor regions: 4->2(4)
[2026-09-29T22:29:46.908-0400][13.233s][info][gc,heap     ] GC(19) Old regions: 31->32
[2026-09-29T22:29:46.908-0400][13.233s][info][gc,heap     ] GC(19) Archive regions: 2->2
[2026-09-29T22:29:46.908-0400][13.233s][info][gc,heap     ] GC(19) Humongous regions: 2->2
[2026-09-29T22:29:46.908-0400][13.233s][info][gc,metaspace] GC(19) Metaspace: 69666K(72384K)->69666K(72384K) NonClass: 61953K(63680K)->61953K(63680K) Class: 7713K(8704K)->7713K(8704K)
[2026-09-29T22:29:46.908-0400][13.233s][info][gc          ] GC(19) Pause Young (Normal) (G1 Evacuation Pause) 122M->72M(320M) 5.613ms
[2026-09-29T22:29:46.908-0400][13.233s][info][gc,cpu      ] GC(19) User=0.02s Sys=0.00s Real=0.01s
[2026-09-29T22:29:46.908-0400][13.233s][info][safepoint   ] Safepoint "G1CollectForAllocation", Time since last: 390121052 ns, Reaching safepoint: 8406 ns, Cleanup: 343667 ns, At safepoint: 5729748 ns, Total: 6081821 ns
[2026-09-29T22:29:48.041-0400][14.366s][info][safepoint   ] Safepoint "Cleanup", Time since last: 1132457936 ns, Reaching safepoint: 131284 ns, Cleanup: 171101 ns, At safepoint: 83300 ns, Total: 385685 ns
[2026-09-29T22:29:48.321-0400][14.646s][info][gc,start    ] GC(20) Pause Young (Normal) (G1 Evacuation Pause)
[2026-09-29T22:29:48.322-0400][14.647s][info][gc,task     ] GC(20) Using 7 workers of 8 for evacuation
[2026-09-29T22:29:48.348-0400][14.673s][info][gc,phases   ] GC(20)   Pre Evacuate Collection Set: 0.61ms
[2026-09-29T22:29:48.348-0400][14.673s][info][gc,phases   ] GC(20)   Merge Heap Roots: 0.30ms
[2026-09-29T22:29:48.348-0400][14.673s][info][gc,phases   ] GC(20)   Evacuate Collection Set: 14.25ms
[2026-09-29T22:29:48.348-0400][14.673s][info][gc,phases   ] GC(20)   Post Evacuate Collection Set: 11.39ms
[2026-09-29T22:29:48.348-0400][14.673s][info][gc,phases   ] GC(20)   Other: 0.30ms
[2026-09-29T22:29:48.348-0400][14.673s][info][gc,heap     ] GC(20) Eden regions: 82->0(73)
[2026-09-29T22:29:48.348-0400][14.673s][info][gc,heap     ] GC(20) Survivor regions: 2->11(11)
[2026-09-29T22:29:48.348-0400][14.673s][info][gc,heap     ] GC(20) Old regions: 32->33
[2026-09-29T22:29:48.348-0400][14.673s][info][gc,heap     ] GC(20) Archive regions: 2->2
[2026-09-29T22:29:48.348-0400][14.673s][info][gc,heap     ] GC(20) Humongous regions: 2->2
[2026-09-29T22:29:48.348-0400][14.673s][info][gc,metaspace] GC(20) Metaspace: 76311K(78976K)->76311K(78976K) NonClass: 67665K(69376K)->67665K(69376K) Class: 8645K(9600K)->8645K(9600K)
[2026-09-29T22:29:48.348-0400][14.673s][info][gc          ] GC(20) Pause Young (Normal) (G1 Evacuation Pause) 236M->92M(320M) 26.969ms
[2026-09-29T22:29:48.348-0400][14.673s][info][gc,cpu      ] GC(20) User=0.10s Sys=0.03s Real=0.03s
[2026-09-29T22:29:48.348-0400][14.674s][info][safepoint   ] Safepoint "G1CollectForAllocation", Time since last: 280433177 ns, Reaching safepoint: 16524 ns, Cleanup: 127265 ns, At safepoint: 27092031 ns, Total: 27235820 ns
[2026-09-29T22:29:48.529-0400][14.854s][info][gc,start    ] GC(21) Pause Young (Concurrent Start) (Metadata GC Threshold)
[2026-09-29T22:29:48.529-0400][14.854s][info][gc,task     ] GC(21) Using 7 workers of 8 for evacuation
[2026-09-29T22:29:48.536-0400][14.861s][info][gc,phases   ] GC(21)   Pre Evacuate Collection Set: 0.23ms
[2026-09-29T22:29:48.536-0400][14.861s][info][gc,phases   ] GC(21)   Merge Heap Roots: 0.13ms
[2026-09-29T22:29:48.536-0400][14.861s][info][gc,phases   ] GC(21)   Evacuate Collection Set: 4.81ms
[2026-09-29T22:29:48.536-0400][14.861s][info][gc,phases   ] GC(21)   Post Evacuate Collection Set: 1.71ms
[2026-09-29T22:29:48.536-0400][14.861s][info][gc,phases   ] GC(21)   Other: 0.18ms
[2026-09-29T22:29:48.536-0400][14.861s][info][gc,heap     ] GC(21) Eden regions: 19->0(74)
[2026-09-29T22:29:48.536-0400][14.861s][info][gc,heap     ] GC(21) Survivor regions: 11->4(11)
[2026-09-29T22:29:48.536-0400][14.861s][info][gc,heap     ] GC(21) Old regions: 33->37
[2026-09-29T22:29:48.536-0400][14.861s][info][gc,heap     ] GC(21) Archive regions: 2->2
[2026-09-29T22:29:48.536-0400][14.861s][info][gc,heap     ] GC(21) Humongous regions: 2->2
[2026-09-29T22:29:48.536-0400][14.861s][info][gc,metaspace] GC(21) Metaspace: 76792K(79488K)->76792K(79488K) NonClass: 68059K(69760K)->68059K(69760K) Class: 8733K(9728K)->8733K(9728K)
[2026-09-29T22:29:48.536-0400][14.861s][info][gc          ] GC(21) Pause Young (Concurrent Start) (Metadata GC Threshold) 129M->84M(320M) 7.159ms
[2026-09-29T22:29:48.536-0400][14.861s][info][gc,cpu      ] GC(21) User=0.04s Sys=0.00s Real=0.00s
[2026-09-29T22:29:48.536-0400][14.861s][info][gc          ] GC(22) Concurrent Mark Cycle
[2026-09-29T22:29:48.536-0400][14.861s][info][gc,marking  ] GC(22) Concurrent Clear Claimed Marks
[2026-09-29T22:29:48.536-0400][14.861s][info][safepoint   ] Safepoint "CollectForMetadataAllocation", Time since last: 180289549 ns, Reaching safepoint: 11361 ns, Cleanup: 35760 ns, At safepoint: 7345116 ns, Total: 7392237 ns
[2026-09-29T22:29:48.536-0400][14.861s][info][gc,marking  ] GC(22) Concurrent Clear Claimed Marks 0.107ms
[2026-09-29T22:29:48.536-0400][14.861s][info][gc,marking  ] GC(22) Concurrent Scan Root Regions
[2026-09-29T22:29:48.544-0400][14.869s][info][gc,marking  ] GC(22) Concurrent Scan Root Regions 8.019ms
[2026-09-29T22:29:48.544-0400][14.869s][info][gc,marking  ] GC(22) Concurrent Mark
[2026-09-29T22:29:48.544-0400][14.869s][info][gc,marking  ] GC(22) Concurrent Mark From Roots
[2026-09-29T22:29:48.544-0400][14.869s][info][gc,task     ] GC(22) Using 2 workers of 2 for marking
[2026-09-29T22:29:48.604-0400][14.929s][info][gc,marking  ] GC(22) Concurrent Mark From Roots 59.423ms
[2026-09-29T22:29:48.604-0400][14.929s][info][gc,marking  ] GC(22) Concurrent Preclean
[2026-09-29T22:29:48.605-0400][14.930s][info][gc,marking  ] GC(22) Concurrent Preclean 0.836ms
[2026-09-29T22:29:48.605-0400][14.930s][info][gc,start    ] GC(22) Pause Remark
[2026-09-29T22:29:48.612-0400][14.937s][info][gc          ] GC(22) Pause Remark 96M->96M(320M) 6.898ms
[2026-09-29T22:29:48.612-0400][14.937s][info][gc,cpu      ] GC(22) User=0.05s Sys=0.00s Real=0.01s
[2026-09-29T22:29:48.612-0400][14.937s][info][safepoint   ] Safepoint "G1PauseRemark", Time since last: 68630216 ns, Reaching safepoint: 13473 ns, Cleanup: 28624 ns, At safepoint: 7185493 ns, Total: 7227590 ns
[2026-09-29T22:29:48.612-0400][14.937s][info][gc,marking  ] GC(22) Concurrent Mark 67.717ms
[2026-09-29T22:29:48.612-0400][14.937s][info][gc,marking  ] GC(22) Concurrent Rebuild Remembered Sets
[2026-09-29T22:29:48.638-0400][14.963s][info][gc,marking  ] GC(22) Concurrent Rebuild Remembered Sets 25.491ms
[2026-09-29T22:29:48.638-0400][14.963s][info][gc,start    ] GC(22) Pause Cleanup
[2026-09-29T22:29:48.638-0400][14.963s][info][gc          ] GC(22) Pause Cleanup 104M->104M(320M) 0.226ms
[2026-09-29T22:29:48.638-0400][14.963s][info][gc,cpu      ] GC(22) User=0.00s Sys=0.00s Real=0.00s
[2026-09-29T22:29:48.638-0400][14.963s][info][safepoint   ] Safepoint "G1PauseCleanup", Time since last: 25668882 ns, Reaching safepoint: 12240 ns, Cleanup: 21334 ns, At safepoint: 393816 ns, Total: 427390 ns
[2026-09-29T22:29:48.638-0400][14.963s][info][gc,marking  ] GC(22) Concurrent Cleanup for Next Mark
[2026-09-29T22:29:48.640-0400][14.965s][info][gc,marking  ] GC(22) Concurrent Cleanup for Next Mark 1.534ms
[2026-09-29T22:29:48.640-0400][14.965s][info][gc          ] GC(22) Concurrent Mark Cycle 103.680ms
[2026-09-29T22:29:48.948-0400][15.273s][info][gc,start    ] GC(23) Pause Young (Prepare Mixed) (G1 Evacuation Pause)
[2026-09-29T22:29:48.948-0400][15.273s][info][gc,task     ] GC(23) Using 7 workers of 8 for evacuation
[2026-09-29T22:29:48.952-0400][15.277s][info][gc,phases   ] GC(23)   Pre Evacuate Collection Set: 0.30ms
[2026-09-29T22:29:48.952-0400][15.277s][info][gc,phases   ] GC(23)   Merge Heap Roots: 0.19ms
[2026-09-29T22:29:48.952-0400][15.277s][info][gc,phases   ] GC(23)   Evacuate Collection Set: 2.59ms
[2026-09-29T22:29:48.952-0400][15.277s][info][gc,phases   ] GC(23)   Post Evacuate Collection Set: 1.60ms
[2026-09-29T22:29:48.952-0400][15.277s][info][gc,phases   ] GC(23)   Other: 0.19ms
[2026-09-29T22:29:48.952-0400][15.277s][info][gc,heap     ] GC(23) Eden regions: 74->0(6)
[2026-09-29T22:29:48.952-0400][15.277s][info][gc,heap     ] GC(23) Survivor regions: 4->2(10)
[2026-09-29T22:29:48.952-0400][15.277s][info][gc,heap     ] GC(23) Old regions: 37->37
[2026-09-29T22:29:48.952-0400][15.278s][info][gc,heap     ] GC(23) Archive regions: 2->2
[2026-09-29T22:29:48.952-0400][15.278s][info][gc,heap     ] GC(23) Humongous regions: 2->2
[2026-09-29T22:29:48.952-0400][15.278s][info][gc,metaspace] GC(23) Metaspace: 77555K(80192K)->77555K(80192K) NonClass: 68719K(70400K)->68719K(70400K) Class: 8835K(9792K)->8835K(9792K)
[2026-09-29T22:29:48.953-0400][15.278s][info][gc          ] GC(23) Pause Young (Prepare Mixed) (G1 Evacuation Pause) 232M->82M(320M) 4.972ms
[2026-09-29T22:29:48.953-0400][15.278s][info][gc,cpu      ] GC(23) User=0.03s Sys=0.00s Real=0.00s
[2026-09-29T22:29:48.953-0400][15.278s][info][safepoint   ] Safepoint "G1CollectForAllocation", Time since last: 309286273 ns, Reaching safepoint: 19033 ns, Cleanup: 69898 ns, At safepoint: 5111820 ns, Total: 5200751 ns
[2026-09-29T22:29:49.099-0400][15.424s][info][gc,start    ] GC(24) Pause Young (Mixed) (G1 Evacuation Pause)
[2026-09-29T22:29:49.099-0400][15.424s][info][gc,task     ] GC(24) Using 7 workers of 8 for evacuation
[2026-09-29T22:29:49.102-0400][15.427s][info][gc,phases   ] GC(24)   Pre Evacuate Collection Set: 0.20ms
[2026-09-29T22:29:49.102-0400][15.427s][info][gc,phases   ] GC(24)   Merge Heap Roots: 0.26ms
[2026-09-29T22:29:49.102-0400][15.427s][info][gc,phases   ] GC(24)   Evacuate Collection Set: 1.74ms
[2026-09-29T22:29:49.102-0400][15.427s][info][gc,phases   ] GC(24)   Post Evacuate Collection Set: 1.34ms
[2026-09-29T22:29:49.102-0400][15.428s][info][gc,phases   ] GC(24)   Other: 0.15ms
[2026-09-29T22:29:49.102-0400][15.428s][info][gc,heap     ] GC(24) Eden regions: 6->0(80)
[2026-09-29T22:29:49.103-0400][15.428s][info][gc,heap     ] GC(24) Survivor regions: 2->1(1)
[2026-09-29T22:29:49.103-0400][15.428s][info][gc,heap     ] GC(24) Old regions: 37->37
[2026-09-29T22:29:49.103-0400][15.428s][info][gc,heap     ] GC(24) Archive regions: 2->2
[2026-09-29T22:29:49.103-0400][15.428s][info][gc,heap     ] GC(24) Humongous regions: 2->2
[2026-09-29T22:29:49.103-0400][15.428s][info][gc,metaspace] GC(24) Metaspace: 78296K(81024K)->78296K(81024K) NonClass: 69364K(71104K)->69364K(71104K) Class: 8932K(9920K)->8932K(9920K)
[2026-09-29T22:29:49.103-0400][15.428s][info][gc          ] GC(24) Pause Young (Mixed) (G1 Evacuation Pause) 94M->79M(320M) 3.826ms
[2026-09-29T22:29:49.103-0400][15.428s][info][gc,cpu      ] GC(24) User=0.01s Sys=0.00s Real=0.01s
[2026-09-29T22:29:49.103-0400][15.428s][info][safepoint   ] Safepoint "G1CollectForAllocation", Time since last: 145774686 ns, Reaching safepoint: 12414 ns, Cleanup: 292246 ns, At safepoint: 3983882 ns, Total: 4288542 ns
[2026-09-29T22:29:49.533-0400][15.858s][info][safepoint   ] Safepoint "ICBufferFull", Time since last: 430450214 ns, Reaching safepoint: 22451 ns, Cleanup: 214408 ns, At safepoint: 25054 ns, Total: 261913 ns
[2026-09-29T22:29:49.636-0400][15.961s][info][safepoint   ] Safepoint "ICBufferFull", Time since last: 101858764 ns, Reaching safepoint: 117718 ns, Cleanup: 103427 ns, At safepoint: 46981 ns, Total: 268126 ns
[2026-09-29T22:29:50.069-0400][16.394s][info][safepoint   ] Safepoint "ICBufferFull", Time since last: 432975132 ns, Reaching safepoint: 16867 ns, Cleanup: 158929 ns, At safepoint: 44258 ns, Total: 220054 ns
[2026-09-29T22:29:50.276-0400][16.601s][info][safepoint   ] Safepoint "ICBufferFull", Time since last: 207469208 ns, Reaching safepoint: 20014 ns, Cleanup: 108782 ns, At safepoint: 35909 ns, Total: 164705 ns
[2026-09-29T22:29:50.361-0400][16.686s][info][gc,start    ] GC(25) Pause Young (Normal) (G1 Evacuation Pause)
[2026-09-29T22:29:50.361-0400][16.686s][info][gc,task     ] GC(25) Using 7 workers of 8 for evacuation
[2026-09-29T22:29:50.370-0400][16.695s][info][gc,phases   ] GC(25)   Pre Evacuate Collection Set: 0.18ms
[2026-09-29T22:29:50.370-0400][16.695s][info][gc,phases   ] GC(25)   Merge Heap Roots: 0.27ms
[2026-09-29T22:29:50.370-0400][16.695s][info][gc,phases   ] GC(25)   Evacuate Collection Set: 6.93ms
[2026-09-29T22:29:50.370-0400][16.695s][info][gc,phases   ] GC(25)   Post Evacuate Collection Set: 1.93ms
[2026-09-29T22:29:50.370-0400][16.695s][info][gc,phases   ] GC(25)   Other: 0.17ms
[2026-09-29T22:29:50.370-0400][16.695s][info][gc,heap     ] GC(25) Eden regions: 80->0(79)
[2026-09-29T22:29:50.370-0400][16.695s][info][gc,heap     ] GC(25) Survivor regions: 1->4(11)
[2026-09-29T22:29:50.370-0400][16.695s][info][gc,heap     ] GC(25) Old regions: 37->37
[2026-09-29T22:29:50.370-0400][16.695s][info][gc,heap     ] GC(25) Archive regions: 2->2
[2026-09-29T22:29:50.370-0400][16.695s][info][gc,heap     ] GC(25) Humongous regions: 2->2
[2026-09-29T22:29:50.370-0400][16.695s][info][gc,metaspace] GC(25) Metaspace: 85302K(88256K)->85302K(88256K) NonClass: 75471K(77312K)->75471K(77312K) Class: 9831K(10944K)->9831K(10944K)
[2026-09-29T22:29:50.370-0400][16.695s][info][gc          ] GC(25) Pause Young (Normal) (G1 Evacuation Pause) 239M->85M(320M) 9.549ms
[2026-09-29T22:29:50.370-0400][16.695s][info][gc,cpu      ] GC(25) User=0.04s Sys=0.00s Real=0.01s
[2026-09-29T22:29:50.370-0400][16.695s][info][safepoint   ] Safepoint "G1CollectForAllocation", Time since last: 84177890 ns, Reaching safepoint: 16740 ns, Cleanup: 66394 ns, At safepoint: 9638403 ns, Total: 9721537 ns
[2026-09-29T22:29:50.492-0400][16.817s][info][safepoint   ] Safepoint "ICBufferFull", Time since last: 121622707 ns, Reaching safepoint: 10487 ns, Cleanup: 94773 ns, At safepoint: 29657 ns, Total: 134917 ns
[2026-09-29T22:29:51.182-0400][17.507s][info][safepoint   ] Safepoint "ICBufferFull", Time since last: 689545872 ns, Reaching safepoint: 7675 ns, Cleanup: 305264 ns, At safepoint: 7219 ns, Total: 320158 ns
[2026-09-29T22:29:52.029-0400][18.354s][info][safepoint   ] Safepoint "ICBufferFull", Time since last: 846715849 ns, Reaching safepoint: 13243 ns, Cleanup: 139197 ns, At safepoint: 27125 ns, Total: 179565 ns
[2026-09-29T22:29:52.061-0400][18.386s][info][safepoint   ] Safepoint "ICBufferFull", Time since last: 31912144 ns, Reaching safepoint: 338540 ns, Cleanup: 172975 ns, At safepoint: 67784 ns, Total: 579299 ns
[2026-09-29T22:29:52.452-0400][18.777s][info][safepoint   ] Safepoint "ICBufferFull", Time since last: 390223214 ns, Reaching safepoint: 11215 ns, Cleanup: 170634 ns, At safepoint: 29086 ns, Total: 210935 ns
[2026-09-29T22:29:52.933-0400][19.258s][info][safepoint   ] Safepoint "ICBufferFull", Time since last: 481501096 ns, Reaching safepoint: 17703 ns, Cleanup: 194624 ns, At safepoint: 8011 ns, Total: 220338 ns
[2026-09-29T22:29:53.371-0400][19.696s][info][safepoint   ] Safepoint "ICBufferFull", Time since last: 437798958 ns, Reaching safepoint: 13798 ns, Cleanup: 101787 ns, At safepoint: 29165 ns, Total: 144750 ns
[2026-09-29T22:29:53.696-0400][20.021s][info][gc,start    ] GC(26) Pause Young (Normal) (G1 Evacuation Pause)
[2026-09-29T22:29:53.696-0400][20.021s][info][gc,task     ] GC(26) Using 7 workers of 8 for evacuation
[2026-09-29T22:29:53.708-0400][20.033s][info][gc,phases   ] GC(26)   Pre Evacuate Collection Set: 0.16ms
[2026-09-29T22:29:53.709-0400][20.034s][info][gc,phases   ] GC(26)   Merge Heap Roots: 0.15ms
[2026-09-29T22:29:53.709-0400][20.034s][info][gc,phases   ] GC(26)   Evacuate Collection Set: 7.18ms
[2026-09-29T22:29:53.709-0400][20.034s][info][gc,phases   ] GC(26)   Post Evacuate Collection Set: 4.50ms
[2026-09-29T22:29:53.709-0400][20.034s][info][gc,phases   ] GC(26)   Other: 0.17ms
[2026-09-29T22:29:53.709-0400][20.034s][info][gc,heap     ] GC(26) Eden regions: 79->0(73)
[2026-09-29T22:29:53.709-0400][20.034s][info][gc,heap     ] GC(26) Survivor regions: 4->10(11)
[2026-09-29T22:29:53.709-0400][20.034s][info][gc,heap     ] GC(26) Old regions: 37->37
[2026-09-29T22:29:53.709-0400][20.034s][info][gc,heap     ] GC(26) Archive regions: 2->2
[2026-09-29T22:29:53.709-0400][20.034s][info][gc,heap     ] GC(26) Humongous regions: 2->2
[2026-09-29T22:29:53.709-0400][20.034s][info][gc,metaspace] GC(26) Metaspace: 103584K(106560K)->103584K(106560K) NonClass: 91735K(93568K)->91735K(93568K) Class: 11848K(12992K)->11848K(12992K)
[2026-09-29T22:29:53.709-0400][20.034s][info][gc          ] GC(26) Pause Young (Normal) (G1 Evacuation Pause) 243M->96M(320M) 12.263ms
[2026-09-29T22:29:53.709-0400][20.034s][info][gc,cpu      ] GC(26) User=0.04s Sys=0.01s Real=0.02s
[2026-09-29T22:29:53.709-0400][20.034s][info][safepoint   ] Safepoint "G1CollectForAllocation", Time since last: 324760446 ns, Reaching safepoint: 16529 ns, Cleanup: 147309 ns, At safepoint: 12384118 ns, Total: 12547956 ns
[2026-09-29T22:29:53.939-0400][20.264s][info][safepoint   ] Safepoint "ICBufferFull", Time since last: 230133217 ns, Reaching safepoint: 11049 ns, Cleanup: 96872 ns, At safepoint: 28168 ns, Total: 136089 ns
[2026-09-29T22:29:54.775-0400][21.100s][info][safepoint   ] Safepoint "ICBufferFull", Time since last: 835651665 ns, Reaching safepoint: 105058 ns, Cleanup: 462943 ns, At safepoint: 98926 ns, Total: 666927 ns
[2026-09-29T22:29:55.126-0400][21.451s][info][safepoint   ] Safepoint "ICBufferFull", Time since last: 350779664 ns, Reaching safepoint: 13233 ns, Cleanup: 295850 ns, At safepoint: 28655 ns, Total: 337738 ns
[2026-09-29T22:29:55.308-0400][21.633s][info][gc,start    ] GC(27) Pause Young (Normal) (G1 Evacuation Pause)
[2026-09-29T22:29:55.308-0400][21.633s][info][gc,task     ] GC(27) Using 7 workers of 8 for evacuation
[2026-09-29T22:29:55.322-0400][21.647s][info][gc,phases   ] GC(27)   Pre Evacuate Collection Set: 0.22ms
[2026-09-29T22:29:55.322-0400][21.647s][info][gc,phases   ] GC(27)   Merge Heap Roots: 0.20ms
[2026-09-29T22:29:55.322-0400][21.647s][info][gc,phases   ] GC(27)   Evacuate Collection Set: 10.65ms
[2026-09-29T22:29:55.322-0400][21.647s][info][gc,phases   ] GC(27)   Post Evacuate Collection Set: 2.92ms
[2026-09-29T22:29:55.322-0400][21.647s][info][gc,phases   ] GC(27)   Other: 0.17ms
[2026-09-29T22:29:55.322-0400][21.647s][info][gc,heap     ] GC(27) Eden regions: 73->0(73)
[2026-09-29T22:29:55.322-0400][21.647s][info][gc,heap     ] GC(27) Survivor regions: 10->6(11)
[2026-09-29T22:29:55.322-0400][21.647s][info][gc,heap     ] GC(27) Old regions: 37->42
[2026-09-29T22:29:55.322-0400][21.647s][info][gc,heap     ] GC(27) Archive regions: 2->2
[2026-09-29T22:29:55.322-0400][21.647s][info][gc,heap     ] GC(27) Humongous regions: 2->2
[2026-09-29T22:29:55.322-0400][21.647s][info][gc,metaspace] GC(27) Metaspace: 114425K(117632K)->114425K(117632K) NonClass: 100945K(102912K)->100945K(102912K) Class: 13480K(14720K)->13480K(14720K)
[2026-09-29T22:29:55.322-0400][21.647s][info][gc          ] GC(27) Pause Young (Normal) (G1 Evacuation Pause) 242M->100M(320M) 14.288ms
[2026-09-29T22:29:55.322-0400][21.647s][info][gc,cpu      ] GC(27) User=0.08s Sys=0.00s Real=0.01s
[2026-09-29T22:29:55.322-0400][21.647s][info][safepoint   ] Safepoint "G1CollectForAllocation", Time since last: 181083440 ns, Reaching safepoint: 189488 ns, Cleanup: 58623 ns, At safepoint: 14445842 ns, Total: 14693953 ns
[2026-09-29T22:29:55.593-0400][21.918s][info][safepoint   ] Safepoint "ICBufferFull", Time since last: 270460057 ns, Reaching safepoint: 11196 ns, Cleanup: 152311 ns, At safepoint: 3021 ns, Total: 166528 ns
[2026-09-29T22:29:56.375-0400][22.700s][info][safepoint   ] Safepoint "ICBufferFull", Time since last: 782286548 ns, Reaching safepoint: 11805 ns, Cleanup: 354291 ns, At safepoint: 47167 ns, Total: 413263 ns
[2026-09-29T22:29:57.306-0400][23.631s][info][safepoint   ] Safepoint "ICBufferFull", Time since last: 930349082 ns, Reaching safepoint: 13962 ns, Cleanup: 169494 ns, At safepoint: 42203 ns, Total: 225659 ns
[2026-09-29T22:29:57.442-0400][23.767s][info][safepoint   ] Safepoint "RedefineClasses", Time since last: 50002969 ns, Reaching safepoint: 21132 ns, Cleanup: 58640 ns, At safepoint: 85466883 ns, Total: 85546655 ns
[2026-09-29T22:29:57.478-0400][23.803s][info][safepoint   ] Safepoint "JFRCheckpoint", Time since last: 36195603 ns, Reaching safepoint: 20290 ns, Cleanup: 30783 ns, At safepoint: 14679 ns, Total: 65752 ns
[2026-09-29T22:29:57.486-0400][23.811s][info][safepoint   ] Safepoint "JFROldObject", Time since last: 8020240 ns, Reaching safepoint: 20910 ns, Cleanup: 8844 ns, At safepoint: 7034 ns, Total: 36788 ns
[2026-09-29T22:29:57.569-0400][23.894s][info][safepoint   ] Safepoint "RedefineClasses", Time since last: 2322629 ns, Reaching safepoint: 21101 ns, Cleanup: 7238 ns, At safepoint: 80482980 ns, Total: 80511319 ns
[2026-09-29T22:29:57.578-0400][23.903s][info][safepoint   ] Safepoint "ClassLoaderStatsOperation", Time since last: 5897764 ns, Reaching safepoint: 19454 ns, Cleanup: 6677 ns, At safepoint: 3500475 ns, Total: 3526606 ns
[2026-09-29T22:29:58.579-0400][24.904s][info][safepoint   ] Safepoint "Cleanup", Time since last: 1000228586 ns, Reaching safepoint: 26442 ns, Cleanup: 77488 ns, At safepoint: 5204 ns, Total: 109134 ns
[2026-09-29T22:29:59.579-0400][25.904s][info][safepoint   ] Safepoint "Cleanup", Time since last: 1000371356 ns, Reaching safepoint: 28832 ns, Cleanup: 34604 ns, At safepoint: 3841 ns, Total: 67277 ns
[2026-09-29T22:30:00.152-0400][26.477s][info][gc,start    ] GC(28) Pause Young (Concurrent Start) (Metadata GC Threshold)
[2026-09-29T22:30:00.152-0400][26.477s][info][gc,task     ] GC(28) Using 7 workers of 8 for evacuation
[2026-09-29T22:30:00.162-0400][26.487s][info][gc,phases   ] GC(28)   Pre Evacuate Collection Set: 0.42ms
[2026-09-29T22:30:00.162-0400][26.487s][info][gc,phases   ] GC(28)   Merge Heap Roots: 0.20ms
[2026-09-29T22:30:00.162-0400][26.487s][info][gc,phases   ] GC(28)   Evacuate Collection Set: 6.20ms
[2026-09-29T22:30:00.162-0400][26.487s][info][gc,phases   ] GC(28)   Post Evacuate Collection Set: 2.85ms
[2026-09-29T22:30:00.162-0400][26.487s][info][gc,phases   ] GC(28)   Other: 0.24ms
[2026-09-29T22:30:00.162-0400][26.487s][info][gc,heap     ] GC(28) Eden regions: 67->0(74)
[2026-09-29T22:30:00.162-0400][26.487s][info][gc,heap     ] GC(28) Survivor regions: 6->6(10)
[2026-09-29T22:30:00.162-0400][26.487s][info][gc,heap     ] GC(28) Old regions: 42->42
[2026-09-29T22:30:00.162-0400][26.487s][info][gc,heap     ] GC(28) Archive regions: 2->2
[2026-09-29T22:30:00.162-0400][26.487s][info][gc,heap     ] GC(28) Humongous regions: 2->2
[2026-09-29T22:30:00.162-0400][26.487s][info][gc,metaspace] GC(28) Metaspace: 129530K(132928K)->129530K(132928K) NonClass: 114385K(116416K)->114385K(116416K) Class: 15145K(16512K)->15145K(16512K)
[2026-09-29T22:30:00.162-0400][26.487s][info][gc          ] GC(28) Pause Young (Concurrent Start) (Metadata GC Threshold) 232M->101M(320M) 10.041ms
[2026-09-29T22:30:00.162-0400][26.487s][info][gc,cpu      ] GC(28) User=0.05s Sys=0.01s Real=0.01s
[2026-09-29T22:30:00.163-0400][26.488s][info][gc          ] GC(29) Concurrent Mark Cycle
[2026-09-29T22:30:00.163-0400][26.488s][info][gc,marking  ] GC(29) Concurrent Clear Claimed Marks
[2026-09-29T22:30:00.163-0400][26.488s][info][safepoint   ] Safepoint "CollectForMetadataAllocation", Time since last: 573233880 ns, Reaching safepoint: 18263 ns, Cleanup: 80329 ns, At safepoint: 10317423 ns, Total: 10416015 ns
[2026-09-29T22:30:00.163-0400][26.488s][info][gc,marking  ] GC(29) Concurrent Clear Claimed Marks 0.401ms
[2026-09-29T22:30:00.163-0400][26.488s][info][gc,marking  ] GC(29) Concurrent Scan Root Regions
[2026-09-29T22:30:00.186-0400][26.511s][info][gc,marking  ] GC(29) Concurrent Scan Root Regions 23.215ms
[2026-09-29T22:30:00.186-0400][26.511s][info][gc,marking  ] GC(29) Concurrent Mark
[2026-09-29T22:30:00.186-0400][26.511s][info][gc,marking  ] GC(29) Concurrent Mark From Roots
[2026-09-29T22:30:00.186-0400][26.511s][info][gc,task     ] GC(29) Using 2 workers of 2 for marking
[2026-09-29T22:30:00.228-0400][26.553s][info][safepoint   ] Safepoint "CollectForMetadataAllocation", Time since last: 64661071 ns, Reaching safepoint: 145752 ns, Cleanup: 39030 ns, At safepoint: 119874 ns, Total: 304656 ns
[2026-09-29T22:30:00.228-0400][26.553s][info][safepoint   ] Safepoint "CollectForMetadataAllocation", Time since last: 267391 ns, Reaching safepoint: 509331 ns, Cleanup: 24903 ns, At safepoint: 86332 ns, Total: 620566 ns
[2026-09-29T22:30:00.270-0400][26.595s][info][gc,marking  ] GC(29) Concurrent Mark From Roots 83.658ms
[2026-09-29T22:30:00.270-0400][26.595s][info][gc,marking  ] GC(29) Concurrent Preclean
[2026-09-29T22:30:00.271-0400][26.596s][info][gc,marking  ] GC(29) Concurrent Preclean 0.836ms
[2026-09-29T22:30:00.271-0400][26.596s][info][gc,start    ] GC(29) Pause Remark
[2026-09-29T22:30:00.286-0400][26.611s][info][gc          ] GC(29) Pause Remark 105M->105M(320M) 15.325ms
[2026-09-29T22:30:00.286-0400][26.611s][info][gc,cpu      ] GC(29) User=0.08s Sys=0.00s Real=0.01s
[2026-09-29T22:30:00.287-0400][26.612s][info][safepoint   ] Safepoint "G1PauseRemark", Time since last: 42441263 ns, Reaching safepoint: 16980 ns, Cleanup: 19239 ns, At safepoint: 15656863 ns, Total: 15693082 ns
[2026-09-29T22:30:00.287-0400][26.612s][info][gc,marking  ] GC(29) Concurrent Mark 100.416ms
[2026-09-29T22:30:00.287-0400][26.612s][info][gc,marking  ] GC(29) Concurrent Rebuild Remembered Sets
[2026-09-29T22:30:00.338-0400][26.663s][info][gc,marking  ] GC(29) Concurrent Rebuild Remembered Sets 51.256ms
[2026-09-29T22:30:00.346-0400][26.671s][info][gc,start    ] GC(29) Pause Cleanup
[2026-09-29T22:30:00.346-0400][26.671s][info][gc          ] GC(29) Pause Cleanup 107M->107M(320M) 0.287ms
[2026-09-29T22:30:00.346-0400][26.671s][info][gc,cpu      ] GC(29) User=0.00s Sys=0.00s Real=0.00s
[2026-09-29T22:30:00.347-0400][26.672s][info][safepoint   ] Safepoint "G1PauseCleanup", Time since last: 51383229 ns, Reaching safepoint: 7950430 ns, Cleanup: 51750 ns, At safepoint: 523377 ns, Total: 8525557 ns
[2026-09-29T22:30:00.347-0400][26.672s][info][gc,marking  ] GC(29) Concurrent Cleanup for Next Mark
[2026-09-29T22:30:00.348-0400][26.673s][info][gc,marking  ] GC(29) Concurrent Cleanup for Next Mark 1.113ms
[2026-09-29T22:30:00.348-0400][26.673s][info][gc          ] GC(29) Concurrent Mark Cycle 185.227ms
[2026-09-29T22:30:00.617-0400][26.942s][info][safepoint   ] Safepoint "ICBufferFull", Time since last: 270642393 ns, Reaching safepoint: 20344 ns, Cleanup: 133729 ns, At safepoint: 67884 ns, Total: 221957 ns
[2026-09-29T22:30:00.945-0400][27.270s][info][safepoint   ] Safepoint "ICBufferFull", Time since last: 327486481 ns, Reaching safepoint: 146619 ns, Cleanup: 130789 ns, At safepoint: 79304 ns, Total: 356712 ns
[2026-09-29T22:30:01.224-0400][27.549s][info][safepoint   ] Safepoint "ICBufferFull", Time since last: 274598679 ns, Reaching safepoint: 1681965 ns, Cleanup: 828267 ns, At safepoint: 1713909 ns, Total: 4224141 ns
[2026-09-29T22:30:01.582-0400][27.907s][info][safepoint   ] Safepoint "ICBufferFull", Time since last: 357608698 ns, Reaching safepoint: 13586 ns, Cleanup: 154329 ns, At safepoint: 3471 ns, Total: 171386 ns
[2026-09-29T22:30:02.582-0400][28.907s][info][safepoint   ] Safepoint "Cleanup", Time since last: 1000245515 ns, Reaching safepoint: 13487 ns, Cleanup: 42553 ns, At safepoint: 3714 ns, Total: 59754 ns
[2026-09-29T22:30:03.582-0400][29.907s][info][safepoint   ] Safepoint "Cleanup", Time since last: 1000247683 ns, Reaching safepoint: 19711 ns, Cleanup: 31598 ns, At safepoint: 3489 ns, Total: 54798 ns
[2026-09-29T22:30:04.583-0400][30.908s][info][safepoint   ] Safepoint "Cleanup", Time since last: 1000575083 ns, Reaching safepoint: 34008 ns, Cleanup: 105002 ns, At safepoint: 6452 ns, Total: 145462 ns
[2026-09-29T22:30:05.584-0400][31.909s][info][safepoint   ] Safepoint "Cleanup", Time since last: 1000304376 ns, Reaching safepoint: 35496 ns, Cleanup: 65977 ns, At safepoint: 3520 ns, Total: 104993 ns
[2026-09-29T22:30:07.490-0400][33.815s][info][safepoint   ] Safepoint "ClassLoaderStatsOperation", Time since last: 1895692326 ns, Reaching safepoint: 2178367 ns, Cleanup: 10459 ns, At safepoint: 8483277 ns, Total: 10672103 ns
[2026-09-29T22:30:07.512-0400][33.837s][info][safepoint   ] Safepoint "JFRCheckpoint", Time since last: 5773117 ns, Reaching safepoint: 16067071 ns, Cleanup: 10292 ns, At safepoint: 173693 ns, Total: 16251056 ns
[2026-09-29T22:30:07.524-0400][33.849s][info][safepoint   ] Safepoint "JFROldObject", Time since last: 11599998 ns, Reaching safepoint: 20308 ns, Cleanup: 5560 ns, At safepoint: 242342 ns, Total: 268210 ns
[2026-09-29T22:30:08.524-0400][34.849s][info][safepoint   ] Safepoint "Cleanup", Time since last: 1000235623 ns, Reaching safepoint: 133147 ns, Cleanup: 16011 ns, At safepoint: 16196 ns, Total: 165354 ns
[2026-09-29T22:30:10.525-0400][36.850s][info][safepoint   ] Safepoint "Cleanup", Time since last: 2000369581 ns, Reaching safepoint: 63217 ns, Cleanup: 17690 ns, At safepoint: 3393 ns, Total: 84300 ns
[2026-09-29T22:30:13.525-0400][39.850s][info][safepoint   ] Safepoint "Cleanup", Time since last: 3000407767 ns, Reaching safepoint: 20210 ns, Cleanup: 80100 ns, At safepoint: 6424 ns, Total: 106734 ns
[2026-09-29T22:30:14.307-0400][40.632s][info][safepoint   ] Safepoint "ICBufferFull", Time since last: 781247656 ns, Reaching safepoint: 13104 ns, Cleanup: 112334 ns, At safepoint: 28190 ns, Total: 153628 ns
[2026-09-29T22:30:14.384-0400][40.709s][info][gc,start    ] GC(30) Pause Young (Prepare Mixed) (G1 Evacuation Pause)
[2026-09-29T22:30:14.384-0400][40.709s][info][gc,task     ] GC(30) Using 8 workers of 8 for evacuation
[2026-09-29T22:30:14.400-0400][40.725s][info][gc,phases   ] GC(30)   Pre Evacuate Collection Set: 0.41ms
[2026-09-29T22:30:14.400-0400][40.725s][info][gc,phases   ] GC(30)   Merge Heap Roots: 0.26ms
[2026-09-29T22:30:14.400-0400][40.725s][info][gc,phases   ] GC(30)   Evacuate Collection Set: 11.04ms
[2026-09-29T22:30:14.400-0400][40.725s][info][gc,phases   ] GC(30)   Post Evacuate Collection Set: 3.40ms
[2026-09-29T22:30:14.400-0400][40.725s][info][gc,phases   ] GC(30)   Other: 0.19ms
[2026-09-29T22:30:14.400-0400][40.725s][info][gc,heap     ] GC(30) Eden regions: 74->0(1)
[2026-09-29T22:30:14.400-0400][40.725s][info][gc,heap     ] GC(30) Survivor regions: 6->7(10)
[2026-09-29T22:30:14.400-0400][40.725s][info][gc,heap     ] GC(30) Old regions: 42->44
[2026-09-29T22:30:14.400-0400][40.725s][info][gc,heap     ] GC(30) Archive regions: 2->2
[2026-09-29T22:30:14.400-0400][40.725s][info][gc,heap     ] GC(30) Humongous regions: 2->2
[2026-09-29T22:30:14.400-0400][40.725s][info][gc,metaspace] GC(30) Metaspace: 134465K(138048K)->134465K(138048K) NonClass: 118793K(120960K)->118793K(120960K) Class: 15672K(17088K)->15672K(17088K)
[2026-09-29T22:30:14.400-0400][40.725s][info][gc          ] GC(30) Pause Young (Prepare Mixed) (G1 Evacuation Pause) 249M->105M(320M) 15.413ms
[2026-09-29T22:30:14.400-0400][40.725s][info][gc,cpu      ] GC(30) User=0.09s Sys=0.00s Real=0.02s
[2026-09-29T22:30:14.400-0400][40.725s][info][safepoint   ] Safepoint "G1CollectForAllocation", Time since last: 77562213 ns, Reaching safepoint: 15379 ns, Cleanup: 39809 ns, At safepoint: 15609896 ns, Total: 15665084 ns
[2026-09-29T22:30:14.425-0400][40.750s][info][gc,start    ] GC(31) Pause Young (Mixed) (G1 Evacuation Pause)
[2026-09-29T22:30:14.425-0400][40.750s][info][gc,task     ] GC(31) Using 8 workers of 8 for evacuation
[2026-09-29T22:30:14.438-0400][40.763s][info][gc,phases   ] GC(31)   Pre Evacuate Collection Set: 0.27ms
[2026-09-29T22:30:14.438-0400][40.763s][info][gc,phases   ] GC(31)   Merge Heap Roots: 0.16ms
[2026-09-29T22:30:14.438-0400][40.763s][info][gc,phases   ] GC(31)   Evacuate Collection Set: 10.96ms
[2026-09-29T22:30:14.438-0400][40.763s][info][gc,phases   ] GC(31)   Post Evacuate Collection Set: 1.28ms
[2026-09-29T22:30:14.438-0400][40.763s][info][gc,phases   ] GC(31)   Other: 0.20ms
[2026-09-29T22:30:14.438-0400][40.763s][info][gc,heap     ] GC(31) Eden regions: 1->0(76)
[2026-09-29T22:30:14.438-0400][40.763s][info][gc,heap     ] GC(31) Survivor regions: 7->1(1)
[2026-09-29T22:30:14.438-0400][40.763s][info][gc,heap     ] GC(31) Old regions: 44->47
[2026-09-29T22:30:14.438-0400][40.763s][info][gc,heap     ] GC(31) Archive regions: 2->2
[2026-09-29T22:30:14.438-0400][40.763s][info][gc,heap     ] GC(31) Humongous regions: 2->2
[2026-09-29T22:30:14.438-0400][40.763s][info][gc,metaspace] GC(31) Metaspace: 134475K(138048K)->134475K(138048K) NonClass: 118803K(120960K)->118803K(120960K) Class: 15672K(17088K)->15672K(17088K)
[2026-09-29T22:30:14.438-0400][40.763s][info][gc          ] GC(31) Pause Young (Mixed) (G1 Evacuation Pause) 107M->100M(320M) 12.965ms
[2026-09-29T22:30:14.438-0400][40.763s][info][gc,cpu      ] GC(31) User=0.07s Sys=0.01s Real=0.01s
[2026-09-29T22:30:14.438-0400][40.763s][info][safepoint   ] Safepoint "G1CollectForAllocation", Time since last: 24811812 ns, Reaching safepoint: 24113 ns, Cleanup: 15843 ns, At safepoint: 13165769 ns, Total: 13205725 ns
[2026-09-29T22:30:14.680-0400][41.005s][info][gc,heap,exit] Heap
[2026-09-29T22:30:14.680-0400][41.005s][info][gc,heap,exit]  garbage-first heap   total 327680K, used 124432K [0x0000000709400000, 0x0000000800000000)
[2026-09-29T22:30:14.680-0400][41.005s][info][gc,heap,exit]   region size 2048K, 12 young (24576K), 1 survivors (2048K)
[2026-09-29T22:30:14.680-0400][41.005s][info][gc,heap,exit]  Metaspace       used 134610K, committed 138176K, reserved 1179648K
[2026-09-29T22:30:14.680-0400][41.005s][info][gc,heap,exit]   class space    used 15682K, committed 17088K, reserved 1048576K
