[2026-09-29T22:29:33.685-0400][0.003s][info][gc] Using G1
[2026-09-29T22:29:33.687-0400][0.005s][info][gc,init] Version: 17.0.18+8-LTS (release)
[2026-09-29T22:29:33.687-0400][0.005s][info][gc,init] CPUs: 8 total, 8 available
[2026-09-29T22:29:33.687-0400][0.005s][info][gc,init] Memory: 15788M
[2026-09-29T22:29:33.687-0400][0.005s][info][gc,init] Large Page Support: Disabled
[2026-09-29T22:29:33.687-0400][0.005s][info][gc,init] NUMA Support: Disabled
[2026-09-29T22:29:33.687-0400][0.005s][info][gc,init] Compressed Oops: Enabled (Zero based)
[2026-09-29T22:29:33.687-0400][0.005s][info][gc,init] Heap Region Size: 2M
[2026-09-29T22:29:33.687-0400][0.005s][info][gc,init] Heap Min Capacity: 8M
[2026-09-29T22:29:33.687-0400][0.005s][info][gc,init] Heap Initial Capacity: 248M
[2026-09-29T22:29:33.687-0400][0.005s][info][gc,init] Heap Max Capacity: 3948M
[2026-09-29T22:29:33.687-0400][0.005s][info][gc,init] Pre-touch: Disabled
[2026-09-29T22:29:33.687-0400][0.005s][info][gc,init] Parallel Workers: 8
[2026-09-29T22:29:33.687-0400][0.005s][info][gc,init] Concurrent Workers: 2
[2026-09-29T22:29:33.687-0400][0.005s][info][gc,init] Concurrent Refinement Workers: 8
[2026-09-29T22:29:33.687-0400][0.005s][info][gc,init] Periodic GC: Disabled
[2026-09-29T22:29:33.693-0400][0.011s][info][gc,metaspace] CDS archive(s) mapped at: [0x000074d9b7000000-0x000074d9b7bc7000-0x000074d9b7bc7000), size 12349440, SharedBaseAddress: 0x000074d9b7000000, ArchiveRelocationMode: 1.
[2026-09-29T22:29:33.693-0400][0.011s][info][gc,metaspace] Compressed class space mapped at: 0x000074d9b8000000-0x000074d9f8000000, reserved size: 1073741824
[2026-09-29T22:29:33.693-0400][0.011s][info][gc,metaspace] Narrow klass base: 0x000074d9b7000000, Narrow klass shift: 0, Narrow klass range: 0x100000000
[2026-09-29T22:29:35.328-0400][1.646s][info][safepoint   ] Safepoint "Cleanup", Time since last: 1629944366 ns, Reaching safepoint: 8038 ns, Cleanup: 40259 ns, At safepoint: 3324 ns, Total: 51621 ns
[2026-09-29T22:29:55.750-0400][22.069s][info][gc,heap,exit] Heap
[2026-09-29T22:29:55.750-0400][22.069s][info][gc,heap,exit]  garbage-first heap   total 258048K, used 6084K [0x0000000709400000, 0x0000000800000000)
[2026-09-29T22:29:55.750-0400][22.069s][info][gc,heap,exit]   region size 2048K, 3 young (6144K), 0 survivors (0K)
[2026-09-29T22:29:55.750-0400][22.069s][info][gc,heap,exit]  Metaspace       used 1849K, committed 2048K, reserved 1114112K
[2026-09-29T22:29:55.750-0400][22.069s][info][gc,heap,exit]   class space    used 185K, committed 256K, reserved 1048576K
