[2026-09-29T22:35:02.131-0400][0.003s][info][gc] Using G1
[2026-09-29T22:35:02.133-0400][0.005s][info][gc,init] Version: 17.0.18+8-LTS (release)
[2026-09-29T22:35:02.133-0400][0.005s][info][gc,init] CPUs: 8 total, 8 available
[2026-09-29T22:35:02.133-0400][0.005s][info][gc,init] Memory: 15788M
[2026-09-29T22:35:02.133-0400][0.005s][info][gc,init] Large Page Support: Disabled
[2026-09-29T22:35:02.133-0400][0.005s][info][gc,init] NUMA Support: Disabled
[2026-09-29T22:35:02.133-0400][0.005s][info][gc,init] Compressed Oops: Enabled (Zero based)
[2026-09-29T22:35:02.133-0400][0.005s][info][gc,init] Heap Region Size: 8M
[2026-09-29T22:35:02.133-0400][0.005s][info][gc,init] Heap Min Capacity: 8M
[2026-09-29T22:35:02.133-0400][0.005s][info][gc,init] Heap Initial Capacity: 248M
[2026-09-29T22:35:02.133-0400][0.005s][info][gc,init] Heap Max Capacity: 9984M
[2026-09-29T22:35:02.133-0400][0.005s][info][gc,init] Pre-touch: Disabled
[2026-09-29T22:35:02.133-0400][0.005s][info][gc,init] Parallel Workers: 8
[2026-09-29T22:35:02.133-0400][0.005s][info][gc,init] Concurrent Workers: 2
[2026-09-29T22:35:02.133-0400][0.005s][info][gc,init] Concurrent Refinement Workers: 8
[2026-09-29T22:35:02.133-0400][0.005s][info][gc,init] Periodic GC: Enabled
[2026-09-29T22:35:02.133-0400][0.005s][info][gc,init] Periodic GC Interval: 10000ms
[2026-09-29T22:35:02.133-0400][0.005s][info][gc,init] G1 Time-Based Heap Sizing enabled (uncommit-only): evaluation_interval=60000ms, uncommit_delay=300000ms, min_regions_to_uncommit=10
[2026-09-29T22:35:02.140-0400][0.012s][info][gc,metaspace] CDS archive(s) mapped at: [0x000077518f000000-0x000077518fbc7000-0x000077518fbc7000), size 12349440, SharedBaseAddress: 0x000077518f000000, ArchiveRelocationMode: 1.
[2026-09-29T22:35:02.140-0400][0.012s][info][gc,metaspace] Compressed class space mapped at: 0x0000775190000000-0x00007751d0000000, reserved size: 1073741824
[2026-09-29T22:35:02.140-0400][0.012s][info][gc,metaspace] Narrow klass base: 0x000077518f000000, Narrow klass shift: 0, Narrow klass range: 0x100000000
[2026-09-29T22:35:02.559-0400][0.431s][info][safepoint   ] Safepoint "ClassLoaderStatsOperation", Time since last: 412951185 ns, Reaching safepoint: 5092 ns, Cleanup: 35605 ns, At safepoint: 214996 ns, Total: 255693 ns
[2026-09-29T22:35:04.388-0400][2.260s][info][safepoint   ] Safepoint "Cleanup", Time since last: 1828792894 ns, Reaching safepoint: 7417 ns, Cleanup: 16861 ns, At safepoint: 3030 ns, Total: 27308 ns
[2026-09-29T22:35:07.803-0400][5.675s][info][safepoint   ] Safepoint "ClassLoaderStatsOperation", Time since last: 3413440003 ns, Reaching safepoint: 7280 ns, Cleanup: 7225 ns, At safepoint: 1185862 ns, Total: 1200367 ns
[2026-09-29T22:35:12.155-0400][10.027s][info][gc,start    ] GC(0) Pause Young (Concurrent Start) (G1 Periodic Collection)
[2026-09-29T22:35:12.161-0400][10.033s][info][gc,task     ] GC(0) Using 6 workers of 8 for evacuation
[2026-09-29T22:35:12.168-0400][10.040s][info][gc,phases   ] GC(0)   Pre Evacuate Collection Set: 0.08ms
[2026-09-29T22:35:12.168-0400][10.040s][info][gc,phases   ] GC(0)   Merge Heap Roots: 0.17ms
[2026-09-29T22:35:12.168-0400][10.040s][info][gc,phases   ] GC(0)   Evacuate Collection Set: 5.52ms
[2026-09-29T22:35:12.168-0400][10.040s][info][gc,phases   ] GC(0)   Post Evacuate Collection Set: 0.75ms
[2026-09-29T22:35:12.168-0400][10.040s][info][gc,phases   ] GC(0)   Other: 6.71ms
[2026-09-29T22:35:12.168-0400][10.040s][info][gc,heap     ] GC(0) Eden regions: 1->0(1)
[2026-09-29T22:35:12.168-0400][10.040s][info][gc,heap     ] GC(0) Survivor regions: 0->1(1)
[2026-09-29T22:35:12.168-0400][10.040s][info][gc,heap     ] GC(0) Old regions: 0->0
[2026-09-29T22:35:12.168-0400][10.040s][info][gc,heap     ] GC(0) Archive regions: 2->2
[2026-09-29T22:35:12.168-0400][10.040s][info][gc,heap     ] GC(0) Humongous regions: 0->0
[2026-09-29T22:35:12.168-0400][10.040s][info][gc,metaspace] GC(0) Metaspace: 1843K(1984K)->1843K(1984K) NonClass: 1657K(1728K)->1657K(1728K) Class: 185K(256K)->185K(256K)
[2026-09-29T22:35:12.168-0400][10.040s][info][gc          ] GC(0) Pause Young (Concurrent Start) (G1 Periodic Collection) 11M->8M(264M) 13.344ms
[2026-09-29T22:35:12.168-0400][10.040s][info][gc,cpu      ] GC(0) User=0.00s Sys=0.01s Real=0.01s
[2026-09-29T22:35:12.168-0400][10.040s][info][safepoint   ] Safepoint "G1TryInitiateConcMark", Time since last: 4351870981 ns, Reaching safepoint: 5461 ns, Cleanup: 7619 ns, At safepoint: 13493978 ns, Total: 13507058 ns
[2026-09-29T22:35:12.168-0400][10.040s][info][gc          ] GC(1) Concurrent Mark Cycle
[2026-09-29T22:35:12.168-0400][10.040s][info][gc,marking  ] GC(1) Concurrent Clear Claimed Marks
[2026-09-29T22:35:12.168-0400][10.040s][info][gc,marking  ] GC(1) Concurrent Clear Claimed Marks 0.011ms
[2026-09-29T22:35:12.168-0400][10.040s][info][gc,marking  ] GC(1) Concurrent Scan Root Regions
[2026-09-29T22:35:12.169-0400][10.041s][info][gc,marking  ] GC(1) Concurrent Scan Root Regions 1.029ms
[2026-09-29T22:35:12.169-0400][10.041s][info][gc,marking  ] GC(1) Concurrent Mark
[2026-09-29T22:35:12.169-0400][10.041s][info][gc,marking  ] GC(1) Concurrent Mark From Roots
[2026-09-29T22:35:12.169-0400][10.041s][info][gc,task     ] GC(1) Using 2 workers of 2 for marking
[2026-09-29T22:35:12.172-0400][10.044s][info][gc,marking  ] GC(1) Concurrent Mark From Roots 2.542ms
[2026-09-29T22:35:12.172-0400][10.044s][info][gc,marking  ] GC(1) Concurrent Preclean
[2026-09-29T22:35:12.172-0400][10.044s][info][gc,marking  ] GC(1) Concurrent Preclean 0.049ms
[2026-09-29T22:35:12.172-0400][10.044s][info][gc,start    ] GC(1) Pause Remark
[2026-09-29T22:35:12.173-0400][10.045s][info][gc,heap     ] GC(1) Heap shrink completed: uncommitted 27 regions (216MB), heap size now 48MB
[2026-09-29T22:35:12.173-0400][10.045s][info][gc          ] GC(1) Pause Remark 8M->8M(48M) 1.216ms
[2026-09-29T22:35:12.173-0400][10.045s][info][gc,cpu      ] GC(1) User=0.00s Sys=0.00s Real=0.00s
[2026-09-29T22:35:12.173-0400][10.045s][info][safepoint   ] Safepoint "G1PauseRemark", Time since last: 3778688 ns, Reaching safepoint: 5146 ns, Cleanup: 6743 ns, At safepoint: 1254960 ns, Total: 1266849 ns
[2026-09-29T22:35:12.173-0400][10.045s][info][gc,marking  ] GC(1) Concurrent Mark 4.119ms
[2026-09-29T22:35:12.173-0400][10.045s][info][gc,marking  ] GC(1) Concurrent Rebuild Remembered Sets
[2026-09-29T22:35:12.173-0400][10.045s][info][gc,marking  ] GC(1) Concurrent Rebuild Remembered Sets 0.005ms
[2026-09-29T22:35:12.173-0400][10.045s][info][gc,start    ] GC(1) Pause Cleanup
[2026-09-29T22:35:12.173-0400][10.045s][info][gc          ] GC(1) Pause Cleanup 8M->8M(48M) 0.010ms
[2026-09-29T22:35:12.173-0400][10.045s][info][gc,cpu      ] GC(1) User=0.00s Sys=0.00s Real=0.00s
[2026-09-29T22:35:12.173-0400][10.045s][info][safepoint   ] Safepoint "G1PauseCleanup", Time since last: 234552 ns, Reaching safepoint: 3632 ns, Cleanup: 4689 ns, At safepoint: 26784 ns, Total: 35105 ns
[2026-09-29T22:35:12.173-0400][10.045s][info][gc,marking  ] GC(1) Concurrent Cleanup for Next Mark
[2026-09-29T22:35:12.174-0400][10.046s][info][gc,marking  ] GC(1) Concurrent Cleanup for Next Mark 0.604ms
[2026-09-29T22:35:12.174-0400][10.046s][info][gc          ] GC(1) Concurrent Mark Cycle 6.005ms
[2026-09-29T22:35:12.859-0400][10.731s][info][safepoint   ] Safepoint "ClassLoaderStatsOperation", Time since last: 684972312 ns, Reaching safepoint: 7076 ns, Cleanup: 6547 ns, At safepoint: 229011 ns, Total: 242634 ns
[2026-09-29T22:35:17.724-0400][15.596s][info][safepoint   ] Safepoint "ClassLoaderStatsOperation", Time since last: 4865208540 ns, Reaching safepoint: 6540 ns, Cleanup: 7644 ns, At safepoint: 215864 ns, Total: 230048 ns
[2026-09-29T22:35:22.169-0400][20.041s][info][gc,start    ] GC(2) Pause Young (Concurrent Start) (G1 Periodic Collection)
[2026-09-29T22:35:22.169-0400][20.041s][info][gc,task     ] GC(2) Using 4 workers of 8 for evacuation
[2026-09-29T22:35:22.170-0400][20.042s][info][gc,phases   ] GC(2)   Pre Evacuate Collection Set: 0.14ms
[2026-09-29T22:35:22.171-0400][20.042s][info][gc,phases   ] GC(2)   Merge Heap Roots: 0.07ms
[2026-09-29T22:35:22.171-0400][20.042s][info][gc,phases   ] GC(2)   Evacuate Collection Set: 1.02ms
[2026-09-29T22:35:22.171-0400][20.042s][info][gc,phases   ] GC(2)   Post Evacuate Collection Set: 0.47ms
[2026-09-29T22:35:22.171-0400][20.043s][info][gc,phases   ] GC(2)   Other: 0.20ms
[2026-09-29T22:35:22.171-0400][20.043s][info][gc,heap     ] GC(2) Eden regions: 0->0(1)
[2026-09-29T22:35:22.171-0400][20.043s][info][gc,heap     ] GC(2) Survivor regions: 1->1(1)
[2026-09-29T22:35:22.171-0400][20.043s][info][gc,heap     ] GC(2) Old regions: 0->0
[2026-09-29T22:35:22.171-0400][20.043s][info][gc,heap     ] GC(2) Archive regions: 2->2
[2026-09-29T22:35:22.171-0400][20.043s][info][gc,heap     ] GC(2) Humongous regions: 0->0
[2026-09-29T22:35:22.171-0400][20.043s][info][gc,metaspace] GC(2) Metaspace: 1843K(1984K)->1843K(1984K) NonClass: 1658K(1728K)->1658K(1728K) Class: 185K(256K)->185K(256K)
[2026-09-29T22:35:22.171-0400][20.043s][info][gc          ] GC(2) Pause Young (Concurrent Start) (G1 Periodic Collection) 8M->8M(48M) 2.002ms
[2026-09-29T22:35:22.171-0400][20.043s][info][gc,cpu      ] GC(2) User=0.01s Sys=0.00s Real=0.00s
[2026-09-29T22:35:22.171-0400][20.043s][info][safepoint   ] Safepoint "G1TryInitiateConcMark", Time since last: 4444513072 ns, Reaching safepoint: 7064 ns, Cleanup: 7560 ns, At safepoint: 2098260 ns, Total: 2112884 ns
[2026-09-29T22:35:22.171-0400][20.043s][info][gc          ] GC(3) Concurrent Mark Cycle
[2026-09-29T22:35:22.171-0400][20.043s][info][gc,marking  ] GC(3) Concurrent Clear Claimed Marks
[2026-09-29T22:35:22.171-0400][20.043s][info][gc,marking  ] GC(3) Concurrent Clear Claimed Marks 0.009ms
[2026-09-29T22:35:22.171-0400][20.043s][info][gc,marking  ] GC(3) Concurrent Scan Root Regions
[2026-09-29T22:35:22.172-0400][20.044s][info][gc,marking  ] GC(3) Concurrent Scan Root Regions 0.827ms
[2026-09-29T22:35:22.172-0400][20.044s][info][gc,marking  ] GC(3) Concurrent Mark
[2026-09-29T22:35:22.172-0400][20.044s][info][gc,marking  ] GC(3) Concurrent Mark From Roots
[2026-09-29T22:35:22.172-0400][20.044s][info][gc,task     ] GC(3) Using 2 workers of 2 for marking
[2026-09-29T22:35:22.174-0400][20.046s][info][gc,marking  ] GC(3) Concurrent Mark From Roots 1.944ms
[2026-09-29T22:35:22.174-0400][20.046s][info][gc,marking  ] GC(3) Concurrent Preclean
[2026-09-29T22:35:22.174-0400][20.046s][info][gc,marking  ] GC(3) Concurrent Preclean 0.059ms
[2026-09-29T22:35:22.174-0400][20.046s][info][gc,start    ] GC(3) Pause Remark
[2026-09-29T22:35:22.175-0400][20.047s][info][gc          ] GC(3) Pause Remark 8M->8M(48M) 1.241ms
[2026-09-29T22:35:22.175-0400][20.047s][info][gc,cpu      ] GC(3) User=0.00s Sys=0.00s Real=0.00s
[2026-09-29T22:35:22.175-0400][20.047s][info][safepoint   ] Safepoint "G1PauseRemark", Time since last: 3055307 ns, Reaching safepoint: 6534 ns, Cleanup: 7511 ns, At safepoint: 1351848 ns, Total: 1365893 ns
[2026-09-29T22:35:22.175-0400][20.047s][info][gc,marking  ] GC(3) Concurrent Mark 3.530ms
[2026-09-29T22:35:22.175-0400][20.047s][info][gc,marking  ] GC(3) Concurrent Rebuild Remembered Sets
[2026-09-29T22:35:22.175-0400][20.047s][info][gc,marking  ] GC(3) Concurrent Rebuild Remembered Sets 0.004ms
[2026-09-29T22:35:22.175-0400][20.047s][info][gc,start    ] GC(3) Pause Cleanup
[2026-09-29T22:35:22.175-0400][20.047s][info][gc          ] GC(3) Pause Cleanup 8M->8M(48M) 0.012ms
[2026-09-29T22:35:22.175-0400][20.047s][info][gc,cpu      ] GC(3) User=0.00s Sys=0.00s Real=0.00s
[2026-09-29T22:35:22.175-0400][20.047s][info][safepoint   ] Safepoint "G1PauseCleanup", Time since last: 54161 ns, Reaching safepoint: 2011 ns, Cleanup: 4993 ns, At safepoint: 26189 ns, Total: 33193 ns
[2026-09-29T22:35:22.175-0400][20.047s][info][gc,marking  ] GC(3) Concurrent Cleanup for Next Mark
[2026-09-29T22:35:22.176-0400][20.048s][info][gc,marking  ] GC(3) Concurrent Cleanup for Next Mark 0.509ms
[2026-09-29T22:35:22.176-0400][20.048s][info][gc          ] GC(3) Concurrent Mark Cycle 5.088ms
[2026-09-29T22:35:22.900-0400][20.772s][info][safepoint   ] Safepoint "ClassLoaderStatsOperation", Time since last: 724501550 ns, Reaching safepoint: 6180 ns, Cleanup: 7414 ns, At safepoint: 214985 ns, Total: 228579 ns
[2026-09-29T22:35:26.353-0400][24.225s][info][gc,heap,exit] Heap
[2026-09-29T22:35:26.353-0400][24.225s][info][gc,heap,exit]  garbage-first heap   total 49152K, used 9064K [0x0000000590000000, 0x0000000800000000)
[2026-09-29T22:35:26.353-0400][24.225s][info][gc,heap,exit]   region size 8192K, 2 young (16384K), 1 survivors (8192K)
[2026-09-29T22:35:26.353-0400][24.225s][info][gc,heap,exit]  Metaspace       used 1843K, committed 1984K, reserved 1114112K
[2026-09-29T22:35:26.353-0400][24.225s][info][gc,heap,exit]   class space    used 185K, committed 256K, reserved 1048576K
