Launching defaultServer (Open Liberty 26.0.0.8/wlp-1.0.116.cl260820260725-1102) on OpenJDK 64-Bit Server VM, version 17.0.18+8-LTS (en)
[AUDIT   ] CWWKE0001I: The server defaultServer has been launched.
[AUDIT   ] CWWKZ0058I: Monitoring dropins for applications.
[AUDIT   ] CWPKI0820A: The default keystore has been created using the 'keystore_password' environment variable.
[AUDIT   ] CWWKS4104A: LTPA keys created in 0.481 seconds. LTPA key file: /home/edburns/workareas/dd-3016202-cargotracker-devoxx-be-2026-02/1-trick-out-01-remove-before-merge/spike_1_16_java_vs_jaz/scratch/worktree/demo/target/liberty/wlp/usr/servers/defaultServer/resources/security/ltpa.keys
[AUDIT   ] CWPKI0803A: SSL certificate created in 1.819 seconds. SSL key file: /home/edburns/workareas/dd-3016202-cargotracker-devoxx-be-2026-02/1-trick-out-01-remove-before-merge/spike_1_16_java_vs_jaz/scratch/worktree/demo/target/liberty/wlp/usr/servers/defaultServer/resources/security/key.p12
[AUDIT   ] CWWKI0001I: The CORBA name server is now available at corbaloc:iiop:localhost:2809/NameService.
[EL Info]: server: 2026-09-29 22:35:15.446--Detected server platform: org.eclipse.persistence.platform.server.was.WebSphere_Liberty_Platform.
[WARNING ] CWOWB1001W: Web Application Archive cargo-tracker#cargo-tracker.war contains more than one beans.xml file. Using WEB-INF/beans.xml. Ignoring WEB-INF/classes/META-INF/beans.xml.
[WARNING ] CNTR4016W: The message endpoint for the HandlingEventRegistrationAttemptConsumer message-driven bean cannot be activated because the java:app/jms/HandlingEventRegistrationAttemptQueue destination is not available. The message endpoint will not receive messages until the destination becomes available.
[WARNING ] CNTR4016W: The message endpoint for the RejectedRegistrationAttemptsConsumer message-driven bean cannot be activated because the java:app/jms/RejectedRegistrationAttemptsQueue destination is not available. The message endpoint will not receive messages until the destination becomes available.
[WARNING ] CNTR4016W: The message endpoint for the CargoHandledConsumer message-driven bean cannot be activated because the java:app/jms/CargoHandledQueue destination is not available. The message endpoint will not receive messages until the destination becomes available.
[WARNING ] CNTR4016W: The message endpoint for the DeliveredCargoConsumer message-driven bean cannot be activated because the java:app/jms/DeliveredCargoQueue destination is not available. The message endpoint will not receive messages until the destination becomes available.
[WARNING ] CNTR4016W: The message endpoint for the MisdirectedCargoConsumer message-driven bean cannot be activated because the java:app/jms/MisdirectedCargoQueue destination is not available. The message endpoint will not receive messages until the destination becomes available.
[WARNING ] CWWJP9991W: [eclipselink.metadata] isNullAllowed is reset to false in org.eclipse.persistence.mappings.AggregateObjectMapping[itinerary] because the aggregate has a (possibly nested) target foreign key mapping
[WARNING ] CWWJP9991W: [eclipselink.metadata] isNullAllowed is reset to false in org.eclipse.persistence.mappings.AggregateObjectMapping[schedule] because the aggregate has a (possibly nested) target foreign key mapping
[AUDIT   ] CWWKT0016I: Web application available (default_host): http://172.25.182.31:8080/cargo-tracker/
[WARNING ] 

*******************************************************************
*** WARNING: Apache MyFaces-2 is running in DEVELOPMENT mode.   ***
***                                         ^^^^^^^^^^^         ***
*** Do NOT deploy to your live server(s) without changing this. ***
*** See Application#getProjectStage() for more information.     ***
*******************************************************************

[AUDIT   ] CWWKZ0001I: Application cargo-tracker started in 12.447 seconds.
[AUDIT   ] CWWKF0012I: The server installed the following features: [appClientSupport-1.0, appSecurity-2.0, batch-1.0, beanValidation-1.1, cdi-1.2, concurrent-1.0, distributedMap-1.0, ejb-3.2, ejbHome-3.2, ejbLite-3.2, ejbPersistentTimer-3.2, ejbRemote-3.2, el-3.0, j2eeManagement-1.1, jacc-1.5, jaspic-1.1, javaMail-1.5, javaee-7.0, jaxb-2.2, jaxrs-2.0, jaxrsClient-2.0, jaxws-2.2, jca-1.7, jcaInboundSecurity-1.0, jdbc-4.1, jms-2.0, jndi-1.0, jpa-2.1, jpaContainer-2.1, jsf-2.2, json-1.0, jsonp-1.0, jsp-2.3, localConnector-1.0, managedBeans-1.0, mdb-3.2, servlet-3.1, ssl-1.0, wasJmsClient-2.0, wasJmsSecurity-1.0, wasJmsServer-1.0, webProfile-7.0, websocket-1.1].
[AUDIT   ] CWWKF0011I: The defaultServer server is ready to run a smarter planet. The defaultServer server started in 24.069 seconds.
