    signedContent = null
    $SWITCH_TABLE$org$eclipse$osgi$container$Module$State = {1,2,3,4,5,6,7} /* array length = 7 */
  m_serviceRegistration = null
  m_implementationObject = class com.ibm.ws.security.token.ltpa.internal.LTPAConfigurationImpl@9b70aeb
    tc = class com.ibm.websphere.ras.TraceComponent@2c3ea145
      strings[0] = "TraceComponent[com.ibm.ws.security.token.ltpa.internal.LTPAConfigurationImpl,class com.ibm.ws.security.token.ltpa.internal.LTPAConfigurationImpl,[Token],com.ibm.ws.security.token.ltpa.internal.resources.LTPAMessages,null]"
    KEY_LOCATION_SERVICE = "locationService"
    KEY_EXECUTOR_SERVICE = "executorService"
    KEY_CHANGE_SERVICE = "ltpaKeysChangeNotifier"
    DEFAULT_CONFIG_LOCATION = "${server.config.dir}/resources/security/ltpa.keys"
    DEFAULT_CONFIG_DIRECTORY = "${server.config.dir}/resources/security/"
    DEFAULT_OUTPUT_LOCATION = "${server.output.dir}/resources/security/ltpa.keys"
    KEY_AUTH_FILTER_REF = "authFilterRef"
    KEY_EXP_DIFF_ALLOWED = "expirationDifferenceAllowed"
    KEY_SERVICE_PID = "service.pid"
    locationService = class com.ibm.wsspi.kernel.service.utils.AtomicServiceReference@6852e7b5
      referenceName = "locationService"
      contextRef = class java.util.concurrent.atomic.AtomicReference@74ca3d83
      references = class java.util.PriorityQueue@33bb8dc3
      referencesLock = class java.util.concurrent.locks.ReentrantReadWriteLock@339f476d
      serialVersionUID = -5371852544883285473
      $$$tc$$$ = class com.ibm.websphere.ras.TraceComponent@1c7d6a18
    executorService = class com.ibm.wsspi.kernel.service.utils.AtomicServiceReference@84f2d25
      referenceName = "executorService"
      contextRef = class java.util.concurrent.atomic.AtomicReference@1c34c819
      references = class java.util.PriorityQueue@39b7c839
      referencesLock = class java.util.concurrent.locks.ReentrantReadWriteLock@568d9f59
      serialVersionUID = -5371852544883285473
      $$$tc$$$ = class com.ibm.websphere.ras.TraceComponent@1c7d6a18
    ltpaKeysChangeNotifierService = class com.ibm.wsspi.kernel.service.utils.AtomicServiceReference@18385f2c
      referenceName = "ltpaKeysChangeNotifier"
      contextRef = class java.util.concurrent.atomic.AtomicReference@473010c1
      references = class java.util.PriorityQueue@fa1e0b1
      referencesLock = class java.util.concurrent.locks.ReentrantReadWriteLock@6d684d9a
      serialVersionUID = -5371852544883285473
      $$$tc$$$ = class com.ibm.websphere.ras.TraceComponent@1c7d6a18
    registration = null
    cc = class org.apache.felix.scr.impl.manager.ComponentContextImpl@2d2f5ddc
    createTask = null
    factory = null
    ltpaKeyInfoManager = null
    primaryKeyImportFile = "/home/runner/work/dd-3016202-cargotracker-devoxx-be-2026/dd-3016202-cargotracker-devoxx-be-2026/demo/target/liberty/wlp/usr/servers/defaultServer/resources/security/ltpa.keys"
    primaryKeyImportDir = null
    primaryKeyPassword = null
    tryToReEncryptLtpaKeys = false
    keyTokenExpiration = 0
    monitorInterval = 0
    ltpaFileMonitor = null
    ltpaFileMonitorRegistration = null
    reentrantReadWriteLock = class java.util.concurrent.locks.ReentrantReadWriteLock@7973ab9a
      serialVersionUID = "/* Could not access serialVersionUID */"
      readerLock = "/* Could not access readerLock */"
      writerLock = "/* Could not access writerLock */"
      sync = "/* Could not access sync */"
    writeLock = class java.util.concurrent.locks.ReentrantReadWriteLock$WriteLock@2ee5c8d5
      serialVersionUID = "/* Could not access serialVersionUID */"
      sync = "/* Could not access sync */"
    readLock = class java.util.concurrent.locks.ReentrantReadWriteLock$ReadLock@7b746ea
      serialVersionUID = "/* Could not access serialVersionUID */"
      sync = "/* Could not access sync */"
    authFilterRef = null
    expirationDifferenceAllowed = 0
    monitorValidationKeysDir = false
    updateTrigger = null
    validationKeys = class java.util.concurrent.CopyOnWriteArrayList@6631d089
      serialVersionUID = "/* Could not access serialVersionUID */"
      lock = "/* Could not access lock */"
      array = "/* Could not access array */"
    configValidationKeys = null
    nonConfigValidationKeys = null
    currentlyDeletedFiles = class java.util.HashSet@27a88ae
      serialVersionUID = "/* Could not access serialVersionUID */"
      map = "/* Could not access map */"
      PRESENT = "/* Could not access PRESENT */"
    allKeysFiles = class java.util.HashSet@2594b54
      serialVersionUID = "/* Could not access serialVersionUID */"
      map = "/* Could not access map */"
      PRESENT = "/* Could not access PRESENT */"
    isValidationKeysFileConfigured = false
    serialVersionUID = -2282918900392117368
  m_implementationAccessible = false
  accessibleLatch = class java.util.concurrent.CountDownLatch@481557c8
    sync = "/* Could not access sync */"
  serviceObjectsHelper = class org.apache.felix.scr.impl.helper.ComponentServiceObjectsHelper@5f88c662
    bundleContext = class org.eclipse.osgi.internal.framework.BundleContextImpl@415637b5
      valid = true
      bundle = class org.eclipse.osgi.internal.framework.EquinoxBundle@53a99215
      container = class org.eclipse.osgi.internal.framework.EquinoxContainer@55ba58dc
      debug = class org.eclipse.osgi.internal.debug.Debug@35c76ed3
      servicesInUse = class java.util.HashMap@fed00ec
      activator = null
      contextLock = class java.lang.Object@6027165a
    services = class java.util.concurrent.ConcurrentHashMap@225f8bb3
      serialVersionUID = "/* Could not access serialVersionUID */"
      MAXIMUM_CAPACITY = "/* Could not access MAXIMUM_CAPACITY */"
      DEFAULT_CAPACITY = "/* Could not access DEFAULT_CAPACITY */"
      MAX_ARRAY_SIZE = "/* Could not access MAX_ARRAY_SIZE */"
      DEFAULT_CONCURRENCY_LEVEL = "/* Could not access DEFAULT_CONCURRENCY_LEVEL */"
      LOAD_FACTOR = "/* Could not access LOAD_FACTOR */"
      TREEIFY_THRESHOLD = "/* Could not access TREEIFY_THRESHOLD */"
      UNTREEIFY_THRESHOLD = "/* Could not access UNTREEIFY_THRESHOLD */"
      MIN_TREEIFY_CAPACITY = "/* Could not access MIN_TREEIFY_CAPACITY */"
      MIN_TRANSFER_STRIDE = "/* Could not access MIN_TRANSFER_STRIDE */"
      RESIZE_STAMP_BITS = "/* Could not access RESIZE_STAMP_BITS */"
      MAX_RESIZERS = "/* Could not access MAX_RESIZERS */"
      RESIZE_STAMP_SHIFT = "/* Could not access RESIZE_STAMP_SHIFT */"
      MOVED = "/* Could not access MOVED */"
      TREEBIN = "/* Could not access TREEBIN */"
      RESERVED = "/* Could not access RESERVED */"
      HASH_BITS = "/* Could not access HASH_BITS */"
      NCPU = "/* Could not access NCPU */"
      serialPersistentFields = "/* Could not access serialPersistentFields */"
      table = "/* Could not access table */"
      nextTable = "/* Could not access nextTable */"
      baseCount = "/* Could not access baseCount */"
      sizeCtl = "/* Could not access sizeCtl */"
      transferIndex = "/* Could not access transferIndex */"
      cellsBusy = "/* Could not access cellsBusy */"
      counterCells = "/* Could not access counterCells */"
      keySet = "/* Could not access keySet */"
      values = "/* Could not access values */"
      entrySet = "/* Could not access entrySet */"
      U = "/* Could not access U */"
      SIZECTL = "/* Could not access SIZECTL */"
      TRANSFERINDEX = "/* Could not access TRANSFERINDEX */"
      BASECOUNT = "/* Could not access BASECOUNT */"
      CELLSBUSY = "/* Could not access CELLSBUSY */"
      CELLVALUE = "/* Could not access CELLVALUE */"
      ABASE = "/* Could not access ABASE */"
      ASHIFT = "/* Could not access ASHIFT */"
      keySet = "/* Could not access keySet */"
      values = "/* Could not access values */"
    closedServices = class java.util.ArrayList@1812bff6
      serialVersionUID = "/* Could not access serialVersionUID */"
      DEFAULT_CAPACITY = "/* Could not access DEFAULT_CAPACITY */"
      EMPTY_ELEMENTDATA = "/* Could not access EMPTY_ELEMENTDATA */"
      DEFAULTCAPACITY_EMPTY_ELEMENTDATA = "/* Could not access DEFAULTCAPACITY_EMPTY_ELEMENTDATA */"
      elementData = "/* Could not access elementData */"
      size = "/* Could not access size */"
      modCount = "/* Could not access modCount */"
    prototypeInstances = class java.util.concurrent.ConcurrentHashMap@79b7470
      serialVersionUID = "/* Could not access serialVersionUID */"
      MAXIMUM_CAPACITY = "/* Could not access MAXIMUM_CAPACITY */"
      DEFAULT_CAPACITY = "/* Could not access DEFAULT_CAPACITY */"
      MAX_ARRAY_SIZE = "/* Could not access MAX_ARRAY_SIZE */"
      DEFAULT_CONCURRENCY_LEVEL = "/* Could not access DEFAULT_CONCURRENCY_LEVEL */"
      LOAD_FACTOR = "/* Could not access LOAD_FACTOR */"
      TREEIFY_THRESHOLD = "/* Could not access TREEIFY_THRESHOLD */"
      UNTREEIFY_THRESHOLD = "/* Could not access UNTREEIFY_THRESHOLD */"
      MIN_TREEIFY_CAPACITY = "/* Could not access MIN_TREEIFY_CAPACITY */"
      MIN_TRANSFER_STRIDE = "/* Could not access MIN_TRANSFER_STRIDE */"
      RESIZE_STAMP_BITS = "/* Could not access RESIZE_STAMP_BITS */"
      MAX_RESIZERS = "/* Could not access MAX_RESIZERS */"
      RESIZE_STAMP_SHIFT = "/* Could not access RESIZE_STAMP_SHIFT */"
      MOVED = "/* Could not access MOVED */"
      TREEBIN = "/* Could not access TREEBIN */"
      RESERVED = "/* Could not access RESERVED */"
      HASH_BITS = "/* Could not access HASH_BITS */"
      NCPU = "/* Could not access NCPU */"
      serialPersistentFields = "/* Could not access serialPersistentFields */"
      table = "/* Could not access table */"
      nextTable = "/* Could not access nextTable */"
      baseCount = "/* Could not access baseCount */"
      sizeCtl = "/* Could not access sizeCtl */"
      transferIndex = "/* Could not access transferIndex */"
      cellsBusy = "/* Could not access cellsBusy */"
      counterCells = "/* Could not access counterCells */"
      keySet = "/* Could not access keySet */"
      values = "/* Could not access values */"
      entrySet = "/* Could not access entrySet */"
      U = "/* Could not access U */"
      SIZECTL = "/* Could not access SIZECTL */"
      TRANSFERINDEX = "/* Could not access TRANSFERINDEX */"
      BASECOUNT = "/* Could not access BASECOUNT */"
      CELLSBUSY = "/* Could not access CELLSBUSY */"
      CELLVALUE = "/* Could not access CELLVALUE */"
      ABASE = "/* Could not access ABASE */"
      ASHIFT = "/* Could not access ASHIFT */"
      keySet = "/* Could not access keySet */"
      values = "/* Could not access values */"
  boundValues = null

Dump of objectArray[1]
Object type = org.apache.felix.scr.impl.helper.ReadOnlyDictionary
  m_delegate = class java.util.Hashtable@2a542df4
    table = "/* Could not access table */"
    count = "/* Could not access count */"
    threshold = "/* Could not access threshold */"
    loadFactor = "/* Could not access loadFactor */"
    modCount = "/* Could not access modCount */"
    serialVersionUID = "/* Could not access serialVersionUID */"
    MAX_ARRAY_SIZE = "/* Could not access MAX_ARRAY_SIZE */"
    keySet = "/* Could not access keySet */"
    entrySet = "/* Could not access entrySet */"
    values = "/* Could not access values */"
    KEYS = "/* Could not access KEYS */"
    VALUES = "/* Could not access VALUES */"
    ENTRIES = "/* Could not access ENTRIES */"
  m_serviceReference = null

