[10/1/26, 6:35:53:753 UTC] 00000031 com.ibm.ws.sib.utils.ras.SibMessage                          I  CWSIV0777I: A connection to messaging engine defaultME for destination RejectedRegistrationAttemptsQueue on bus defaultBus has been successfully created.
[10/1/26, 6:35:53:753 UTC] 00000031 com.ibm.ws.sib.utils.ras.SibMessage                          I  CWSIV0556I: Connection to the Messaging Engine was successful. The message-driven bean with activation specification cargo-tracker/RejectedRegistrationAttemptsConsumer will now be able to receive the messages from destination RejectedRegistrationAttemptsQueue.
[10/1/26, 6:35:53:753 UTC] 00000031 com.ibm.ws.jca.service.EndpointActivationService             I J2CA8801I: The message endpoint for activation specification cargo-tracker/RejectedRegistrationAttemptsConsumer and message driven bean application cargo-tracker#cargo-tracker.war#RejectedRegistrationAttemptsConsumer is activated.
[10/1/26, 6:35:53:753 UTC] 00000031 com.ibm.ws.ejbcontainer.runtime.AbstractEJBRuntime           I CNTR0180I: The MisdirectedCargoConsumer message-driven bean in the cargo-tracker.war module of the cargo-tracker application is bound to the cargo-tracker/MisdirectedCargoConsumer activation specification.
[10/1/26, 6:35:53:754 UTC] 00000031 com.ibm.ws.ejbcontainer.mdb.internal.MDBRuntimeImpl          W CNTR4016W: The message endpoint for the MisdirectedCargoConsumer message-driven bean cannot be activated because the java:app/jms/MisdirectedCargoQueue destination is not available. The message endpoint will not receive messages until the destination becomes available.
[10/1/26, 6:35:53:757 UTC] 00000031 com.ibm.ws.sib.utils.ras.SibMessage                          I  CWSIV0777I: A connection to messaging engine defaultME for destination MisdirectedCargoQueue on bus defaultBus has been successfully created.
[10/1/26, 6:35:53:757 UTC] 00000031 com.ibm.ws.sib.utils.ras.SibMessage                          I  CWSIV0556I: Connection to the Messaging Engine was successful. The message-driven bean with activation specification cargo-tracker/MisdirectedCargoConsumer will now be able to receive the messages from destination MisdirectedCargoQueue.
[10/1/26, 6:35:53:757 UTC] 00000031 com.ibm.ws.jca.service.EndpointActivationService             I J2CA8801I: The message endpoint for activation specification cargo-tracker/MisdirectedCargoConsumer and message driven bean application cargo-tracker#cargo-tracker.war#MisdirectedCargoConsumer is activated.
[10/1/26, 6:35:53:798 UTC] 00000031 com.ibm.ws.ejbcontainer.runtime.AbstractEJBRuntime           I CNTR0219I: The server created 0 persistent automatic timer or timers and 0 non-persistent automatic timer or timers for the cargo-tracker.war module.
[10/1/26, 6:35:53:853 UTC] 00000031 eclipselink                                                  I CWWJP9990I: [eclipselink] EclipseLink, version: Eclipse Persistence Services - 2.6.10.WAS-v20230307-f193aace40
[10/1/26, 6:35:53:863 UTC] 00000031 com.ibm.ws.rsadapter.impl.DatabaseHelper                     I DSRA8203I: Database product name : Apache Derby
[10/1/26, 6:35:53:863 UTC] 00000031 com.ibm.ws.rsadapter.impl.DatabaseHelper                     I DSRA8204I: Database product version : 10.14.2.0 - (1828579)
[10/1/26, 6:35:53:863 UTC] 00000031 com.ibm.ws.rsadapter.impl.DatabaseHelper                     I DSRA8205I: JDBC driver name  : Apache Derby Embedded JDBC Driver
[10/1/26, 6:35:53:863 UTC] 00000031 com.ibm.ws.rsadapter.impl.DatabaseHelper                     I DSRA8206I: JDBC driver version  : 10.14.2.0 - (1828579)
[10/1/26, 6:35:53:868 UTC] 00000031 eclipselink.metadata                                         W CWWJP9991W: [eclipselink.metadata] isNullAllowed is reset to false in org.eclipse.persistence.mappings.AggregateObjectMapping[itinerary] because the aggregate has a (possibly nested) target foreign key mapping
[10/1/26, 6:35:53:869 UTC] 00000031 eclipselink.metadata                                         W CWWJP9991W: [eclipselink.metadata] isNullAllowed is reset to false in org.eclipse.persistence.mappings.AggregateObjectMapping[schedule] because the aggregate has a (possibly nested) target foreign key mapping
[10/1/26, 6:35:53:975 UTC] 00000031 rg.eclipse.cargotracker.application.util.SampleDataGenerator I Loading sample data.
[10/1/26, 6:35:53:975 UTC] 00000031 rg.eclipse.cargotracker.application.util.SampleDataGenerator I Unloading all existing data.
[10/1/26, 6:35:54:081 UTC] 00000031 rg.eclipse.cargotracker.application.util.SampleDataGenerator I Loading sample locations.
[10/1/26, 6:35:54:114 UTC] 00000031 rg.eclipse.cargotracker.application.util.SampleDataGenerator I Loading sample voyages.
[10/1/26, 6:35:54:167 UTC] 00000031 rg.eclipse.cargotracker.application.util.SampleDataGenerator I Loading sample cargo data.
[10/1/26, 6:35:54:385 UTC] 00000031 com.ibm.ws.ejbcontainer.osgi.internal.EJBRuntimeImpl         I CNTR4001I: The cargo-tracker.war EJB module in the cargo-tracker application has started successfully.
[10/1/26, 6:35:54:389 UTC] 00000031 com.ibm.ws.webcontainer.osgi.webapp.WebGroup                 I SRVE0169I: Loading Web Module: cargo-tracker.
[10/1/26, 6:35:54:391 UTC] 00000031 com.ibm.ws.webcontainer                                      I SRVE0250I: Web Module cargo-tracker has been bound to default_host.
[10/1/26, 6:35:54:392 UTC] 00000031 com.ibm.ws.http.internal.VirtualHostImpl                     A CWWKT0016I: Web application available (default_host): http://172.17.0.1:8080/cargo-tracker/
[10/1/26, 6:35:54:431 UTC] 00000037 com.ibm.ws.session.WASSessionCore                            I SESN0176I: A new session context will be created for application key default_host/cargo-tracker
[10/1/26, 6:35:54:436 UTC] 0000002e com.ibm.ws.webcontainer.osgi.mbeans.PluginGenerator          I SRVE9103I: A configuration file for a web server plugin was automatically generated for this server at /home/runner/work/dd-3016202-cargotracker-devoxx-be-2026/dd-3016202-cargotracker-devoxx-be-2026/demo/target/liberty/wlp/usr/servers/defaultServer/logs/state/plugin-cfg.xml.
[10/1/26, 6:35:54:440 UTC] 00000037 com.ibm.ws.util                                              I SESN0172I: The session manager is using the Java default SecureRandom implementation for session ID generation.
[10/1/26, 6:35:54:517 UTC] 00000037 com.ibm.ws.cache.CacheServiceImpl                            I DYNA1056I: Dynamic Cache (object cache) initialized successfully.
[10/1/26, 6:35:54:963 UTC] 00000037 com.ibm.ws.wsoc.EndpointManager                              I CWWKH0046I: Adding a WebSocket ServerEndpoint with the following URI: /tracking
[10/1/26, 6:35:55:010 UTC] 00000037 org.apache.myfaces.config.DefaultFacesConfigurationProvider  I Reading standard config META-INF/standard-faces-config.xml
[10/1/26, 6:35:55:113 UTC] 00000037 org.apache.myfaces.config.DefaultFacesConfigurationProvider  I Reading config /WEB-INF/faces-config.xml
[10/1/26, 6:35:55:152 UTC] 00000037 org.apache.myfaces.config.DefaultFacesConfigurationProvider  I Reading config : wsjar:file:/home/runner/work/dd-3016202-cargotracker-devoxx-be-2026/dd-3016202-cargotracker-devoxx-be-2026/demo/target/cargo-tracker/WEB-INF/lib/primefaces-8.0.jar!/META-INF/faces-config.xml
[10/1/26, 6:35:55:174 UTC] 00000037 org.apache.myfaces.config.DefaultFacesConfigurationProvider  I Reading config /booking/booking-flow.xml
[10/1/26, 6:35:55:258 UTC] 00000037 org.apache.myfaces.spi.impl.DefaultInjectionProviderFactory  I Using InjectionProvider com.ibm.ws.jsf.spi.impl.WASCDIAnnotationDelegateInjectionProvider
[10/1/26, 6:35:55:282 UTC] 00000037 org.apache.myfaces.util.ExternalSpecifications               I MyFaces CDI support enabled
[10/1/26, 6:35:55:303 UTC] 00000037 org.apache.myfaces.util.ExternalSpecifications               I MyFaces Bean Validation support enabled
[10/1/26, 6:35:55:336 UTC] 00000037 org.apache.myfaces.config.FacesConfigurator                  I Serialization provider : class org.apache.myfaces.shared_impl.util.serial.DefaultSerialFactory
[10/1/26, 6:35:55:428 UTC] 00000037 org.primefaces.webapp.PostConstructApplicationEventListener  I Running on PrimeFaces 8.0
[10/1/26, 6:35:55:428 UTC] 00000037 org.apache.myfaces.webapp.AbstractFacesInitializer           I ServletContext initialized.
[10/1/26, 6:35:55:430 UTC] 00000037 org.apache.myfaces.webapp.WebConfigParamsLogger              I Tomahawk jar not available. Autoscrolling, DetectJavascript, AddResourceClass and CheckExtensionsFilter are disabled now.
[10/1/26, 6:35:55:430 UTC] 00000037 org.apache.myfaces.webapp.WebConfigParamsLogger              I Scanning for context init parameters not defined. It is not necessary to define them all into your web.xml, they are just provided here for informative purposes. To disable this messages set org.apache.myfaces.LOG_WEB_CONTEXT_PARAMS config param to 'false'
[10/1/26, 6:35:55:430 UTC] 00000037 org.apache.myfaces.webapp.WebConfigParamsLogger              I No context init parameter 'javax.faces.RESOURCE_EXCLUDES' found, using default value '.class .jsp .jspx .properties .xhtml .groovy'.
[10/1/26, 6:35:55:430 UTC] 00000037 org.apache.myfaces.webapp.WebConfigParamsLogger              I No context init parameter 'javax.faces.STATE_SAVING_METHOD' found, using default value 'server'.
[10/1/26, 6:35:55:430 UTC] 00000037 org.apache.myfaces.webapp.WebConfigParamsLogger              I No context init parameter 'javax.faces.FULL_STATE_SAVING_VIEW_IDS' found.
[10/1/26, 6:35:55:430 UTC] 00000037 org.apache.myfaces.webapp.WebConfigParamsLogger              I No context init parameter 'javax.faces.PARTIAL_STATE_SAVING' found, using default value 'true (false with 1.2 webapps)'.
[10/1/26, 6:35:55:430 UTC] 00000037 org.apache.myfaces.webapp.WebConfigParamsLogger              I No context init parameter 'javax.faces.SERIALIZE_SERVER_STATE' found, using default value 'false'.
[10/1/26, 6:35:55:431 UTC] 00000037 org.apache.myfaces.webapp.WebConfigParamsLogger              I No context init parameter 'javax.faces.DEFAULT_SUFFIX' found, using default value '.xhtml .view.xml .jsp'.
[10/1/26, 6:35:55:431 UTC] 00000037 org.apache.myfaces.webapp.WebConfigParamsLogger              I No context init parameter 'javax.faces.FACELETS_SUFFIX' found, using default value '.xhtml'.
[10/1/26, 6:35:55:431 UTC] 00000037 org.apache.myfaces.webapp.WebConfigParamsLogger              I No context init parameter 'javax.faces.FACELETS_VIEW_MAPPINGS' found.
[10/1/26, 6:35:55:431 UTC] 00000037 org.apache.myfaces.webapp.WebConfigParamsLogger              I No context init parameter 'DISABLE_FACELET_JSF_VIEWHANDLER' found.
[10/1/26, 6:35:55:431 UTC] 00000037 org.apache.myfaces.webapp.WebConfigParamsLogger              I No context init parameter 'javax.faces.FACELETS_BUFFER_SIZE' found, using default value '1024'.
[10/1/26, 6:35:55:431 UTC] 00000037 org.apache.myfaces.webapp.WebConfigParamsLogger              I No context init parameter 'javax.faces.FACELETS_DECORATORS' found.
[10/1/26, 6:35:55:431 UTC] 00000037 org.apache.myfaces.webapp.WebConfigParamsLogger              I No context init parameter 'javax.faces.FACELETS_LIBRARIES' found.
[10/1/26, 6:35:55:431 UTC] 00000037 org.apache.myfaces.webapp.WebConfigParamsLogger              I No context init parameter 'javax.faces.FACELETS_REFRESH_PERIOD' found, using default value '-1'.
[10/1/26, 6:35:55:431 UTC] 00000037 org.apache.myfaces.webapp.WebConfigParamsLogger              I No context init parameter 'javax.faces.FACELETS_SKIP_COMMENTS' found.
[10/1/26, 6:35:55:431 UTC] 00000037 org.apache.myfaces.webapp.WebConfigParamsLogger              I No context init parameter 'javax.faces.HONOR_CURRENT_COMPONENT_ATTRIBUTES' found, using default value 'false'.
[10/1/26, 6:35:55:431 UTC] 00000037 org.apache.myfaces.webapp.WebConfigParamsLogger              I No context init parameter 'javax.faces.VALIDATE_EMPTY_FIELDS' found, using default value 'auto'.
[10/1/26, 6:35:55:431 UTC] 00000037 org.apache.myfaces.webapp.WebConfigParamsLogger              I No context init parameter 'javax.faces.INTERPRET_EMPTY_STRING_SUBMITTED_VALUES_AS_NULL' found, using default value 'false'.
[10/1/26, 6:35:55:431 UTC] 00000037 org.apache.myfaces.webapp.WebConfigParamsLogger              I No context init parameter 'javax.faces.DATETIMECONVERTER_DEFAULT_TIMEZONE_IS_SYSTEM_TIMEZONE' found, using default value 'false'.
[10/1/26, 6:35:55:431 UTC] 00000037 org.apache.myfaces.webapp.WebConfigParamsLogger              I No context init parameter 'org.apache.myfaces.ENUM_CONVERTER_ALLOW_STRING_PASSTROUGH' found, using default value 'false'.
[10/1/26, 6:35:55:431 UTC] 00000037 org.apache.myfaces.webapp.WebConfigParamsLogger              I No context init parameter 'javax.faces.validator.DISABLE_DEFAULT_BEAN_VALIDATOR' found, using default value 'true'.
[10/1/26, 6:35:55:431 UTC] 00000037 org.apache.myfaces.webapp.WebConfigParamsLogger              I No context init parameter 'javax.faces.CONFIG_FILES' found.
[10/1/26, 6:35:55:431 UTC] 00000037 org.apache.myfaces.webapp.WebConfigParamsLogger              I No context init parameter 'javax.faces.LIFECYCLE_ID' found.
[10/1/26, 6:35:55:431 UTC] 00000037 org.apache.myfaces.webapp.WebConfigParamsLogger              I No context init parameter 'org.apache.myfaces.ERROR_HANDLER' found.
[10/1/26, 6:35:55:431 UTC] 00000037 org.apache.myfaces.webapp.WebConfigParamsLogger              I No context init parameter 'org.apache.myfaces.CHECKED_VIEWID_CACHE_SIZE' found, using default value '500'.
[10/1/26, 6:35:55:431 UTC] 00000037 org.apache.myfaces.webapp.WebConfigParamsLogger              I No context init parameter 'org.apache.myfaces.CHECKED_VIEWID_CACHE_ENABLED' found, using default value 'true'.
[10/1/26, 6:35:55:432 UTC] 00000037 org.apache.myfaces.webapp.WebConfigParamsLogger              I No context init parameter 'org.apache.myfaces.PRETTY_HTML' found, using default value 'true'.
[10/1/26, 6:35:55:432 UTC] 00000037 org.apache.myfaces.webapp.WebConfigParamsLogger              I No context init parameter 'org.apache.myfaces.ALLOW_JAVASCRIPT' found, using default value 'true'.
[10/1/26, 6:35:55:432 UTC] 00000037 org.apache.myfaces.webapp.WebConfigParamsLogger              I No context init parameter 'org.apache.myfaces.CONFIG_REFRESH_PERIOD' found, using default value '2'.
[10/1/26, 6:35:55:432 UTC] 00000037 org.apache.myfaces.webapp.WebConfigParamsLogger              I No context init parameter 'org.apache.myfaces.VIEWSTATE_JAVASCRIPT' found, using default value 'false'.
[10/1/26, 6:35:55:432 UTC] 00000037 org.apache.myfaces.webapp.WebConfigParamsLogger              I No context init parameter 'org.apache.myfaces.RENDER_VIEWSTATE_ID' found, using default value 'true'.
[10/1/26, 6:35:55:432 UTC] 00000037 org.apache.myfaces.webapp.WebConfigParamsLogger              I No context init parameter 'org.apache.myfaces.STRICT_XHTML_LINKS' found, using default value 'true'.
[10/1/26, 6:35:55:432 UTC] 00000037 org.apache.myfaces.webapp.WebConfigParamsLogger              I No context init parameter 'org.apache.myfaces.RENDER_CLEAR_JAVASCRIPT_FOR_BUTTON' found, using default value 'false'.
[10/1/26, 6:35:55:432 UTC] 00000037 org.apache.myfaces.webapp.WebConfigParamsLogger              I No context init parameter 'org.apache.myfaces.RENDER_HIDDEN_FIELDS_FOR_LINK_PARAMS' found, using default value 'false'.
[10/1/26, 6:35:55:432 UTC] 00000037 org.apache.myfaces.webapp.WebConfigParamsLogger              I No context init parameter 'org.apache.myfaces.SAVE_FORM_SUBMIT_LINK_IE' found, using default value 'false'.
[10/1/26, 6:35:55:432 UTC] 00000037 org.apache.myfaces.webapp.WebConfigParamsLogger              I No context init parameter 'org.apache.myfaces.DELEGATE_FACES_SERVLET' found.
[10/1/26, 6:35:55:432 UTC] 00000037 org.apache.myfaces.webapp.WebConfigParamsLogger              I No context init parameter 'org.apache.myfaces.REFRESH_TRANSIENT_BUILD_ON_PSS' found, using default value 'auto'.
[10/1/26, 6:35:55:432 UTC] 00000037 org.apache.myfaces.webapp.WebConfigParamsLogger              I No context init parameter 'org.apache.myfaces.REFRESH_TRANSIENT_BUILD_ON_PSS_PRESERVE_STATE' found, using default value 'false'.
[10/1/26, 6:35:55:432 UTC] 00000037 org.apache.myfaces.webapp.WebConfigParamsLogger              I No context init parameter 'org.apache.myfaces.VALIDATE_XML' found.
[10/1/26, 6:35:55:432 UTC] 00000037 org.apache.myfaces.webapp.WebConfigParamsLogger              I No context init parameter 'org.apache.myfaces.WRAP_SCRIPT_CONTENT_WITH_XML_COMMENT_TAG' found, using default value 'false'.
[10/1/26, 6:35:55:432 UTC] 00000037 org.apache.myfaces.webapp.WebConfigParamsLogger              I No context init parameter 'org.apache.myfaces.RENDER_FORM_SUBMIT_SCRIPT_INLINE' found, using default value 'false'.
[10/1/26, 6:35:55:432 UTC] 00000037 org.apache.myfaces.webapp.WebConfigParamsLogger              I No context init parameter 'org.apache.myfaces.DEBUG_PHASE_LISTENER' found.
[10/1/26, 6:35:55:432 UTC] 00000037 org.apache.myfaces.webapp.WebConfigParamsLogger              I No context init parameter 'org.apache.myfaces.STRICT_JSF_2_REFRESH_TARGET_AJAX' found, using default value 'false'.
[10/1/26, 6:35:55:432 UTC] 00000037 org.apache.myfaces.webapp.WebConfigParamsLogger              I No context init parameter 'org.apache.myfaces.STRICT_JSF_2_CC_EL_RESOLVER' found, using default value 'false'.
[10/1/26, 6:35:55:432 UTC] 00000037 org.apache.myfaces.webapp.WebConfigParamsLogger              I No context init parameter 'org.apache.myfaces.DEFAULT_RESPONSE_WRITER_CONTENT_TYPE_MODE' found, using default value 'text/html'.
[10/1/26, 6:35:55:433 UTC] 00000037 org.apache.myfaces.webapp.WebConfigParamsLogger              I No context init parameter 'org.apache.myfaces.VIEW_UNIQUE_IDS_CACHE_ENABLED' found, using default value 'true'.
[10/1/26, 6:35:55:433 UTC] 00000037 org.apache.myfaces.webapp.WebConfigParamsLogger              I No context init parameter 'org.apache.myfaces.COMPONENT_UNIQUE_IDS_CACHE_SIZE' found, using default value '100'.
[10/1/26, 6:35:55:433 UTC] 00000037 org.apache.myfaces.webapp.WebConfigParamsLogger              I No context init parameter 'org.apache.myfaces.SUPPORT_JSP_AND_FACES_EL' found, using default value 'true'.
[10/1/26, 6:35:55:433 UTC] 00000037 org.apache.myfaces.webapp.WebConfigParamsLogger              I No context init parameter 'org.apache.myfaces.GAE_JSF_JAR_FILES' found.
[10/1/26, 6:35:55:433 UTC] 00000037 org.apache.myfaces.webapp.WebConfigParamsLogger              I No context init parameter 'org.apache.myfaces.GAE_JSF_ANNOTATIONS_JAR_FILES' found.
[10/1/26, 6:35:55:433 UTC] 00000037 org.apache.myfaces.webapp.WebConfigParamsLogger              I No context init parameter 'org.apache.myfaces.STRICT_JSF_2_VIEW_NOT_FOUND' found, using default value 'false'.
[10/1/26, 6:35:55:433 UTC] 00000037 org.apache.myfaces.webapp.WebConfigParamsLogger              I No context init parameter 'org.apache.myfaces.EARLY_FLUSH_ENABLED' found, using default value 'false'.
[10/1/26, 6:35:55:433 UTC] 00000037 org.apache.myfaces.webapp.WebConfigParamsLogger              I No context init parameter 'org.apache.myfaces.CDI_MANAGED_CONVERTERS_ENABLED' found, using default value 'false'.
[10/1/26, 6:35:55:433 UTC] 00000037 org.apache.myfaces.webapp.WebConfigParamsLogger              I No context init parameter 'org.apache.myfaces.CDI_MANAGED_VALIDATORS_ENABLED' found, using default value 'false'.
[10/1/26, 6:35:55:433 UTC] 00000037 org.apache.myfaces.webapp.WebConfigParamsLogger              I No context init parameter 'org.apache.myfaces.STRICT_JSF_2_FACELETS_COMPATIBILITY' found, using default value 'false'.
[10/1/26, 6:35:55:433 UTC] 00000037 org.apache.myfaces.webapp.WebConfigParamsLogger              I No context init parameter 'org.apache.myfaces.RENDER_FORM_VIEW_STATE_AT_BEGIN' found, using default value 'false'.
[10/1/26, 6:35:55:433 UTC] 00000037 org.apache.myfaces.webapp.WebConfigParamsLogger              I No context init parameter 'org.apache.myfaces.FLASH_SCOPE_DISABLED' found, using default value 'false'.
[10/1/26, 6:35:55:433 UTC] 00000037 org.apache.myfaces.webapp.WebConfigParamsLogger              I No context init parameter 'org.apache.myfaces.NUMBER_OF_VIEWS_IN_SESSION' found, using default value '20'.
[10/1/26, 6:35:55:433 UTC] 00000037 org.apache.myfaces.webapp.WebConfigParamsLogger              I No context init parameter 'org.apache.myfaces.NUMBER_OF_SEQUENTIAL_VIEWS_IN_SESSION' found, using default value '4'.
[10/1/26, 6:35:55:433 UTC] 00000037 org.apache.myfaces.webapp.WebConfigParamsLogger              I No context init parameter 'org.apache.myfaces.NUMBER_OF_FLASH_TOKENS_IN_SESSION' found.
[10/1/26, 6:35:55:433 UTC] 00000037 org.apache.myfaces.webapp.WebConfigParamsLogger              I No context init parameter 'org.apache.myfaces.FACES_FLOW_CLIENT_WINDOW_IDS_IN_SESSION' found.
[10/1/26, 6:35:55:433 UTC] 00000037 org.apache.myfaces.webapp.WebConfigParamsLogger              I No context init parameter 'org.apache.myfaces.RESOURCE_MAX_TIME_EXPIRES' found, using default value '604800000'.
[10/1/26, 6:35:55:433 UTC] 00000037 org.apache.myfaces.webapp.WebConfigParamsLogger              I No context init parameter 'org.apache.myfaces.RESOURCE_HANDLER_CACHE_SIZE' found, using default value '500'.
[10/1/26, 6:35:55:433 UTC] 00000037 org.apache.myfaces.webapp.WebConfigParamsLogger              I No context init parameter 'org.apache.myfaces.RESOURCE_HANDLER_CACHE_ENABLED' found, using default value 'true'.
[10/1/26, 6:35:55:433 UTC] 00000037 org.apache.myfaces.webapp.WebConfigParamsLogger              I No context init parameter 'org.apache.myfaces.USE_ENCRYPTION' found, using default value 'true'.
[10/1/26, 6:35:55:434 UTC] 00000037 org.apache.myfaces.webapp.WebConfigParamsLogger              I No context init parameter 'org.apache.myfaces.SECRET' found.
[10/1/26, 6:35:55:434 UTC] 00000037 org.apache.myfaces.webapp.WebConfigParamsLogger              I No context init parameter 'org.apache.myfaces.ALGORITHM' found, using default value 'DES'.
[10/1/26, 6:35:55:434 UTC] 00000037 org.apache.myfaces.webapp.WebConfigParamsLogger              I No context init parameter 'org.apache.myfaces.SECRET.CACHE' found.
[10/1/26, 6:35:55:434 UTC] 00000037 org.apache.myfaces.webapp.WebConfigParamsLogger              I No context init parameter 'org.apache.myfaces.ALGORITHM.IV' found.
[10/1/26, 6:35:55:434 UTC] 00000037 org.apache.myfaces.webapp.WebConfigParamsLogger              I No context init parameter 'org.apache.myfaces.ALGORITHM.PARAMETERS' found, using default value 'ECB/PKCS5Padding'.
[10/1/26, 6:35:55:434 UTC] 00000037 org.apache.myfaces.webapp.WebConfigParamsLogger              I No context init parameter 'org.apache.myfaces.SERIAL_FACTORY' found.
[10/1/26, 6:35:55:434 UTC] 00000037 org.apache.myfaces.webapp.WebConfigParamsLogger              I No context init parameter 'org.apache.myfaces.COMPRESS_STATE_IN_CLIENT' found, using default value 'false'.
[10/1/26, 6:35:55:434 UTC] 00000037 org.apache.myfaces.webapp.WebConfigParamsLogger              I No context init parameter 'org.apache.myfaces.MAC_ALGORITHM' found, using default value 'HmacSHA1'.
[10/1/26, 6:35:55:434 UTC] 00000037 org.apache.myfaces.webapp.WebConfigParamsLogger              I No context init parameter 'org.apache.myfaces.MAC_SECRET' found.
[10/1/26, 6:35:55:434 UTC] 00000037 org.apache.myfaces.webapp.WebConfigParamsLogger              I No context init parameter 'org.apache.myfaces.MAC_SECRET.CACHE' found.
[10/1/26, 6:35:55:434 UTC] 00000037 org.apache.myfaces.webapp.WebConfigParamsLogger              I No context init parameter 'org.apache.myfaces.LAZY_LOAD_CONFIG_OBJECTS' found, using default value 'true'.
[10/1/26, 6:35:55:435 UTC] 00000037 org.apache.myfaces.webapp.WebConfigParamsLogger              I No context init parameter 'org.apache.myfaces.STRICT_JSF_2_ALLOW_SLASH_LIBRARY_NAME' found, using default value 'false'.
[10/1/26, 6:35:55:435 UTC] 00000037 org.apache.myfaces.webapp.WebConfigParamsLogger              I No context init parameter 'org.apache.myfaces.RESOURCE_BUFFER_SIZE' found, using default value '2048'.
[10/1/26, 6:35:55:435 UTC] 00000037 org.apache.myfaces.webapp.WebConfigParamsLogger              I No context init parameter 'org.apache.myfaces.RANDOM_KEY_IN_CSRF_SESSION_TOKEN' found, using default value 'secureRandom'.
[10/1/26, 6:35:55:435 UTC] 00000037 org.apache.myfaces.webapp.WebConfigParamsLogger              I No context init parameter 'org.apache.myfaces.RANDOM_KEY_IN_CSRF_SESSION_TOKEN_LENGTH' found, using default value '16'.
[10/1/26, 6:35:55:435 UTC] 00000037 org.apache.myfaces.webapp.WebConfigParamsLogger              I No context init parameter 'org.apache.myfaces.RANDOM_KEY_IN_CSRF_SESSION_TOKEN_SECURE_RANDOM_CLASS' found.
[10/1/26, 6:35:55:435 UTC] 00000037 org.apache.myfaces.webapp.WebConfigParamsLogger              I No context init parameter 'org.apache.myfaces.RANDOM_KEY_IN_CSRF_SESSION_TOKEN_SECURE_RANDOM_PROVIDER' found.
[10/1/26, 6:35:55:435 UTC] 00000037 org.apache.myfaces.webapp.WebConfigParamsLogger              I No context init parameter 'org.apache.myfaces.RANDOM_KEY_IN_CSRF_SESSION_TOKEN_SECURE_RANDOM_ALGORITM' found, using default value 'SHA1PRNG'.
[10/1/26, 6:35:55:435 UTC] 00000037 org.apache.myfaces.webapp.WebConfigParamsLogger              I No context init parameter 'org.apache.myfaces.CLIENT_VIEW_STATE_TIMEOUT' found, using default value '0'.
[10/1/26, 6:35:55:435 UTC] 00000037 org.apache.myfaces.webapp.WebConfigParamsLogger              I No context init parameter 'org.apache.myfaces.SERIALIZE_STATE_IN_SESSION' found, using default value 'false'.
[10/1/26, 6:35:55:435 UTC] 00000037 org.apache.myfaces.webapp.WebConfigParamsLogger              I No context init parameter 'org.apache.myfaces.COMPRESS_STATE_IN_SESSION' found, using default value 'true'.
[10/1/26, 6:35:55:435 UTC] 00000037 org.apache.myfaces.webapp.WebConfigParamsLogger              I No context init parameter 'org.apache.myfaces.CACHE_OLD_VIEWS_IN_SESSION_MODE' found, using default value 'off'.
[10/1/26, 6:35:55:435 UTC] 00000037 org.apache.myfaces.webapp.WebConfigParamsLogger              I No context init parameter 'org.apache.myfaces.USE_FLASH_SCOPE_PURGE_VIEWS_IN_SESSION' found, using default value 'false'.
[10/1/26, 6:35:55:435 UTC] 00000037 org.apache.myfaces.webapp.WebConfigParamsLogger              I No context init parameter 'org.apache.myfaces.RANDOM_KEY_IN_VIEW_STATE_SESSION_TOKEN' found, using default value 'secureRandom'.
[10/1/26, 6:35:55:435 UTC] 00000037 org.apache.myfaces.webapp.WebConfigParamsLogger              I No context init parameter 'org.apache.myfaces.RANDOM_KEY_IN_VIEW_STATE_SESSION_TOKEN_LENGTH' found, using default value '8'.
[10/1/26, 6:35:55:435 UTC] 00000037 org.apache.myfaces.webapp.WebConfigParamsLogger              I No context init parameter 'org.apache.myfaces.RANDOM_KEY_IN_VIEW_STATE_SESSION_TOKEN_SECURE_RANDOM_CLASS' found.
[10/1/26, 6:35:55:435 UTC] 00000037 org.apache.myfaces.webapp.WebConfigParamsLogger              I No context init parameter 'org.apache.myfaces.RANDOM_KEY_IN_VIEW_STATE_SESSION_TOKEN_SECURE_RANDOM_PROVIDER' found.
[10/1/26, 6:35:55:435 UTC] 00000037 org.apache.myfaces.webapp.WebConfigParamsLogger              I No context init parameter 'org.apache.myfaces.RANDOM_KEY_IN_VIEW_STATE_SESSION_TOKEN_SECURE_RANDOM_ALGORITM' found, using default value 'SHA1PRNG'.
[10/1/26, 6:35:55:435 UTC] 00000037 org.apache.myfaces.webapp.WebConfigParamsLogger              I No context init parameter 'facelets.LIBRARIES' found.
[10/1/26, 6:35:55:435 UTC] 00000037 org.apache.myfaces.webapp.WebConfigParamsLogger              I No context init parameter 'org.apache.myfaces.VALIDATE' found, using default value 'false'.
[10/1/26, 6:35:55:436 UTC] 00000037 org.apache.myfaces.webapp.WebConfigParamsLogger              I No context init parameter 'org.apache.myfaces.annotation.SCAN_PACKAGES' found.
[10/1/26, 6:35:55:436 UTC] 00000037 org.apache.myfaces.webapp.WebConfigParamsLogger              I No context init parameter 'org.apache.myfaces.config.annotation.LifecycleProvider' found.
[10/1/26, 6:35:55:436 UTC] 00000037 org.apache.myfaces.webapp.WebConfigParamsLogger              I No context init parameter 'org.apache.myfaces.EL_RESOLVER_COMPARATOR' found.
[10/1/26, 6:35:55:436 UTC] 00000037 org.apache.myfaces.webapp.WebConfigParamsLogger              I No context init parameter 'org.apache.myfaces.EL_RESOLVER_PREDICATE' found.
[10/1/26, 6:35:55:436 UTC] 00000037 org.apache.myfaces.webapp.WebConfigParamsLogger              I No context init parameter 'org.apache.myfaces.DEFAULT_WINDOW_MODE' found, using default value 'url'.
[10/1/26, 6:35:55:436 UTC] 00000037 org.apache.myfaces.webapp.WebConfigParamsLogger              I No context init parameter 'org.apache.myfaces.CHECKED_VIEWID_CACHE_SIZE' found, using default value '500'.
[10/1/26, 6:35:55:436 UTC] 00000037 org.apache.myfaces.webapp.WebConfigParamsLogger              I No context init parameter 'org.apache.myfaces.CHECKED_VIEWID_CACHE_ENABLED' found, using default value 'true'.
[10/1/26, 6:35:55:436 UTC] 00000037 org.apache.myfaces.webapp.WebConfigParamsLogger              I No context init parameter 'org.apache.myfaces.ERROR_TEMPLATE_RESOURCE' found, using default value 'META-INF/rsc/myfaces-dev-error.xml'.
[10/1/26, 6:35:55:436 UTC] 00000037 org.apache.myfaces.webapp.WebConfigParamsLogger              I No context init parameter 'org.apache.myfaces.DEBUG_TEMPLATE_RESOURCE' found, using default value 'META-INF/rsc/myfaces-dev-debug.xml'.
[10/1/26, 6:35:55:436 UTC] 00000037 org.apache.myfaces.webapp.WebConfigParamsLogger              I No context init parameter 'org.apache.myfaces.ERROR_HANDLING' found, using default value 'false, on Development Project stage: true'.
[10/1/26, 6:35:55:436 UTC] 00000037 org.apache.myfaces.webapp.WebConfigParamsLogger              I No context init parameter 'org.apache.myfaces.HANDLE_STATE_CACHING_MECHANICS' found, using default value 'true'.
[10/1/26, 6:35:55:436 UTC] 00000037 org.apache.myfaces.webapp.WebConfigParamsLogger              I No context init parameter 'org.apache.myfaces.AUTOCOMPLETE_OFF_VIEW_STATE' found, using default value 'true'.
[10/1/26, 6:35:55:436 UTC] 00000037 org.apache.myfaces.webapp.WebConfigParamsLogger              I No context init parameter 'org.apache.myfaces.USE_MULTIPLE_JS_FILES_FOR_JSF_UNCOMPRESSED_JS' found, using default value 'false'.
[10/1/26, 6:35:55:436 UTC] 00000037 org.apache.myfaces.webapp.WebConfigParamsLogger              I No context init parameter 'org.apache.myfaces.JSF_JS_MODE' found, using default value 'normal'.
[10/1/26, 6:35:55:436 UTC] 00000037 org.apache.myfaces.webapp.WebConfigParamsLogger              I No context init parameter 'org.apache.myfaces.TEMPORAL_RESOURCEHANDLER_CACHE_ENABLED' found, using default value 'false'.
[10/1/26, 6:35:55:436 UTC] 00000037 org.apache.myfaces.webapp.WebConfigParamsLogger              I No context init parameter 'org.apache.myfaces.SERVICE_PROVIDER_FINDER' found.
[10/1/26, 6:35:55:436 UTC] 00000037 org.apache.myfaces.webapp.WebConfigParamsLogger              I No context init parameter 'org.apache.myfaces.spi.InjectionProvider' found.
[10/1/26, 6:35:55:436 UTC] 00000037 org.apache.myfaces.webapp.WebConfigParamsLogger              I No context init parameter 'javax.faces.DISABLE_FACELET_JSF_VIEWHANDLER' found, using default value 'false'.
[10/1/26, 6:35:55:436 UTC] 00000037 org.apache.myfaces.webapp.WebConfigParamsLogger              I No context init parameter 'org.apache.myfaces.SAVE_STATE_WITH_VISIT_TREE_ON_PSS' found, using default value 'true'.
[10/1/26, 6:35:55:436 UTC] 00000037 org.apache.myfaces.webapp.WebConfigParamsLogger              I No context init parameter 'org.apache.myfaces.CHECK_ID_PRODUCTION_MODE' found, using default value 'auto'.
[10/1/26, 6:35:55:436 UTC] 00000037 org.apache.myfaces.webapp.WebConfigParamsLogger              I No context init parameter 'facelets.BUFFER_SIZE' found.
[10/1/26, 6:35:55:437 UTC] 00000037 org.apache.myfaces.webapp.WebConfigParamsLogger              I No context init parameter 'facelets.REFRESH_PERIOD' found, using default value '-1'.
[10/1/26, 6:35:55:437 UTC] 00000037 org.apache.myfaces.webapp.WebConfigParamsLogger              I No context init parameter 'javax.faces.FACELETS_RESOURCE_RESOLVER' found.
[10/1/26, 6:35:55:437 UTC] 00000037 org.apache.myfaces.webapp.WebConfigParamsLogger              I No context init parameter 'facelets.RESOURCE_RESOLVER' found.
[10/1/26, 6:35:55:437 UTC] 00000037 org.apache.myfaces.webapp.WebConfigParamsLogger              I No context init parameter 'org.apache.myfaces.MARK_INITIAL_STATE_WHEN_APPLY_BUILD_VIEW' found, using default value 'false'.
[10/1/26, 6:35:55:437 UTC] 00000037 org.apache.myfaces.webapp.WebConfigParamsLogger              I No context init parameter 'facelets.DECORATORS' found.
[10/1/26, 6:35:55:437 UTC] 00000037 org.apache.myfaces.webapp.WebConfigParamsLogger              I No context init parameter 'facelets.SKIP_COMMENTS' found.
[10/1/26, 6:35:55:437 UTC] 00000037 org.apache.myfaces.webapp.WebConfigParamsLogger              I No context init parameter 'org.apache.myfaces.WRAP_TAG_EXCEPTIONS_AS_CONTEXT_AWARE' found, using default value 'true'.
[10/1/26, 6:35:55:437 UTC] 00000037 org.apache.myfaces.webapp.WebConfigParamsLogger              I No context init parameter 'org.apache.myfaces.CACHE_EL_EXPRESSIONS' found, using default value 'noCache'.
[10/1/26, 6:35:55:437 UTC] 00000037 org.apache.myfaces.webapp.WebConfigParamsLogger              I No context init parameter 'org.apache.myfaces.VIEW_POOL_MAX_POOL_SIZE' found, using default value '5'.
[10/1/26, 6:35:55:437 UTC] 00000037 org.apache.myfaces.webapp.WebConfigParamsLogger              I No context init parameter 'org.apache.myfaces.VIEW_POOL_MAX_DYNAMIC_PARTIAL_LIMIT' found, using default value '2'.
[10/1/26, 6:35:55:437 UTC] 00000037 org.apache.myfaces.webapp.WebConfigParamsLogger              I No context init parameter 'org.apache.myfaces.VIEW_POOL_ENTRY_MODE' found, using default value 'soft'.
[10/1/26, 6:35:55:437 UTC] 00000037 org.apache.myfaces.webapp.WebConfigParamsLogger              I No context init parameter 'org.apache.myfaces.VIEW_POOL_DEFERRED_NAVIGATION' found, using default value 'false'.
[10/1/26, 6:35:55:437 UTC] 00000037 org.apache.myfaces.webapp.WebConfigParamsLogger              I No context init parameter 'org.apache.myfaces.EXPRESSION_FACTORY' found.
[10/1/26, 6:35:55:437 UTC] 00000037 org.apache.myfaces.webapp.WebConfigParamsLogger              I No context init parameter 'org.apache.myfaces.INITIALIZE_ALWAYS_STANDALONE' found, using default value 'false'.
[10/1/26, 6:35:55:437 UTC] 00000037 org.apache.myfaces.webapp.WebConfigParamsLogger              I No context init parameter 'org.apache.myfaces.LOG_WEB_CONTEXT_PARAMS' found, using default value 'auto'.
[10/1/26, 6:35:55:437 UTC] 00000037 org.apache.myfaces.webapp.WebConfigParamsLogger              I No context init parameter 'org.apache.myfaces.FACES_INITIALIZER' found.
[10/1/26, 6:35:55:437 UTC] 00000037 org.apache.myfaces.webapp.WebConfigParamsLogger              I No context init parameter 'org.apache.myfaces.FACES_INIT_PLUGINS' found.
[10/1/26, 6:35:55:437 UTC] 00000037 org.apache.myfaces.util.ExternalSpecifications               I MyFaces Unified EL support enabled
[10/1/26, 6:35:55:439 UTC] 00000037 org.apache.myfaces.webapp.AbstractFacesInitializer           W 

*******************************************************************
*** WARNING: Apache MyFaces-2 is running in DEVELOPMENT mode.   ***
***                                         ^^^^^^^^^^^         ***
*** Do NOT deploy to your live server(s) without changing this. ***
*** See Application#getProjectStage() for more information.     ***
*******************************************************************

[10/1/26, 6:35:55:444 UTC] 00000037 com.ibm.ws.app.manager.AppMessageHelper                      A CWWKZ0001I: Application cargo-tracker started in 34.771 seconds.
[10/1/26, 6:35:55:507 UTC] 00000037 com.ibm.ws.webcontainer.servlet                              I SRVE0242I: [cargo-tracker] [/cargo-tracker] [Faces Servlet]: Initialization successful.
[10/1/26, 6:35:55:544 UTC] 00000055 ibm.jbatch.container.services.impl.JPAPersistenceManagerImpl I CWWKY0005I: The batch JPA persistence service is activated.
[10/1/26, 6:35:55:545 UTC] 00000055 com.ibm.jbatch.container.impl.BatchKernelImpl                I CWWKY0008I: The batch feature is using persistence type JPA.
[10/1/26, 6:35:55:553 UTC] 00000055 com.ibm.ws.jbatch.security.impl.WSBatchAuthServiceImpl       I CWWKY0300I: Batch security is enabled.
[10/1/26, 6:35:55:935 UTC] 0000002d ibm.ws.jaxrs.2.0.common:1.0.116.cl260820260725-1102(id=293)] I Setting the server's publish address to be /rest/
[10/1/26, 6:35:56:064 UTC] 0000002d com.ibm.ws.webcontainer.servlet                              I SRVE0242I: [cargo-tracker] [/cargo-tracker] [org.eclipse.cargotracker.application.util.RestConfiguration]: Initialization successful.
[10/1/26, 6:35:56:235 UTC] 00000056 rgotracker.interfaces.handling.file.FileProcessorJobListener I Handling event file processor batch job starting at 10/1/26, 6:35 AM
[10/1/26, 6:35:56:317 UTC] 0000002f com.ibm.ws.webcontainer.webapp                               I SRVE0292I: Servlet Message - [cargo-tracker]:.No state saving method defined, assuming default server state saving
[10/1/26, 6:35:56:365 UTC] 00000056 clipse.cargotracker.interfaces.handling.file.EventItemReader I Scanning upload directory: /tmp/uploads
[10/1/26, 6:35:56:365 UTC] 00000056 clipse.cargotracker.interfaces.handling.file.EventItemReader I No files to process
[10/1/26, 6:35:56:430 UTC] 00000056 rgotracker.interfaces.handling.file.FileProcessorJobListener I Handling event file processor batch job completed at 10/1/26, 6:35 AM
[10/1/26, 6:35:56:484 UTC] 0000002f g.apache.myfaces.shared.renderkit.html.HtmlImageRendererBase W Component UIGraphic j_id_a has no attribute alt or attribute resolves to null. Path to component {Component-Path : [Class: javax.faces.component.UIViewRoot,ViewId: /index.xhtml][Class: javax.faces.component.html.HtmlBody,Id: j_id_8][Class: javax.faces.component.html.HtmlGraphicImage,Id: j_id_a] Location: /index.xhtml at line 31 and column 123}
[10/1/26, 6:35:56:605 UTC] 0000002d g.apache.myfaces.shared.renderkit.html.HtmlImageRendererBase W Component UIGraphic j_id_c:j_id_d has no attribute alt or attribute resolves to null. Path to component {Component-Path : [Class: javax.faces.component.UIViewRoot,ViewId: /admin/dashboard.xhtml][Class: javax.faces.component.html.HtmlBody,Id: j_id_a][Class: javax.faces.component.html.HtmlForm,Id: j_id_c][Class: javax.faces.component.html.HtmlGraphicImage,Id: j_id_d] Location: /WEB-INF/templates/common/admin.xhtml at line 27 and column 111}
[10/1/26, 6:35:56:768 UTC] 0000006b g.apache.myfaces.shared.renderkit.html.HtmlImageRendererBase W Component UIGraphic j_id_c:j_id_d has no attribute alt or attribute resolves to null. Path to component {Component-Path : [Class: javax.faces.component.UIViewRoot,ViewId: /admin/show.xhtml][Class: javax.faces.component.html.HtmlBody,Id: j_id_a][Class: javax.faces.component.html.HtmlForm,Id: j_id_c][Class: javax.faces.component.html.HtmlGraphicImage,Id: j_id_d] Location: /WEB-INF/templates/common/admin.xhtml at line 27 and column 111}
[10/1/26, 6:35:56:774 UTC] 0000006b rg.apache.myfaces.shared.renderkit.html.HtmlGridRendererBase W PanelGrid {Component-Path : [Class: javax.faces.component.UIViewRoot,ViewId: /admin/show.xhtml][Class: javax.faces.component.html.HtmlBody,Id: j_id_a][Class: javax.faces.component.html.HtmlPanelGrid,Id: j_id_o] Location: /admin/show.xhtml at line 21 and column 21} has not enough children. Child count should be a multiple of the columns attribute.
