[2026-09-29T22:30:19.673-0400][0.004s][info][gc] Using G1
[2026-09-29T22:30:19.678-0400][0.009s][info][gc,init] Version: 17.0.18+8-LTS (release)
[2026-09-29T22:30:19.678-0400][0.009s][info][gc,init] CPUs: 8 total, 8 available
[2026-09-29T22:30:19.678-0400][0.009s][info][gc,init] Memory: 15788M
[2026-09-29T22:30:19.678-0400][0.009s][info][gc,init] Large Page Support: Disabled
[2026-09-29T22:30:19.678-0400][0.009s][info][gc,init] NUMA Support: Disabled
[2026-09-29T22:30:19.678-0400][0.009s][info][gc,init] Compressed Oops: Enabled (Zero based)
[2026-09-29T22:30:19.678-0400][0.009s][info][gc,init] Heap Region Size: 2M
[2026-09-29T22:30:19.678-0400][0.009s][info][gc,init] Heap Min Capacity: 8M
[2026-09-29T22:30:19.678-0400][0.009s][info][gc,init] Heap Initial Capacity: 248M
[2026-09-29T22:30:19.678-0400][0.009s][info][gc,init] Heap Max Capacity: 3948M
[2026-09-29T22:30:19.678-0400][0.009s][info][gc,init] Pre-touch: Disabled
[2026-09-29T22:30:19.678-0400][0.009s][info][gc,init] Parallel Workers: 8
[2026-09-29T22:30:19.678-0400][0.009s][info][gc,init] Concurrent Workers: 2
[2026-09-29T22:30:19.678-0400][0.009s][info][gc,init] Concurrent Refinement Workers: 8
[2026-09-29T22:30:19.678-0400][0.009s][info][gc,init] Periodic GC: Disabled
[2026-09-29T22:30:19.687-0400][0.019s][info][gc,metaspace] CDS archive(s) mapped at: [0x00007d1cdb000000-0x00007d1cdbbc7000-0x00007d1cdbbc7000), size 12349440, SharedBaseAddress: 0x00007d1cdb000000, ArchiveRelocationMode: 1.
[2026-09-29T22:30:19.688-0400][0.019s][info][gc,metaspace] Compressed class space mapped at: 0x00007d1cdc000000-0x00007d1d1c000000, reserved size: 1073741824
[2026-09-29T22:30:19.688-0400][0.019s][info][gc,metaspace] Narrow klass base: 0x00007d1cdb000000, Narrow klass shift: 0, Narrow klass range: 0x100000000
[2026-09-29T22:30:20.445-0400][0.777s][info][safepoint   ] Safepoint "ClassLoaderStatsOperation", Time since last: 746785150 ns, Reaching safepoint: 128201 ns, Cleanup: 63266 ns, At safepoint: 321100 ns, Total: 512567 ns
[2026-09-29T22:30:20.878-0400][1.209s][info][gc,start    ] GC(0) Pause Young (Normal) (G1 Evacuation Pause)
[2026-09-29T22:30:20.879-0400][1.210s][info][gc,task     ] GC(0) Using 6 workers of 8 for evacuation
[2026-09-29T22:30:20.882-0400][1.214s][info][gc,phases   ] GC(0)   Pre Evacuate Collection Set: 0.17ms
[2026-09-29T22:30:20.882-0400][1.214s][info][gc,phases   ] GC(0)   Merge Heap Roots: 0.18ms
[2026-09-29T22:30:20.882-0400][1.214s][info][gc,phases   ] GC(0)   Evacuate Collection Set: 2.52ms
[2026-09-29T22:30:20.882-0400][1.214s][info][gc,phases   ] GC(0)   Post Evacuate Collection Set: 0.90ms
[2026-09-29T22:30:20.882-0400][1.214s][info][gc,phases   ] GC(0)   Other: 1.12ms
[2026-09-29T22:30:20.882-0400][1.214s][info][gc,heap     ] GC(0) Eden regions: 11->0(19)
[2026-09-29T22:30:20.882-0400][1.214s][info][gc,heap     ] GC(0) Survivor regions: 0->2(2)
[2026-09-29T22:30:20.883-0400][1.214s][info][gc,heap     ] GC(0) Old regions: 0->0
[2026-09-29T22:30:20.883-0400][1.214s][info][gc,heap     ] GC(0) Archive regions: 2->2
[2026-09-29T22:30:20.883-0400][1.214s][info][gc,heap     ] GC(0) Humongous regions: 0->0
[2026-09-29T22:30:20.883-0400][1.214s][info][gc,metaspace] GC(0) Metaspace: 7865K(8128K)->7865K(8128K) NonClass: 6994K(7104K)->6994K(7104K) Class: 870K(1024K)->870K(1024K)
[2026-09-29T22:30:20.883-0400][1.214s][info][gc          ] GC(0) Pause Young (Normal) (G1 Evacuation Pause) 23M->5M(252M) 4.952ms
[2026-09-29T22:30:20.883-0400][1.214s][info][gc,cpu      ] GC(0) User=0.02s Sys=0.00s Real=0.01s
[2026-09-29T22:30:20.883-0400][1.214s][info][safepoint   ] Safepoint "G1CollectForAllocation", Time since last: 431780190 ns, Reaching safepoint: 5687 ns, Cleanup: 304639 ns, At safepoint: 5106856 ns, Total: 5417182 ns
[2026-09-29T22:30:21.043-0400][1.375s][info][gc,start    ] GC(1) Pause Young (Normal) (G1 Evacuation Pause)
[2026-09-29T22:30:21.043-0400][1.375s][info][gc,task     ] GC(1) Using 6 workers of 8 for evacuation
[2026-09-29T22:30:21.047-0400][1.379s][info][gc,phases   ] GC(1)   Pre Evacuate Collection Set: 0.23ms
[2026-09-29T22:30:21.047-0400][1.379s][info][gc,phases   ] GC(1)   Merge Heap Roots: 0.18ms
[2026-09-29T22:30:21.047-0400][1.379s][info][gc,phases   ] GC(1)   Evacuate Collection Set: 2.69ms
[2026-09-29T22:30:21.047-0400][1.379s][info][gc,phases   ] GC(1)   Post Evacuate Collection Set: 0.72ms
[2026-09-29T22:30:21.047-0400][1.379s][info][gc,phases   ] GC(1)   Other: 0.13ms
[2026-09-29T22:30:21.047-0400][1.379s][info][gc,heap     ] GC(1) Eden regions: 19->0(73)
[2026-09-29T22:30:21.047-0400][1.379s][info][gc,heap     ] GC(1) Survivor regions: 2->1(3)
[2026-09-29T22:30:21.047-0400][1.379s][info][gc,heap     ] GC(1) Old regions: 0->2
[2026-09-29T22:30:21.047-0400][1.379s][info][gc,heap     ] GC(1) Archive regions: 2->2
[2026-09-29T22:30:21.047-0400][1.379s][info][gc,heap     ] GC(1) Humongous regions: 0->0
[2026-09-29T22:30:21.047-0400][1.379s][info][gc,metaspace] GC(1) Metaspace: 8036K(8320K)->8036K(8320K) NonClass: 7163K(7296K)->7163K(7296K) Class: 873K(1024K)->873K(1024K)
[2026-09-29T22:30:21.047-0400][1.379s][info][gc          ] GC(1) Pause Young (Normal) (G1 Evacuation Pause) 43M->5M(252M) 4.028ms
[2026-09-29T22:30:21.047-0400][1.379s][info][gc,cpu      ] GC(1) User=0.02s Sys=0.01s Real=0.01s
[2026-09-29T22:30:21.047-0400][1.379s][info][safepoint   ] Safepoint "G1CollectForAllocation", Time since last: 160722217 ns, Reaching safepoint: 5899 ns, Cleanup: 28576 ns, At safepoint: 4078216 ns, Total: 4112691 ns
[2026-09-29T22:30:21.298-0400][1.629s][info][safepoint   ] Safepoint "ICBufferFull", Time since last: 250515441 ns, Reaching safepoint: 105332 ns, Cleanup: 105975 ns, At safepoint: 32456 ns, Total: 243763 ns
[2026-09-29T22:30:21.719-0400][2.051s][info][safepoint   ] Safepoint "ICBufferFull", Time since last: 420935211 ns, Reaching safepoint: 40096 ns, Cleanup: 151877 ns, At safepoint: 68619 ns, Total: 260592 ns
[2026-09-29T22:30:22.129-0400][2.461s][info][safepoint   ] Safepoint "ICBufferFull", Time since last: 409838786 ns, Reaching safepoint: 7436 ns, Cleanup: 90190 ns, At safepoint: 28250 ns, Total: 125876 ns
[2026-09-29T22:30:22.494-0400][2.825s][info][gc,start    ] GC(2) Pause Young (Normal) (G1 Evacuation Pause)
[2026-09-29T22:30:22.494-0400][2.825s][info][gc,task     ] GC(2) Using 6 workers of 8 for evacuation
[2026-09-29T22:30:22.515-0400][2.846s][info][gc,phases   ] GC(2)   Pre Evacuate Collection Set: 0.20ms
[2026-09-29T22:30:22.515-0400][2.846s][info][gc,phases   ] GC(2)   Merge Heap Roots: 0.16ms
[2026-09-29T22:30:22.515-0400][2.846s][info][gc,phases   ] GC(2)   Evacuate Collection Set: 18.87ms
[2026-09-29T22:30:22.515-0400][2.846s][info][gc,phases   ] GC(2)   Post Evacuate Collection Set: 1.78ms
[2026-09-29T22:30:22.515-0400][2.846s][info][gc,phases   ] GC(2)   Other: 0.19ms
[2026-09-29T22:30:22.515-0400][2.846s][info][gc,heap     ] GC(2) Eden regions: 73->0(68)
[2026-09-29T22:30:22.515-0400][2.846s][info][gc,heap     ] GC(2) Survivor regions: 1->6(10)
[2026-09-29T22:30:22.515-0400][2.846s][info][gc,heap     ] GC(2) Old regions: 2->2
[2026-09-29T22:30:22.515-0400][2.846s][info][gc,heap     ] GC(2) Archive regions: 2->2
[2026-09-29T22:30:22.515-0400][2.846s][info][gc,heap     ] GC(2) Humongous regions: 0->0
[2026-09-29T22:30:22.515-0400][2.846s][info][gc,metaspace] GC(2) Metaspace: 16157K(16576K)->16157K(16576K) NonClass: 14462K(14720K)->14462K(14720K) Class: 1695K(1856K)->1695K(1856K)
[2026-09-29T22:30:22.515-0400][2.846s][info][gc          ] GC(2) Pause Young (Normal) (G1 Evacuation Pause) 151M->15M(252M) 21.354ms
[2026-09-29T22:30:22.515-0400][2.847s][info][gc,cpu      ] GC(2) User=0.10s Sys=0.02s Real=0.02s
[2026-09-29T22:30:22.515-0400][2.847s][info][safepoint   ] Safepoint "G1CollectForAllocation", Time since last: 364362119 ns, Reaching safepoint: 11831 ns, Cleanup: 97647 ns, At safepoint: 21520434 ns, Total: 21629912 ns
[2026-09-29T22:30:23.621-0400][3.952s][info][safepoint   ] Safepoint "ICBufferFull", Time since last: 1105327844 ns, Reaching safepoint: 10097 ns, Cleanup: 142715 ns, At safepoint: 37854 ns, Total: 190666 ns
[2026-09-29T22:30:23.806-0400][4.137s][info][gc,start    ] GC(3) Pause Young (Normal) (G1 Evacuation Pause)
[2026-09-29T22:30:23.806-0400][4.137s][info][gc,task     ] GC(3) Using 6 workers of 8 for evacuation
[2026-09-29T22:30:23.822-0400][4.153s][info][gc,phases   ] GC(3)   Pre Evacuate Collection Set: 0.24ms
[2026-09-29T22:30:23.822-0400][4.153s][info][gc,phases   ] GC(3)   Merge Heap Roots: 0.15ms
[2026-09-29T22:30:23.822-0400][4.153s][info][gc,phases   ] GC(3)   Evacuate Collection Set: 14.17ms
[2026-09-29T22:30:23.822-0400][4.153s][info][gc,phases   ] GC(3)   Post Evacuate Collection Set: 1.23ms
[2026-09-29T22:30:23.822-0400][4.153s][info][gc,phases   ] GC(3)   Other: 0.27ms
[2026-09-29T22:30:23.822-0400][4.153s][info][gc,heap     ] GC(3) Eden regions: 68->0(69)
[2026-09-29T22:30:23.822-0400][4.153s][info][gc,heap     ] GC(3) Survivor regions: 6->5(10)
[2026-09-29T22:30:23.822-0400][4.153s][info][gc,heap     ] GC(3) Old regions: 2->7
[2026-09-29T22:30:23.822-0400][4.153s][info][gc,heap     ] GC(3) Archive regions: 2->2
[2026-09-29T22:30:23.822-0400][4.153s][info][gc,heap     ] GC(3) Humongous regions: 0->0
[2026-09-29T22:30:23.822-0400][4.153s][info][gc,metaspace] GC(3) Metaspace: 16626K(17024K)->16626K(17024K) NonClass: 14913K(15168K)->14913K(15168K) Class: 1712K(1856K)->1712K(1856K)
[2026-09-29T22:30:23.822-0400][4.153s][info][gc          ] GC(3) Pause Young (Normal) (G1 Evacuation Pause) 151M->24M(252M) 16.175ms
[2026-09-29T22:30:23.822-0400][4.153s][info][gc,cpu      ] GC(3) User=0.10s Sys=0.03s Real=0.02s
[2026-09-29T22:30:23.822-0400][4.153s][info][safepoint   ] Safepoint "G1CollectForAllocation", Time since last: 184890383 ns, Reaching safepoint: 11925 ns, Cleanup: 43193 ns, At safepoint: 16269095 ns, Total: 16324213 ns
[2026-09-29T22:30:24.219-0400][4.550s][info][safepoint   ] Safepoint "ICBufferFull", Time since last: 396312297 ns, Reaching safepoint: 9125 ns, Cleanup: 113081 ns, At safepoint: 2943 ns, Total: 125149 ns
[2026-09-29T22:30:24.421-0400][4.752s][info][safepoint   ] Safepoint "ICBufferFull", Time since last: 202087577 ns, Reaching safepoint: 10395 ns, Cleanup: 132860 ns, At safepoint: 35452 ns, Total: 178707 ns
[2026-09-29T22:30:24.569-0400][4.900s][info][gc,start    ] GC(4) Pause Young (Normal) (G1 Evacuation Pause)
[2026-09-29T22:30:24.569-0400][4.900s][info][gc,task     ] GC(4) Using 6 workers of 8 for evacuation
[2026-09-29T22:30:24.576-0400][4.907s][info][gc,phases   ] GC(4)   Pre Evacuate Collection Set: 0.20ms
[2026-09-29T22:30:24.576-0400][4.908s][info][gc,phases   ] GC(4)   Merge Heap Roots: 0.14ms
[2026-09-29T22:30:24.576-0400][4.908s][info][gc,phases   ] GC(4)   Evacuate Collection Set: 5.89ms
[2026-09-29T22:30:24.576-0400][4.908s][info][gc,phases   ] GC(4)   Post Evacuate Collection Set: 0.95ms
[2026-09-29T22:30:24.576-0400][4.908s][info][gc,phases   ] GC(4)   Other: 0.17ms
[2026-09-29T22:30:24.576-0400][4.908s][info][gc,heap     ] GC(4) Eden regions: 69->0(67)
[2026-09-29T22:30:24.576-0400][4.908s][info][gc,heap     ] GC(4) Survivor regions: 5->7(10)
[2026-09-29T22:30:24.576-0400][4.908s][info][gc,heap     ] GC(4) Old regions: 7->7
[2026-09-29T22:30:24.576-0400][4.908s][info][gc,heap     ] GC(4) Archive regions: 2->2
[2026-09-29T22:30:24.576-0400][4.908s][info][gc,heap     ] GC(4) Humongous regions: 0->0
[2026-09-29T22:30:24.576-0400][4.908s][info][gc,metaspace] GC(4) Metaspace: 16961K(17344K)->16961K(17344K) NonClass: 15242K(15488K)->15242K(15488K) Class: 1719K(1856K)->1719K(1856K)
[2026-09-29T22:30:24.576-0400][4.908s][info][gc          ] GC(4) Pause Young (Normal) (G1 Evacuation Pause) 162M->28M(252M) 7.452ms
[2026-09-29T22:30:24.576-0400][4.908s][info][gc,cpu      ] GC(4) User=0.05s Sys=0.01s Real=0.00s
[2026-09-29T22:30:24.576-0400][4.908s][info][safepoint   ] Safepoint "G1CollectForAllocation", Time since last: 147943931 ns, Reaching safepoint: 12050 ns, Cleanup: 76514 ns, At safepoint: 7562705 ns, Total: 7651269 ns
[2026-09-29T22:30:24.947-0400][5.278s][info][safepoint   ] Safepoint "ClassLoaderStatsOperation", Time since last: 369646726 ns, Reaching safepoint: 150996 ns, Cleanup: 87302 ns, At safepoint: 660630 ns, Total: 898928 ns
[2026-09-29T22:30:24.981-0400][5.312s][info][gc,start    ] GC(5) Pause Young (Normal) (G1 Evacuation Pause)
[2026-09-29T22:30:24.981-0400][5.312s][info][gc,task     ] GC(5) Using 6 workers of 8 for evacuation
[2026-09-29T22:30:24.996-0400][5.327s][info][gc,phases   ] GC(5)   Pre Evacuate Collection Set: 0.27ms
[2026-09-29T22:30:24.996-0400][5.327s][info][gc,phases   ] GC(5)   Merge Heap Roots: 0.09ms
[2026-09-29T22:30:24.996-0400][5.327s][info][gc,phases   ] GC(5)   Evacuate Collection Set: 14.33ms
[2026-09-29T22:30:24.996-0400][5.327s][info][gc,phases   ] GC(5)   Post Evacuate Collection Set: 0.72ms
[2026-09-29T22:30:24.996-0400][5.327s][info][gc,phases   ] GC(5)   Other: 0.20ms
[2026-09-29T22:30:24.996-0400][5.327s][info][gc,heap     ] GC(5) Eden regions: 67->0(69)
[2026-09-29T22:30:24.996-0400][5.327s][info][gc,heap     ] GC(5) Survivor regions: 7->5(10)
[2026-09-29T22:30:24.996-0400][5.327s][info][gc,heap     ] GC(5) Old regions: 7->11
[2026-09-29T22:30:24.996-0400][5.327s][info][gc,heap     ] GC(5) Archive regions: 2->2
[2026-09-29T22:30:24.996-0400][5.327s][info][gc,heap     ] GC(5) Humongous regions: 0->0
[2026-09-29T22:30:24.996-0400][5.327s][info][gc,metaspace] GC(5) Metaspace: 17008K(17408K)->17008K(17408K) NonClass: 15288K(15552K)->15288K(15552K) Class: 1719K(1856K)->1719K(1856K)
[2026-09-29T22:30:24.996-0400][5.327s][info][gc          ] GC(5) Pause Young (Normal) (G1 Evacuation Pause) 162M->32M(252M) 15.700ms
[2026-09-29T22:30:24.996-0400][5.328s][info][gc,cpu      ] GC(5) User=0.06s Sys=0.01s Real=0.01s
[2026-09-29T22:30:24.996-0400][5.328s][info][safepoint   ] Safepoint "G1CollectForAllocation", Time since last: 33530301 ns, Reaching safepoint: 10660 ns, Cleanup: 17558 ns, At safepoint: 15779880 ns, Total: 15808098 ns
[2026-09-29T22:30:25.383-0400][5.714s][info][gc,start    ] GC(6) Pause Young (Normal) (G1 Evacuation Pause)
[2026-09-29T22:30:25.383-0400][5.714s][info][gc,task     ] GC(6) Using 6 workers of 8 for evacuation
[2026-09-29T22:30:25.388-0400][5.719s][info][gc,phases   ] GC(6)   Pre Evacuate Collection Set: 0.18ms
[2026-09-29T22:30:25.388-0400][5.719s][info][gc,phases   ] GC(6)   Merge Heap Roots: 0.11ms
[2026-09-29T22:30:25.388-0400][5.719s][info][gc,phases   ] GC(6)   Evacuate Collection Set: 3.34ms
[2026-09-29T22:30:25.388-0400][5.719s][info][gc,phases   ] GC(6)   Post Evacuate Collection Set: 1.44ms
[2026-09-29T22:30:25.388-0400][5.719s][info][gc,phases   ] GC(6)   Other: 0.15ms
[2026-09-29T22:30:25.388-0400][5.719s][info][gc,heap     ] GC(6) Eden regions: 69->0(86)
[2026-09-29T22:30:25.388-0400][5.719s][info][gc,heap     ] GC(6) Survivor regions: 5->5(10)
[2026-09-29T22:30:25.388-0400][5.719s][info][gc,heap     ] GC(6) Old regions: 11->11
[2026-09-29T22:30:25.388-0400][5.719s][info][gc,heap     ] GC(6) Archive regions: 2->2
[2026-09-29T22:30:25.388-0400][5.719s][info][gc,heap     ] GC(6) Humongous regions: 0->0
[2026-09-29T22:30:25.388-0400][5.719s][info][gc,metaspace] GC(6) Metaspace: 17024K(17408K)->17024K(17408K) NonClass: 15303K(15552K)->15303K(15552K) Class: 1720K(1856K)->1720K(1856K)
[2026-09-29T22:30:25.388-0400][5.719s][info][gc          ] GC(6) Pause Young (Normal) (G1 Evacuation Pause) 170M->30M(304M) 5.280ms
[2026-09-29T22:30:25.388-0400][5.719s][info][gc,cpu      ] GC(6) User=0.04s Sys=0.01s Real=0.01s
[2026-09-29T22:30:25.388-0400][5.719s][info][safepoint   ] Safepoint "G1CollectForAllocation", Time since last: 386243287 ns, Reaching safepoint: 16408 ns, Cleanup: 33099 ns, At safepoint: 5389290 ns, Total: 5438797 ns
[2026-09-29T22:30:25.791-0400][6.123s][info][safepoint   ] Safepoint "ICBufferFull", Time since last: 403130585 ns, Reaching safepoint: 11995 ns, Cleanup: 224641 ns, At safepoint: 5692 ns, Total: 242328 ns
[2026-09-29T22:30:25.896-0400][6.228s][info][safepoint   ] Safepoint "ICBufferFull", Time since last: 104607955 ns, Reaching safepoint: 117633 ns, Cleanup: 153271 ns, At safepoint: 59226 ns, Total: 330130 ns
[2026-09-29T22:30:26.211-0400][6.543s][info][safepoint   ] Safepoint "ICBufferFull", Time since last: 314821427 ns, Reaching safepoint: 11946 ns, Cleanup: 155242 ns, At safepoint: 5375 ns, Total: 172563 ns
[2026-09-29T22:30:26.375-0400][6.706s][info][gc,start    ] GC(7) Pause Young (Normal) (G1 Evacuation Pause)
[2026-09-29T22:30:26.375-0400][6.706s][info][gc,task     ] GC(7) Using 7 workers of 8 for evacuation
[2026-09-29T22:30:26.382-0400][6.713s][info][gc,phases   ] GC(7)   Pre Evacuate Collection Set: 0.32ms
[2026-09-29T22:30:26.382-0400][6.713s][info][gc,phases   ] GC(7)   Merge Heap Roots: 0.15ms
[2026-09-29T22:30:26.382-0400][6.713s][info][gc,phases   ] GC(7)   Evacuate Collection Set: 5.48ms
[2026-09-29T22:30:26.382-0400][6.713s][info][gc,phases   ] GC(7)   Post Evacuate Collection Set: 1.12ms
[2026-09-29T22:30:26.382-0400][6.713s][info][gc,phases   ] GC(7)   Other: 0.21ms
[2026-09-29T22:30:26.382-0400][6.713s][info][gc,heap     ] GC(7) Eden regions: 86->0(86)
[2026-09-29T22:30:26.382-0400][6.713s][info][gc,heap     ] GC(7) Survivor regions: 5->5(12)
[2026-09-29T22:30:26.382-0400][6.713s][info][gc,heap     ] GC(7) Old regions: 11->11
[2026-09-29T22:30:26.382-0400][6.713s][info][gc,heap     ] GC(7) Archive regions: 2->2
[2026-09-29T22:30:26.382-0400][6.713s][info][gc,heap     ] GC(7) Humongous regions: 0->0
[2026-09-29T22:30:26.382-0400][6.713s][info][gc,metaspace] GC(7) Metaspace: 17470K(17856K)->17470K(17856K) NonClass: 15745K(16000K)->15745K(16000K) Class: 1725K(1856K)->1725K(1856K)
[2026-09-29T22:30:26.382-0400][6.713s][info][gc          ] GC(7) Pause Young (Normal) (G1 Evacuation Pause) 202M->31M(304M) 7.405ms
[2026-09-29T22:30:26.382-0400][6.713s][info][gc,cpu      ] GC(7) User=0.05s Sys=0.00s Real=0.01s
[2026-09-29T22:30:26.382-0400][6.713s][info][safepoint   ] Safepoint "G1CollectForAllocation", Time since last: 163237267 ns, Reaching safepoint: 11489 ns, Cleanup: 83047 ns, At safepoint: 7593652 ns, Total: 7688188 ns
[2026-09-29T22:30:26.697-0400][7.029s][info][safepoint   ] Safepoint "ICBufferFull", Time since last: 314982993 ns, Reaching safepoint: 11428 ns, Cleanup: 161151 ns, At safepoint: 36259 ns, Total: 208838 ns
[2026-09-29T22:30:27.104-0400][7.435s][info][gc,start    ] GC(8) Pause Young (Concurrent Start) (Metadata GC Threshold)
[2026-09-29T22:30:27.104-0400][7.436s][info][gc,task     ] GC(8) Using 7 workers of 8 for evacuation
[2026-09-29T22:30:27.118-0400][7.449s][info][gc,phases   ] GC(8)   Pre Evacuate Collection Set: 0.19ms
[2026-09-29T22:30:27.118-0400][7.449s][info][gc,phases   ] GC(8)   Merge Heap Roots: 0.17ms
[2026-09-29T22:30:27.118-0400][7.449s][info][gc,phases   ] GC(8)   Evacuate Collection Set: 11.74ms
[2026-09-29T22:30:27.118-0400][7.449s][info][gc,phases   ] GC(8)   Post Evacuate Collection Set: 1.36ms
[2026-09-29T22:30:27.118-0400][7.449s][info][gc,phases   ] GC(8)   Other: 0.27ms
[2026-09-29T22:30:27.118-0400][7.449s][info][gc,heap     ] GC(8) Eden regions: 19->0(85)
[2026-09-29T22:30:27.118-0400][7.449s][info][gc,heap     ] GC(8) Survivor regions: 5->6(12)
[2026-09-29T22:30:27.118-0400][7.449s][info][gc,heap     ] GC(8) Old regions: 11->11
[2026-09-29T22:30:27.118-0400][7.449s][info][gc,heap     ] GC(8) Archive regions: 2->2
[2026-09-29T22:30:27.118-0400][7.449s][info][gc,heap     ] GC(8) Humongous regions: 0->0
[2026-09-29T22:30:27.118-0400][7.449s][info][gc,metaspace] GC(8) Metaspace: 20916K(21504K)->20916K(21504K) NonClass: 18856K(19200K)->18856K(19200K) Class: 2060K(2304K)->2060K(2304K)
[2026-09-29T22:30:27.118-0400][7.449s][info][gc          ] GC(8) Pause Young (Concurrent Start) (Metadata GC Threshold) 69M->33M(304M) 13.830ms
[2026-09-29T22:30:27.118-0400][7.449s][info][gc,cpu      ] GC(8) User=0.06s Sys=0.01s Real=0.01s
[2026-09-29T22:30:27.118-0400][7.449s][info][gc          ] GC(9) Concurrent Mark Cycle
[2026-09-29T22:30:27.118-0400][7.449s][info][gc,marking  ] GC(9) Concurrent Clear Claimed Marks
[2026-09-29T22:30:27.118-0400][7.449s][info][gc,marking  ] GC(9) Concurrent Clear Claimed Marks 0.043ms
[2026-09-29T22:30:27.118-0400][7.449s][info][gc,marking  ] GC(9) Concurrent Scan Root Regions
[2026-09-29T22:30:27.118-0400][7.450s][info][safepoint   ] Safepoint "CollectForMetadataAllocation", Time since last: 405841111 ns, Reaching safepoint: 742238 ns, Cleanup: 185719 ns, At safepoint: 14209738 ns, Total: 15137695 ns
[2026-09-29T22:30:27.127-0400][7.459s][info][gc,marking  ] GC(9) Concurrent Scan Root Regions 9.150ms
[2026-09-29T22:30:27.127-0400][7.459s][info][gc,marking  ] GC(9) Concurrent Mark
[2026-09-29T22:30:27.127-0400][7.459s][info][gc,marking  ] GC(9) Concurrent Mark From Roots
[2026-09-29T22:30:27.127-0400][7.459s][info][gc,task     ] GC(9) Using 2 workers of 2 for marking
[2026-09-29T22:30:27.177-0400][7.508s][info][gc,marking  ] GC(9) Concurrent Mark From Roots 49.377ms
[2026-09-29T22:30:27.177-0400][7.508s][info][gc,marking  ] GC(9) Concurrent Preclean
[2026-09-29T22:30:27.177-0400][7.508s][info][gc,marking  ] GC(9) Concurrent Preclean 0.112ms
[2026-09-29T22:30:27.177-0400][7.509s][info][gc,start    ] GC(9) Pause Remark
[2026-09-29T22:30:27.183-0400][7.514s][info][gc,heap     ] GC(9) Heap shrink completed: uncommitted 75 regions (150MB), heap size now 154MB
[2026-09-29T22:30:27.183-0400][7.514s][info][gc          ] GC(9) Pause Remark 40M->40M(154M) 5.241ms
[2026-09-29T22:30:27.183-0400][7.514s][info][gc,cpu      ] GC(9) User=0.02s Sys=0.00s Real=0.01s
[2026-09-29T22:30:27.183-0400][7.514s][info][safepoint   ] Safepoint "G1PauseRemark", Time since last: 58652703 ns, Reaching safepoint: 270123 ns, Cleanup: 102094 ns, At safepoint: 5389585 ns, Total: 5761802 ns
[2026-09-29T22:30:27.183-0400][7.514s][info][gc,marking  ] GC(9) Concurrent Mark 55.394ms
[2026-09-29T22:30:27.183-0400][7.514s][info][gc,marking  ] GC(9) Concurrent Rebuild Remembered Sets
[2026-09-29T22:30:27.193-0400][7.524s][info][gc,marking  ] GC(9) Concurrent Rebuild Remembered Sets 9.825ms
[2026-09-29T22:30:27.203-0400][7.534s][info][gc,start    ] GC(9) Pause Cleanup
[2026-09-29T22:30:27.203-0400][7.534s][info][gc          ] GC(9) Pause Cleanup 41M->41M(154M) 0.162ms
[2026-09-29T22:30:27.203-0400][7.534s][info][gc,cpu      ] GC(9) User=0.00s Sys=0.00s Real=0.00s
[2026-09-29T22:30:27.203-0400][7.534s][info][safepoint   ] Safepoint "G1PauseCleanup", Time since last: 9977186 ns, Reaching safepoint: 9909451 ns, Cleanup: 17490 ns, At safepoint: 254857 ns, Total: 10181798 ns
[2026-09-29T22:30:27.203-0400][7.534s][info][gc,marking  ] GC(9) Concurrent Cleanup for Next Mark
[2026-09-29T22:30:27.206-0400][7.537s][info][gc,marking  ] GC(9) Concurrent Cleanup for Next Mark 3.059ms
[2026-09-29T22:30:27.206-0400][7.537s][info][gc          ] GC(9) Concurrent Mark Cycle 87.972ms
[2026-09-29T22:30:27.637-0400][7.969s][info][safepoint   ] Safepoint "ICBufferFull", Time since last: 434130214 ns, Reaching safepoint: 126256 ns, Cleanup: 105353 ns, At safepoint: 81034 ns, Total: 312643 ns
[2026-09-29T22:30:27.638-0400][7.969s][info][safepoint   ] Safepoint "ICBufferFull", Time since last: 147073 ns, Reaching safepoint: 118031 ns, Cleanup: 11997 ns, At safepoint: 66440 ns, Total: 196468 ns
[2026-09-29T22:30:27.773-0400][8.104s][info][safepoint   ] Safepoint "ICBufferFull", Time since last: 134829226 ns, Reaching safepoint: 121630 ns, Cleanup: 131146 ns, At safepoint: 17665 ns, Total: 270441 ns
[2026-09-29T22:30:27.773-0400][8.105s][info][safepoint   ] Safepoint "ICBufferFull", Time since last: 398034 ns, Reaching safepoint: 121721 ns, Cleanup: 6743 ns, At safepoint: 114246 ns, Total: 242710 ns
[2026-09-29T22:30:28.657-0400][8.988s][info][gc,start    ] GC(10) Pause Young (Prepare Mixed) (G1 Evacuation Pause)
[2026-09-29T22:30:28.657-0400][8.988s][info][gc,task     ] GC(10) Using 6 workers of 8 for evacuation
[2026-09-29T22:30:28.668-0400][9.000s][info][gc,phases   ] GC(10)   Pre Evacuate Collection Set: 0.22ms
[2026-09-29T22:30:28.668-0400][9.000s][info][gc,phases   ] GC(10)   Merge Heap Roots: 0.15ms
[2026-09-29T22:30:28.668-0400][9.000s][info][gc,phases   ] GC(10)   Evacuate Collection Set: 9.49ms
[2026-09-29T22:30:28.668-0400][9.000s][info][gc,phases   ] GC(10)   Post Evacuate Collection Set: 1.13ms
[2026-09-29T22:30:28.668-0400][9.000s][info][gc,phases   ] GC(10)   Other: 0.21ms
[2026-09-29T22:30:28.668-0400][9.000s][info][gc,heap     ] GC(10) Eden regions: 40->0(1)
[2026-09-29T22:30:28.668-0400][9.000s][info][gc,heap     ] GC(10) Survivor regions: 6->6(6)
[2026-09-29T22:30:28.668-0400][9.000s][info][gc,heap     ] GC(10) Old regions: 11->15
[2026-09-29T22:30:28.668-0400][9.000s][info][gc,heap     ] GC(10) Archive regions: 2->2
[2026-09-29T22:30:28.668-0400][9.000s][info][gc,heap     ] GC(10) Humongous regions: 0->0
[2026-09-29T22:30:28.668-0400][9.000s][info][gc,metaspace] GC(10) Metaspace: 29281K(30464K)->29281K(30464K) NonClass: 26308K(27008K)->26308K(27008K) Class: 2972K(3456K)->2972K(3456K)
[2026-09-29T22:30:28.668-0400][9.000s][info][gc          ] GC(10) Pause Young (Prepare Mixed) (G1 Evacuation Pause) 113M->40M(154M) 11.273ms
[2026-09-29T22:30:28.668-0400][9.000s][info][gc,cpu      ] GC(10) User=0.05s Sys=0.01s Real=0.02s
[2026-09-29T22:30:28.669-0400][9.000s][info][safepoint   ] Safepoint "G1CollectForAllocation", Time since last: 883620981 ns, Reaching safepoint: 9143 ns, Cleanup: 62057 ns, At safepoint: 11455989 ns, Total: 11527189 ns
[2026-09-29T22:30:28.696-0400][9.028s][info][gc,start    ] GC(11) Pause Young (Mixed) (G1 Evacuation Pause)
[2026-09-29T22:30:28.697-0400][9.028s][info][gc,task     ] GC(11) Using 6 workers of 8 for evacuation
[2026-09-29T22:30:28.703-0400][9.035s][info][gc,phases   ] GC(11)   Pre Evacuate Collection Set: 0.19ms
[2026-09-29T22:30:28.703-0400][9.035s][info][gc,phases   ] GC(11)   Merge Heap Roots: 0.15ms
[2026-09-29T22:30:28.703-0400][9.035s][info][gc,phases   ] GC(11)   Evacuate Collection Set: 5.58ms
[2026-09-29T22:30:28.703-0400][9.035s][info][gc,phases   ] GC(11)   Post Evacuate Collection Set: 0.90ms
[2026-09-29T22:30:28.703-0400][9.035s][info][gc,phases   ] GC(11)   Other: 0.16ms
[2026-09-29T22:30:28.703-0400][9.035s][info][gc,heap     ] GC(11) Eden regions: 1->0(38)
[2026-09-29T22:30:28.703-0400][9.035s][info][gc,heap     ] GC(11) Survivor regions: 6->1(1)
[2026-09-29T22:30:28.703-0400][9.035s][info][gc,heap     ] GC(11) Old regions: 15->19
[2026-09-29T22:30:28.703-0400][9.035s][info][gc,heap     ] GC(11) Archive regions: 2->2
[2026-09-29T22:30:28.703-0400][9.035s][info][gc,heap     ] GC(11) Humongous regions: 0->0
[2026-09-29T22:30:28.703-0400][9.035s][info][gc,metaspace] GC(11) Metaspace: 29567K(30912K)->29567K(30912K) NonClass: 26556K(27392K)->26556K(27392K) Class: 3010K(3520K)->3010K(3520K)
[2026-09-29T22:30:28.704-0400][9.035s][info][gc          ] GC(11) Pause Young (Mixed) (G1 Evacuation Pause) 42M->41M(154M) 7.044ms
[2026-09-29T22:30:28.704-0400][9.035s][info][gc,cpu      ] GC(11) User=0.03s Sys=0.01s Real=0.01s
[2026-09-29T22:30:28.704-0400][9.035s][info][safepoint   ] Safepoint "G1CollectForAllocation", Time since last: 27695907 ns, Reaching safepoint: 114917 ns, Cleanup: 17910 ns, At safepoint: 7173238 ns, Total: 7306065 ns
[2026-09-29T22:30:29.273-0400][9.604s][info][safepoint   ] Safepoint "ICBufferFull", Time since last: 567167988 ns, Reaching safepoint: 1558699 ns, Cleanup: 157299 ns, At safepoint: 14898 ns, Total: 1730896 ns
[2026-09-29T22:30:29.497-0400][9.828s][info][gc,start    ] GC(12) Pause Young (Concurrent Start) (Metadata GC Threshold)
[2026-09-29T22:30:29.497-0400][9.828s][info][gc,task     ] GC(12) Using 6 workers of 8 for evacuation
[2026-09-29T22:30:29.513-0400][9.844s][info][gc,phases   ] GC(12)   Pre Evacuate Collection Set: 0.25ms
[2026-09-29T22:30:29.513-0400][9.844s][info][gc,phases   ] GC(12)   Merge Heap Roots: 0.10ms
[2026-09-29T22:30:29.513-0400][9.844s][info][gc,phases   ] GC(12)   Evacuate Collection Set: 11.02ms
[2026-09-29T22:30:29.513-0400][9.844s][info][gc,phases   ] GC(12)   Post Evacuate Collection Set: 4.99ms
[2026-09-29T22:30:29.513-0400][9.844s][info][gc,phases   ] GC(12)   Other: 0.29ms
[2026-09-29T22:30:29.513-0400][9.844s][info][gc,heap     ] GC(12) Eden regions: 19->0(37)
[2026-09-29T22:30:29.513-0400][9.844s][info][gc,heap     ] GC(12) Survivor regions: 1->2(5)
[2026-09-29T22:30:29.513-0400][9.845s][info][gc,heap     ] GC(12) Old regions: 19->19
[2026-09-29T22:30:29.513-0400][9.845s][info][gc,heap     ] GC(12) Archive regions: 2->2
[2026-09-29T22:30:29.513-0400][9.845s][info][gc,heap     ] GC(12) Humongous regions: 0->0
[2026-09-29T22:30:29.513-0400][9.845s][info][gc,metaspace] GC(12) Metaspace: 34912K(36288K)->34912K(36288K) NonClass: 31311K(32128K)->31311K(32128K) Class: 3600K(4160K)->3600K(4160K)
[2026-09-29T22:30:29.513-0400][9.845s][info][gc          ] GC(12) Pause Young (Concurrent Start) (Metadata GC Threshold) 78M->43M(154M) 16.781ms
[2026-09-29T22:30:29.513-0400][9.845s][info][gc,cpu      ] GC(12) User=0.04s Sys=0.00s Real=0.02s
[2026-09-29T22:30:29.514-0400][9.845s][info][safepoint   ] Safepoint "CollectForMetadataAllocation", Time since last: 223842386 ns, Reaching safepoint: 14415 ns, Cleanup: 103395 ns, At safepoint: 17083330 ns, Total: 17201140 ns
[2026-09-29T22:30:29.516-0400][9.847s][info][gc          ] GC(13) Concurrent Mark Cycle
[2026-09-29T22:30:29.516-0400][9.847s][info][gc,marking  ] GC(13) Concurrent Clear Claimed Marks
[2026-09-29T22:30:29.516-0400][9.847s][info][gc,marking  ] GC(13) Concurrent Clear Claimed Marks 0.084ms
[2026-09-29T22:30:29.516-0400][9.847s][info][gc,marking  ] GC(13) Concurrent Scan Root Regions
[2026-09-29T22:30:29.518-0400][9.849s][info][gc,marking  ] GC(13) Concurrent Scan Root Regions 2.317ms
[2026-09-29T22:30:29.518-0400][9.849s][info][gc,marking  ] GC(13) Concurrent Mark
[2026-09-29T22:30:29.518-0400][9.849s][info][gc,marking  ] GC(13) Concurrent Mark From Roots
[2026-09-29T22:30:29.518-0400][9.849s][info][gc,task     ] GC(13) Using 2 workers of 2 for marking
[2026-09-29T22:30:29.608-0400][9.939s][info][gc,marking  ] GC(13) Concurrent Mark From Roots 89.963ms
[2026-09-29T22:30:29.608-0400][9.939s][info][gc,marking  ] GC(13) Concurrent Preclean
[2026-09-29T22:30:29.608-0400][9.940s][info][gc,marking  ] GC(13) Concurrent Preclean 0.137ms
[2026-09-29T22:30:29.608-0400][9.940s][info][gc,start    ] GC(13) Pause Remark
[2026-09-29T22:30:29.615-0400][9.946s][info][gc          ] GC(13) Pause Remark 44M->44M(154M) 6.556ms
[2026-09-29T22:30:29.615-0400][9.946s][info][gc,cpu      ] GC(13) User=0.02s Sys=0.00s Real=0.00s
[2026-09-29T22:30:29.615-0400][9.946s][info][safepoint   ] Safepoint "G1PauseRemark", Time since last: 94886109 ns, Reaching safepoint: 11156 ns, Cleanup: 5522 ns, At safepoint: 6708460 ns, Total: 6725138 ns
[2026-09-29T22:30:29.615-0400][9.947s][info][gc,marking  ] GC(13) Concurrent Mark 97.090ms
[2026-09-29T22:30:29.615-0400][9.947s][info][gc,marking  ] GC(13) Concurrent Rebuild Remembered Sets
[2026-09-29T22:30:29.639-0400][9.970s][info][gc,marking  ] GC(13) Concurrent Rebuild Remembered Sets 23.393ms
[2026-09-29T22:30:29.640-0400][9.972s][info][gc,start    ] GC(13) Pause Cleanup
[2026-09-29T22:30:29.641-0400][9.973s][info][gc          ] GC(13) Pause Cleanup 45M->45M(154M) 0.982ms
[2026-09-29T22:30:29.641-0400][9.973s][info][gc,cpu      ] GC(13) User=0.00s Sys=0.00s Real=0.00s
[2026-09-29T22:30:29.641-0400][9.973s][info][safepoint   ] Safepoint "G1PauseCleanup", Time since last: 24020425 ns, Reaching safepoint: 1005108 ns, Cleanup: 36914 ns, At safepoint: 1157362 ns, Total: 2199384 ns
[2026-09-29T22:30:29.642-0400][9.973s][info][gc,marking  ] GC(13) Concurrent Cleanup for Next Mark
[2026-09-29T22:30:29.643-0400][9.974s][info][gc,marking  ] GC(13) Concurrent Cleanup for Next Mark 1.279ms
[2026-09-29T22:30:29.643-0400][9.974s][info][gc          ] GC(13) Concurrent Mark Cycle 127.459ms
[2026-09-29T22:30:30.535-0400][10.867s][info][safepoint   ] Safepoint "ICBufferFull", Time since last: 893698564 ns, Reaching safepoint: 21954 ns, Cleanup: 241698 ns, At safepoint: 30708 ns, Total: 294360 ns
[2026-09-29T22:30:31.501-0400][11.832s][info][safepoint   ] Safepoint "ICBufferFull", Time since last: 965032960 ns, Reaching safepoint: 205395 ns, Cleanup: 221733 ns, At safepoint: 65463 ns, Total: 492591 ns
[2026-09-29T22:30:31.541-0400][11.872s][info][gc,start    ] GC(14) Pause Young (Prepare Mixed) (G1 Evacuation Pause)
[2026-09-29T22:30:31.541-0400][11.872s][info][gc,task     ] GC(14) Using 6 workers of 8 for evacuation
[2026-09-29T22:30:31.553-0400][11.884s][info][gc,phases   ] GC(14)   Pre Evacuate Collection Set: 0.23ms
[2026-09-29T22:30:31.553-0400][11.884s][info][gc,phases   ] GC(14)   Merge Heap Roots: 0.11ms
[2026-09-29T22:30:31.553-0400][11.884s][info][gc,phases   ] GC(14)   Evacuate Collection Set: 8.59ms
[2026-09-29T22:30:31.553-0400][11.884s][info][gc,phases   ] GC(14)   Post Evacuate Collection Set: 2.82ms
[2026-09-29T22:30:31.553-0400][11.884s][info][gc,phases   ] GC(14)   Other: 0.26ms
[2026-09-29T22:30:31.553-0400][11.884s][info][gc,heap     ] GC(14) Eden regions: 37->0(1)
[2026-09-29T22:30:31.553-0400][11.884s][info][gc,heap     ] GC(14) Survivor regions: 2->5(5)
[2026-09-29T22:30:31.553-0400][11.884s][info][gc,heap     ] GC(14) Old regions: 19->20
[2026-09-29T22:30:31.553-0400][11.884s][info][gc,heap     ] GC(14) Archive regions: 2->2
[2026-09-29T22:30:31.553-0400][11.884s][info][gc,heap     ] GC(14) Humongous regions: 5->2
[2026-09-29T22:30:31.553-0400][11.884s][info][gc,metaspace] GC(14) Metaspace: 44589K(46400K)->44589K(46400K) NonClass: 39877K(40960K)->39877K(40960K) Class: 4711K(5440K)->4711K(5440K)
[2026-09-29T22:30:31.553-0400][11.884s][info][gc          ] GC(14) Pause Young (Prepare Mixed) (G1 Evacuation Pause) 127M->55M(154M) 12.179ms
[2026-09-29T22:30:31.553-0400][11.884s][info][gc,cpu      ] GC(14) User=0.08s Sys=0.00s Real=0.01s
[2026-09-29T22:30:31.553-0400][11.884s][info][safepoint   ] Safepoint "G1CollectForAllocation", Time since last: 39754968 ns, Reaching safepoint: 15029 ns, Cleanup: 22255 ns, At safepoint: 12339380 ns, Total: 12376664 ns
[2026-09-29T22:30:31.563-0400][11.895s][info][gc,start    ] GC(15) Pause Young (Mixed) (G1 Evacuation Pause)
[2026-09-29T22:30:31.563-0400][11.895s][info][gc,task     ] GC(15) Using 6 workers of 8 for evacuation
[2026-09-29T22:30:31.573-0400][11.905s][info][gc,phases   ] GC(15)   Pre Evacuate Collection Set: 0.18ms
[2026-09-29T22:30:31.573-0400][11.905s][info][gc,phases   ] GC(15)   Merge Heap Roots: 0.17ms
[2026-09-29T22:30:31.573-0400][11.905s][info][gc,phases   ] GC(15)   Evacuate Collection Set: 8.47ms
[2026-09-29T22:30:31.573-0400][11.905s][info][gc,phases   ] GC(15)   Post Evacuate Collection Set: 0.92ms
[2026-09-29T22:30:31.573-0400][11.905s][info][gc,phases   ] GC(15)   Other: 0.18ms
[2026-09-29T22:30:31.573-0400][11.905s][info][gc,heap     ] GC(15) Eden regions: 1->0(30)
[2026-09-29T22:30:31.573-0400][11.905s][info][gc,heap     ] GC(15) Survivor regions: 5->1(1)
[2026-09-29T22:30:31.573-0400][11.905s][info][gc,heap     ] GC(15) Old regions: 20->25
[2026-09-29T22:30:31.573-0400][11.905s][info][gc,heap     ] GC(15) Archive regions: 2->2
[2026-09-29T22:30:31.573-0400][11.905s][info][gc,heap     ] GC(15) Humongous regions: 2->2
[2026-09-29T22:30:31.573-0400][11.905s][info][gc,metaspace] GC(15) Metaspace: 44650K(46528K)->44650K(46528K) NonClass: 39928K(41024K)->39928K(41024K) Class: 4721K(5504K)->4721K(5504K)
[2026-09-29T22:30:31.573-0400][11.905s][info][gc          ] GC(15) Pause Young (Mixed) (G1 Evacuation Pause) 57M->56M(154M) 9.985ms
[2026-09-29T22:30:31.573-0400][11.905s][info][gc,cpu      ] GC(15) User=0.06s Sys=0.00s Real=0.01s
[2026-09-29T22:30:31.574-0400][11.905s][info][safepoint   ] Safepoint "G1CollectForAllocation", Time since last: 10294335 ns, Reaching safepoint: 14084 ns, Cleanup: 20962 ns, At safepoint: 10149250 ns, Total: 10184296 ns
[2026-09-29T22:30:32.459-0400][12.790s][info][safepoint   ] Safepoint "ICBufferFull", Time since last: 885285678 ns, Reaching safepoint: 13433 ns, Cleanup: 280792 ns, At safepoint: 73956 ns, Total: 368181 ns
[2026-09-29T22:30:32.814-0400][13.145s][info][gc,start    ] GC(16) Pause Young (Normal) (G1 Evacuation Pause)
[2026-09-29T22:30:32.814-0400][13.145s][info][gc,task     ] GC(16) Using 6 workers of 8 for evacuation
[2026-09-29T22:30:32.822-0400][13.153s][info][gc,phases   ] GC(16)   Pre Evacuate Collection Set: 0.21ms
[2026-09-29T22:30:32.822-0400][13.153s][info][gc,phases   ] GC(16)   Merge Heap Roots: 0.22ms
[2026-09-29T22:30:32.822-0400][13.153s][info][gc,phases   ] GC(16)   Evacuate Collection Set: 4.76ms
[2026-09-29T22:30:32.822-0400][13.153s][info][gc,phases   ] GC(16)   Post Evacuate Collection Set: 3.03ms
[2026-09-29T22:30:32.822-0400][13.153s][info][gc,phases   ] GC(16)   Other: 0.18ms
[2026-09-29T22:30:32.822-0400][13.153s][info][gc,heap     ] GC(16) Eden regions: 30->0(98)
[2026-09-29T22:30:32.822-0400][13.153s][info][gc,heap     ] GC(16) Survivor regions: 1->4(4)
[2026-09-29T22:30:32.822-0400][13.153s][info][gc,heap     ] GC(16) Old regions: 25->25
[2026-09-29T22:30:32.822-0400][13.153s][info][gc,heap     ] GC(16) Archive regions: 2->2
[2026-09-29T22:30:32.822-0400][13.153s][info][gc,heap     ] GC(16) Humongous regions: 2->2
[2026-09-29T22:30:32.822-0400][13.153s][info][gc,metaspace] GC(16) Metaspace: 55778K(57920K)->55778K(57920K) NonClass: 49645K(51008K)->49645K(51008K) Class: 6133K(6912K)->6133K(6912K)
[2026-09-29T22:30:32.822-0400][13.153s][info][gc          ] GC(16) Pause Young (Normal) (G1 Evacuation Pause) 116M->60M(362M) 8.518ms
[2026-09-29T22:30:32.822-0400][13.153s][info][gc,cpu      ] GC(16) User=0.05s Sys=0.00s Real=0.01s
[2026-09-29T22:30:32.822-0400][13.153s][info][safepoint   ] Safepoint "G1CollectForAllocation", Time since last: 354201188 ns, Reaching safepoint: 13118 ns, Cleanup: 117200 ns, At safepoint: 8737702 ns, Total: 8868020 ns
[2026-09-29T22:30:33.791-0400][14.122s][info][safepoint   ] Safepoint "ICBufferFull", Time since last: 968469792 ns, Reaching safepoint: 11748 ns, Cleanup: 120424 ns, At safepoint: 2343 ns, Total: 134515 ns
[2026-09-29T22:30:33.866-0400][14.197s][info][gc,start    ] GC(17) Pause Young (Concurrent Start) (Metadata GC Threshold)
[2026-09-29T22:30:33.866-0400][14.197s][info][gc,task     ] GC(17) Using 8 workers of 8 for evacuation
[2026-09-29T22:30:33.890-0400][14.222s][info][gc,phases   ] GC(17)   Pre Evacuate Collection Set: 0.29ms
[2026-09-29T22:30:33.890-0400][14.222s][info][gc,phases   ] GC(17)   Merge Heap Roots: 0.16ms
[2026-09-29T22:30:33.890-0400][14.222s][info][gc,phases   ] GC(17)   Evacuate Collection Set: 13.24ms
[2026-09-29T22:30:33.890-0400][14.222s][info][gc,phases   ] GC(17)   Post Evacuate Collection Set: 10.71ms
[2026-09-29T22:30:33.890-0400][14.222s][info][gc,phases   ] GC(17)   Other: 0.30ms
[2026-09-29T22:30:33.890-0400][14.222s][info][gc,heap     ] GC(17) Eden regions: 61->0(89)
[2026-09-29T22:30:33.890-0400][14.222s][info][gc,heap     ] GC(17) Survivor regions: 4->12(13)
[2026-09-29T22:30:33.890-0400][14.222s][info][gc,heap     ] GC(17) Old regions: 25->25
[2026-09-29T22:30:33.890-0400][14.222s][info][gc,heap     ] GC(17) Archive regions: 2->2
[2026-09-29T22:30:33.890-0400][14.222s][info][gc,heap     ] GC(17) Humongous regions: 2->2
[2026-09-29T22:30:33.890-0400][14.222s][info][gc,metaspace] GC(17) Metaspace: 58795K(61056K)->58795K(61056K) NonClass: 52354K(53760K)->52354K(53760K) Class: 6440K(7296K)->6440K(7296K)
[2026-09-29T22:30:33.890-0400][14.222s][info][gc          ] GC(17) Pause Young (Concurrent Start) (Metadata GC Threshold) 182M->77M(362M) 24.797ms
[2026-09-29T22:30:33.891-0400][14.222s][info][gc,cpu      ] GC(17) User=0.07s Sys=0.02s Real=0.03s
[2026-09-29T22:30:33.891-0400][14.222s][info][gc          ] GC(18) Concurrent Mark Cycle
[2026-09-29T22:30:33.891-0400][14.222s][info][gc,marking  ] GC(18) Concurrent Clear Claimed Marks
[2026-09-29T22:30:33.891-0400][14.222s][info][gc,marking  ] GC(18) Concurrent Clear Claimed Marks 0.107ms
[2026-09-29T22:30:33.891-0400][14.222s][info][gc,marking  ] GC(18) Concurrent Scan Root Regions
[2026-09-29T22:30:33.891-0400][14.222s][info][safepoint   ] Safepoint "CollectForMetadataAllocation", Time since last: 74741961 ns, Reaching safepoint: 15297 ns, Cleanup: 33523 ns, At safepoint: 25371051 ns, Total: 25419871 ns
[2026-09-29T22:30:33.900-0400][14.232s][info][gc,marking  ] GC(18) Concurrent Scan Root Regions 9.555ms
[2026-09-29T22:30:33.900-0400][14.232s][info][gc,marking  ] GC(18) Concurrent Mark
[2026-09-29T22:30:33.900-0400][14.232s][info][gc,marking  ] GC(18) Concurrent Mark From Roots
[2026-09-29T22:30:33.900-0400][14.232s][info][gc,task     ] GC(18) Using 2 workers of 2 for marking
[2026-09-29T22:30:33.974-0400][14.305s][info][safepoint   ] Safepoint "CollectForMetadataAllocation", Time since last: 82178219 ns, Reaching safepoint: 186262 ns, Cleanup: 32701 ns, At safepoint: 396674 ns, Total: 615637 ns
[2026-09-29T22:30:34.009-0400][14.340s][info][gc,marking  ] GC(18) Concurrent Mark From Roots 108.193ms
[2026-09-29T22:30:34.009-0400][14.340s][info][gc,marking  ] GC(18) Concurrent Preclean
[2026-09-29T22:30:34.010-0400][14.341s][info][gc,marking  ] GC(18) Concurrent Preclean 1.110ms
[2026-09-29T22:30:34.010-0400][14.341s][info][gc,start    ] GC(18) Pause Remark
[2026-09-29T22:30:34.028-0400][14.359s][info][gc,heap     ] GC(18) Heap shrink completed: uncommitted 37 regions (74MB), heap size now 288MB
[2026-09-29T22:30:34.028-0400][14.359s][info][gc          ] GC(18) Pause Remark 81M->81M(288M) 17.623ms
[2026-09-29T22:30:34.028-0400][14.359s][info][gc,cpu      ] GC(18) User=0.05s Sys=0.00s Real=0.02s
[2026-09-29T22:30:34.031-0400][14.363s][info][safepoint   ] Safepoint "G1PauseRemark", Time since last: 36111498 ns, Reaching safepoint: 168148 ns, Cleanup: 19429 ns, At safepoint: 21171541 ns, Total: 21359118 ns
[2026-09-29T22:30:34.035-0400][14.367s][info][gc,marking  ] GC(18) Concurrent Mark 134.884ms
[2026-09-29T22:30:34.035-0400][14.367s][info][gc,marking  ] GC(18) Concurrent Rebuild Remembered Sets
[2026-09-29T22:30:34.085-0400][14.416s][info][gc,marking  ] GC(18) Concurrent Rebuild Remembered Sets 49.336ms
[2026-09-29T22:30:34.085-0400][14.416s][info][gc,start    ] GC(18) Pause Cleanup
[2026-09-29T22:30:34.085-0400][14.416s][info][gc          ] GC(18) Pause Cleanup 85M->85M(288M) 0.205ms
[2026-09-29T22:30:34.085-0400][14.416s][info][gc,cpu      ] GC(18) User=0.00s Sys=0.00s Real=0.00s
[2026-09-29T22:30:34.085-0400][14.416s][info][safepoint   ] Safepoint "G1PauseCleanup", Time since last: 53454142 ns, Reaching safepoint: 94271 ns, Cleanup: 22573 ns, At safepoint: 293603 ns, Total: 410447 ns
[2026-09-29T22:30:34.085-0400][14.416s][info][gc,marking  ] GC(18) Concurrent Cleanup for Next Mark
[2026-09-29T22:30:34.087-0400][14.418s][info][gc,marking  ] GC(18) Concurrent Cleanup for Next Mark 1.595ms
[2026-09-29T22:30:34.087-0400][14.418s][info][gc          ] GC(18) Concurrent Mark Cycle 196.219ms
[2026-09-29T22:30:35.603-0400][15.934s][info][safepoint   ] Safepoint "Cleanup", Time since last: 1517429978 ns, Reaching safepoint: 4246 ns, Cleanup: 369581 ns, At safepoint: 42530 ns, Total: 416357 ns
[2026-09-29T22:30:36.256-0400][16.587s][info][gc,start    ] GC(19) Pause Young (Concurrent Start) (G1 Evacuation Pause)
[2026-09-29T22:30:36.256-0400][16.588s][info][gc,task     ] GC(19) Using 7 workers of 8 for evacuation
[2026-09-29T22:30:36.269-0400][16.600s][info][gc,phases   ] GC(19)   Pre Evacuate Collection Set: 0.32ms
[2026-09-29T22:30:36.269-0400][16.601s][info][gc,phases   ] GC(19)   Merge Heap Roots: 0.15ms
[2026-09-29T22:30:36.269-0400][16.601s][info][gc,phases   ] GC(19)   Evacuate Collection Set: 8.52ms
[2026-09-29T22:30:36.269-0400][16.601s][info][gc,phases   ] GC(19)   Post Evacuate Collection Set: 3.83ms
[2026-09-29T22:30:36.269-0400][16.601s][info][gc,phases   ] GC(19)   Other: 0.21ms
[2026-09-29T22:30:36.269-0400][16.601s][info][gc,heap     ] GC(19) Eden regions: 74->0(65)
[2026-09-29T22:30:36.269-0400][16.601s][info][gc,heap     ] GC(19) Survivor regions: 12->8(11)
[2026-09-29T22:30:36.269-0400][16.601s][info][gc,heap     ] GC(19) Old regions: 25->30
[2026-09-29T22:30:36.269-0400][16.601s][info][gc,heap     ] GC(19) Archive regions: 2->2
[2026-09-29T22:30:36.269-0400][16.601s][info][gc,heap     ] GC(19) Humongous regions: 2->2
[2026-09-29T22:30:36.269-0400][16.601s][info][gc,metaspace] GC(19) Metaspace: 76247K(78784K)->76247K(78784K) NonClass: 67606K(69312K)->67606K(69312K) Class: 8640K(9472K)->8640K(9472K)
[2026-09-29T22:30:36.269-0400][16.601s][info][gc          ] GC(19) Pause Young (Concurrent Start) (G1 Evacuation Pause) 225M->77M(288M) 13.108ms
[2026-09-29T22:30:36.269-0400][16.601s][info][gc,cpu      ] GC(19) User=0.08s Sys=0.00s Real=0.02s
[2026-09-29T22:30:36.269-0400][16.601s][info][gc          ] GC(20) Concurrent Mark Cycle
[2026-09-29T22:30:36.269-0400][16.601s][info][gc,marking  ] GC(20) Concurrent Clear Claimed Marks
[2026-09-29T22:30:36.269-0400][16.601s][info][safepoint   ] Safepoint "G1CollectForAllocation", Time since last: 653032052 ns, Reaching safepoint: 12762 ns, Cleanup: 131414 ns, At safepoint: 13309014 ns, Total: 13453190 ns
[2026-09-29T22:30:36.270-0400][16.601s][info][gc,marking  ] GC(20) Concurrent Clear Claimed Marks 0.115ms
[2026-09-29T22:30:36.270-0400][16.601s][info][gc,marking  ] GC(20) Concurrent Scan Root Regions
[2026-09-29T22:30:36.279-0400][16.611s][info][gc,marking  ] GC(20) Concurrent Scan Root Regions 9.809ms
[2026-09-29T22:30:36.279-0400][16.611s][info][gc,marking  ] GC(20) Concurrent Mark
[2026-09-29T22:30:36.279-0400][16.611s][info][gc,marking  ] GC(20) Concurrent Mark From Roots
[2026-09-29T22:30:36.279-0400][16.611s][info][gc,task     ] GC(20) Using 2 workers of 2 for marking
[2026-09-29T22:30:36.330-0400][16.661s][info][gc,marking  ] GC(20) Concurrent Mark From Roots 50.164ms
[2026-09-29T22:30:36.330-0400][16.661s][info][gc,marking  ] GC(20) Concurrent Preclean
[2026-09-29T22:30:36.331-0400][16.662s][info][gc,marking  ] GC(20) Concurrent Preclean 0.838ms
[2026-09-29T22:30:36.331-0400][16.662s][info][gc,start    ] GC(20) Pause Remark
[2026-09-29T22:30:36.335-0400][16.666s][info][gc          ] GC(20) Pause Remark 89M->89M(288M) 3.849ms
[2026-09-29T22:30:36.335-0400][16.666s][info][gc,cpu      ] GC(20) User=0.01s Sys=0.01s Real=0.00s
[2026-09-29T22:30:36.335-0400][16.666s][info][safepoint   ] Safepoint "G1PauseRemark", Time since last: 61226245 ns, Reaching safepoint: 15279 ns, Cleanup: 100722 ns, At safepoint: 4091049 ns, Total: 4207050 ns
[2026-09-29T22:30:36.335-0400][16.666s][info][gc,marking  ] GC(20) Concurrent Mark 55.492ms
[2026-09-29T22:30:36.335-0400][16.666s][info][gc,marking  ] GC(20) Concurrent Rebuild Remembered Sets
[2026-09-29T22:30:36.364-0400][16.695s][info][gc,marking  ] GC(20) Concurrent Rebuild Remembered Sets 28.637ms
[2026-09-29T22:30:36.364-0400][16.695s][info][gc,start    ] GC(20) Pause Cleanup
[2026-09-29T22:30:36.364-0400][16.695s][info][gc          ] GC(20) Pause Cleanup 96M->96M(288M) 0.245ms
[2026-09-29T22:30:36.364-0400][16.695s][info][gc,cpu      ] GC(20) User=0.01s Sys=0.00s Real=0.00s
[2026-09-29T22:30:36.364-0400][16.696s][info][safepoint   ] Safepoint "G1PauseCleanup", Time since last: 28874546 ns, Reaching safepoint: 17429 ns, Cleanup: 42025 ns, At safepoint: 454564 ns, Total: 514018 ns
[2026-09-29T22:30:36.364-0400][16.696s][info][gc,marking  ] GC(20) Concurrent Cleanup for Next Mark
[2026-09-29T22:30:36.366-0400][16.697s][info][gc,marking  ] GC(20) Concurrent Cleanup for Next Mark 1.344ms
[2026-09-29T22:30:36.366-0400][16.697s][info][gc          ] GC(20) Concurrent Mark Cycle 96.351ms
[2026-09-29T22:30:36.795-0400][17.127s][info][gc,start    ] GC(21) Pause Young (Normal) (G1 Evacuation Pause)
[2026-09-29T22:30:36.796-0400][17.127s][info][gc,task     ] GC(21) Using 6 workers of 8 for evacuation
[2026-09-29T22:30:36.804-0400][17.135s][info][gc,phases   ] GC(21)   Pre Evacuate Collection Set: 0.15ms
[2026-09-29T22:30:36.804-0400][17.135s][info][gc,phases   ] GC(21)   Merge Heap Roots: 0.15ms
[2026-09-29T22:30:36.804-0400][17.135s][info][gc,phases   ] GC(21)   Evacuate Collection Set: 4.72ms
[2026-09-29T22:30:36.804-0400][17.135s][info][gc,phases   ] GC(21)   Post Evacuate Collection Set: 3.17ms
[2026-09-29T22:30:36.804-0400][17.135s][info][gc,phases   ] GC(21)   Other: 0.18ms
[2026-09-29T22:30:36.804-0400][17.135s][info][gc,heap     ] GC(21) Eden regions: 65->0(61)
[2026-09-29T22:30:36.804-0400][17.135s][info][gc,heap     ] GC(21) Survivor regions: 8->9(10)
[2026-09-29T22:30:36.804-0400][17.135s][info][gc,heap     ] GC(21) Old regions: 30->34
[2026-09-29T22:30:36.804-0400][17.135s][info][gc,heap     ] GC(21) Archive regions: 2->2
[2026-09-29T22:30:36.804-0400][17.135s][info][gc,heap     ] GC(21) Humongous regions: 2->2
[2026-09-29T22:30:36.804-0400][17.135s][info][gc,metaspace] GC(21) Metaspace: 77169K(79808K)->77169K(79808K) NonClass: 68369K(70080K)->68369K(70080K) Class: 8799K(9728K)->8799K(9728K)
[2026-09-29T22:30:36.804-0400][17.135s][info][gc          ] GC(21) Pause Young (Normal) (G1 Evacuation Pause) 207M->88M(288M) 8.425ms
[2026-09-29T22:30:36.804-0400][17.135s][info][gc,cpu      ] GC(21) User=0.05s Sys=0.00s Real=0.01s
[2026-09-29T22:30:36.804-0400][17.135s][info][safepoint   ] Safepoint "G1CollectForAllocation", Time since last: 431069290 ns, Reaching safepoint: 15970 ns, Cleanup: 59031 ns, At safepoint: 8571533 ns, Total: 8646534 ns
[2026-09-29T22:30:37.118-0400][17.450s][info][gc,start    ] GC(22) Pause Young (Normal) (G1 Evacuation Pause)
[2026-09-29T22:30:37.118-0400][17.450s][info][gc,task     ] GC(22) Using 6 workers of 8 for evacuation
[2026-09-29T22:30:37.122-0400][17.453s][info][gc,phases   ] GC(22)   Pre Evacuate Collection Set: 0.16ms
[2026-09-29T22:30:37.122-0400][17.453s][info][gc,phases   ] GC(22)   Merge Heap Roots: 0.14ms
[2026-09-29T22:30:37.122-0400][17.453s][info][gc,phases   ] GC(22)   Evacuate Collection Set: 1.65ms
[2026-09-29T22:30:37.122-0400][17.453s][info][gc,phases   ] GC(22)   Post Evacuate Collection Set: 1.50ms
[2026-09-29T22:30:37.122-0400][17.453s][info][gc,phases   ] GC(22)   Other: 0.15ms
[2026-09-29T22:30:37.122-0400][17.453s][info][gc,heap     ] GC(22) Eden regions: 61->0(69)
[2026-09-29T22:30:37.122-0400][17.453s][info][gc,heap     ] GC(22) Survivor regions: 9->2(9)
[2026-09-29T22:30:37.122-0400][17.453s][info][gc,heap     ] GC(22) Old regions: 34->35
[2026-09-29T22:30:37.122-0400][17.453s][info][gc,heap     ] GC(22) Archive regions: 2->2
[2026-09-29T22:30:37.122-0400][17.453s][info][gc,heap     ] GC(22) Humongous regions: 2->2
[2026-09-29T22:30:37.122-0400][17.453s][info][gc,metaspace] GC(22) Metaspace: 77667K(80256K)->77667K(80256K) NonClass: 68817K(70528K)->68817K(70528K) Class: 8849K(9728K)->8849K(9728K)
[2026-09-29T22:30:37.122-0400][17.453s][info][gc          ] GC(22) Pause Young (Normal) (G1 Evacuation Pause) 210M->76M(288M) 3.708ms
[2026-09-29T22:30:37.122-0400][17.453s][info][gc,cpu      ] GC(22) User=0.03s Sys=0.00s Real=0.01s
[2026-09-29T22:30:37.122-0400][17.453s][info][safepoint   ] Safepoint "G1CollectForAllocation", Time since last: 314263063 ns, Reaching safepoint: 11744 ns, Cleanup: 117906 ns, At safepoint: 3839459 ns, Total: 3969109 ns
[2026-09-29T22:30:37.680-0400][18.011s][info][safepoint   ] Safepoint "ICBufferFull", Time since last: 557269817 ns, Reaching safepoint: 10455 ns, Cleanup: 384346 ns, At safepoint: 43733 ns, Total: 438534 ns
[2026-09-29T22:30:37.836-0400][18.167s][info][safepoint   ] Safepoint "ICBufferFull", Time since last: 155584483 ns, Reaching safepoint: 127623 ns, Cleanup: 147227 ns, At safepoint: 157866 ns, Total: 432716 ns
[2026-09-29T22:30:38.293-0400][18.624s][info][gc,start    ] GC(23) Pause Young (Normal) (G1 Evacuation Pause)
[2026-09-29T22:30:38.293-0400][18.624s][info][gc,task     ] GC(23) Using 6 workers of 8 for evacuation
[2026-09-29T22:30:38.299-0400][18.631s][info][gc,phases   ] GC(23)   Pre Evacuate Collection Set: 0.15ms
[2026-09-29T22:30:38.300-0400][18.631s][info][gc,phases   ] GC(23)   Merge Heap Roots: 0.22ms
[2026-09-29T22:30:38.300-0400][18.631s][info][gc,phases   ] GC(23)   Evacuate Collection Set: 4.40ms
[2026-09-29T22:30:38.300-0400][18.631s][info][gc,phases   ] GC(23)   Post Evacuate Collection Set: 1.80ms
[2026-09-29T22:30:38.300-0400][18.631s][info][gc,phases   ] GC(23)   Other: 0.18ms
[2026-09-29T22:30:38.300-0400][18.631s][info][gc,heap     ] GC(23) Eden regions: 69->0(70)
[2026-09-29T22:30:38.300-0400][18.631s][info][gc,heap     ] GC(23) Survivor regions: 2->3(9)
[2026-09-29T22:30:38.300-0400][18.631s][info][gc,heap     ] GC(23) Old regions: 35->35
[2026-09-29T22:30:38.300-0400][18.631s][info][gc,heap     ] GC(23) Archive regions: 2->2
[2026-09-29T22:30:38.300-0400][18.631s][info][gc,heap     ] GC(23) Humongous regions: 2->2
[2026-09-29T22:30:38.300-0400][18.631s][info][gc,metaspace] GC(23) Metaspace: 83332K(86144K)->83332K(86144K) NonClass: 73711K(75456K)->73711K(75456K) Class: 9621K(10688K)->9621K(10688K)
[2026-09-29T22:30:38.300-0400][18.631s][info][gc          ] GC(23) Pause Young (Normal) (G1 Evacuation Pause) 214M->78M(288M) 6.849ms
[2026-09-29T22:30:38.300-0400][18.631s][info][gc,cpu      ] GC(23) User=0.03s Sys=0.01s Real=0.01s
[2026-09-29T22:30:38.300-0400][18.631s][info][safepoint   ] Safepoint "G1CollectForAllocation", Time since last: 456569269 ns, Reaching safepoint: 20381 ns, Cleanup: 165078 ns, At safepoint: 7022503 ns, Total: 7207962 ns
[2026-09-29T22:30:38.513-0400][18.845s][info][safepoint   ] Safepoint "ICBufferFull", Time since last: 213316068 ns, Reaching safepoint: 139352 ns, Cleanup: 135630 ns, At safepoint: 71007 ns, Total: 345989 ns
[2026-09-29T22:30:38.514-0400][18.845s][info][safepoint   ] Safepoint "ICBufferFull", Time since last: 402338 ns, Reaching safepoint: 12280 ns, Cleanup: 10235 ns, At safepoint: 83426 ns, Total: 105941 ns
[2026-09-29T22:30:38.514-0400][18.846s][info][safepoint   ] Safepoint "ICBufferFull", Time since last: 210857 ns, Reaching safepoint: 112595 ns, Cleanup: 3744 ns, At safepoint: 98354 ns, Total: 214693 ns
[2026-09-29T22:30:38.516-0400][18.847s][info][safepoint   ] Safepoint "ICBufferFull", Time since last: 940945 ns, Reaching safepoint: 131098 ns, Cleanup: 14492 ns, At safepoint: 114420 ns, Total: 260010 ns
[2026-09-29T22:30:38.516-0400][18.848s][info][safepoint   ] Safepoint "ICBufferFull", Time since last: 353595 ns, Reaching safepoint: 254171 ns, Cleanup: 5965 ns, At safepoint: 90848 ns, Total: 350984 ns
[2026-09-29T22:30:38.743-0400][19.074s][info][safepoint   ] Safepoint "ICBufferFull", Time since last: 226665946 ns, Reaching safepoint: 19688 ns, Cleanup: 109472 ns, At safepoint: 52784 ns, Total: 181944 ns
[2026-09-29T22:30:38.901-0400][19.233s][info][safepoint   ] Safepoint "ICBufferFull", Time since last: 158156010 ns, Reaching safepoint: 11322 ns, Cleanup: 116271 ns, At safepoint: 28370 ns, Total: 155963 ns
[2026-09-29T22:30:39.884-0400][20.215s][info][safepoint   ] Safepoint "ICBufferFull", Time since last: 981589569 ns, Reaching safepoint: 17561 ns, Cleanup: 628274 ns, At safepoint: 24857 ns, Total: 670692 ns
[2026-09-29T22:30:40.494-0400][20.825s][info][safepoint   ] Safepoint "ICBufferFull", Time since last: 609821235 ns, Reaching safepoint: 109874 ns, Cleanup: 138461 ns, At safepoint: 64658 ns, Total: 312993 ns
[2026-09-29T22:30:40.504-0400][20.835s][info][safepoint   ] Safepoint "ICBufferFull", Time since last: 10081167 ns, Reaching safepoint: 11699 ns, Cleanup: 129626 ns, At safepoint: 45413 ns, Total: 186738 ns
[2026-09-29T22:30:41.096-0400][21.427s][info][safepoint   ] Safepoint "ICBufferFull", Time since last: 591624629 ns, Reaching safepoint: 12284 ns, Cleanup: 158300 ns, At safepoint: 37484 ns, Total: 208068 ns
[2026-09-29T22:30:41.686-0400][22.018s][info][safepoint   ] Safepoint "ICBufferFull", Time since last: 590293236 ns, Reaching safepoint: 101089 ns, Cleanup: 150036 ns, At safepoint: 63992 ns, Total: 315117 ns
[2026-09-29T22:30:41.723-0400][22.054s][info][gc,start    ] GC(24) Pause Young (Normal) (G1 Evacuation Pause)
[2026-09-29T22:30:41.723-0400][22.054s][info][gc,task     ] GC(24) Using 6 workers of 8 for evacuation
[2026-09-29T22:30:41.732-0400][22.063s][info][gc,phases   ] GC(24)   Pre Evacuate Collection Set: 0.18ms
[2026-09-29T22:30:41.732-0400][22.063s][info][gc,phases   ] GC(24)   Merge Heap Roots: 0.13ms
[2026-09-29T22:30:41.732-0400][22.063s][info][gc,phases   ] GC(24)   Evacuate Collection Set: 5.12ms
[2026-09-29T22:30:41.732-0400][22.063s][info][gc,phases   ] GC(24)   Post Evacuate Collection Set: 3.24ms
[2026-09-29T22:30:41.732-0400][22.063s][info][gc,phases   ] GC(24)   Other: 0.25ms
[2026-09-29T22:30:41.732-0400][22.063s][info][gc,heap     ] GC(24) Eden regions: 70->0(64)
[2026-09-29T22:30:41.732-0400][22.063s][info][gc,heap     ] GC(24) Survivor regions: 3->9(10)
[2026-09-29T22:30:41.732-0400][22.063s][info][gc,heap     ] GC(24) Old regions: 35->35
[2026-09-29T22:30:41.732-0400][22.063s][info][gc,heap     ] GC(24) Archive regions: 2->2
[2026-09-29T22:30:41.732-0400][22.063s][info][gc,heap     ] GC(24) Humongous regions: 2->2
[2026-09-29T22:30:41.732-0400][22.063s][info][gc,metaspace] GC(24) Metaspace: 100909K(103808K)->100909K(103808K) NonClass: 89359K(91136K)->89359K(91136K) Class: 11549K(12672K)->11549K(12672K)
[2026-09-29T22:30:41.732-0400][22.063s][info][gc          ] GC(24) Pause Young (Normal) (G1 Evacuation Pause) 218M->90M(288M) 8.973ms
[2026-09-29T22:30:41.732-0400][22.063s][info][gc,cpu      ] GC(24) User=0.03s Sys=0.00s Real=0.01s
[2026-09-29T22:30:41.732-0400][22.064s][info][safepoint   ] Safepoint "G1CollectForAllocation", Time since last: 36385643 ns, Reaching safepoint: 208354 ns, Cleanup: 20121 ns, At safepoint: 9150105 ns, Total: 9378580 ns
[2026-09-29T22:30:42.158-0400][22.489s][info][safepoint   ] Safepoint "ICBufferFull", Time since last: 425589612 ns, Reaching safepoint: 16729 ns, Cleanup: 148113 ns, At safepoint: 90717 ns, Total: 255559 ns
[2026-09-29T22:30:42.709-0400][23.041s][info][safepoint   ] Safepoint "ICBufferFull", Time since last: 551082396 ns, Reaching safepoint: 16939 ns, Cleanup: 123410 ns, At safepoint: 3675 ns, Total: 144024 ns
[2026-09-29T22:30:42.903-0400][23.234s][info][safepoint   ] Safepoint "ICBufferFull", Time since last: 193201973 ns, Reaching safepoint: 15207 ns, Cleanup: 118265 ns, At safepoint: 32726 ns, Total: 166198 ns
[2026-09-29T22:30:43.787-0400][24.119s][info][gc,start    ] GC(25) Pause Young (Normal) (G1 Evacuation Pause)
[2026-09-29T22:30:43.787-0400][24.119s][info][gc,task     ] GC(25) Using 6 workers of 8 for evacuation
[2026-09-29T22:30:43.798-0400][24.129s][info][gc,phases   ] GC(25)   Pre Evacuate Collection Set: 0.17ms
[2026-09-29T22:30:43.798-0400][24.129s][info][gc,phases   ] GC(25)   Merge Heap Roots: 0.14ms
[2026-09-29T22:30:43.798-0400][24.129s][info][gc,phases   ] GC(25)   Evacuate Collection Set: 6.95ms
[2026-09-29T22:30:43.798-0400][24.129s][info][gc,phases   ] GC(25)   Post Evacuate Collection Set: 2.94ms
[2026-09-29T22:30:43.798-0400][24.129s][info][gc,phases   ] GC(25)   Other: 0.15ms
[2026-09-29T22:30:43.798-0400][24.129s][info][gc,heap     ] GC(25) Eden regions: 64->0(63)
[2026-09-29T22:30:43.798-0400][24.129s][info][gc,heap     ] GC(25) Survivor regions: 9->6(10)
[2026-09-29T22:30:43.798-0400][24.129s][info][gc,heap     ] GC(25) Old regions: 35->39
[2026-09-29T22:30:43.798-0400][24.129s][info][gc,heap     ] GC(25) Archive regions: 2->2
[2026-09-29T22:30:43.798-0400][24.129s][info][gc,heap     ] GC(25) Humongous regions: 2->2
[2026-09-29T22:30:43.798-0400][24.129s][info][gc,metaspace] GC(25) Metaspace: 111783K(114880K)->111783K(114880K) NonClass: 98583K(100480K)->98583K(100480K) Class: 13200K(14400K)->13200K(14400K)
[2026-09-29T22:30:43.798-0400][24.129s][info][gc          ] GC(25) Pause Young (Normal) (G1 Evacuation Pause) 218M->94M(288M) 10.443ms
[2026-09-29T22:30:43.798-0400][24.129s][info][gc,cpu      ] GC(25) User=0.06s Sys=0.00s Real=0.00s
[2026-09-29T22:30:43.798-0400][24.129s][info][safepoint   ] Safepoint "G1CollectForAllocation", Time since last: 884147046 ns, Reaching safepoint: 18547 ns, Cleanup: 475831 ns, At safepoint: 10527749 ns, Total: 11022127 ns
[2026-09-29T22:30:43.996-0400][24.327s][info][safepoint   ] Safepoint "ICBufferFull", Time since last: 197516941 ns, Reaching safepoint: 16690 ns, Cleanup: 229383 ns, At safepoint: 13098 ns, Total: 259171 ns
[2026-09-29T22:30:44.459-0400][24.791s][info][safepoint   ] Safepoint "ICBufferFull", Time since last: 456899946 ns, Reaching safepoint: 3572191 ns, Cleanup: 3092996 ns, At safepoint: 42594 ns, Total: 6707781 ns
[2026-09-29T22:30:45.265-0400][25.596s][info][gc,start    ] GC(26) Pause Young (Normal) (G1 Evacuation Pause)
[2026-09-29T22:30:45.265-0400][25.596s][info][gc,task     ] GC(26) Using 6 workers of 8 for evacuation
[2026-09-29T22:30:45.278-0400][25.609s][info][gc,phases   ] GC(26)   Pre Evacuate Collection Set: 0.18ms
[2026-09-29T22:30:45.278-0400][25.609s][info][gc,phases   ] GC(26)   Merge Heap Roots: 0.14ms
[2026-09-29T22:30:45.278-0400][25.609s][info][gc,phases   ] GC(26)   Evacuate Collection Set: 10.33ms
[2026-09-29T22:30:45.278-0400][25.609s][info][gc,phases   ] GC(26)   Post Evacuate Collection Set: 2.02ms
[2026-09-29T22:30:45.278-0400][25.609s][info][gc,phases   ] GC(26)   Other: 0.19ms
[2026-09-29T22:30:45.278-0400][25.609s][info][gc,heap     ] GC(26) Eden regions: 63->0(63)
[2026-09-29T22:30:45.278-0400][25.609s][info][gc,heap     ] GC(26) Survivor regions: 6->4(9)
[2026-09-29T22:30:45.278-0400][25.609s][info][gc,heap     ] GC(26) Old regions: 39->42
[2026-09-29T22:30:45.278-0400][25.609s][info][gc,heap     ] GC(26) Archive regions: 2->2
[2026-09-29T22:30:45.278-0400][25.609s][info][gc,heap     ] GC(26) Humongous regions: 2->2
[2026-09-29T22:30:45.278-0400][25.609s][info][gc,metaspace] GC(26) Metaspace: 121503K(124864K)->121503K(124864K) NonClass: 107245K(109312K)->107245K(109312K) Class: 14257K(15552K)->14257K(15552K)
[2026-09-29T22:30:45.278-0400][25.609s][info][gc          ] GC(26) Pause Young (Normal) (G1 Evacuation Pause) 220M->96M(288M) 12.921ms
[2026-09-29T22:30:45.278-0400][25.609s][info][gc,cpu      ] GC(26) User=0.06s Sys=0.00s Real=0.01s
[2026-09-29T22:30:45.278-0400][25.609s][info][safepoint   ] Safepoint "G1CollectForAllocation", Time since last: 804954674 ns, Reaching safepoint: 18554 ns, Cleanup: 543813 ns, At safepoint: 13028641 ns, Total: 13591008 ns
[2026-09-29T22:30:46.695-0400][27.027s][info][safepoint   ] Safepoint "Cleanup", Time since last: 1417178978 ns, Reaching safepoint: 7628 ns, Cleanup: 388733 ns, At safepoint: 57639 ns, Total: 454000 ns
[2026-09-29T22:30:46.835-0400][27.167s][info][gc,start    ] GC(27) Pause Young (Concurrent Start) (Metadata GC Threshold)
[2026-09-29T22:30:46.835-0400][27.167s][info][gc,task     ] GC(27) Using 6 workers of 8 for evacuation
[2026-09-29T22:30:46.845-0400][27.176s][info][gc,phases   ] GC(27)   Pre Evacuate Collection Set: 0.32ms
[2026-09-29T22:30:46.845-0400][27.176s][info][gc,phases   ] GC(27)   Merge Heap Roots: 0.21ms
[2026-09-29T22:30:46.845-0400][27.176s][info][gc,phases   ] GC(27)   Evacuate Collection Set: 6.96ms
[2026-09-29T22:30:46.845-0400][27.176s][info][gc,phases   ] GC(27)   Post Evacuate Collection Set: 1.98ms
[2026-09-29T22:30:46.845-0400][27.176s][info][gc,phases   ] GC(27)   Other: 0.20ms
[2026-09-29T22:30:46.845-0400][27.176s][info][gc,heap     ] GC(27) Eden regions: 26->0(62)
[2026-09-29T22:30:46.845-0400][27.176s][info][gc,heap     ] GC(27) Survivor regions: 4->5(9)
[2026-09-29T22:30:46.845-0400][27.176s][info][gc,heap     ] GC(27) Old regions: 42->42
[2026-09-29T22:30:46.845-0400][27.176s][info][gc,heap     ] GC(27) Archive regions: 2->2
[2026-09-29T22:30:46.845-0400][27.176s][info][gc,heap     ] GC(27) Humongous regions: 2->2
[2026-09-29T22:30:46.845-0400][27.176s][info][gc,metaspace] GC(27) Metaspace: 127974K(131328K)->127974K(131328K) NonClass: 112976K(115008K)->112976K(115008K) Class: 14998K(16320K)->14998K(16320K)
[2026-09-29T22:30:46.845-0400][27.176s][info][gc          ] GC(27) Pause Young (Concurrent Start) (Metadata GC Threshold) 147M->97M(288M) 9.739ms
[2026-09-29T22:30:46.845-0400][27.176s][info][gc,cpu      ] GC(27) User=0.05s Sys=0.00s Real=0.01s
[2026-09-29T22:30:46.845-0400][27.176s][info][gc          ] GC(28) Concurrent Mark Cycle
[2026-09-29T22:30:46.845-0400][27.176s][info][gc,marking  ] GC(28) Concurrent Clear Claimed Marks
[2026-09-29T22:30:46.845-0400][27.177s][info][gc,marking  ] GC(28) Concurrent Clear Claimed Marks 0.158ms
[2026-09-29T22:30:46.845-0400][27.177s][info][gc,marking  ] GC(28) Concurrent Scan Root Regions
[2026-09-29T22:30:46.845-0400][27.177s][info][safepoint   ] Safepoint "CollectForMetadataAllocation", Time since last: 139771792 ns, Reaching safepoint: 19986 ns, Cleanup: 39158 ns, At safepoint: 10162291 ns, Total: 10221435 ns
[2026-09-29T22:30:46.850-0400][27.182s][info][gc,marking  ] GC(28) Concurrent Scan Root Regions 4.988ms
[2026-09-29T22:30:46.850-0400][27.182s][info][gc,marking  ] GC(28) Concurrent Mark
[2026-09-29T22:30:46.850-0400][27.182s][info][gc,marking  ] GC(28) Concurrent Mark From Roots
[2026-09-29T22:30:46.850-0400][27.182s][info][gc,task     ] GC(28) Using 2 workers of 2 for marking
[2026-09-29T22:30:46.935-0400][27.266s][info][gc,marking  ] GC(28) Concurrent Mark From Roots 84.828ms
[2026-09-29T22:30:46.935-0400][27.267s][info][gc,marking  ] GC(28) Concurrent Preclean
[2026-09-29T22:30:46.936-0400][27.268s][info][gc,marking  ] GC(28) Concurrent Preclean 1.018ms
[2026-09-29T22:30:46.940-0400][27.271s][info][gc,start    ] GC(28) Pause Remark
[2026-09-29T22:30:46.992-0400][27.323s][info][gc          ] GC(28) Pause Remark 102M->102M(288M) 51.564ms
[2026-09-29T22:30:46.992-0400][27.323s][info][gc,cpu      ] GC(28) User=0.19s Sys=0.01s Real=0.05s
[2026-09-29T22:30:46.992-0400][27.323s][info][safepoint   ] Safepoint "G1PauseRemark", Time since last: 93779674 ns, Reaching safepoint: 596196 ns, Cleanup: 130408 ns, At safepoint: 51756395 ns, Total: 52482999 ns
[2026-09-29T22:30:46.996-0400][27.328s][info][gc,marking  ] GC(28) Concurrent Mark 146.095ms
[2026-09-29T22:30:46.997-0400][27.328s][info][gc,marking  ] GC(28) Concurrent Rebuild Remembered Sets
[2026-09-29T22:30:47.195-0400][27.526s][info][safepoint   ] Safepoint "RedefineClasses", Time since last: 69031049 ns, Reaching safepoint: 26502222 ns, Cleanup: 34401 ns, At safepoint: 107946003 ns, Total: 134482626 ns
[2026-09-29T22:30:47.214-0400][27.546s][info][gc,marking  ] GC(28) Concurrent Rebuild Remembered Sets 217.775ms
[2026-09-29T22:30:47.220-0400][27.551s][info][gc,start    ] GC(28) Pause Cleanup
[2026-09-29T22:30:47.220-0400][27.552s][info][gc          ] GC(28) Pause Cleanup 104M->104M(288M) 0.259ms
[2026-09-29T22:30:47.220-0400][27.552s][info][gc,cpu      ] GC(28) User=0.00s Sys=0.00s Real=0.00s
[2026-09-29T22:30:47.220-0400][27.552s][info][safepoint   ] Safepoint "G1PauseCleanup", Time since last: 19238907 ns, Reaching safepoint: 5562552 ns, Cleanup: 28246 ns, At safepoint: 422070 ns, Total: 6012868 ns
[2026-09-29T22:30:47.220-0400][27.552s][info][gc,marking  ] GC(28) Concurrent Cleanup for Next Mark
[2026-09-29T22:30:47.221-0400][27.552s][info][gc,marking  ] GC(28) Concurrent Cleanup for Next Mark 0.345ms
[2026-09-29T22:30:47.221-0400][27.552s][info][gc          ] GC(28) Concurrent Mark Cycle 375.715ms
[2026-09-29T22:30:47.241-0400][27.572s][info][safepoint   ] Safepoint "JFRCheckpoint", Time since last: 18217819 ns, Reaching safepoint: 2107486 ns, Cleanup: 22965 ns, At safepoint: 66698 ns, Total: 2197149 ns
[2026-09-29T22:30:47.261-0400][27.592s][info][safepoint   ] Safepoint "JFROldObject", Time since last: 5339410 ns, Reaching safepoint: 14622631 ns, Cleanup: 15376 ns, At safepoint: 130933 ns, Total: 14768940 ns
[2026-09-29T22:30:47.352-0400][27.683s][info][safepoint   ] Safepoint "RedefineClasses", Time since last: 2711470 ns, Reaching safepoint: 15551016 ns, Cleanup: 13503 ns, At safepoint: 72596383 ns, Total: 88160902 ns
[2026-09-29T22:30:47.375-0400][27.706s][info][safepoint   ] Safepoint "ClassLoaderStatsOperation", Time since last: 7780016 ns, Reaching safepoint: 12136514 ns, Cleanup: 14012 ns, At safepoint: 3019505 ns, Total: 15170031 ns
[2026-09-29T22:30:48.375-0400][28.707s][info][safepoint   ] Safepoint "Cleanup", Time since last: 1000488860 ns, Reaching safepoint: 94695 ns, Cleanup: 93486 ns, At safepoint: 7594 ns, Total: 195775 ns
[2026-09-29T22:30:49.376-0400][29.707s][info][safepoint   ] Safepoint "Cleanup", Time since last: 1000179482 ns, Reaching safepoint: 31544 ns, Cleanup: 39947 ns, At safepoint: 5894 ns, Total: 77385 ns
[2026-09-29T22:30:50.376-0400][30.707s][info][safepoint   ] Safepoint "Cleanup", Time since last: 1000197542 ns, Reaching safepoint: 15187 ns, Cleanup: 28638 ns, At safepoint: 4221 ns, Total: 48046 ns
[2026-09-29T22:30:51.376-0400][31.708s][info][safepoint   ] Safepoint "Cleanup", Time since last: 1000211153 ns, Reaching safepoint: 22322 ns, Cleanup: 84239 ns, At safepoint: 4525 ns, Total: 111086 ns
[2026-09-29T22:30:52.377-0400][32.708s][info][safepoint   ] Safepoint "Cleanup", Time since last: 1000130460 ns, Reaching safepoint: 33621 ns, Cleanup: 58718 ns, At safepoint: 5136 ns, Total: 97475 ns
[2026-09-29T22:30:53.377-0400][33.708s][info][safepoint   ] Safepoint "Cleanup", Time since last: 1000249647 ns, Reaching safepoint: 71299 ns, Cleanup: 39571 ns, At safepoint: 3546 ns, Total: 114416 ns
[2026-09-29T22:30:54.377-0400][34.708s][info][safepoint   ] Safepoint "Cleanup", Time since last: 1000256502 ns, Reaching safepoint: 19656 ns, Cleanup: 21905 ns, At safepoint: 3618 ns, Total: 45179 ns
[2026-09-29T22:30:55.378-0400][35.709s][info][safepoint   ] Safepoint "Cleanup", Time since last: 1000281792 ns, Reaching safepoint: 19159 ns, Cleanup: 19702 ns, At safepoint: 3387 ns, Total: 42248 ns
[2026-09-29T22:30:57.247-0400][37.579s][info][safepoint   ] Safepoint "ClassLoaderStatsOperation", Time since last: 1864618916 ns, Reaching safepoint: 2156471 ns, Cleanup: 19654 ns, At safepoint: 3027781 ns, Total: 5203906 ns
[2026-09-29T22:30:57.250-0400][37.581s][info][safepoint   ] Safepoint "JFRCheckpoint", Time since last: 2788007 ns, Reaching safepoint: 15442 ns, Cleanup: 7547 ns, At safepoint: 34119 ns, Total: 57108 ns
[2026-09-29T22:30:57.256-0400][37.587s][info][safepoint   ] Safepoint "JFROldObject", Time since last: 5509975 ns, Reaching safepoint: 13935 ns, Cleanup: 4957 ns, At safepoint: 95713 ns, Total: 114605 ns
[2026-09-29T22:30:58.256-0400][38.587s][info][safepoint   ] Safepoint "Cleanup", Time since last: 1000155104 ns, Reaching safepoint: 22539 ns, Cleanup: 12904 ns, At safepoint: 2181 ns, Total: 37624 ns
[2026-09-29T22:31:02.257-0400][42.588s][info][safepoint   ] Safepoint "Cleanup", Time since last: 4000561336 ns, Reaching safepoint: 128262 ns, Cleanup: 66938 ns, At safepoint: 114643 ns, Total: 309843 ns
[2026-09-29T22:31:02.892-0400][43.223s][info][safepoint   ] Safepoint "ICBufferFull", Time since last: 634682004 ns, Reaching safepoint: 45340 ns, Cleanup: 146059 ns, At safepoint: 21465 ns, Total: 212864 ns
[2026-09-29T22:31:03.155-0400][43.487s][info][gc,start    ] GC(29) Pause Young (Prepare Mixed) (G1 Evacuation Pause)
[2026-09-29T22:31:03.155-0400][43.487s][info][gc,task     ] GC(29) Using 8 workers of 8 for evacuation
[2026-09-29T22:31:03.165-0400][43.497s][info][gc,phases   ] GC(29)   Pre Evacuate Collection Set: 0.42ms
[2026-09-29T22:31:03.165-0400][43.497s][info][gc,phases   ] GC(29)   Merge Heap Roots: 0.37ms
[2026-09-29T22:31:03.165-0400][43.497s][info][gc,phases   ] GC(29)   Evacuate Collection Set: 5.84ms
[2026-09-29T22:31:03.166-0400][43.497s][info][gc,phases   ] GC(29)   Post Evacuate Collection Set: 3.21ms
[2026-09-29T22:31:03.166-0400][43.497s][info][gc,phases   ] GC(29)   Other: 0.18ms
[2026-09-29T22:31:03.166-0400][43.497s][info][gc,heap     ] GC(29) Eden regions: 62->0(1)
[2026-09-29T22:31:03.166-0400][43.497s][info][gc,heap     ] GC(29) Survivor regions: 5->6(9)
[2026-09-29T22:31:03.166-0400][43.497s][info][gc,heap     ] GC(29) Old regions: 42->42
[2026-09-29T22:31:03.166-0400][43.497s][info][gc,heap     ] GC(29) Archive regions: 2->2
[2026-09-29T22:31:03.166-0400][43.497s][info][gc,heap     ] GC(29) Humongous regions: 2->2
[2026-09-29T22:31:03.166-0400][43.497s][info][gc,metaspace] GC(29) Metaspace: 130512K(133888K)->130512K(133888K) NonClass: 115276K(117312K)->115276K(117312K) Class: 15235K(16576K)->15235K(16576K)
[2026-09-29T22:31:03.166-0400][43.497s][info][gc          ] GC(29) Pause Young (Prepare Mixed) (G1 Evacuation Pause) 221M->98M(288M) 10.097ms
[2026-09-29T22:31:03.166-0400][43.497s][info][gc,cpu      ] GC(29) User=0.03s Sys=0.00s Real=0.01s
[2026-09-29T22:31:03.166-0400][43.497s][info][safepoint   ] Safepoint "G1CollectForAllocation", Time since last: 263239906 ns, Reaching safepoint: 158627 ns, Cleanup: 230192 ns, At safepoint: 10274285 ns, Total: 10663104 ns
[2026-09-29T22:31:03.181-0400][43.512s][info][gc,start    ] GC(30) Pause Young (Mixed) (G1 Evacuation Pause)
[2026-09-29T22:31:03.181-0400][43.512s][info][gc,task     ] GC(30) Using 8 workers of 8 for evacuation
[2026-09-29T22:31:03.189-0400][43.521s][info][gc,phases   ] GC(30)   Pre Evacuate Collection Set: 0.18ms
[2026-09-29T22:31:03.189-0400][43.521s][info][gc,phases   ] GC(30)   Merge Heap Roots: 0.14ms
[2026-09-29T22:31:03.189-0400][43.521s][info][gc,phases   ] GC(30)   Evacuate Collection Set: 7.04ms
[2026-09-29T22:31:03.189-0400][43.521s][info][gc,phases   ] GC(30)   Post Evacuate Collection Set: 1.14ms
[2026-09-29T22:31:03.189-0400][43.521s][info][gc,phases   ] GC(30)   Other: 0.17ms
[2026-09-29T22:31:03.189-0400][43.521s][info][gc,heap     ] GC(30) Eden regions: 1->0(64)
[2026-09-29T22:31:03.189-0400][43.521s][info][gc,heap     ] GC(30) Survivor regions: 6->1(1)
[2026-09-29T22:31:03.189-0400][43.521s][info][gc,heap     ] GC(30) Old regions: 42->46
[2026-09-29T22:31:03.189-0400][43.521s][info][gc,heap     ] GC(30) Archive regions: 2->2
[2026-09-29T22:31:03.189-0400][43.521s][info][gc,heap     ] GC(30) Humongous regions: 2->2
[2026-09-29T22:31:03.190-0400][43.521s][info][gc,metaspace] GC(30) Metaspace: 130514K(133888K)->130514K(133888K) NonClass: 115278K(117312K)->115278K(117312K) Class: 15236K(16576K)->15236K(16576K)
[2026-09-29T22:31:03.190-0400][43.521s][info][gc          ] GC(30) Pause Young (Mixed) (G1 Evacuation Pause) 100M->97M(288M) 8.768ms
[2026-09-29T22:31:03.190-0400][43.521s][info][gc,cpu      ] GC(30) User=0.05s Sys=0.00s Real=0.01s
[2026-09-29T22:31:03.190-0400][43.521s][info][safepoint   ] Safepoint "G1CollectForAllocation", Time since last: 15000452 ns, Reaching safepoint: 16574 ns, Cleanup: 5639 ns, At safepoint: 8964204 ns, Total: 8986417 ns
[2026-09-29T22:31:03.484-0400][43.815s][info][gc,heap,exit] Heap
[2026-09-29T22:31:03.484-0400][43.815s][info][gc,heap,exit]  garbage-first heap   total 294912K, used 122232K [0x0000000709400000, 0x0000000800000000)
[2026-09-29T22:31:03.484-0400][43.815s][info][gc,heap,exit]   region size 2048K, 12 young (24576K), 1 survivors (2048K)
[2026-09-29T22:31:03.484-0400][43.815s][info][gc,heap,exit]  Metaspace       used 130672K, committed 134080K, reserved 1179648K
[2026-09-29T22:31:03.484-0400][43.815s][info][gc,heap,exit]   class space    used 15247K, committed 16576K, reserved 1048576K
