[2026-09-29T22:30:19.683-0400][0.006s][info][gc] Using G1
[2026-09-29T22:30:19.690-0400][0.012s][info][gc,init] Version: 17.0.18+8-LTS (release)
[2026-09-29T22:30:19.690-0400][0.012s][info][gc,init] CPUs: 8 total, 8 available
[2026-09-29T22:30:19.690-0400][0.012s][info][gc,init] Memory: 15788M
[2026-09-29T22:30:19.690-0400][0.012s][info][gc,init] Large Page Support: Disabled
[2026-09-29T22:30:19.690-0400][0.012s][info][gc,init] NUMA Support: Disabled
[2026-09-29T22:30:19.690-0400][0.012s][info][gc,init] Compressed Oops: Enabled (Zero based)
[2026-09-29T22:30:19.690-0400][0.012s][info][gc,init] Heap Region Size: 2M
[2026-09-29T22:30:19.690-0400][0.012s][info][gc,init] Heap Min Capacity: 8M
[2026-09-29T22:30:19.690-0400][0.012s][info][gc,init] Heap Initial Capacity: 248M
[2026-09-29T22:30:19.690-0400][0.012s][info][gc,init] Heap Max Capacity: 3948M
[2026-09-29T22:30:19.690-0400][0.012s][info][gc,init] Pre-touch: Disabled
[2026-09-29T22:30:19.690-0400][0.012s][info][gc,init] Parallel Workers: 8
[2026-09-29T22:30:19.690-0400][0.012s][info][gc,init] Concurrent Workers: 2
[2026-09-29T22:30:19.690-0400][0.012s][info][gc,init] Concurrent Refinement Workers: 8
[2026-09-29T22:30:19.690-0400][0.012s][info][gc,init] Periodic GC: Disabled
[2026-09-29T22:30:19.698-0400][0.021s][info][gc,metaspace] CDS archive(s) mapped at: [0x00007ea17b000000-0x00007ea17bbc7000-0x00007ea17bbc7000), size 12349440, SharedBaseAddress: 0x00007ea17b000000, ArchiveRelocationMode: 1.
[2026-09-29T22:30:19.699-0400][0.021s][info][gc,metaspace] Compressed class space mapped at: 0x00007ea17c000000-0x00007ea1bc000000, reserved size: 1073741824
[2026-09-29T22:30:19.699-0400][0.021s][info][gc,metaspace] Narrow klass base: 0x00007ea17b000000, Narrow klass shift: 0, Narrow klass range: 0x100000000
[2026-09-29T22:30:20.456-0400][0.778s][info][safepoint   ] Safepoint "ClassLoaderStatsOperation", Time since last: 748664534 ns, Reaching safepoint: 4777 ns, Cleanup: 33115 ns, At safepoint: 163993 ns, Total: 201885 ns
[2026-09-29T22:30:22.326-0400][2.648s][info][safepoint   ] Safepoint "Cleanup", Time since last: 1869688132 ns, Reaching safepoint: 7349 ns, Cleanup: 16021 ns, At safepoint: 2731 ns, Total: 26101 ns
[2026-09-29T22:30:24.966-0400][5.289s][info][safepoint   ] Safepoint "ClassLoaderStatsOperation", Time since last: 2640308606 ns, Reaching safepoint: 6099 ns, Cleanup: 5657 ns, At safepoint: 219711 ns, Total: 231467 ns
[2026-09-29T22:30:30.137-0400][10.459s][info][safepoint   ] Safepoint "ClassLoaderStatsOperation", Time since last: 5170144393 ns, Reaching safepoint: 7090 ns, Cleanup: 7326 ns, At safepoint: 214863 ns, Total: 229279 ns
[2026-09-29T22:30:44.983-0400][25.306s][info][gc,heap,exit] Heap
[2026-09-29T22:30:44.983-0400][25.306s][info][gc,heap,exit]  garbage-first heap   total 258048K, used 6969K [0x0000000709400000, 0x0000000800000000)
[2026-09-29T22:30:44.983-0400][25.306s][info][gc,heap,exit]   region size 2048K, 3 young (6144K), 0 survivors (0K)
[2026-09-29T22:30:44.983-0400][25.306s][info][gc,heap,exit]  Metaspace       used 1835K, committed 1984K, reserved 1114112K
[2026-09-29T22:30:44.983-0400][25.306s][info][gc,heap,exit]   class space    used 185K, committed 256K, reserved 1048576K
