[2026-09-29T22:25:56.917-0400][0.004s][info][gc] Using G1
[2026-09-29T22:25:56.921-0400][0.008s][info][gc,init] Version: 17.0.18+8-LTS (release)
[2026-09-29T22:25:56.921-0400][0.008s][info][gc,init] CPUs: 8 total, 8 available
[2026-09-29T22:25:56.921-0400][0.008s][info][gc,init] Memory: 15788M
[2026-09-29T22:25:56.921-0400][0.008s][info][gc,init] Large Page Support: Disabled
[2026-09-29T22:25:56.921-0400][0.008s][info][gc,init] NUMA Support: Disabled
[2026-09-29T22:25:56.921-0400][0.008s][info][gc,init] Compressed Oops: Enabled (Zero based)
[2026-09-29T22:25:56.921-0400][0.008s][info][gc,init] Heap Region Size: 8M
[2026-09-29T22:25:56.921-0400][0.008s][info][gc,init] Heap Min Capacity: 8M
[2026-09-29T22:25:56.921-0400][0.008s][info][gc,init] Heap Initial Capacity: 248M
[2026-09-29T22:25:56.921-0400][0.008s][info][gc,init] Heap Max Capacity: 9560M
[2026-09-29T22:25:56.921-0400][0.008s][info][gc,init] Pre-touch: Disabled
[2026-09-29T22:25:56.921-0400][0.008s][info][gc,init] Parallel Workers: 8
[2026-09-29T22:25:56.921-0400][0.008s][info][gc,init] Concurrent Workers: 2
[2026-09-29T22:25:56.921-0400][0.008s][info][gc,init] Concurrent Refinement Workers: 8
[2026-09-29T22:25:56.921-0400][0.008s][info][gc,init] Periodic GC: Enabled
[2026-09-29T22:25:56.921-0400][0.008s][info][gc,init] Periodic GC Interval: 10000ms
[2026-09-29T22:25:56.921-0400][0.008s][info][gc,init] G1 Time-Based Heap Sizing enabled (uncommit-only): evaluation_interval=60000ms, uncommit_delay=300000ms, min_regions_to_uncommit=10
[2026-09-29T22:25:56.933-0400][0.021s][info][gc,metaspace] CDS archive(s) mapped at: [0x0000793ccb000000-0x0000793ccbbc7000-0x0000793ccbbc7000), size 12349440, SharedBaseAddress: 0x0000793ccb000000, ArchiveRelocationMode: 1.
[2026-09-29T22:25:56.933-0400][0.021s][info][gc,metaspace] Compressed class space mapped at: 0x0000793ccc000000-0x0000793d0c000000, reserved size: 1073741824
[2026-09-29T22:25:56.933-0400][0.021s][info][gc,metaspace] Narrow klass base: 0x0000793ccb000000, Narrow klass shift: 0, Narrow klass range: 0x100000000
[2026-09-29T22:25:57.556-0400][0.644s][info][safepoint   ] Safepoint "ClassLoaderStatsOperation", Time since last: 616796518 ns, Reaching safepoint: 4849 ns, Cleanup: 36130 ns, At safepoint: 158741 ns, Total: 199720 ns
[2026-09-29T22:26:02.575-0400][5.663s][info][safepoint   ] Safepoint "ClassLoaderStatsOperation", Time since last: 5018818752 ns, Reaching safepoint: 6306 ns, Cleanup: 7010 ns, At safepoint: 197274 ns, Total: 210590 ns
[2026-09-29T22:26:06.961-0400][10.049s][info][gc,start    ] GC(0) Pause Young (Concurrent Start) (G1 Periodic Collection)
[2026-09-29T22:26:06.962-0400][10.050s][info][gc,task     ] GC(0) Using 6 workers of 8 for evacuation
[2026-09-29T22:26:06.976-0400][10.063s][info][gc,phases   ] GC(0)   Pre Evacuate Collection Set: 0.12ms
[2026-09-29T22:26:06.976-0400][10.063s][info][gc,phases   ] GC(0)   Merge Heap Roots: 1.20ms
[2026-09-29T22:26:06.976-0400][10.063s][info][gc,phases   ] GC(0)   Evacuate Collection Set: 11.21ms
[2026-09-29T22:26:06.976-0400][10.063s][info][gc,phases   ] GC(0)   Post Evacuate Collection Set: 0.36ms
[2026-09-29T22:26:06.976-0400][10.063s][info][gc,phases   ] GC(0)   Other: 1.53ms
[2026-09-29T22:26:06.976-0400][10.063s][info][gc,heap     ] GC(0) Eden regions: 1->0(1)
[2026-09-29T22:26:06.976-0400][10.063s][info][gc,heap     ] GC(0) Survivor regions: 0->1(1)
[2026-09-29T22:26:06.976-0400][10.063s][info][gc,heap     ] GC(0) Old regions: 0->0
[2026-09-29T22:26:06.976-0400][10.063s][info][gc,heap     ] GC(0) Archive regions: 2->2
[2026-09-29T22:26:06.976-0400][10.063s][info][gc,heap     ] GC(0) Humongous regions: 0->0
[2026-09-29T22:26:06.976-0400][10.063s][info][gc,metaspace] GC(0) Metaspace: 1841K(1984K)->1841K(1984K) NonClass: 1656K(1728K)->1656K(1728K) Class: 185K(256K)->185K(256K)
[2026-09-29T22:26:06.976-0400][10.063s][info][gc          ] GC(0) Pause Young (Concurrent Start) (G1 Periodic Collection) 11M->8M(264M) 14.601ms
[2026-09-29T22:26:06.976-0400][10.063s][info][gc,cpu      ] GC(0) User=0.01s Sys=0.01s Real=0.01s
[2026-09-29T22:26:06.976-0400][10.063s][info][safepoint   ] Safepoint "G1TryInitiateConcMark", Time since last: 4385777630 ns, Reaching safepoint: 7684 ns, Cleanup: 7158 ns, At safepoint: 14708568 ns, Total: 14723410 ns
[2026-09-29T22:26:06.977-0400][10.065s][info][gc          ] GC(1) Concurrent Mark Cycle
[2026-09-29T22:26:06.977-0400][10.065s][info][gc,marking  ] GC(1) Concurrent Clear Claimed Marks
[2026-09-29T22:26:06.977-0400][10.065s][info][gc,marking  ] GC(1) Concurrent Clear Claimed Marks 0.013ms
[2026-09-29T22:26:06.977-0400][10.065s][info][gc,marking  ] GC(1) Concurrent Scan Root Regions
[2026-09-29T22:26:06.979-0400][10.067s][info][gc,marking  ] GC(1) Concurrent Scan Root Regions 1.990ms
[2026-09-29T22:26:06.979-0400][10.067s][info][gc,marking  ] GC(1) Concurrent Mark
[2026-09-29T22:26:06.979-0400][10.067s][info][gc,marking  ] GC(1) Concurrent Mark From Roots
[2026-09-29T22:26:06.980-0400][10.067s][info][gc,task     ] GC(1) Using 2 workers of 2 for marking
[2026-09-29T22:26:06.982-0400][10.070s][info][gc,marking  ] GC(1) Concurrent Mark From Roots 2.664ms
[2026-09-29T22:26:06.982-0400][10.070s][info][gc,marking  ] GC(1) Concurrent Preclean
[2026-09-29T22:26:06.982-0400][10.070s][info][gc,marking  ] GC(1) Concurrent Preclean 0.081ms
[2026-09-29T22:26:06.982-0400][10.070s][info][gc,start    ] GC(1) Pause Remark
[2026-09-29T22:26:06.995-0400][10.082s][info][gc,heap     ] GC(1) Heap shrink completed: uncommitted 27 regions (216MB), heap size now 48MB
[2026-09-29T22:26:06.995-0400][10.082s][info][gc          ] GC(1) Pause Remark 8M->8M(48M) 12.510ms
[2026-09-29T22:26:06.995-0400][10.082s][info][gc,cpu      ] GC(1) User=0.00s Sys=0.00s Real=0.01s
[2026-09-29T22:26:06.995-0400][10.083s][info][safepoint   ] Safepoint "G1PauseRemark", Time since last: 6406384 ns, Reaching safepoint: 5668 ns, Cleanup: 5658 ns, At safepoint: 12715617 ns, Total: 12726943 ns
[2026-09-29T22:26:06.998-0400][10.085s][info][gc,marking  ] GC(1) Concurrent Mark 18.439ms
[2026-09-29T22:26:06.998-0400][10.085s][info][gc,marking  ] GC(1) Concurrent Rebuild Remembered Sets
[2026-09-29T22:26:06.998-0400][10.085s][info][gc,marking  ] GC(1) Concurrent Rebuild Remembered Sets 0.008ms
[2026-09-29T22:26:06.998-0400][10.086s][info][gc,start    ] GC(1) Pause Cleanup
[2026-09-29T22:26:06.998-0400][10.086s][info][gc          ] GC(1) Pause Cleanup 8M->8M(48M) 0.016ms
[2026-09-29T22:26:06.998-0400][10.086s][info][gc,cpu      ] GC(1) User=0.00s Sys=0.00s Real=0.00s
[2026-09-29T22:26:06.998-0400][10.086s][info][safepoint   ] Safepoint "G1PauseCleanup", Time since last: 2963748 ns, Reaching safepoint: 5412 ns, Cleanup: 7245 ns, At safepoint: 43299 ns, Total: 55956 ns
[2026-09-29T22:26:06.998-0400][10.086s][info][gc,marking  ] GC(1) Concurrent Cleanup for Next Mark
[2026-09-29T22:26:06.999-0400][10.086s][info][gc,marking  ] GC(1) Concurrent Cleanup for Next Mark 0.792ms
[2026-09-29T22:26:06.999-0400][10.086s][info][gc          ] GC(1) Concurrent Mark Cycle 21.537ms
[2026-09-29T22:26:07.666-0400][10.754s][info][safepoint   ] Safepoint "ClassLoaderStatsOperation", Time since last: 667925324 ns, Reaching safepoint: 8179 ns, Cleanup: 8705 ns, At safepoint: 326089 ns, Total: 342973 ns
[2026-09-29T22:26:12.137-0400][15.224s][info][safepoint   ] Safepoint "ClassLoaderStatsOperation", Time since last: 4470169891 ns, Reaching safepoint: 7307 ns, Cleanup: 6550 ns, At safepoint: 183157 ns, Total: 197014 ns
[2026-09-29T22:26:16.983-0400][20.070s][info][gc,start    ] GC(2) Pause Young (Concurrent Start) (G1 Periodic Collection)
[2026-09-29T22:26:16.983-0400][20.070s][info][gc,task     ] GC(2) Using 4 workers of 8 for evacuation
[2026-09-29T22:26:16.985-0400][20.073s][info][gc,phases   ] GC(2)   Pre Evacuate Collection Set: 0.12ms
[2026-09-29T22:26:16.985-0400][20.073s][info][gc,phases   ] GC(2)   Merge Heap Roots: 0.04ms
[2026-09-29T22:26:16.985-0400][20.073s][info][gc,phases   ] GC(2)   Evacuate Collection Set: 1.79ms
[2026-09-29T22:26:16.985-0400][20.073s][info][gc,phases   ] GC(2)   Post Evacuate Collection Set: 0.26ms
[2026-09-29T22:26:16.985-0400][20.073s][info][gc,phases   ] GC(2)   Other: 0.16ms
[2026-09-29T22:26:16.985-0400][20.073s][info][gc,heap     ] GC(2) Eden regions: 0->0(1)
[2026-09-29T22:26:16.985-0400][20.073s][info][gc,heap     ] GC(2) Survivor regions: 1->1(1)
[2026-09-29T22:26:16.985-0400][20.073s][info][gc,heap     ] GC(2) Old regions: 0->0
[2026-09-29T22:26:16.985-0400][20.073s][info][gc,heap     ] GC(2) Archive regions: 2->2
[2026-09-29T22:26:16.985-0400][20.073s][info][gc,heap     ] GC(2) Humongous regions: 0->0
[2026-09-29T22:26:16.985-0400][20.073s][info][gc,metaspace] GC(2) Metaspace: 1842K(1984K)->1842K(1984K) NonClass: 1656K(1728K)->1656K(1728K) Class: 185K(256K)->185K(256K)
[2026-09-29T22:26:16.985-0400][20.073s][info][gc          ] GC(2) Pause Young (Concurrent Start) (G1 Periodic Collection) 8M->8M(48M) 2.478ms
[2026-09-29T22:26:16.985-0400][20.073s][info][gc,cpu      ] GC(2) User=0.00s Sys=0.00s Real=0.00s
[2026-09-29T22:26:16.985-0400][20.073s][info][safepoint   ] Safepoint "G1TryInitiateConcMark", Time since last: 4846012098 ns, Reaching safepoint: 6789 ns, Cleanup: 6832 ns, At safepoint: 2557375 ns, Total: 2570996 ns
[2026-09-29T22:26:16.985-0400][20.073s][info][gc          ] GC(3) Concurrent Mark Cycle
[2026-09-29T22:26:16.985-0400][20.073s][info][gc,marking  ] GC(3) Concurrent Clear Claimed Marks
[2026-09-29T22:26:16.985-0400][20.073s][info][gc,marking  ] GC(3) Concurrent Clear Claimed Marks 0.009ms
[2026-09-29T22:26:16.985-0400][20.073s][info][gc,marking  ] GC(3) Concurrent Scan Root Regions
[2026-09-29T22:26:16.992-0400][20.080s][info][gc,marking  ] GC(3) Concurrent Scan Root Regions 6.891ms
[2026-09-29T22:26:16.992-0400][20.080s][info][gc,marking  ] GC(3) Concurrent Mark
[2026-09-29T22:26:16.992-0400][20.080s][info][gc,marking  ] GC(3) Concurrent Mark From Roots
[2026-09-29T22:26:16.992-0400][20.080s][info][gc,task     ] GC(3) Using 2 workers of 2 for marking
[2026-09-29T22:26:16.995-0400][20.082s][info][gc,marking  ] GC(3) Concurrent Mark From Roots 2.320ms
[2026-09-29T22:26:16.995-0400][20.082s][info][gc,marking  ] GC(3) Concurrent Preclean
[2026-09-29T22:26:16.995-0400][20.082s][info][gc,marking  ] GC(3) Concurrent Preclean 0.056ms
[2026-09-29T22:26:16.995-0400][20.082s][info][gc,start    ] GC(3) Pause Remark
[2026-09-29T22:26:16.999-0400][20.087s][info][gc          ] GC(3) Pause Remark 8M->8M(48M) 4.558ms
[2026-09-29T22:26:16.999-0400][20.087s][info][gc,cpu      ] GC(3) User=0.00s Sys=0.00s Real=0.01s
[2026-09-29T22:26:16.999-0400][20.087s][info][safepoint   ] Safepoint "G1PauseRemark", Time since last: 9534595 ns, Reaching safepoint: 6035 ns, Cleanup: 6280 ns, At safepoint: 4643106 ns, Total: 4655421 ns
[2026-09-29T22:26:17.000-0400][20.087s][info][gc,marking  ] GC(3) Concurrent Mark 7.209ms
[2026-09-29T22:26:17.000-0400][20.087s][info][gc,marking  ] GC(3) Concurrent Rebuild Remembered Sets
[2026-09-29T22:26:17.000-0400][20.087s][info][gc,marking  ] GC(3) Concurrent Rebuild Remembered Sets 0.005ms
[2026-09-29T22:26:17.000-0400][20.087s][info][gc,start    ] GC(3) Pause Cleanup
[2026-09-29T22:26:17.000-0400][20.087s][info][gc          ] GC(3) Pause Cleanup 8M->8M(48M) 0.009ms
[2026-09-29T22:26:17.000-0400][20.087s][info][gc,cpu      ] GC(3) User=0.00s Sys=0.00s Real=0.00s
[2026-09-29T22:26:17.000-0400][20.087s][info][safepoint   ] Safepoint "G1PauseCleanup", Time since last: 47007 ns, Reaching safepoint: 2060 ns, Cleanup: 3555 ns, At safepoint: 23027 ns, Total: 28642 ns
[2026-09-29T22:26:17.000-0400][20.087s][info][gc,marking  ] GC(3) Concurrent Cleanup for Next Mark
[2026-09-29T22:26:17.001-0400][20.088s][info][gc,marking  ] GC(3) Concurrent Cleanup for Next Mark 1.151ms
[2026-09-29T22:26:17.001-0400][20.088s][info][gc          ] GC(3) Concurrent Mark Cycle 15.456ms
[2026-09-29T22:26:17.170-0400][20.258s][info][safepoint   ] Safepoint "ClassLoaderStatsOperation", Time since last: 170399594 ns, Reaching safepoint: 6875 ns, Cleanup: 7708 ns, At safepoint: 212399 ns, Total: 226982 ns
[2026-09-29T22:26:17.216-0400][20.304s][info][gc,heap,exit] Heap
[2026-09-29T22:26:17.216-0400][20.304s][info][gc,heap,exit]  garbage-first heap   total 49152K, used 9085K [0x00000005aa800000, 0x0000000800000000)
[2026-09-29T22:26:17.216-0400][20.304s][info][gc,heap,exit]   region size 8192K, 2 young (16384K), 1 survivors (8192K)
[2026-09-29T22:26:17.216-0400][20.304s][info][gc,heap,exit]  Metaspace       used 1842K, committed 1984K, reserved 1114112K
[2026-09-29T22:26:17.216-0400][20.304s][info][gc,heap,exit]   class space    used 185K, committed 256K, reserved 1048576K
